Job ID       : 22035461
Repetition   : 3
Timestamp    : 20260914_170053
Results dir  : results_h8_22035461_20260914_170053
N=1536  DT=1.861437e-05  STEPS=500  FAMILIES='2 4'
Hidden helper threads : 8
P2P runtime  : /scratch/project_465003145/omptarget-p2p/lib
P2P shim     : /pfs/lustrep2/scratch/project_465003145/Git/3D_Heat_Benchmark/review-2/OpenMP/libp2p_copy_shim.so

Starting benchmarks
===========================
N = 1536   dt = 1.861437e-05   helpers = 8
===========================

>>> Running: 2-omp-stream-omp-p2p  gpus=2  mask=0,2  N=1536
    Runtime configuration:
      ROCR_VISIBLE_DEVICES=0,2
      OMP_NUM_THREADS=2
      LIBOMP_USE_HIDDEN_HELPER_TASK=1
      LIBOMP_NUM_HIDDEN_HELPER_THREADS=8
      HSA_ENABLE_SDMA=1
      HSA_ENABLE_PEER_SDMA=1
      LD_PRELOAD=/pfs/lustrep2/scratch/project_465003145/Git/3D_Heat_Benchmark/review-2/OpenMP/libp2p_copy_shim.so:/scratch/project_465003145/omptarget-p2p/lib/libomp.so:/scratch/project_465003145/omptarget-p2p/lib/libomptarget.so.19.0git
    command: env -u LD_PRELOAD -u HSA_ENABLE_SDMA -u HSA_ENABLE_PEER_SDMA -u OMP_NUM_THREADS -u OMP_THREAD_LIMIT -u OMP_NUM_HIDDEN_HELPER_THREADS -u LIBOMP_USE_HIDDEN_HELPER_TASK -u LIBOMP_NUM_HIDDEN_HELPER_THREADS ROCR_VISIBLE_DEVICES=0\,2 OMP_NUM_THREADS=2 LIBOMP_USE_HIDDEN_HELPER_TASK=1 LIBOMP_NUM_HIDDEN_HELPER_THREADS=8 HSA_ENABLE_SDMA=1 HSA_ENABLE_PEER_SDMA=1 LD_PRELOAD=/pfs/lustrep2/scratch/project_465003145/Git/3D_Heat_Benchmark/review-2/OpenMP/libp2p_copy_shim.so:/scratch/project_465003145/omptarget-p2p/lib/libomp.so:/scratch/project_465003145/omptarget-p2p/lib/libomptarget.so.19.0git ./2-omp-stream-omp-p2p 1536 1.861437e-05

**** TWO GPUS OpenMP Offloading, P2P + 2 HOST THREADS STARTS ****
WARNING: running without OMP_NUM_HIDDEN_HELPER_THREADS=0.
       Without it, concurrent omp_target_memcpy_async submission from
       several host threads corrupts task-team state in libomp 18.1.8
       and the program faults inside __kmpc_barrier. See the header.

=== MEMORY ESTIMATE (GLOBAL) ===
Grid size: 1536 x 1536 x 1536 = 3623878656 points
Memory per global array: 28.991 GB
================================

=== SIMULATION PARAMETERS ===
Grid size (n):           1536
Final time (T):          0.000019
Grid spacing (h):        6.514658e-04
Time step (dt):          3.722874e-08
Kappa_max:               0.950000
Diffusion factor:        4.385965e-02
Estimated timesteps:     ~499
CFL condition (dt/h^2):  0.087719 (should be < 0.5)
==============================

Using OpenMP target devices 0 and 1 of 2
Block sizes: nz0=769, nz1=769, mid=767

=== MEMORY ESTIMATE (LOCAL PER GPU) ===
GPU0 local bytes per array: 14.514 GB
GPU1 local bytes per array: 14.514 GB
======================================


=== SIMULATION STARTS ===

500 timesteps complete
Time = 124.007918 seconds
=== SIMULATION ENDS ===

**** TWO GPUS OpenMP Offloading, P2P + 2 HOST THREADS FINISHED ****
    -> wall=484.5210s  reported=124.007918s  status=ok  exit=0

>>> Running: 4-omp-stream-omp-p2p  gpus=4  mask=0,2,4,6  N=1536
    Runtime configuration:
      ROCR_VISIBLE_DEVICES=0,2,4,6
      OMP_NUM_THREADS=4
      LIBOMP_USE_HIDDEN_HELPER_TASK=1
      LIBOMP_NUM_HIDDEN_HELPER_THREADS=8
      HSA_ENABLE_SDMA=1
      HSA_ENABLE_PEER_SDMA=1
      LD_PRELOAD=/pfs/lustrep2/scratch/project_465003145/Git/3D_Heat_Benchmark/review-2/OpenMP/libp2p_copy_shim.so:/scratch/project_465003145/omptarget-p2p/lib/libomp.so:/scratch/project_465003145/omptarget-p2p/lib/libomptarget.so.19.0git
    command: env -u LD_PRELOAD -u HSA_ENABLE_SDMA -u HSA_ENABLE_PEER_SDMA -u OMP_NUM_THREADS -u OMP_THREAD_LIMIT -u OMP_NUM_HIDDEN_HELPER_THREADS -u LIBOMP_USE_HIDDEN_HELPER_TASK -u LIBOMP_NUM_HIDDEN_HELPER_THREADS ROCR_VISIBLE_DEVICES=0\,2\,4\,6 OMP_NUM_THREADS=4 LIBOMP_USE_HIDDEN_HELPER_TASK=1 LIBOMP_NUM_HIDDEN_HELPER_THREADS=8 HSA_ENABLE_SDMA=1 HSA_ENABLE_PEER_SDMA=1 LD_PRELOAD=/pfs/lustrep2/scratch/project_465003145/Git/3D_Heat_Benchmark/review-2/OpenMP/libp2p_copy_shim.so:/scratch/project_465003145/omptarget-p2p/lib/libomp.so:/scratch/project_465003145/omptarget-p2p/lib/libomptarget.so.19.0git ./4-omp-stream-omp-p2p 1536 1.861437e-05
/var/spool/slurmd/job22035461/slurm_script: line 159: 37823 Aborted                 timeout "$TIMEOUT_SEC" "${run_cmd[@]}" > "$stdout_file" 2>&1

**** FOUR GPUS OpenMP Offloading, P2P + 4 HOST THREADS STARTS ****
WARNING: OMP_NUM_HIDDEN_HELPER_THREADS=0 is not set. On clang 18.1.8
         + CUDA 12.8 the asynchronous copies below may fault inside
         __kmpc_barrier. See RUNTIME SETTING in the header.

=== MEMORY ESTIMATE (GLOBAL) ===
Grid size: 1536 x 1536 x 1536 = 3623878656 points
Memory per global array: 28.991 GB
================================

=== SIMULATION PARAMETERS ===
Grid size (n):           1536
Final time (T):          0.000019
Grid spacing (h):        6.514658e-04
Time step (dt):          3.722874e-08
Kappa_max:               0.950000
Diffusion factor:        4.385965e-02
Estimated timesteps:     ~499
CFL condition (dt/h^2):  0.087719 (should be < 0.5)
==============================

Using OpenMP target devices 0, 1, 2 and 3 of 4
Block sizes: nz0=386, nz1=386, nz2=385, nz3=385

=== MEMORY ESTIMATE (LOCAL PER GPU) ===
GPU0 local bytes per array: 7.286 GB
GPU1 local bytes per array: 7.286 GB
GPU2 local bytes per array: 7.267 GB
GPU3 local bytes per array: 7.267 GB
======================================


=== SIMULATION STARTS ===
AMDGPU fatal error 1: Memory access fault by GPU 4 (agent 0x322080) at virtual address 0x14c212c00000. Reasons: Write access to a read-only page
    -> wall=338.5650s  reported=N/As  status=runtime_error  exit=134

All done.
  Timing CSV : results_h8_22035461_20260914_170053/timings.csv
  Run log    : results_h8_22035461_20260914_170053/run.log
