Job ID       : 20441986
Repetition   : 3
Timestamp    : 20260730_131641
Results dir  : results_h8_20441986_20260730_131641
N=512  DT=0.0001679668  STEPS=500  FAMILIES='2 4'
Hidden helper threads : 8
P2P runtime  : /scratch/project_465003145/omptarget-p2p/lib
P2P shim     : /pfs/lustrep2/scratch/project_465003145/Git/3D_Heat_Benchmark/Final-1/OpenMP/libp2p_copy_shim.so

Starting benchmarks
===========================
N = 512   dt = 0.0001679668   helpers = 8
===========================

>>> Running: 1-omp  gpus=1  mask=0  N=512
    Runtime configuration:
      ROCR_VISIBLE_DEVICES=0
      OMP_NUM_THREADS=1
      LIBOMP_USE_HIDDEN_HELPER_TASK=0
      LIBOMP_NUM_HIDDEN_HELPER_THREADS=0
      HSA_ENABLE_SDMA=1
    command: env -u LD_PRELOAD -u HSA_ENABLE_SDMA -u HSA_ENABLE_PEER_SDMA -u OMP_NUM_THREADS -u OMP_THREAD_LIMIT -u OMP_NUM_HIDDEN_HELPER_THREADS -u LIBOMP_USE_HIDDEN_HELPER_TASK -u LIBOMP_NUM_HIDDEN_HELPER_THREADS ROCR_VISIBLE_DEVICES=0 OMP_NUM_THREADS=1 LIBOMP_USE_HIDDEN_HELPER_TASK=0 LIBOMP_NUM_HIDDEN_HELPER_THREADS=0 HSA_ENABLE_SDMA=1 ./1-omp 512 0.0001679668

**** ONE GPU OpenMP Offloading STARTS ****

=== MEMORY ESTIMATE (GLOBAL) ===
Grid size: 512 x 512 x 512 = 134217728 points
Memory per global array: 1.074 GB
================================

=== SIMULATION PARAMETERS ===
Grid size (n):           512
Final time (T):          0.000168
Grid spacing (h):        1.956947e-03
Time step (dt):          3.359335e-07
Kappa_max:               0.950000
Diffusion factor:        4.385965e-02
Estimated timesteps:     ~500
CFL condition (dt/h^2):  0.087719 (should be < 0.5)
==============================

Using OpenMP target device 0 of 1

=== MEMORY ESTIMATE (LOCAL PER GPU) ===
GPU0 local bytes per array: 1.074 GB
======================================


=== SIMULATION STARTS ===

501 timesteps complete
Time = 8.624349 seconds
=== SIMULATION ENDS ===

**** ONE GPU OpenMP Offloading FINISHED ****
    -> wall=31.2460s  reported=8.624349s  status=ok  exit=0

>>> Running: 2-omp  gpus=2  mask=0,2  N=512
    Runtime configuration:
      ROCR_VISIBLE_DEVICES=0,2
      OMP_NUM_THREADS=1
      LIBOMP_USE_HIDDEN_HELPER_TASK=0
      LIBOMP_NUM_HIDDEN_HELPER_THREADS=0
      HSA_ENABLE_SDMA=1
    command: env -u LD_PRELOAD -u HSA_ENABLE_SDMA -u HSA_ENABLE_PEER_SDMA -u OMP_NUM_THREADS -u OMP_THREAD_LIMIT -u OMP_NUM_HIDDEN_HELPER_THREADS -u LIBOMP_USE_HIDDEN_HELPER_TASK -u LIBOMP_NUM_HIDDEN_HELPER_THREADS ROCR_VISIBLE_DEVICES=0\,2 OMP_NUM_THREADS=1 LIBOMP_USE_HIDDEN_HELPER_TASK=0 LIBOMP_NUM_HIDDEN_HELPER_THREADS=0 HSA_ENABLE_SDMA=1 ./2-omp 512 0.0001679668

**** TWO GPUS OpenMP Offloading STARTS ****

=== MEMORY ESTIMATE (GLOBAL) ===
Grid size: 512 x 512 x 512 = 134217728 points
Memory per global array: 1.074 GB
================================

=== SIMULATION PARAMETERS ===
Grid size (n):           512
Final time (T):          0.000168
Grid spacing (h):        1.956947e-03
Time step (dt):          3.359335e-07
Kappa_max:               0.950000
Diffusion factor:        4.385965e-02
Estimated timesteps:     ~500
CFL condition (dt/h^2):  0.087719 (should be < 0.5)
==============================

Using OpenMP target devices 0 and 1 of 2
Block sizes: nz0=257, nz1=257, mid=255

=== MEMORY ESTIMATE (LOCAL PER GPU) ===
GPU0 local bytes per array: 0.539 GB
GPU1 local bytes per array: 0.539 GB
======================================


=== SIMULATION STARTS ===

501 timesteps complete
Time = 8.298070 seconds
=== SIMULATION ENDS ===

**** TWO GPUS OpenMP Offloading FINISHED ****
    -> wall=21.7080s  reported=8.298070s  status=ok  exit=0

>>> Running: 2-omp-stream  gpus=2  mask=0,2  N=512
    Runtime configuration:
      ROCR_VISIBLE_DEVICES=0,2
      OMP_NUM_THREADS=1
      LIBOMP_USE_HIDDEN_HELPER_TASK=0
      LIBOMP_NUM_HIDDEN_HELPER_THREADS=0
      HSA_ENABLE_SDMA=1
    command: env -u LD_PRELOAD -u HSA_ENABLE_SDMA -u HSA_ENABLE_PEER_SDMA -u OMP_NUM_THREADS -u OMP_THREAD_LIMIT -u OMP_NUM_HIDDEN_HELPER_THREADS -u LIBOMP_USE_HIDDEN_HELPER_TASK -u LIBOMP_NUM_HIDDEN_HELPER_THREADS ROCR_VISIBLE_DEVICES=0\,2 OMP_NUM_THREADS=1 LIBOMP_USE_HIDDEN_HELPER_TASK=0 LIBOMP_NUM_HIDDEN_HELPER_THREADS=0 HSA_ENABLE_SDMA=1 ./2-omp-stream 512 0.0001679668

**** TWO GPUS OpenMP Offloading, ASYNC STARTS ****

=== MEMORY ESTIMATE (GLOBAL) ===
Grid size: 512 x 512 x 512 = 134217728 points
Memory per global array: 1.074 GB
================================

=== SIMULATION PARAMETERS ===
Grid size (n):           512
Final time (T):          0.000168
Grid spacing (h):        1.956947e-03
Time step (dt):          3.359335e-07
Kappa_max:               0.950000
Diffusion factor:        4.385965e-02
Estimated timesteps:     ~500
CFL condition (dt/h^2):  0.087719 (should be < 0.5)
==============================

Using OpenMP target devices 0 and 1 of 2
Block sizes: nz0=257, nz1=257, mid=255

=== MEMORY ESTIMATE (LOCAL PER GPU) ===
GPU0 local bytes per array: 0.539 GB
GPU1 local bytes per array: 0.539 GB
======================================


=== SIMULATION STARTS ===

501 timesteps complete
Time = 8.568484 seconds
=== SIMULATION ENDS ===

**** TWO GPUS OpenMP Offloading, ASYNC FINISHED ****
    -> wall=21.9930s  reported=8.568484s  status=ok  exit=0

>>> Running: 2-omp-stream-omp  gpus=2  mask=0,2  N=512
    Runtime configuration:
      ROCR_VISIBLE_DEVICES=0,2
      OMP_NUM_THREADS=2
      LIBOMP_USE_HIDDEN_HELPER_TASK=0
      LIBOMP_NUM_HIDDEN_HELPER_THREADS=0
      HSA_ENABLE_SDMA=1
    command: env -u LD_PRELOAD -u HSA_ENABLE_SDMA -u HSA_ENABLE_PEER_SDMA -u OMP_NUM_THREADS -u OMP_THREAD_LIMIT -u OMP_NUM_HIDDEN_HELPER_THREADS -u LIBOMP_USE_HIDDEN_HELPER_TASK -u LIBOMP_NUM_HIDDEN_HELPER_THREADS ROCR_VISIBLE_DEVICES=0\,2 OMP_NUM_THREADS=2 LIBOMP_USE_HIDDEN_HELPER_TASK=0 LIBOMP_NUM_HIDDEN_HELPER_THREADS=0 HSA_ENABLE_SDMA=1 ./2-omp-stream-omp 512 0.0001679668

**** TWO GPUS OpenMP Offloading, ASYNC + 2 HOST THREADS STARTS ****

=== MEMORY ESTIMATE (GLOBAL) ===
Grid size: 512 x 512 x 512 = 134217728 points
Memory per global array: 1.074 GB
================================

=== SIMULATION PARAMETERS ===
Grid size (n):           512
Final time (T):          0.000168
Grid spacing (h):        1.956947e-03
Time step (dt):          3.359335e-07
Kappa_max:               0.950000
Diffusion factor:        4.385965e-02
Estimated timesteps:     ~500
CFL condition (dt/h^2):  0.087719 (should be < 0.5)
==============================

Using OpenMP target devices 0 and 1 of 2
Block sizes: nz0=257, nz1=257, mid=255

=== MEMORY ESTIMATE (LOCAL PER GPU) ===
GPU0 local bytes per array: 0.539 GB
GPU1 local bytes per array: 0.539 GB
======================================


=== SIMULATION STARTS ===

501 timesteps complete
Time = 4.221543 seconds
=== SIMULATION ENDS ===

**** TWO GPUS OpenMP Offloading, ASYNC + 2 HOST THREADS FINISHED ****
    -> wall=17.6670s  reported=4.221543s  status=ok  exit=0

>>> Running: 2-omp-stream-omp-p2p  gpus=2  mask=0,2  N=512
    Runtime configuration:
      ROCR_VISIBLE_DEVICES=0,2
      OMP_NUM_THREADS=2
      LIBOMP_USE_HIDDEN_HELPER_TASK=0
      LIBOMP_NUM_HIDDEN_HELPER_THREADS=0
      HSA_ENABLE_SDMA=1
      HSA_ENABLE_PEER_SDMA=1
      LD_PRELOAD=/pfs/lustrep2/scratch/project_465003145/Git/3D_Heat_Benchmark/Final-1/OpenMP/libp2p_copy_shim.so:/scratch/project_465003145/omptarget-p2p/lib/libomp.so:/scratch/project_465003145/omptarget-p2p/lib/libomptarget.so.19.0git
    command: env -u LD_PRELOAD -u HSA_ENABLE_SDMA -u HSA_ENABLE_PEER_SDMA -u OMP_NUM_THREADS -u OMP_THREAD_LIMIT -u OMP_NUM_HIDDEN_HELPER_THREADS -u LIBOMP_USE_HIDDEN_HELPER_TASK -u LIBOMP_NUM_HIDDEN_HELPER_THREADS ROCR_VISIBLE_DEVICES=0\,2 OMP_NUM_THREADS=2 LIBOMP_USE_HIDDEN_HELPER_TASK=0 LIBOMP_NUM_HIDDEN_HELPER_THREADS=0 HSA_ENABLE_SDMA=1 HSA_ENABLE_PEER_SDMA=1 LD_PRELOAD=/pfs/lustrep2/scratch/project_465003145/Git/3D_Heat_Benchmark/Final-1/OpenMP/libp2p_copy_shim.so:/scratch/project_465003145/omptarget-p2p/lib/libomp.so:/scratch/project_465003145/omptarget-p2p/lib/libomptarget.so.19.0git ./2-omp-stream-omp-p2p 512 0.0001679668

**** TWO GPUS OpenMP Offloading, P2P + 2 HOST THREADS STARTS ****

=== MEMORY ESTIMATE (GLOBAL) ===
Grid size: 512 x 512 x 512 = 134217728 points
Memory per global array: 1.074 GB
================================

=== SIMULATION PARAMETERS ===
Grid size (n):           512
Final time (T):          0.000168
Grid spacing (h):        1.956947e-03
Time step (dt):          3.359335e-07
Kappa_max:               0.950000
Diffusion factor:        4.385965e-02
Estimated timesteps:     ~500
CFL condition (dt/h^2):  0.087719 (should be < 0.5)
==============================

Using OpenMP target devices 0 and 1 of 2
Block sizes: nz0=257, nz1=257, mid=255

=== MEMORY ESTIMATE (LOCAL PER GPU) ===
GPU0 local bytes per array: 0.539 GB
GPU1 local bytes per array: 0.539 GB
======================================


=== SIMULATION STARTS ===

501 timesteps complete
Time = 4.353589 seconds
=== SIMULATION ENDS ===

**** TWO GPUS OpenMP Offloading, P2P + 2 HOST THREADS FINISHED ****
    -> wall=21.1420s  reported=4.353589s  status=ok  exit=0

>>> Running: 4-omp  gpus=4  mask=0,2,4,6  N=512
    Runtime configuration:
      ROCR_VISIBLE_DEVICES=0,2,4,6
      OMP_NUM_THREADS=1
      LIBOMP_USE_HIDDEN_HELPER_TASK=0
      LIBOMP_NUM_HIDDEN_HELPER_THREADS=0
      HSA_ENABLE_SDMA=1
    command: env -u LD_PRELOAD -u HSA_ENABLE_SDMA -u HSA_ENABLE_PEER_SDMA -u OMP_NUM_THREADS -u OMP_THREAD_LIMIT -u OMP_NUM_HIDDEN_HELPER_THREADS -u LIBOMP_USE_HIDDEN_HELPER_TASK -u LIBOMP_NUM_HIDDEN_HELPER_THREADS ROCR_VISIBLE_DEVICES=0\,2\,4\,6 OMP_NUM_THREADS=1 LIBOMP_USE_HIDDEN_HELPER_TASK=0 LIBOMP_NUM_HIDDEN_HELPER_THREADS=0 HSA_ENABLE_SDMA=1 ./4-omp 512 0.0001679668

**** FOUR GPUS OpenMP Offloading STARTS ****

=== MEMORY ESTIMATE (GLOBAL) ===
Grid size: 512 x 512 x 512 = 134217728 points
Memory per global array: 1.074 GB
================================

=== SIMULATION PARAMETERS ===
Grid size (n):           512
Final time (T):          0.000168
Grid spacing (h):        1.956947e-03
Time step (dt):          3.359335e-07
Kappa_max:               0.950000
Diffusion factor:        4.385965e-02
Estimated timesteps:     ~500
CFL condition (dt/h^2):  0.087719 (should be < 0.5)
==============================

Using OpenMP target devices 0, 1, 2 and 3 of 4
Block sizes: nz0=130, nz1=130, nz2=129, nz3=129

=== MEMORY ESTIMATE (LOCAL PER GPU) ===
GPU0 local bytes per array: 0.273 GB
GPU1 local bytes per array: 0.273 GB
GPU2 local bytes per array: 0.271 GB
GPU3 local bytes per array: 0.271 GB
======================================


=== SIMULATION STARTS ===

501 timesteps complete
Time = 8.127012 seconds
=== SIMULATION ENDS ===

**** FOUR GPUS OpenMP Offloading FINISHED ****
    -> wall=21.8450s  reported=8.127012s  status=ok  exit=0

>>> Running: 4-omp-stream  gpus=4  mask=0,2,4,6  N=512
    Runtime configuration:
      ROCR_VISIBLE_DEVICES=0,2,4,6
      OMP_NUM_THREADS=1
      LIBOMP_USE_HIDDEN_HELPER_TASK=0
      LIBOMP_NUM_HIDDEN_HELPER_THREADS=0
      HSA_ENABLE_SDMA=1
    command: env -u LD_PRELOAD -u HSA_ENABLE_SDMA -u HSA_ENABLE_PEER_SDMA -u OMP_NUM_THREADS -u OMP_THREAD_LIMIT -u OMP_NUM_HIDDEN_HELPER_THREADS -u LIBOMP_USE_HIDDEN_HELPER_TASK -u LIBOMP_NUM_HIDDEN_HELPER_THREADS ROCR_VISIBLE_DEVICES=0\,2\,4\,6 OMP_NUM_THREADS=1 LIBOMP_USE_HIDDEN_HELPER_TASK=0 LIBOMP_NUM_HIDDEN_HELPER_THREADS=0 HSA_ENABLE_SDMA=1 ./4-omp-stream 512 0.0001679668

**** FOUR GPUS OpenMP Offloading, ASYNC STARTS ****

=== MEMORY ESTIMATE (GLOBAL) ===
Grid size: 512 x 512 x 512 = 134217728 points
Memory per global array: 1.074 GB
================================

=== SIMULATION PARAMETERS ===
Grid size (n):           512
Final time (T):          0.000168
Grid spacing (h):        1.956947e-03
Time step (dt):          3.359335e-07
Kappa_max:               0.950000
Diffusion factor:        4.385965e-02
Estimated timesteps:     ~500
CFL condition (dt/h^2):  0.087719 (should be < 0.5)
==============================

Using OpenMP target devices 0, 1, 2 and 3 of 4
Block sizes: nz0=130, nz1=130, nz2=129, nz3=129

=== MEMORY ESTIMATE (LOCAL PER GPU) ===
GPU0 local bytes per array: 0.273 GB
GPU1 local bytes per array: 0.273 GB
GPU2 local bytes per array: 0.271 GB
GPU3 local bytes per array: 0.271 GB
======================================


=== SIMULATION STARTS ===

501 timesteps complete
Time = 8.544836 seconds
=== SIMULATION ENDS ===

**** FOUR GPUS OpenMP Offloading, ASYNC FINISHED ****
    -> wall=22.2980s  reported=8.544836s  status=ok  exit=0

>>> Running: 4-omp-stream-omp  gpus=4  mask=0,2,4,6  N=512
    Runtime configuration:
      ROCR_VISIBLE_DEVICES=0,2,4,6
      OMP_NUM_THREADS=4
      LIBOMP_USE_HIDDEN_HELPER_TASK=0
      LIBOMP_NUM_HIDDEN_HELPER_THREADS=0
      HSA_ENABLE_SDMA=1
    command: env -u LD_PRELOAD -u HSA_ENABLE_SDMA -u HSA_ENABLE_PEER_SDMA -u OMP_NUM_THREADS -u OMP_THREAD_LIMIT -u OMP_NUM_HIDDEN_HELPER_THREADS -u LIBOMP_USE_HIDDEN_HELPER_TASK -u LIBOMP_NUM_HIDDEN_HELPER_THREADS ROCR_VISIBLE_DEVICES=0\,2\,4\,6 OMP_NUM_THREADS=4 LIBOMP_USE_HIDDEN_HELPER_TASK=0 LIBOMP_NUM_HIDDEN_HELPER_THREADS=0 HSA_ENABLE_SDMA=1 ./4-omp-stream-omp 512 0.0001679668

**** FOUR GPUS OpenMP Offloading, ASYNC + 4 HOST THREADS STARTS ****

=== MEMORY ESTIMATE (GLOBAL) ===
Grid size: 512 x 512 x 512 = 134217728 points
Memory per global array: 1.074 GB
================================

=== SIMULATION PARAMETERS ===
Grid size (n):           512
Final time (T):          0.000168
Grid spacing (h):        1.956947e-03
Time step (dt):          3.359335e-07
Kappa_max:               0.950000
Diffusion factor:        4.385965e-02
Estimated timesteps:     ~500
CFL condition (dt/h^2):  0.087719 (should be < 0.5)
==============================

Using OpenMP target devices 0, 1, 2 and 3 of 4
Block sizes: nz0=130, nz1=130, nz2=129, nz3=129

=== MEMORY ESTIMATE (LOCAL PER GPU) ===
GPU0 local bytes per array: 0.273 GB
GPU1 local bytes per array: 0.273 GB
GPU2 local bytes per array: 0.271 GB
GPU3 local bytes per array: 0.271 GB
======================================


=== SIMULATION STARTS ===

501 timesteps complete
Time = 2.184325 seconds
=== SIMULATION ENDS ===

**** FOUR GPUS OpenMP Offloading, ASYNC + 4 HOST THREADS FINISHED ****
    -> wall=15.9180s  reported=2.184325s  status=ok  exit=0

>>> Running: 4-omp-stream-omp-p2p  gpus=4  mask=0,2,4,6  N=512
    Runtime configuration:
      ROCR_VISIBLE_DEVICES=0,2,4,6
      OMP_NUM_THREADS=4
      LIBOMP_USE_HIDDEN_HELPER_TASK=0
      LIBOMP_NUM_HIDDEN_HELPER_THREADS=0
      HSA_ENABLE_SDMA=1
      HSA_ENABLE_PEER_SDMA=1
      LD_PRELOAD=/pfs/lustrep2/scratch/project_465003145/Git/3D_Heat_Benchmark/Final-1/OpenMP/libp2p_copy_shim.so:/scratch/project_465003145/omptarget-p2p/lib/libomp.so:/scratch/project_465003145/omptarget-p2p/lib/libomptarget.so.19.0git
    command: env -u LD_PRELOAD -u HSA_ENABLE_SDMA -u HSA_ENABLE_PEER_SDMA -u OMP_NUM_THREADS -u OMP_THREAD_LIMIT -u OMP_NUM_HIDDEN_HELPER_THREADS -u LIBOMP_USE_HIDDEN_HELPER_TASK -u LIBOMP_NUM_HIDDEN_HELPER_THREADS ROCR_VISIBLE_DEVICES=0\,2\,4\,6 OMP_NUM_THREADS=4 LIBOMP_USE_HIDDEN_HELPER_TASK=0 LIBOMP_NUM_HIDDEN_HELPER_THREADS=0 HSA_ENABLE_SDMA=1 HSA_ENABLE_PEER_SDMA=1 LD_PRELOAD=/pfs/lustrep2/scratch/project_465003145/Git/3D_Heat_Benchmark/Final-1/OpenMP/libp2p_copy_shim.so:/scratch/project_465003145/omptarget-p2p/lib/libomp.so:/scratch/project_465003145/omptarget-p2p/lib/libomptarget.so.19.0git ./4-omp-stream-omp-p2p 512 0.0001679668
/var/spool/slurmd/job20441986/slurm_script: line 158: 56582 Aborted                 timeout "$TIMEOUT_SEC" "${run_cmd[@]}" > "$stdout_file" 2>&1

**** FOUR GPUS OpenMP Offloading, P2P + 4 HOST THREADS STARTS ****

=== MEMORY ESTIMATE (GLOBAL) ===
Grid size: 512 x 512 x 512 = 134217728 points
Memory per global array: 1.074 GB
================================

=== SIMULATION PARAMETERS ===
Grid size (n):           512
Final time (T):          0.000168
Grid spacing (h):        1.956947e-03
Time step (dt):          3.359335e-07
Kappa_max:               0.950000
Diffusion factor:        4.385965e-02
Estimated timesteps:     ~500
CFL condition (dt/h^2):  0.087719 (should be < 0.5)
==============================

Using OpenMP target devices 0, 1, 2 and 3 of 4
Block sizes: nz0=130, nz1=130, nz2=129, nz3=129

=== MEMORY ESTIMATE (LOCAL PER GPU) ===
GPU0 local bytes per array: 0.273 GB
GPU1 local bytes per array: 0.273 GB
GPU2 local bytes per array: 0.271 GB
GPU3 local bytes per array: 0.271 GB
======================================


=== SIMULATION STARTS ===
AMDGPU fatal error 1: Memory access fault by GPU 10 (agent 0x600be0) at virtual address 0x154024e00000. Reasons: Write access to a read-only page
    -> wall=13.1640s  reported=N/As  status=runtime_error  exit=134

All done.
  Timing CSV : results_h8_20441986_20260730_131641/timings.csv
  Run log    : results_h8_20441986_20260730_131641/run.log
