============================================================
Host       : as04r2b11
Job ID     : 43881806   Repetition: 4
Timestamp  : 20260727_153243
Results dir: results_43881806_20260727_153243
N=1280  DT=2.681168e-05  STEPS=500  FAMILIES='2 4'  BASELINE=1
USE_SRUN=0
nvcc       : Cuda compilation tools, release 12.8, V12.8.61
============================================================
SLURM_JOB_GPUS=0,1,2,3
CUDA_VISIBLE_DEVICES (from SLURM)=0,1,2,3
GPU 0: NVIDIA H100 (UUID: GPU-f1b50ca6-6cee-c4a8-d337-b770a0d92bb2)
GPU 1: NVIDIA H100 (UUID: GPU-ff4bdf77-642a-2132-d0b2-170674001bb8)
GPU 2: NVIDIA H100 (UUID: GPU-b247fe7d-cc5d-9b97-57e7-742e510bbe02)
GPU 3: NVIDIA H100 (UUID: GPU-98433925-b420-a51a-d7c1-f0c58eb7577c)

Starting benchmarks
===========================
N = 1280   dt = 2.681168e-05
===========================

>>> 1-cuda  gpus=1  mask=0  N=1280

**** ONE GPU CUDA STARTS ****

=== MEMORY ESTIMATE (GLOBAL) ===
Grid size: 1280 x 1280 x 1280 = 2097152000 points
Memory per global array: 16.777 GB
================================

=== SIMULATION PARAMETERS ===
Grid size (n):           1280
Final time (T):          0.000027
Grid spacing (h):        7.818608e-04
Time step (dt):          5.362336e-08
Kappa_max:               0.950000
Diffusion factor:        4.385965e-02
Estimated timesteps:     ~499
CFL condition (dt/h^2):  0.087719 (should be < 0.5)
==============================

Using CUDA device 0 of 1

=== MEMORY ESTIMATE (LOCAL PER GPU) ===
GPU0 local bytes per array: 16.777 GB
======================================


=== SIMULATION STARTS ===

500 timesteps complete
Time = 26.387345 seconds
=== SIMULATION ENDS ===

**** ONE GPU CUDA FINISHED ****
    -> wall=82.5620s  reported=26.387345s  status=ok
  [GPU mem after run]
0, 2 MiB
1, 2 MiB
2, 2 MiB
3, 2 MiB

>>> 2-cuda  gpus=2  mask=0,1  N=1280

**** TWO GPUS CUDA STARTS ****

=== MEMORY ESTIMATE (GLOBAL) ===
Grid size: 1280 x 1280 x 1280 = 2097152000 points
Memory per global array: 16.777 GB
================================

=== SIMULATION PARAMETERS ===
Grid size (n):           1280
Final time (T):          0.000027
Grid spacing (h):        7.818608e-04
Time step (dt):          5.362336e-08
Kappa_max:               0.950000
Diffusion factor:        4.385965e-02
Estimated timesteps:     ~499
CFL condition (dt/h^2):  0.087719 (should be < 0.5)
==============================

Using CUDA devices 0 and 1 of 2
Block sizes: nz0=641, nz1=641, mid=639

=== MEMORY ESTIMATE (LOCAL PER GPU) ===
GPU0 local bytes per array: 8.402 GB
GPU1 local bytes per array: 8.402 GB
======================================


=== SIMULATION STARTS ===

500 timesteps complete
Time = 18.892815 seconds
=== SIMULATION ENDS ===

**** TWO GPUS CUDA FINISHED ****
    -> wall=75.6680s  reported=18.892815s  status=ok
  [GPU mem after run]
0, 2 MiB
1, 2 MiB
2, 2 MiB
3, 2 MiB

>>> 2-cuda-stream  gpus=2  mask=0,1  N=1280

**** TWO GPUS CUDA, ASYNC STARTS ****

=== MEMORY ESTIMATE (GLOBAL) ===
Grid size: 1280 x 1280 x 1280 = 2097152000 points
Memory per global array: 16.777 GB
================================

=== SIMULATION PARAMETERS ===
Grid size (n):           1280
Final time (T):          0.000027
Grid spacing (h):        7.818608e-04
Time step (dt):          5.362336e-08
Kappa_max:               0.950000
Diffusion factor:        4.385965e-02
Estimated timesteps:     ~499
CFL condition (dt/h^2):  0.087719 (should be < 0.5)
==============================

Using CUDA devices 0 and 1 of 2
Block sizes: nz0=641, nz1=641, mid=639

=== MEMORY ESTIMATE (LOCAL PER GPU) ===
GPU0 local bytes per array: 8.402 GB
GPU1 local bytes per array: 8.402 GB
======================================


=== SIMULATION STARTS ===

500 timesteps complete
Time = 18.948498 seconds
=== SIMULATION ENDS ===

**** TWO GPUS CUDA, ASYNC FINISHED ****
    -> wall=74.6980s  reported=18.948498s  status=ok
  [GPU mem after run]
0, 2 MiB
1, 2 MiB
2, 2 MiB
3, 2 MiB

>>> 2-cuda-stream-omp  gpus=2  mask=0,1  N=1280

**** TWO GPUS CUDA, ASYNC + 2 HOST THREADS STARTS ****

=== MEMORY ESTIMATE (GLOBAL) ===
Grid size: 1280 x 1280 x 1280 = 2097152000 points
Memory per global array: 16.777 GB
================================

=== SIMULATION PARAMETERS ===
Grid size (n):           1280
Final time (T):          0.000027
Grid spacing (h):        7.818608e-04
Time step (dt):          5.362336e-08
Kappa_max:               0.950000
Diffusion factor:        4.385965e-02
Estimated timesteps:     ~499
CFL condition (dt/h^2):  0.087719 (should be < 0.5)
==============================

Using CUDA devices 0 and 1 of 2
Block sizes: nz0=641, nz1=641, mid=639

=== MEMORY ESTIMATE (LOCAL PER GPU) ===
GPU0 local bytes per array: 8.402 GB
GPU1 local bytes per array: 8.402 GB
======================================


=== SIMULATION STARTS ===

500 timesteps complete
Time = 17.869244 seconds
=== SIMULATION ENDS ===

**** TWO GPUS CUDA, ASYNC + 2 HOST THREADS FINISHED ****
    -> wall=73.7660s  reported=17.869244s  status=ok
  [GPU mem after run]
0, 2 MiB
1, 2 MiB
2, 2 MiB
3, 2 MiB

>>> 2-cuda-stream-omp-p2p  gpus=2  mask=0,1  N=1280

**** TWO GPUS CUDA, P2P + 2 HOST THREADS STARTS ****

=== MEMORY ESTIMATE (GLOBAL) ===
Grid size: 1280 x 1280 x 1280 = 2097152000 points
Memory per global array: 16.777 GB
================================

=== SIMULATION PARAMETERS ===
Grid size (n):           1280
Final time (T):          0.000027
Grid spacing (h):        7.818608e-04
Time step (dt):          5.362336e-08
Kappa_max:               0.950000
Diffusion factor:        4.385965e-02
Estimated timesteps:     ~499
CFL condition (dt/h^2):  0.087719 (should be < 0.5)
==============================

Using CUDA devices 0 and 1 of 2
P2P enabled between GPU 0 and GPU 1
Block sizes: nz0=641, nz1=641, mid=639

=== MEMORY ESTIMATE (LOCAL PER GPU) ===
GPU0 local bytes per array: 8.402 GB
GPU1 local bytes per array: 8.402 GB
======================================


=== SIMULATION STARTS ===

500 timesteps complete
Time = 16.827445 seconds
=== SIMULATION ENDS ===

**** TWO GPUS CUDA, P2P + 2 HOST THREADS FINISHED ****
    -> wall=73.0310s  reported=16.827445s  status=ok
  [GPU mem after run]
0, 2 MiB
1, 2 MiB
2, 2 MiB
3, 2 MiB

>>> 4-cuda  gpus=4  mask=0,1,2,3  N=1280

**** FOUR GPUS CUDA STARTS ****

=== MEMORY ESTIMATE (GLOBAL) ===
Grid size: 1280 x 1280 x 1280 = 2097152000 points
Memory per global array: 16.777 GB
================================

=== SIMULATION PARAMETERS ===
Grid size (n):           1280
Final time (T):          0.000027
Grid spacing (h):        7.818608e-04
Time step (dt):          5.362336e-08
Kappa_max:               0.950000
Diffusion factor:        4.385965e-02
Estimated timesteps:     ~499
CFL condition (dt/h^2):  0.087719 (should be < 0.5)
==============================

Using CUDA devices 0, 1, 2 and 3 of 4
Block sizes: nz0=322, nz1=322, nz2=321, nz3=321

=== MEMORY ESTIMATE (LOCAL PER GPU) ===
GPU0 local bytes per array: 4.221 GB
GPU1 local bytes per array: 4.221 GB
GPU2 local bytes per array: 4.207 GB
GPU3 local bytes per array: 4.207 GB
======================================


=== SIMULATION STARTS ===

500 timesteps complete
Time = 15.749252 seconds
=== SIMULATION ENDS ===

**** FOUR GPUS CUDA FINISHED ****
    -> wall=73.2210s  reported=15.749252s  status=ok
  [GPU mem after run]
0, 2 MiB
1, 2 MiB
2, 2 MiB
3, 2 MiB

>>> 4-cuda-stream  gpus=4  mask=0,1,2,3  N=1280

**** FOUR GPUS CUDA, ASYNC STARTS ****

=== MEMORY ESTIMATE (GLOBAL) ===
Grid size: 1280 x 1280 x 1280 = 2097152000 points
Memory per global array: 16.777 GB
================================

=== SIMULATION PARAMETERS ===
Grid size (n):           1280
Final time (T):          0.000027
Grid spacing (h):        7.818608e-04
Time step (dt):          5.362336e-08
Kappa_max:               0.950000
Diffusion factor:        4.385965e-02
Estimated timesteps:     ~499
CFL condition (dt/h^2):  0.087719 (should be < 0.5)
==============================

Using CUDA devices 0, 1, 2 and 3 of 4
Block sizes: nz0=322, nz1=322, nz2=321, nz3=321

=== MEMORY ESTIMATE (LOCAL PER GPU) ===
GPU0 local bytes per array: 4.221 GB
GPU1 local bytes per array: 4.221 GB
GPU2 local bytes per array: 4.207 GB
GPU3 local bytes per array: 4.207 GB
======================================


=== SIMULATION STARTS ===

500 timesteps complete
Time = 15.728405 seconds
=== SIMULATION ENDS ===

**** FOUR GPUS CUDA, ASYNC FINISHED ****
    -> wall=73.1940s  reported=15.728405s  status=ok
  [GPU mem after run]
0, 2 MiB
1, 2 MiB
2, 2 MiB
3, 2 MiB

>>> 4-cuda-stream-omp  gpus=4  mask=0,1,2,3  N=1280

**** FOUR GPUS CUDA, ASYNC + 4 HOST THREADS STARTS ****

=== MEMORY ESTIMATE (GLOBAL) ===
Grid size: 1280 x 1280 x 1280 = 2097152000 points
Memory per global array: 16.777 GB
================================

=== SIMULATION PARAMETERS ===
Grid size (n):           1280
Final time (T):          0.000027
Grid spacing (h):        7.818608e-04
Time step (dt):          5.362336e-08
Kappa_max:               0.950000
Diffusion factor:        4.385965e-02
Estimated timesteps:     ~499
CFL condition (dt/h^2):  0.087719 (should be < 0.5)
==============================

Using CUDA devices 0, 1, 2 and 3 of 4
Block sizes: nz0=322, nz1=322, nz2=321, nz3=321

=== MEMORY ESTIMATE (LOCAL PER GPU) ===
GPU0 local bytes per array: 4.221 GB
GPU1 local bytes per array: 4.221 GB
GPU2 local bytes per array: 4.207 GB
GPU3 local bytes per array: 4.207 GB
======================================


=== SIMULATION STARTS ===

500 timesteps complete
Time = 11.217145 seconds
=== SIMULATION ENDS ===

**** FOUR GPUS CUDA, ASYNC + 4 HOST THREADS FINISHED ****
    -> wall=68.6720s  reported=11.217145s  status=ok
  [GPU mem after run]
0, 2 MiB
1, 2 MiB
2, 2 MiB
3, 2 MiB

>>> 4-cuda-stream-omp-p2p  gpus=4  mask=0,1,2,3  N=1280

**** FOUR GPUS CUDA, P2P + 4 HOST THREADS STARTS ****

=== MEMORY ESTIMATE (GLOBAL) ===
Grid size: 1280 x 1280 x 1280 = 2097152000 points
Memory per global array: 16.777 GB
================================

=== SIMULATION PARAMETERS ===
Grid size (n):           1280
Final time (T):          0.000027
Grid spacing (h):        7.818608e-04
Time step (dt):          5.362336e-08
Kappa_max:               0.950000
Diffusion factor:        4.385965e-02
Estimated timesteps:     ~499
CFL condition (dt/h^2):  0.087719 (should be < 0.5)
==============================

Using CUDA devices 0, 1, 2 and 3 of 4
P2P enabled: GPU 0 <-> GPU 1
P2P enabled: GPU 1 <-> GPU 2
P2P enabled: GPU 2 <-> GPU 3
Block sizes: nz0=322, nz1=322, nz2=321, nz3=321

=== MEMORY ESTIMATE (LOCAL PER GPU) ===
GPU0 local bytes per array: 4.221 GB
GPU1 local bytes per array: 4.221 GB
GPU2 local bytes per array: 4.207 GB
GPU3 local bytes per array: 4.207 GB
======================================


=== SIMULATION STARTS ===

500 timesteps complete
Time = 8.564502 seconds
=== SIMULATION ENDS ===

**** FOUR GPUS CUDA, P2P + 4 HOST THREADS FINISHED ****
    -> wall=66.1950s  reported=8.564502s  status=ok
  [GPU mem after run]
0, 2 MiB
1, 2 MiB
2, 2 MiB
3, 2 MiB

All done.
  Timing CSV : results_43881806_20260727_153243/timings.csv
  Run log    : results_43881806_20260727_153243/run.log
