unload bsc/1.0 (PATH, MANPATH)
load bsc/1.0 (PATH, MANPATH)
flatpak: symbol lookup error: /lib64/libldap.so.2: undefined symbol: EVP_md2, version OPENSSL_3.0.0
unload bsc/1.0 (PATH, MANPATH)
unload EB/apps (PATH)
load EB/apps (PATH)
============================================================
Host       : as03r3b13
Job ID     : 43881768   Repetition: 2
Timestamp  : 20260727_153040
Results dir: results_43881768_20260727_153040
N=1024  DT=4.190964e-05  STEPS=500  FAMILIES='2 4'  BASELINE=1
USE_SRUN=0
nvcc       : Cuda compilation tools, release 12.8, V12.8.61
============================================================
SLURM_JOB_GPUS=0,1,2,3
CUDA_VISIBLE_DEVICES (from SLURM)=0,1,2,3
GPU 0: NVIDIA H100 (UUID: GPU-b00529cb-55ec-71a0-073c-51f756cc15ac)
GPU 1: NVIDIA H100 (UUID: GPU-36d54b34-3a13-b5b1-b253-c2c6b67444f0)
GPU 2: NVIDIA H100 (UUID: GPU-0f24090a-290a-9d37-96a6-ad0434dbba6b)
GPU 3: NVIDIA H100 (UUID: GPU-0e3e9358-1673-58c7-725d-720f383c0ec3)

Starting benchmarks
===========================
N = 1024   dt = 4.190964e-05
===========================

>>> 1-cuda  gpus=1  mask=0  N=1024

**** ONE GPU CUDA STARTS ****

=== MEMORY ESTIMATE (GLOBAL) ===
Grid size: 1024 x 1024 x 1024 = 1073741824 points
Memory per global array: 8.590 GB
================================

=== SIMULATION PARAMETERS ===
Grid size (n):           1024
Final time (T):          0.000042
Grid spacing (h):        9.775171e-04
Time step (dt):          8.381927e-08
Kappa_max:               0.950000
Diffusion factor:        4.385965e-02
Estimated timesteps:     ~500
CFL condition (dt/h^2):  0.087719 (should be < 0.5)
==============================

Using CUDA device 0 of 1

=== MEMORY ESTIMATE (LOCAL PER GPU) ===
GPU0 local bytes per array: 8.590 GB
======================================


=== SIMULATION STARTS ===

501 timesteps complete
Time = 13.561429 seconds
=== SIMULATION ENDS ===

**** ONE GPU CUDA FINISHED ****
    -> wall=42.6650s  reported=13.561429s  status=ok
  [GPU mem after run]
0, 2 MiB
1, 2 MiB
2, 2 MiB
3, 2 MiB

>>> 2-cuda  gpus=2  mask=0,1  N=1024

**** TWO GPUS CUDA STARTS ****

=== MEMORY ESTIMATE (GLOBAL) ===
Grid size: 1024 x 1024 x 1024 = 1073741824 points
Memory per global array: 8.590 GB
================================

=== SIMULATION PARAMETERS ===
Grid size (n):           1024
Final time (T):          0.000042
Grid spacing (h):        9.775171e-04
Time step (dt):          8.381927e-08
Kappa_max:               0.950000
Diffusion factor:        4.385965e-02
Estimated timesteps:     ~500
CFL condition (dt/h^2):  0.087719 (should be < 0.5)
==============================

Using CUDA devices 0 and 1 of 2
Block sizes: nz0=513, nz1=513, mid=511

=== MEMORY ESTIMATE (LOCAL PER GPU) ===
GPU0 local bytes per array: 4.303 GB
GPU1 local bytes per array: 4.303 GB
======================================


=== SIMULATION STARTS ===

501 timesteps complete
Time = 9.984221 seconds
=== SIMULATION ENDS ===

**** TWO GPUS CUDA FINISHED ****
    -> wall=39.3870s  reported=9.984221s  status=ok
  [GPU mem after run]
0, 2 MiB
1, 2 MiB
2, 2 MiB
3, 2 MiB

>>> 2-cuda-stream  gpus=2  mask=0,1  N=1024

**** TWO GPUS CUDA, ASYNC STARTS ****

=== MEMORY ESTIMATE (GLOBAL) ===
Grid size: 1024 x 1024 x 1024 = 1073741824 points
Memory per global array: 8.590 GB
================================

=== SIMULATION PARAMETERS ===
Grid size (n):           1024
Final time (T):          0.000042
Grid spacing (h):        9.775171e-04
Time step (dt):          8.381927e-08
Kappa_max:               0.950000
Diffusion factor:        4.385965e-02
Estimated timesteps:     ~500
CFL condition (dt/h^2):  0.087719 (should be < 0.5)
==============================

Using CUDA devices 0 and 1 of 2
Block sizes: nz0=513, nz1=513, mid=511

=== MEMORY ESTIMATE (LOCAL PER GPU) ===
GPU0 local bytes per array: 4.303 GB
GPU1 local bytes per array: 4.303 GB
======================================


=== SIMULATION STARTS ===

501 timesteps complete
Time = 9.992883 seconds
=== SIMULATION ENDS ===

**** TWO GPUS CUDA, ASYNC FINISHED ****
    -> wall=39.5100s  reported=9.992883s  status=ok
  [GPU mem after run]
0, 2 MiB
1, 2 MiB
2, 2 MiB
3, 2 MiB

>>> 2-cuda-stream-omp  gpus=2  mask=0,1  N=1024

**** TWO GPUS CUDA, ASYNC + 2 HOST THREADS STARTS ****

=== MEMORY ESTIMATE (GLOBAL) ===
Grid size: 1024 x 1024 x 1024 = 1073741824 points
Memory per global array: 8.590 GB
================================

=== SIMULATION PARAMETERS ===
Grid size (n):           1024
Final time (T):          0.000042
Grid spacing (h):        9.775171e-04
Time step (dt):          8.381927e-08
Kappa_max:               0.950000
Diffusion factor:        4.385965e-02
Estimated timesteps:     ~500
CFL condition (dt/h^2):  0.087719 (should be < 0.5)
==============================

Using CUDA devices 0 and 1 of 2
Block sizes: nz0=513, nz1=513, mid=511

=== MEMORY ESTIMATE (LOCAL PER GPU) ===
GPU0 local bytes per array: 4.303 GB
GPU1 local bytes per array: 4.303 GB
======================================


=== SIMULATION STARTS ===

501 timesteps complete
Time = 9.322069 seconds
=== SIMULATION ENDS ===

**** TWO GPUS CUDA, ASYNC + 2 HOST THREADS FINISHED ****
    -> wall=38.8170s  reported=9.322069s  status=ok
  [GPU mem after run]
0, 2 MiB
1, 2 MiB
2, 2 MiB
3, 2 MiB

>>> 2-cuda-stream-omp-p2p  gpus=2  mask=0,1  N=1024

**** TWO GPUS CUDA, P2P + 2 HOST THREADS STARTS ****

=== MEMORY ESTIMATE (GLOBAL) ===
Grid size: 1024 x 1024 x 1024 = 1073741824 points
Memory per global array: 8.590 GB
================================

=== SIMULATION PARAMETERS ===
Grid size (n):           1024
Final time (T):          0.000042
Grid spacing (h):        9.775171e-04
Time step (dt):          8.381927e-08
Kappa_max:               0.950000
Diffusion factor:        4.385965e-02
Estimated timesteps:     ~500
CFL condition (dt/h^2):  0.087719 (should be < 0.5)
==============================

Using CUDA devices 0 and 1 of 2
P2P enabled between GPU 0 and GPU 1
Block sizes: nz0=513, nz1=513, mid=511

=== MEMORY ESTIMATE (LOCAL PER GPU) ===
GPU0 local bytes per array: 4.303 GB
GPU1 local bytes per array: 4.303 GB
======================================


=== SIMULATION STARTS ===

501 timesteps complete
Time = 8.662653 seconds
=== SIMULATION ENDS ===

**** TWO GPUS CUDA, P2P + 2 HOST THREADS FINISHED ****
    -> wall=37.5290s  reported=8.662653s  status=ok
  [GPU mem after run]
0, 2 MiB
1, 2 MiB
2, 2 MiB
3, 2 MiB

>>> 4-cuda  gpus=4  mask=0,1,2,3  N=1024

**** FOUR GPUS CUDA STARTS ****

=== MEMORY ESTIMATE (GLOBAL) ===
Grid size: 1024 x 1024 x 1024 = 1073741824 points
Memory per global array: 8.590 GB
================================

=== SIMULATION PARAMETERS ===
Grid size (n):           1024
Final time (T):          0.000042
Grid spacing (h):        9.775171e-04
Time step (dt):          8.381927e-08
Kappa_max:               0.950000
Diffusion factor:        4.385965e-02
Estimated timesteps:     ~500
CFL condition (dt/h^2):  0.087719 (should be < 0.5)
==============================

Using CUDA devices 0, 1, 2 and 3 of 4
Block sizes: nz0=258, nz1=258, nz2=257, nz3=257

=== MEMORY ESTIMATE (LOCAL PER GPU) ===
GPU0 local bytes per array: 2.164 GB
GPU1 local bytes per array: 2.164 GB
GPU2 local bytes per array: 2.156 GB
GPU3 local bytes per array: 2.156 GB
======================================


=== SIMULATION STARTS ===

501 timesteps complete
Time = 9.076216 seconds
=== SIMULATION ENDS ===

**** FOUR GPUS CUDA FINISHED ****
    -> wall=39.3050s  reported=9.076216s  status=ok
  [GPU mem after run]
0, 2 MiB
1, 2 MiB
2, 2 MiB
3, 2 MiB

>>> 4-cuda-stream  gpus=4  mask=0,1,2,3  N=1024

**** FOUR GPUS CUDA, ASYNC STARTS ****

=== MEMORY ESTIMATE (GLOBAL) ===
Grid size: 1024 x 1024 x 1024 = 1073741824 points
Memory per global array: 8.590 GB
================================

=== SIMULATION PARAMETERS ===
Grid size (n):           1024
Final time (T):          0.000042
Grid spacing (h):        9.775171e-04
Time step (dt):          8.381927e-08
Kappa_max:               0.950000
Diffusion factor:        4.385965e-02
Estimated timesteps:     ~500
CFL condition (dt/h^2):  0.087719 (should be < 0.5)
==============================

Using CUDA devices 0, 1, 2 and 3 of 4
Block sizes: nz0=258, nz1=258, nz2=257, nz3=257

=== MEMORY ESTIMATE (LOCAL PER GPU) ===
GPU0 local bytes per array: 2.164 GB
GPU1 local bytes per array: 2.164 GB
GPU2 local bytes per array: 2.156 GB
GPU3 local bytes per array: 2.156 GB
======================================


=== SIMULATION STARTS ===

501 timesteps complete
Time = 9.071251 seconds
=== SIMULATION ENDS ===

**** FOUR GPUS CUDA, ASYNC FINISHED ****
    -> wall=39.4380s  reported=9.071251s  status=ok
  [GPU mem after run]
0, 2 MiB
1, 2 MiB
2, 2 MiB
3, 2 MiB

>>> 4-cuda-stream-omp  gpus=4  mask=0,1,2,3  N=1024

**** FOUR GPUS CUDA, ASYNC + 4 HOST THREADS STARTS ****

=== MEMORY ESTIMATE (GLOBAL) ===
Grid size: 1024 x 1024 x 1024 = 1073741824 points
Memory per global array: 8.590 GB
================================

=== SIMULATION PARAMETERS ===
Grid size (n):           1024
Final time (T):          0.000042
Grid spacing (h):        9.775171e-04
Time step (dt):          8.381927e-08
Kappa_max:               0.950000
Diffusion factor:        4.385965e-02
Estimated timesteps:     ~500
CFL condition (dt/h^2):  0.087719 (should be < 0.5)
==============================

Using CUDA devices 0, 1, 2 and 3 of 4
Block sizes: nz0=258, nz1=258, nz2=257, nz3=257

=== MEMORY ESTIMATE (LOCAL PER GPU) ===
GPU0 local bytes per array: 2.164 GB
GPU1 local bytes per array: 2.164 GB
GPU2 local bytes per array: 2.156 GB
GPU3 local bytes per array: 2.156 GB
======================================


=== SIMULATION STARTS ===

501 timesteps complete
Time = 6.172185 seconds
=== SIMULATION ENDS ===

**** FOUR GPUS CUDA, ASYNC + 4 HOST THREADS FINISHED ****
    -> wall=36.4480s  reported=6.172185s  status=ok
  [GPU mem after run]
0, 2 MiB
1, 2 MiB
2, 2 MiB
3, 2 MiB

>>> 4-cuda-stream-omp-p2p  gpus=4  mask=0,1,2,3  N=1024

**** FOUR GPUS CUDA, P2P + 4 HOST THREADS STARTS ****

=== MEMORY ESTIMATE (GLOBAL) ===
Grid size: 1024 x 1024 x 1024 = 1073741824 points
Memory per global array: 8.590 GB
================================

=== SIMULATION PARAMETERS ===
Grid size (n):           1024
Final time (T):          0.000042
Grid spacing (h):        9.775171e-04
Time step (dt):          8.381927e-08
Kappa_max:               0.950000
Diffusion factor:        4.385965e-02
Estimated timesteps:     ~500
CFL condition (dt/h^2):  0.087719 (should be < 0.5)
==============================

Using CUDA devices 0, 1, 2 and 3 of 4
P2P enabled: GPU 0 <-> GPU 1
P2P enabled: GPU 1 <-> GPU 2
P2P enabled: GPU 2 <-> GPU 3
Block sizes: nz0=258, nz1=258, nz2=257, nz3=257

=== MEMORY ESTIMATE (LOCAL PER GPU) ===
GPU0 local bytes per array: 2.164 GB
GPU1 local bytes per array: 2.164 GB
GPU2 local bytes per array: 2.156 GB
GPU3 local bytes per array: 2.156 GB
======================================


=== SIMULATION STARTS ===

501 timesteps complete
Time = 4.429549 seconds
=== SIMULATION ENDS ===

**** FOUR GPUS CUDA, P2P + 4 HOST THREADS FINISHED ****
    -> wall=34.6860s  reported=4.429549s  status=ok
  [GPU mem after run]
0, 2 MiB
1, 2 MiB
2, 2 MiB
3, 2 MiB

All done.
  Timing CSV : results_43881768_20260727_153040/timings.csv
  Run log    : results_43881768_20260727_153040/run.log
