unload bsc/1.0 (PATH, MANPATH)
load bsc/1.0 (PATH, MANPATH)
flatpak: symbol lookup error: /lib64/libldap.so.2: undefined symbol: EVP_md2, version OPENSSL_3.0.0
unload bsc/1.0 (PATH, MANPATH)
unload EB/apps (PATH)
load EB/apps (PATH)
============================================================
Host       : as07r4b24
Job ID     : 43881663   Repetition: 4
Timestamp  : 20260727_152644
Results dir: results_43881663_20260727_152644
N=640  DT=0.0001074146  STEPS=500  FAMILIES='2 4'  BASELINE=1
USE_SRUN=0
nvcc       : Cuda compilation tools, release 12.8, V12.8.61
============================================================
SLURM_JOB_GPUS=0,1,2,3
CUDA_VISIBLE_DEVICES (from SLURM)=0,1,2,3
GPU 0: NVIDIA H100 (UUID: GPU-07c48294-b37c-1519-9e92-93b62c503db3)
GPU 1: NVIDIA H100 (UUID: GPU-2cc3ee64-a13a-ccbe-bc84-cc8cba704f0d)
GPU 2: NVIDIA H100 (UUID: GPU-fd10d24e-9c3c-1d9f-8681-b81244d1f17f)
GPU 3: NVIDIA H100 (UUID: GPU-c0dff6c1-57e0-d5f5-7335-469ef8c08094)

Starting benchmarks
===========================
N = 640   dt = 0.0001074146
===========================

>>> 1-cuda  gpus=1  mask=0  N=640

**** ONE GPU CUDA STARTS ****

=== MEMORY ESTIMATE (GLOBAL) ===
Grid size: 640 x 640 x 640 = 262144000 points
Memory per global array: 2.097 GB
================================

=== SIMULATION PARAMETERS ===
Grid size (n):           640
Final time (T):          0.000107
Grid spacing (h):        1.564945e-03
Time step (dt):          2.148293e-07
Kappa_max:               0.950000
Diffusion factor:        4.385965e-02
Estimated timesteps:     ~499
CFL condition (dt/h^2):  0.087719 (should be < 0.5)
==============================

Using CUDA device 0 of 1

=== MEMORY ESTIMATE (LOCAL PER GPU) ===
GPU0 local bytes per array: 2.097 GB
======================================


=== SIMULATION STARTS ===

500 timesteps complete
Time = 3.302845 seconds
=== SIMULATION ENDS ===

**** ONE GPU CUDA FINISHED ****
    -> wall=10.5280s  reported=3.302845s  status=ok
  [GPU mem after run]
0, 2 MiB
1, 2 MiB
2, 2 MiB
3, 2 MiB

>>> 2-cuda  gpus=2  mask=0,1  N=640

**** TWO GPUS CUDA STARTS ****

=== MEMORY ESTIMATE (GLOBAL) ===
Grid size: 640 x 640 x 640 = 262144000 points
Memory per global array: 2.097 GB
================================

=== SIMULATION PARAMETERS ===
Grid size (n):           640
Final time (T):          0.000107
Grid spacing (h):        1.564945e-03
Time step (dt):          2.148293e-07
Kappa_max:               0.950000
Diffusion factor:        4.385965e-02
Estimated timesteps:     ~499
CFL condition (dt/h^2):  0.087719 (should be < 0.5)
==============================

Using CUDA devices 0 and 1 of 2
Block sizes: nz0=321, nz1=321, mid=319

=== MEMORY ESTIMATE (LOCAL PER GPU) ===
GPU0 local bytes per array: 1.052 GB
GPU1 local bytes per array: 1.052 GB
======================================


=== SIMULATION STARTS ===

500 timesteps complete
Time = 2.654055 seconds
=== SIMULATION ENDS ===

**** TWO GPUS CUDA FINISHED ****
    -> wall=9.9510s  reported=2.654055s  status=ok
  [GPU mem after run]
0, 2 MiB
1, 2 MiB
2, 2 MiB
3, 2 MiB

>>> 2-cuda-stream  gpus=2  mask=0,1  N=640

**** TWO GPUS CUDA, ASYNC STARTS ****

=== MEMORY ESTIMATE (GLOBAL) ===
Grid size: 640 x 640 x 640 = 262144000 points
Memory per global array: 2.097 GB
================================

=== SIMULATION PARAMETERS ===
Grid size (n):           640
Final time (T):          0.000107
Grid spacing (h):        1.564945e-03
Time step (dt):          2.148293e-07
Kappa_max:               0.950000
Diffusion factor:        4.385965e-02
Estimated timesteps:     ~499
CFL condition (dt/h^2):  0.087719 (should be < 0.5)
==============================

Using CUDA devices 0 and 1 of 2
Block sizes: nz0=321, nz1=321, mid=319

=== MEMORY ESTIMATE (LOCAL PER GPU) ===
GPU0 local bytes per array: 1.052 GB
GPU1 local bytes per array: 1.052 GB
======================================


=== SIMULATION STARTS ===

500 timesteps complete
Time = 2.665288 seconds
=== SIMULATION ENDS ===

**** TWO GPUS CUDA, ASYNC FINISHED ****
    -> wall=10.0770s  reported=2.665288s  status=ok
  [GPU mem after run]
0, 2 MiB
1, 2 MiB
2, 2 MiB
3, 2 MiB

>>> 2-cuda-stream-omp  gpus=2  mask=0,1  N=640

**** TWO GPUS CUDA, ASYNC + 2 HOST THREADS STARTS ****

=== MEMORY ESTIMATE (GLOBAL) ===
Grid size: 640 x 640 x 640 = 262144000 points
Memory per global array: 2.097 GB
================================

=== SIMULATION PARAMETERS ===
Grid size (n):           640
Final time (T):          0.000107
Grid spacing (h):        1.564945e-03
Time step (dt):          2.148293e-07
Kappa_max:               0.950000
Diffusion factor:        4.385965e-02
Estimated timesteps:     ~499
CFL condition (dt/h^2):  0.087719 (should be < 0.5)
==============================

Using CUDA devices 0 and 1 of 2
Block sizes: nz0=321, nz1=321, mid=319

=== MEMORY ESTIMATE (LOCAL PER GPU) ===
GPU0 local bytes per array: 1.052 GB
GPU1 local bytes per array: 1.052 GB
======================================


=== SIMULATION STARTS ===

500 timesteps complete
Time = 2.371318 seconds
=== SIMULATION ENDS ===

**** TWO GPUS CUDA, ASYNC + 2 HOST THREADS FINISHED ****
    -> wall=9.7550s  reported=2.371318s  status=ok
  [GPU mem after run]
0, 2 MiB
1, 2 MiB
2, 2 MiB
3, 2 MiB

>>> 2-cuda-stream-omp-p2p  gpus=2  mask=0,1  N=640

**** TWO GPUS CUDA, P2P + 2 HOST THREADS STARTS ****

=== MEMORY ESTIMATE (GLOBAL) ===
Grid size: 640 x 640 x 640 = 262144000 points
Memory per global array: 2.097 GB
================================

=== SIMULATION PARAMETERS ===
Grid size (n):           640
Final time (T):          0.000107
Grid spacing (h):        1.564945e-03
Time step (dt):          2.148293e-07
Kappa_max:               0.950000
Diffusion factor:        4.385965e-02
Estimated timesteps:     ~499
CFL condition (dt/h^2):  0.087719 (should be < 0.5)
==============================

Using CUDA devices 0 and 1 of 2
P2P enabled between GPU 0 and GPU 1
Block sizes: nz0=321, nz1=321, mid=319

=== MEMORY ESTIMATE (LOCAL PER GPU) ===
GPU0 local bytes per array: 1.052 GB
GPU1 local bytes per array: 1.052 GB
======================================


=== SIMULATION STARTS ===

500 timesteps complete
Time = 2.086125 seconds
=== SIMULATION ENDS ===

**** TWO GPUS CUDA, P2P + 2 HOST THREADS FINISHED ****
    -> wall=9.5170s  reported=2.086125s  status=ok
  [GPU mem after run]
0, 2 MiB
1, 2 MiB
2, 2 MiB
3, 2 MiB

>>> 4-cuda  gpus=4  mask=0,1,2,3  N=640

**** FOUR GPUS CUDA STARTS ****

=== MEMORY ESTIMATE (GLOBAL) ===
Grid size: 640 x 640 x 640 = 262144000 points
Memory per global array: 2.097 GB
================================

=== SIMULATION PARAMETERS ===
Grid size (n):           640
Final time (T):          0.000107
Grid spacing (h):        1.564945e-03
Time step (dt):          2.148293e-07
Kappa_max:               0.950000
Diffusion factor:        4.385965e-02
Estimated timesteps:     ~499
CFL condition (dt/h^2):  0.087719 (should be < 0.5)
==============================

Using CUDA devices 0, 1, 2 and 3 of 4
Block sizes: nz0=162, nz1=162, nz2=161, nz3=161

=== MEMORY ESTIMATE (LOCAL PER GPU) ===
GPU0 local bytes per array: 0.531 GB
GPU1 local bytes per array: 0.531 GB
GPU2 local bytes per array: 0.528 GB
GPU3 local bytes per array: 0.528 GB
======================================


=== SIMULATION STARTS ===

500 timesteps complete
Time = 2.801766 seconds
=== SIMULATION ENDS ===

**** FOUR GPUS CUDA FINISHED ****
    -> wall=10.3060s  reported=2.801766s  status=ok
  [GPU mem after run]
0, 2 MiB
1, 2 MiB
2, 2 MiB
3, 2 MiB

>>> 4-cuda-stream  gpus=4  mask=0,1,2,3  N=640

**** FOUR GPUS CUDA, ASYNC STARTS ****

=== MEMORY ESTIMATE (GLOBAL) ===
Grid size: 640 x 640 x 640 = 262144000 points
Memory per global array: 2.097 GB
================================

=== SIMULATION PARAMETERS ===
Grid size (n):           640
Final time (T):          0.000107
Grid spacing (h):        1.564945e-03
Time step (dt):          2.148293e-07
Kappa_max:               0.950000
Diffusion factor:        4.385965e-02
Estimated timesteps:     ~499
CFL condition (dt/h^2):  0.087719 (should be < 0.5)
==============================

Using CUDA devices 0, 1, 2 and 3 of 4
Block sizes: nz0=162, nz1=162, nz2=161, nz3=161

=== MEMORY ESTIMATE (LOCAL PER GPU) ===
GPU0 local bytes per array: 0.531 GB
GPU1 local bytes per array: 0.531 GB
GPU2 local bytes per array: 0.528 GB
GPU3 local bytes per array: 0.528 GB
======================================


=== SIMULATION STARTS ===

500 timesteps complete
Time = 2.888892 seconds
=== SIMULATION ENDS ===

**** FOUR GPUS CUDA, ASYNC FINISHED ****
    -> wall=10.6470s  reported=2.888892s  status=ok
  [GPU mem after run]
0, 2 MiB
1, 2 MiB
2, 2 MiB
3, 2 MiB

>>> 4-cuda-stream-omp  gpus=4  mask=0,1,2,3  N=640

**** FOUR GPUS CUDA, ASYNC + 4 HOST THREADS STARTS ****

=== MEMORY ESTIMATE (GLOBAL) ===
Grid size: 640 x 640 x 640 = 262144000 points
Memory per global array: 2.097 GB
================================

=== SIMULATION PARAMETERS ===
Grid size (n):           640
Final time (T):          0.000107
Grid spacing (h):        1.564945e-03
Time step (dt):          2.148293e-07
Kappa_max:               0.950000
Diffusion factor:        4.385965e-02
Estimated timesteps:     ~499
CFL condition (dt/h^2):  0.087719 (should be < 0.5)
==============================

Using CUDA devices 0, 1, 2 and 3 of 4
Block sizes: nz0=162, nz1=162, nz2=161, nz3=161

=== MEMORY ESTIMATE (LOCAL PER GPU) ===
GPU0 local bytes per array: 0.531 GB
GPU1 local bytes per array: 0.531 GB
GPU2 local bytes per array: 0.528 GB
GPU3 local bytes per array: 0.528 GB
======================================


=== SIMULATION STARTS ===

500 timesteps complete
Time = 1.723568 seconds
=== SIMULATION ENDS ===

**** FOUR GPUS CUDA, ASYNC + 4 HOST THREADS FINISHED ****
    -> wall=9.4060s  reported=1.723568s  status=ok
  [GPU mem after run]
0, 2 MiB
1, 2 MiB
2, 2 MiB
3, 2 MiB

>>> 4-cuda-stream-omp-p2p  gpus=4  mask=0,1,2,3  N=640

**** FOUR GPUS CUDA, P2P + 4 HOST THREADS STARTS ****

=== MEMORY ESTIMATE (GLOBAL) ===
Grid size: 640 x 640 x 640 = 262144000 points
Memory per global array: 2.097 GB
================================

=== SIMULATION PARAMETERS ===
Grid size (n):           640
Final time (T):          0.000107
Grid spacing (h):        1.564945e-03
Time step (dt):          2.148293e-07
Kappa_max:               0.950000
Diffusion factor:        4.385965e-02
Estimated timesteps:     ~499
CFL condition (dt/h^2):  0.087719 (should be < 0.5)
==============================

Using CUDA devices 0, 1, 2 and 3 of 4
P2P enabled: GPU 0 <-> GPU 1
P2P enabled: GPU 1 <-> GPU 2
P2P enabled: GPU 2 <-> GPU 3
Block sizes: nz0=162, nz1=162, nz2=161, nz3=161

=== MEMORY ESTIMATE (LOCAL PER GPU) ===
GPU0 local bytes per array: 0.531 GB
GPU1 local bytes per array: 0.531 GB
GPU2 local bytes per array: 0.528 GB
GPU3 local bytes per array: 0.528 GB
======================================


=== SIMULATION STARTS ===

500 timesteps complete
Time = 1.091794 seconds
=== SIMULATION ENDS ===

**** FOUR GPUS CUDA, P2P + 4 HOST THREADS FINISHED ****
    -> wall=8.7730s  reported=1.091794s  status=ok
  [GPU mem after run]
0, 2 MiB
1, 2 MiB
2, 2 MiB
3, 2 MiB

All done.
  Timing CSV : results_43881663_20260727_152644/timings.csv
  Run log    : results_43881663_20260727_152644/run.log
