unload bsc/1.0 (PATH, MANPATH)
load bsc/1.0 (PATH, MANPATH)
flatpak: symbol lookup error: /lib64/libldap.so.2: undefined symbol: EVP_md2, version OPENSSL_3.0.0
unload bsc/1.0 (PATH, MANPATH)
unload EB/apps (PATH)
load EB/apps (PATH)
============================================================
Host       : as07r4b32
Job ID     : 43881666   Repetition: 2
Timestamp  : 20260727_152644
Results dir: results_43881666_20260727_152644
N=768  DT=7.45546e-05  STEPS=500  FAMILIES='2 4'  BASELINE=1
USE_SRUN=0
nvcc       : Cuda compilation tools, release 12.8, V12.8.61
============================================================
SLURM_JOB_GPUS=0,1,2,3
CUDA_VISIBLE_DEVICES (from SLURM)=0,1,2,3
GPU 0: NVIDIA H100 (UUID: GPU-d207a1df-18ab-fa95-23a4-b1a32a3ab3d8)
GPU 1: NVIDIA H100 (UUID: GPU-9c04d4e2-40e0-4b6a-e57f-88b397e09eb1)
GPU 2: NVIDIA H100 (UUID: GPU-01ed7c9d-2af6-deb9-a292-12a9a1174599)
GPU 3: NVIDIA H100 (UUID: GPU-904934fc-b28b-19b5-317b-c60d00f61bc7)

Starting benchmarks
===========================
N = 768   dt = 7.45546e-05
===========================

>>> 1-cuda  gpus=1  mask=0  N=768

**** ONE GPU CUDA STARTS ****

=== MEMORY ESTIMATE (GLOBAL) ===
Grid size: 768 x 768 x 768 = 452984832 points
Memory per global array: 3.624 GB
================================

=== SIMULATION PARAMETERS ===
Grid size (n):           768
Final time (T):          0.000075
Grid spacing (h):        1.303781e-03
Time step (dt):          1.491092e-07
Kappa_max:               0.950000
Diffusion factor:        4.385965e-02
Estimated timesteps:     ~500
CFL condition (dt/h^2):  0.087719 (should be < 0.5)
==============================

Using CUDA device 0 of 1

=== MEMORY ESTIMATE (LOCAL PER GPU) ===
GPU0 local bytes per array: 3.624 GB
======================================


=== SIMULATION STARTS ===

501 timesteps complete
Time = 5.703251 seconds
=== SIMULATION ENDS ===

**** ONE GPU CUDA FINISHED ****
    -> wall=18.1470s  reported=5.703251s  status=ok
  [GPU mem after run]
0, 2 MiB
1, 2 MiB
2, 2 MiB
3, 2 MiB

>>> 2-cuda  gpus=2  mask=0,1  N=768

**** TWO GPUS CUDA STARTS ****

=== MEMORY ESTIMATE (GLOBAL) ===
Grid size: 768 x 768 x 768 = 452984832 points
Memory per global array: 3.624 GB
================================

=== SIMULATION PARAMETERS ===
Grid size (n):           768
Final time (T):          0.000075
Grid spacing (h):        1.303781e-03
Time step (dt):          1.491092e-07
Kappa_max:               0.950000
Diffusion factor:        4.385965e-02
Estimated timesteps:     ~500
CFL condition (dt/h^2):  0.087719 (should be < 0.5)
==============================

Using CUDA devices 0 and 1 of 2
Block sizes: nz0=385, nz1=385, mid=383

=== MEMORY ESTIMATE (LOCAL PER GPU) ===
GPU0 local bytes per array: 1.817 GB
GPU1 local bytes per array: 1.817 GB
======================================


=== SIMULATION STARTS ===

501 timesteps complete
Time = 4.432585 seconds
=== SIMULATION ENDS ===

**** TWO GPUS CUDA FINISHED ****
    -> wall=17.2260s  reported=4.432585s  status=ok
  [GPU mem after run]
0, 2 MiB
1, 2 MiB
2, 2 MiB
3, 2 MiB

>>> 2-cuda-stream  gpus=2  mask=0,1  N=768

**** TWO GPUS CUDA, ASYNC STARTS ****

=== MEMORY ESTIMATE (GLOBAL) ===
Grid size: 768 x 768 x 768 = 452984832 points
Memory per global array: 3.624 GB
================================

=== SIMULATION PARAMETERS ===
Grid size (n):           768
Final time (T):          0.000075
Grid spacing (h):        1.303781e-03
Time step (dt):          1.491092e-07
Kappa_max:               0.950000
Diffusion factor:        4.385965e-02
Estimated timesteps:     ~500
CFL condition (dt/h^2):  0.087719 (should be < 0.5)
==============================

Using CUDA devices 0 and 1 of 2
Block sizes: nz0=385, nz1=385, mid=383

=== MEMORY ESTIMATE (LOCAL PER GPU) ===
GPU0 local bytes per array: 1.817 GB
GPU1 local bytes per array: 1.817 GB
======================================


=== SIMULATION STARTS ===

501 timesteps complete
Time = 4.437992 seconds
=== SIMULATION ENDS ===

**** TWO GPUS CUDA, ASYNC FINISHED ****
    -> wall=17.1630s  reported=4.437992s  status=ok
  [GPU mem after run]
0, 2 MiB
1, 2 MiB
2, 2 MiB
3, 2 MiB

>>> 2-cuda-stream-omp  gpus=2  mask=0,1  N=768

**** TWO GPUS CUDA, ASYNC + 2 HOST THREADS STARTS ****

=== MEMORY ESTIMATE (GLOBAL) ===
Grid size: 768 x 768 x 768 = 452984832 points
Memory per global array: 3.624 GB
================================

=== SIMULATION PARAMETERS ===
Grid size (n):           768
Final time (T):          0.000075
Grid spacing (h):        1.303781e-03
Time step (dt):          1.491092e-07
Kappa_max:               0.950000
Diffusion factor:        4.385965e-02
Estimated timesteps:     ~500
CFL condition (dt/h^2):  0.087719 (should be < 0.5)
==============================

Using CUDA devices 0 and 1 of 2
Block sizes: nz0=385, nz1=385, mid=383

=== MEMORY ESTIMATE (LOCAL PER GPU) ===
GPU0 local bytes per array: 1.817 GB
GPU1 local bytes per array: 1.817 GB
======================================


=== SIMULATION STARTS ===

501 timesteps complete
Time = 4.045967 seconds
=== SIMULATION ENDS ===

**** TWO GPUS CUDA, ASYNC + 2 HOST THREADS FINISHED ****
    -> wall=16.8000s  reported=4.045967s  status=ok
  [GPU mem after run]
0, 2 MiB
1, 2 MiB
2, 2 MiB
3, 2 MiB

>>> 2-cuda-stream-omp-p2p  gpus=2  mask=0,1  N=768

**** TWO GPUS CUDA, P2P + 2 HOST THREADS STARTS ****

=== MEMORY ESTIMATE (GLOBAL) ===
Grid size: 768 x 768 x 768 = 452984832 points
Memory per global array: 3.624 GB
================================

=== SIMULATION PARAMETERS ===
Grid size (n):           768
Final time (T):          0.000075
Grid spacing (h):        1.303781e-03
Time step (dt):          1.491092e-07
Kappa_max:               0.950000
Diffusion factor:        4.385965e-02
Estimated timesteps:     ~500
CFL condition (dt/h^2):  0.087719 (should be < 0.5)
==============================

Using CUDA devices 0 and 1 of 2
P2P enabled between GPU 0 and GPU 1
Block sizes: nz0=385, nz1=385, mid=383

=== MEMORY ESTIMATE (LOCAL PER GPU) ===
GPU0 local bytes per array: 1.817 GB
GPU1 local bytes per array: 1.817 GB
======================================


=== SIMULATION STARTS ===

501 timesteps complete
Time = 3.660819 seconds
=== SIMULATION ENDS ===

**** TWO GPUS CUDA, P2P + 2 HOST THREADS FINISHED ****
    -> wall=16.2200s  reported=3.660819s  status=ok
  [GPU mem after run]
0, 2 MiB
1, 2 MiB
2, 2 MiB
3, 2 MiB

>>> 4-cuda  gpus=4  mask=0,1,2,3  N=768

**** FOUR GPUS CUDA STARTS ****

=== MEMORY ESTIMATE (GLOBAL) ===
Grid size: 768 x 768 x 768 = 452984832 points
Memory per global array: 3.624 GB
================================

=== SIMULATION PARAMETERS ===
Grid size (n):           768
Final time (T):          0.000075
Grid spacing (h):        1.303781e-03
Time step (dt):          1.491092e-07
Kappa_max:               0.950000
Diffusion factor:        4.385965e-02
Estimated timesteps:     ~500
CFL condition (dt/h^2):  0.087719 (should be < 0.5)
==============================

Using CUDA devices 0, 1, 2 and 3 of 4
Block sizes: nz0=194, nz1=194, nz2=193, nz3=193

=== MEMORY ESTIMATE (LOCAL PER GPU) ===
GPU0 local bytes per array: 0.915 GB
GPU1 local bytes per array: 0.915 GB
GPU2 local bytes per array: 0.911 GB
GPU3 local bytes per array: 0.911 GB
======================================


=== SIMULATION STARTS ===

501 timesteps complete
Time = 4.409880 seconds
=== SIMULATION ENDS ===

**** FOUR GPUS CUDA FINISHED ****
    -> wall=17.5330s  reported=4.409880s  status=ok
  [GPU mem after run]
0, 2 MiB
1, 2 MiB
2, 2 MiB
3, 2 MiB

>>> 4-cuda-stream  gpus=4  mask=0,1,2,3  N=768

**** FOUR GPUS CUDA, ASYNC STARTS ****

=== MEMORY ESTIMATE (GLOBAL) ===
Grid size: 768 x 768 x 768 = 452984832 points
Memory per global array: 3.624 GB
================================

=== SIMULATION PARAMETERS ===
Grid size (n):           768
Final time (T):          0.000075
Grid spacing (h):        1.303781e-03
Time step (dt):          1.491092e-07
Kappa_max:               0.950000
Diffusion factor:        4.385965e-02
Estimated timesteps:     ~500
CFL condition (dt/h^2):  0.087719 (should be < 0.5)
==============================

Using CUDA devices 0, 1, 2 and 3 of 4
Block sizes: nz0=194, nz1=194, nz2=193, nz3=193

=== MEMORY ESTIMATE (LOCAL PER GPU) ===
GPU0 local bytes per array: 0.915 GB
GPU1 local bytes per array: 0.915 GB
GPU2 local bytes per array: 0.911 GB
GPU3 local bytes per array: 0.911 GB
======================================


=== SIMULATION STARTS ===

501 timesteps complete
Time = 4.396111 seconds
=== SIMULATION ENDS ===

**** FOUR GPUS CUDA, ASYNC FINISHED ****
    -> wall=17.4400s  reported=4.396111s  status=ok
  [GPU mem after run]
0, 2 MiB
1, 2 MiB
2, 2 MiB
3, 2 MiB

>>> 4-cuda-stream-omp  gpus=4  mask=0,1,2,3  N=768

**** FOUR GPUS CUDA, ASYNC + 4 HOST THREADS STARTS ****

=== MEMORY ESTIMATE (GLOBAL) ===
Grid size: 768 x 768 x 768 = 452984832 points
Memory per global array: 3.624 GB
================================

=== SIMULATION PARAMETERS ===
Grid size (n):           768
Final time (T):          0.000075
Grid spacing (h):        1.303781e-03
Time step (dt):          1.491092e-07
Kappa_max:               0.950000
Diffusion factor:        4.385965e-02
Estimated timesteps:     ~500
CFL condition (dt/h^2):  0.087719 (should be < 0.5)
==============================

Using CUDA devices 0, 1, 2 and 3 of 4
Block sizes: nz0=194, nz1=194, nz2=193, nz3=193

=== MEMORY ESTIMATE (LOCAL PER GPU) ===
GPU0 local bytes per array: 0.915 GB
GPU1 local bytes per array: 0.915 GB
GPU2 local bytes per array: 0.911 GB
GPU3 local bytes per array: 0.911 GB
======================================


=== SIMULATION STARTS ===

501 timesteps complete
Time = 2.790935 seconds
=== SIMULATION ENDS ===

**** FOUR GPUS CUDA, ASYNC + 4 HOST THREADS FINISHED ****
    -> wall=15.7780s  reported=2.790935s  status=ok
  [GPU mem after run]
0, 2 MiB
1, 2 MiB
2, 2 MiB
3, 2 MiB

>>> 4-cuda-stream-omp-p2p  gpus=4  mask=0,1,2,3  N=768

**** FOUR GPUS CUDA, P2P + 4 HOST THREADS STARTS ****

=== MEMORY ESTIMATE (GLOBAL) ===
Grid size: 768 x 768 x 768 = 452984832 points
Memory per global array: 3.624 GB
================================

=== SIMULATION PARAMETERS ===
Grid size (n):           768
Final time (T):          0.000075
Grid spacing (h):        1.303781e-03
Time step (dt):          1.491092e-07
Kappa_max:               0.950000
Diffusion factor:        4.385965e-02
Estimated timesteps:     ~500
CFL condition (dt/h^2):  0.087719 (should be < 0.5)
==============================

Using CUDA devices 0, 1, 2 and 3 of 4
P2P enabled: GPU 0 <-> GPU 1
P2P enabled: GPU 1 <-> GPU 2
P2P enabled: GPU 2 <-> GPU 3
Block sizes: nz0=194, nz1=194, nz2=193, nz3=193

=== MEMORY ESTIMATE (LOCAL PER GPU) ===
GPU0 local bytes per array: 0.915 GB
GPU1 local bytes per array: 0.915 GB
GPU2 local bytes per array: 0.911 GB
GPU3 local bytes per array: 0.911 GB
======================================


=== SIMULATION STARTS ===

501 timesteps complete
Time = 1.891895 seconds
=== SIMULATION ENDS ===

**** FOUR GPUS CUDA, P2P + 4 HOST THREADS FINISHED ****
    -> wall=14.6280s  reported=1.891895s  status=ok
  [GPU mem after run]
0, 2 MiB
1, 2 MiB
2, 2 MiB
3, 2 MiB

All done.
  Timing CSV : results_43881666_20260727_152644/timings.csv
  Run log    : results_43881666_20260727_152644/run.log
