unload bsc/1.0 (PATH, MANPATH)
load bsc/1.0 (PATH, MANPATH)
flatpak: symbol lookup error: /lib64/libldap.so.2: undefined symbol: EVP_md2, version OPENSSL_3.0.0
unload bsc/1.0 (PATH, MANPATH)
unload EB/apps (PATH)
load EB/apps (PATH)
============================================================
Host       : as07r3b07
Job ID     : 43881804   Repetition: 2
Timestamp  : 20260727_153244
Results dir: results_43881804_20260727_153244
N=1280  DT=2.681168e-05  STEPS=500  FAMILIES='2 4'  BASELINE=1
USE_SRUN=0
nvcc       : Cuda compilation tools, release 12.8, V12.8.61
============================================================
SLURM_JOB_GPUS=0,1,2,3
CUDA_VISIBLE_DEVICES (from SLURM)=0,1,2,3
GPU 0: NVIDIA H100 (UUID: GPU-74378664-4668-abde-3710-ea221e6e7199)
GPU 1: NVIDIA H100 (UUID: GPU-43ad9db1-1b95-fc88-2b6d-f22650634f8d)
GPU 2: NVIDIA H100 (UUID: GPU-f5b03e9f-7ab2-05c5-f4dd-1b0cdc9d7675)
GPU 3: NVIDIA H100 (UUID: GPU-b1043366-ce98-c8da-ff6d-35bddafd1919)

Starting benchmarks
===========================
N = 1280   dt = 2.681168e-05
===========================

>>> 1-cuda  gpus=1  mask=0  N=1280

**** ONE GPU CUDA STARTS ****

=== MEMORY ESTIMATE (GLOBAL) ===
Grid size: 1280 x 1280 x 1280 = 2097152000 points
Memory per global array: 16.777 GB
================================

=== SIMULATION PARAMETERS ===
Grid size (n):           1280
Final time (T):          0.000027
Grid spacing (h):        7.818608e-04
Time step (dt):          5.362336e-08
Kappa_max:               0.950000
Diffusion factor:        4.385965e-02
Estimated timesteps:     ~499
CFL condition (dt/h^2):  0.087719 (should be < 0.5)
==============================

Using CUDA device 0 of 1

=== MEMORY ESTIMATE (LOCAL PER GPU) ===
GPU0 local bytes per array: 16.777 GB
======================================


=== SIMULATION STARTS ===

500 timesteps complete
Time = 26.386148 seconds
=== SIMULATION ENDS ===

**** ONE GPU CUDA FINISHED ****
    -> wall=78.9900s  reported=26.386148s  status=ok
  [GPU mem after run]
0, 2 MiB
1, 2 MiB
2, 2 MiB
3, 2 MiB

>>> 2-cuda  gpus=2  mask=0,1  N=1280

**** TWO GPUS CUDA STARTS ****

=== MEMORY ESTIMATE (GLOBAL) ===
Grid size: 1280 x 1280 x 1280 = 2097152000 points
Memory per global array: 16.777 GB
================================

=== SIMULATION PARAMETERS ===
Grid size (n):           1280
Final time (T):          0.000027
Grid spacing (h):        7.818608e-04
Time step (dt):          5.362336e-08
Kappa_max:               0.950000
Diffusion factor:        4.385965e-02
Estimated timesteps:     ~499
CFL condition (dt/h^2):  0.087719 (should be < 0.5)
==============================

Using CUDA devices 0 and 1 of 2
Block sizes: nz0=641, nz1=641, mid=639

=== MEMORY ESTIMATE (LOCAL PER GPU) ===
GPU0 local bytes per array: 8.402 GB
GPU1 local bytes per array: 8.402 GB
======================================


=== SIMULATION STARTS ===

500 timesteps complete
Time = 18.944855 seconds
=== SIMULATION ENDS ===

**** TWO GPUS CUDA FINISHED ****
    -> wall=74.7880s  reported=18.944855s  status=ok
  [GPU mem after run]
0, 2 MiB
1, 2 MiB
2, 2 MiB
3, 2 MiB

>>> 2-cuda-stream  gpus=2  mask=0,1  N=1280

**** TWO GPUS CUDA, ASYNC STARTS ****

=== MEMORY ESTIMATE (GLOBAL) ===
Grid size: 1280 x 1280 x 1280 = 2097152000 points
Memory per global array: 16.777 GB
================================

=== SIMULATION PARAMETERS ===
Grid size (n):           1280
Final time (T):          0.000027
Grid spacing (h):        7.818608e-04
Time step (dt):          5.362336e-08
Kappa_max:               0.950000
Diffusion factor:        4.385965e-02
Estimated timesteps:     ~499
CFL condition (dt/h^2):  0.087719 (should be < 0.5)
==============================

Using CUDA devices 0 and 1 of 2
Block sizes: nz0=641, nz1=641, mid=639

=== MEMORY ESTIMATE (LOCAL PER GPU) ===
GPU0 local bytes per array: 8.402 GB
GPU1 local bytes per array: 8.402 GB
======================================


=== SIMULATION STARTS ===

500 timesteps complete
Time = 18.953093 seconds
=== SIMULATION ENDS ===

**** TWO GPUS CUDA, ASYNC FINISHED ****
    -> wall=74.8890s  reported=18.953093s  status=ok
  [GPU mem after run]
0, 2 MiB
1, 2 MiB
2, 2 MiB
3, 2 MiB

>>> 2-cuda-stream-omp  gpus=2  mask=0,1  N=1280

**** TWO GPUS CUDA, ASYNC + 2 HOST THREADS STARTS ****

=== MEMORY ESTIMATE (GLOBAL) ===
Grid size: 1280 x 1280 x 1280 = 2097152000 points
Memory per global array: 16.777 GB
================================

=== SIMULATION PARAMETERS ===
Grid size (n):           1280
Final time (T):          0.000027
Grid spacing (h):        7.818608e-04
Time step (dt):          5.362336e-08
Kappa_max:               0.950000
Diffusion factor:        4.385965e-02
Estimated timesteps:     ~499
CFL condition (dt/h^2):  0.087719 (should be < 0.5)
==============================

Using CUDA devices 0 and 1 of 2
Block sizes: nz0=641, nz1=641, mid=639

=== MEMORY ESTIMATE (LOCAL PER GPU) ===
GPU0 local bytes per array: 8.402 GB
GPU1 local bytes per array: 8.402 GB
======================================


=== SIMULATION STARTS ===

500 timesteps complete
Time = 17.910426 seconds
=== SIMULATION ENDS ===

**** TWO GPUS CUDA, ASYNC + 2 HOST THREADS FINISHED ****
    -> wall=73.6850s  reported=17.910426s  status=ok
  [GPU mem after run]
0, 2 MiB
1, 2 MiB
2, 2 MiB
3, 2 MiB

>>> 2-cuda-stream-omp-p2p  gpus=2  mask=0,1  N=1280

**** TWO GPUS CUDA, P2P + 2 HOST THREADS STARTS ****

=== MEMORY ESTIMATE (GLOBAL) ===
Grid size: 1280 x 1280 x 1280 = 2097152000 points
Memory per global array: 16.777 GB
================================

=== SIMULATION PARAMETERS ===
Grid size (n):           1280
Final time (T):          0.000027
Grid spacing (h):        7.818608e-04
Time step (dt):          5.362336e-08
Kappa_max:               0.950000
Diffusion factor:        4.385965e-02
Estimated timesteps:     ~499
CFL condition (dt/h^2):  0.087719 (should be < 0.5)
==============================

Using CUDA devices 0 and 1 of 2
P2P enabled between GPU 0 and GPU 1
Block sizes: nz0=641, nz1=641, mid=639

=== MEMORY ESTIMATE (LOCAL PER GPU) ===
GPU0 local bytes per array: 8.402 GB
GPU1 local bytes per array: 8.402 GB
======================================


=== SIMULATION STARTS ===

500 timesteps complete
Time = 16.827266 seconds
=== SIMULATION ENDS ===

**** TWO GPUS CUDA, P2P + 2 HOST THREADS FINISHED ****
    -> wall=72.7070s  reported=16.827266s  status=ok
  [GPU mem after run]
0, 2 MiB
1, 2 MiB
2, 2 MiB
3, 2 MiB

>>> 4-cuda  gpus=4  mask=0,1,2,3  N=1280

**** FOUR GPUS CUDA STARTS ****

=== MEMORY ESTIMATE (GLOBAL) ===
Grid size: 1280 x 1280 x 1280 = 2097152000 points
Memory per global array: 16.777 GB
================================

=== SIMULATION PARAMETERS ===
Grid size (n):           1280
Final time (T):          0.000027
Grid spacing (h):        7.818608e-04
Time step (dt):          5.362336e-08
Kappa_max:               0.950000
Diffusion factor:        4.385965e-02
Estimated timesteps:     ~499
CFL condition (dt/h^2):  0.087719 (should be < 0.5)
==============================

Using CUDA devices 0, 1, 2 and 3 of 4
Block sizes: nz0=322, nz1=322, nz2=321, nz3=321

=== MEMORY ESTIMATE (LOCAL PER GPU) ===
GPU0 local bytes per array: 4.221 GB
GPU1 local bytes per array: 4.221 GB
GPU2 local bytes per array: 4.207 GB
GPU3 local bytes per array: 4.207 GB
======================================


=== SIMULATION STARTS ===

500 timesteps complete
Time = 15.206195 seconds
=== SIMULATION ENDS ===

**** FOUR GPUS CUDA FINISHED ****
    -> wall=71.4070s  reported=15.206195s  status=ok
  [GPU mem after run]
0, 2 MiB
1, 2 MiB
2, 2 MiB
3, 2 MiB

>>> 4-cuda-stream  gpus=4  mask=0,1,2,3  N=1280

**** FOUR GPUS CUDA, ASYNC STARTS ****

=== MEMORY ESTIMATE (GLOBAL) ===
Grid size: 1280 x 1280 x 1280 = 2097152000 points
Memory per global array: 16.777 GB
================================

=== SIMULATION PARAMETERS ===
Grid size (n):           1280
Final time (T):          0.000027
Grid spacing (h):        7.818608e-04
Time step (dt):          5.362336e-08
Kappa_max:               0.950000
Diffusion factor:        4.385965e-02
Estimated timesteps:     ~499
CFL condition (dt/h^2):  0.087719 (should be < 0.5)
==============================

Using CUDA devices 0, 1, 2 and 3 of 4
Block sizes: nz0=322, nz1=322, nz2=321, nz3=321

=== MEMORY ESTIMATE (LOCAL PER GPU) ===
GPU0 local bytes per array: 4.221 GB
GPU1 local bytes per array: 4.221 GB
GPU2 local bytes per array: 4.207 GB
GPU3 local bytes per array: 4.207 GB
======================================


=== SIMULATION STARTS ===

500 timesteps complete
Time = 15.229572 seconds
=== SIMULATION ENDS ===

**** FOUR GPUS CUDA, ASYNC FINISHED ****
    -> wall=71.4390s  reported=15.229572s  status=ok
  [GPU mem after run]
0, 2 MiB
1, 2 MiB
2, 2 MiB
3, 2 MiB

>>> 4-cuda-stream-omp  gpus=4  mask=0,1,2,3  N=1280

**** FOUR GPUS CUDA, ASYNC + 4 HOST THREADS STARTS ****

=== MEMORY ESTIMATE (GLOBAL) ===
Grid size: 1280 x 1280 x 1280 = 2097152000 points
Memory per global array: 16.777 GB
================================

=== SIMULATION PARAMETERS ===
Grid size (n):           1280
Final time (T):          0.000027
Grid spacing (h):        7.818608e-04
Time step (dt):          5.362336e-08
Kappa_max:               0.950000
Diffusion factor:        4.385965e-02
Estimated timesteps:     ~499
CFL condition (dt/h^2):  0.087719 (should be < 0.5)
==============================

Using CUDA devices 0, 1, 2 and 3 of 4
Block sizes: nz0=322, nz1=322, nz2=321, nz3=321

=== MEMORY ESTIMATE (LOCAL PER GPU) ===
GPU0 local bytes per array: 4.221 GB
GPU1 local bytes per array: 4.221 GB
GPU2 local bytes per array: 4.207 GB
GPU3 local bytes per array: 4.207 GB
======================================


=== SIMULATION STARTS ===

500 timesteps complete
Time = 10.789056 seconds
=== SIMULATION ENDS ===

**** FOUR GPUS CUDA, ASYNC + 4 HOST THREADS FINISHED ****
    -> wall=67.1120s  reported=10.789056s  status=ok
  [GPU mem after run]
0, 2 MiB
1, 2 MiB
2, 2 MiB
3, 2 MiB

>>> 4-cuda-stream-omp-p2p  gpus=4  mask=0,1,2,3  N=1280

**** FOUR GPUS CUDA, P2P + 4 HOST THREADS STARTS ****

=== MEMORY ESTIMATE (GLOBAL) ===
Grid size: 1280 x 1280 x 1280 = 2097152000 points
Memory per global array: 16.777 GB
================================

=== SIMULATION PARAMETERS ===
Grid size (n):           1280
Final time (T):          0.000027
Grid spacing (h):        7.818608e-04
Time step (dt):          5.362336e-08
Kappa_max:               0.950000
Diffusion factor:        4.385965e-02
Estimated timesteps:     ~499
CFL condition (dt/h^2):  0.087719 (should be < 0.5)
==============================

Using CUDA devices 0, 1, 2 and 3 of 4
P2P enabled: GPU 0 <-> GPU 1
P2P enabled: GPU 1 <-> GPU 2
P2P enabled: GPU 2 <-> GPU 3
Block sizes: nz0=322, nz1=322, nz2=321, nz3=321

=== MEMORY ESTIMATE (LOCAL PER GPU) ===
GPU0 local bytes per array: 4.221 GB
GPU1 local bytes per array: 4.221 GB
GPU2 local bytes per array: 4.207 GB
GPU3 local bytes per array: 4.207 GB
======================================


=== SIMULATION STARTS ===

500 timesteps complete
Time = 8.565384 seconds
=== SIMULATION ENDS ===

**** FOUR GPUS CUDA, P2P + 4 HOST THREADS FINISHED ****
    -> wall=64.8830s  reported=8.565384s  status=ok
  [GPU mem after run]
0, 2 MiB
1, 2 MiB
2, 2 MiB
3, 2 MiB

All done.
  Timing CSV : results_43881804_20260727_153244/timings.csv
  Run log    : results_43881804_20260727_153244/run.log
