-------------------------------------------------------------------------------
There are messages associated with the following module(s):
-------------------------------------------------------------------------------

LUMI/25.09:
   As the LUMI/25.09 stack uses a version of the programming environment
   that is newer than the current default on the system (25.03), please be
   aware of https://lumi-supercomputer.github.io/LUMI-training-materials/2day-20251020/102-CPE/#warning-1-you-do-not-always-get-what-you-expect
   and adapt LD_LIBRARY_PATH as needed. The easiest way to do this, is to
   simply load lumi-CrayPath after loading all other modules, and reloading
   it after a module change.

-------------------------------------------------------------------------------
This module comes with rocprof-sys, rocprof-compute, asan and debug libraries
installed.
Please check https://lumi-supercomputer.github.io/LUMI-EasyBuild-docs/r/rocm/
for instructions on how to use them.


This module comes with rocprof-sys, rocprof-compute, asan and debug libraries
installed.
Please check https://lumi-supercomputer.github.io/LUMI-EasyBuild-docs/r/rocm/
for instructions on how to use them.

Job ID       : 20441748
Repetition   : 5
Timestamp    : 20260730_130920
Results dir  : results_h8_20441748_20260730_130920
N=1024  DT=4.190964e-05  STEPS=500  FAMILIES='2 4'
Hidden helper threads : 8
P2P runtime  : /scratch/project_465003145/omptarget-p2p/lib
P2P shim     : /pfs/lustrep2/scratch/project_465003145/Git/3D_Heat_Benchmark/Final-2/OpenMP/libp2p_copy_shim.so

Starting benchmarks
===========================
N = 1024   dt = 4.190964e-05   helpers = 8
===========================

>>> Running: 1-omp  gpus=1  mask=0  N=1024
    Runtime configuration:
      ROCR_VISIBLE_DEVICES=0
      OMP_NUM_THREADS=1
      LIBOMP_USE_HIDDEN_HELPER_TASK=1
      LIBOMP_NUM_HIDDEN_HELPER_THREADS=1
      HSA_ENABLE_SDMA=1
    command: env -u LD_PRELOAD -u HSA_ENABLE_SDMA -u HSA_ENABLE_PEER_SDMA -u OMP_NUM_THREADS -u OMP_THREAD_LIMIT -u OMP_NUM_HIDDEN_HELPER_THREADS -u LIBOMP_USE_HIDDEN_HELPER_TASK -u LIBOMP_NUM_HIDDEN_HELPER_THREADS ROCR_VISIBLE_DEVICES=0 OMP_NUM_THREADS=1 LIBOMP_USE_HIDDEN_HELPER_TASK=1 LIBOMP_NUM_HIDDEN_HELPER_THREADS=1 HSA_ENABLE_SDMA=1 ./1-omp 1024 4.190964e-05

**** ONE GPU OpenMP Offloading STARTS ****

=== MEMORY ESTIMATE (GLOBAL) ===
Grid size: 1024 x 1024 x 1024 = 1073741824 points
Memory per global array: 8.590 GB
================================

=== SIMULATION PARAMETERS ===
Grid size (n):           1024
Final time (T):          0.000042
Grid spacing (h):        9.775171e-04
Time step (dt):          8.381927e-08
Kappa_max:               0.950000
Diffusion factor:        4.385965e-02
Estimated timesteps:     ~500
CFL condition (dt/h^2):  0.087719 (should be < 0.5)
==============================

Using OpenMP target device 0 of 1

=== MEMORY ESTIMATE (LOCAL PER GPU) ===
GPU0 local bytes per array: 8.590 GB
======================================


=== SIMULATION STARTS ===

501 timesteps complete
Time = 72.959299 seconds
=== SIMULATION ENDS ===

**** ONE GPU OpenMP Offloading FINISHED ****
    -> wall=190.0810s  reported=72.959299s  status=ok  exit=0

>>> Running: 2-omp  gpus=2  mask=0,2  N=1024
    Runtime configuration:
      ROCR_VISIBLE_DEVICES=0,2
      OMP_NUM_THREADS=1
      LIBOMP_USE_HIDDEN_HELPER_TASK=1
      LIBOMP_NUM_HIDDEN_HELPER_THREADS=2
      HSA_ENABLE_SDMA=1
    command: env -u LD_PRELOAD -u HSA_ENABLE_SDMA -u HSA_ENABLE_PEER_SDMA -u OMP_NUM_THREADS -u OMP_THREAD_LIMIT -u OMP_NUM_HIDDEN_HELPER_THREADS -u LIBOMP_USE_HIDDEN_HELPER_TASK -u LIBOMP_NUM_HIDDEN_HELPER_THREADS ROCR_VISIBLE_DEVICES=0\,2 OMP_NUM_THREADS=1 LIBOMP_USE_HIDDEN_HELPER_TASK=1 LIBOMP_NUM_HIDDEN_HELPER_THREADS=2 HSA_ENABLE_SDMA=1 ./2-omp 1024 4.190964e-05

**** TWO GPUS OpenMP Offloading STARTS ****

=== MEMORY ESTIMATE (GLOBAL) ===
Grid size: 1024 x 1024 x 1024 = 1073741824 points
Memory per global array: 8.590 GB
================================

=== SIMULATION PARAMETERS ===
Grid size (n):           1024
Final time (T):          0.000042
Grid spacing (h):        9.775171e-04
Time step (dt):          8.381927e-08
Kappa_max:               0.950000
Diffusion factor:        4.385965e-02
Estimated timesteps:     ~500
CFL condition (dt/h^2):  0.087719 (should be < 0.5)
==============================

Using OpenMP target devices 0 and 1 of 2
Block sizes: nz0=513, nz1=513, mid=511

=== MEMORY ESTIMATE (LOCAL PER GPU) ===
GPU0 local bytes per array: 4.303 GB
GPU1 local bytes per array: 4.303 GB
======================================


=== SIMULATION STARTS ===

501 timesteps complete
Time = 37.596606 seconds
=== SIMULATION ENDS ===

**** TWO GPUS OpenMP Offloading FINISHED ****
    -> wall=143.4750s  reported=37.596606s  status=ok  exit=0

>>> Running: 2-omp-stream  gpus=2  mask=0,2  N=1024
    Runtime configuration:
      ROCR_VISIBLE_DEVICES=0,2
      OMP_NUM_THREADS=1
      LIBOMP_USE_HIDDEN_HELPER_TASK=1
      LIBOMP_NUM_HIDDEN_HELPER_THREADS=2
      HSA_ENABLE_SDMA=1
    command: env -u LD_PRELOAD -u HSA_ENABLE_SDMA -u HSA_ENABLE_PEER_SDMA -u OMP_NUM_THREADS -u OMP_THREAD_LIMIT -u OMP_NUM_HIDDEN_HELPER_THREADS -u LIBOMP_USE_HIDDEN_HELPER_TASK -u LIBOMP_NUM_HIDDEN_HELPER_THREADS ROCR_VISIBLE_DEVICES=0\,2 OMP_NUM_THREADS=1 LIBOMP_USE_HIDDEN_HELPER_TASK=1 LIBOMP_NUM_HIDDEN_HELPER_THREADS=2 HSA_ENABLE_SDMA=1 ./2-omp-stream 1024 4.190964e-05

**** TWO GPUS OpenMP Offloading, ASYNC STARTS ****

=== MEMORY ESTIMATE (GLOBAL) ===
Grid size: 1024 x 1024 x 1024 = 1073741824 points
Memory per global array: 8.590 GB
================================

=== SIMULATION PARAMETERS ===
Grid size (n):           1024
Final time (T):          0.000042
Grid spacing (h):        9.775171e-04
Time step (dt):          8.381927e-08
Kappa_max:               0.950000
Diffusion factor:        4.385965e-02
Estimated timesteps:     ~500
CFL condition (dt/h^2):  0.087719 (should be < 0.5)
==============================

Using OpenMP target devices 0 and 1 of 2
Block sizes: nz0=513, nz1=513, mid=511

=== MEMORY ESTIMATE (LOCAL PER GPU) ===
GPU0 local bytes per array: 4.303 GB
GPU1 local bytes per array: 4.303 GB
======================================


=== SIMULATION STARTS ===

501 timesteps complete
Time = 36.889411 seconds
=== SIMULATION ENDS ===

**** TWO GPUS OpenMP Offloading, ASYNC FINISHED ****
    -> wall=143.7870s  reported=36.889411s  status=ok  exit=0

>>> Running: 2-omp-stream-omp  gpus=2  mask=0,2  N=1024
    Runtime configuration:
      ROCR_VISIBLE_DEVICES=0,2
      OMP_NUM_THREADS=2
      LIBOMP_USE_HIDDEN_HELPER_TASK=1
      LIBOMP_NUM_HIDDEN_HELPER_THREADS=2
      HSA_ENABLE_SDMA=1
    command: env -u LD_PRELOAD -u HSA_ENABLE_SDMA -u HSA_ENABLE_PEER_SDMA -u OMP_NUM_THREADS -u OMP_THREAD_LIMIT -u OMP_NUM_HIDDEN_HELPER_THREADS -u LIBOMP_USE_HIDDEN_HELPER_TASK -u LIBOMP_NUM_HIDDEN_HELPER_THREADS ROCR_VISIBLE_DEVICES=0\,2 OMP_NUM_THREADS=2 LIBOMP_USE_HIDDEN_HELPER_TASK=1 LIBOMP_NUM_HIDDEN_HELPER_THREADS=2 HSA_ENABLE_SDMA=1 ./2-omp-stream-omp 1024 4.190964e-05

**** TWO GPUS OpenMP Offloading, ASYNC + 2 HOST THREADS STARTS ****

=== MEMORY ESTIMATE (GLOBAL) ===
Grid size: 1024 x 1024 x 1024 = 1073741824 points
Memory per global array: 8.590 GB
================================

=== SIMULATION PARAMETERS ===
Grid size (n):           1024
Final time (T):          0.000042
Grid spacing (h):        9.775171e-04
Time step (dt):          8.381927e-08
Kappa_max:               0.950000
Diffusion factor:        4.385965e-02
Estimated timesteps:     ~500
CFL condition (dt/h^2):  0.087719 (should be < 0.5)
==============================

Using OpenMP target devices 0 and 1 of 2
Block sizes: nz0=513, nz1=513, mid=511

=== MEMORY ESTIMATE (LOCAL PER GPU) ===
GPU0 local bytes per array: 4.303 GB
GPU1 local bytes per array: 4.303 GB
======================================


=== SIMULATION STARTS ===

501 timesteps complete
Time = 36.839594 seconds
=== SIMULATION ENDS ===

**** TWO GPUS OpenMP Offloading, ASYNC + 2 HOST THREADS FINISHED ****
    -> wall=143.8050s  reported=36.839594s  status=ok  exit=0

>>> Running: 2-omp-stream-omp-p2p  gpus=2  mask=0,2  N=1024
    Runtime configuration:
      ROCR_VISIBLE_DEVICES=0,2
      OMP_NUM_THREADS=2
      LIBOMP_USE_HIDDEN_HELPER_TASK=1
      LIBOMP_NUM_HIDDEN_HELPER_THREADS=2
      HSA_ENABLE_SDMA=1
      HSA_ENABLE_PEER_SDMA=1
      LD_PRELOAD=/pfs/lustrep2/scratch/project_465003145/Git/3D_Heat_Benchmark/Final-2/OpenMP/libp2p_copy_shim.so:/scratch/project_465003145/omptarget-p2p/lib/libomp.so:/scratch/project_465003145/omptarget-p2p/lib/libomptarget.so.19.0git
    command: env -u LD_PRELOAD -u HSA_ENABLE_SDMA -u HSA_ENABLE_PEER_SDMA -u OMP_NUM_THREADS -u OMP_THREAD_LIMIT -u OMP_NUM_HIDDEN_HELPER_THREADS -u LIBOMP_USE_HIDDEN_HELPER_TASK -u LIBOMP_NUM_HIDDEN_HELPER_THREADS ROCR_VISIBLE_DEVICES=0\,2 OMP_NUM_THREADS=2 LIBOMP_USE_HIDDEN_HELPER_TASK=1 LIBOMP_NUM_HIDDEN_HELPER_THREADS=2 HSA_ENABLE_SDMA=1 HSA_ENABLE_PEER_SDMA=1 LD_PRELOAD=/pfs/lustrep2/scratch/project_465003145/Git/3D_Heat_Benchmark/Final-2/OpenMP/libp2p_copy_shim.so:/scratch/project_465003145/omptarget-p2p/lib/libomp.so:/scratch/project_465003145/omptarget-p2p/lib/libomptarget.so.19.0git ./2-omp-stream-omp-p2p 1024 4.190964e-05

**** TWO GPUS OpenMP Offloading, P2P + 2 HOST THREADS STARTS ****

=== MEMORY ESTIMATE (GLOBAL) ===
Grid size: 1024 x 1024 x 1024 = 1073741824 points
Memory per global array: 8.590 GB
================================

=== SIMULATION PARAMETERS ===
Grid size (n):           1024
Final time (T):          0.000042
Grid spacing (h):        9.775171e-04
Time step (dt):          8.381927e-08
Kappa_max:               0.950000
Diffusion factor:        4.385965e-02
Estimated timesteps:     ~500
CFL condition (dt/h^2):  0.087719 (should be < 0.5)
==============================

Using OpenMP target devices 0 and 1 of 2
Block sizes: nz0=513, nz1=513, mid=511

=== MEMORY ESTIMATE (LOCAL PER GPU) ===
GPU0 local bytes per array: 4.303 GB
GPU1 local bytes per array: 4.303 GB
======================================


=== SIMULATION STARTS ===

501 timesteps complete
Time = 36.893039 seconds
=== SIMULATION ENDS ===

**** TWO GPUS OpenMP Offloading, P2P + 2 HOST THREADS FINISHED ****
    -> wall=143.2660s  reported=36.893039s  status=ok  exit=0

>>> Running: 4-omp  gpus=4  mask=0,2,4,6  N=1024
    Runtime configuration:
      ROCR_VISIBLE_DEVICES=0,2,4,6
      OMP_NUM_THREADS=1
      LIBOMP_USE_HIDDEN_HELPER_TASK=1
      LIBOMP_NUM_HIDDEN_HELPER_THREADS=4
      HSA_ENABLE_SDMA=1
    command: env -u LD_PRELOAD -u HSA_ENABLE_SDMA -u HSA_ENABLE_PEER_SDMA -u OMP_NUM_THREADS -u OMP_THREAD_LIMIT -u OMP_NUM_HIDDEN_HELPER_THREADS -u LIBOMP_USE_HIDDEN_HELPER_TASK -u LIBOMP_NUM_HIDDEN_HELPER_THREADS ROCR_VISIBLE_DEVICES=0\,2\,4\,6 OMP_NUM_THREADS=1 LIBOMP_USE_HIDDEN_HELPER_TASK=1 LIBOMP_NUM_HIDDEN_HELPER_THREADS=4 HSA_ENABLE_SDMA=1 ./4-omp 1024 4.190964e-05

**** FOUR GPUS OpenMP Offloading STARTS ****

=== MEMORY ESTIMATE (GLOBAL) ===
Grid size: 1024 x 1024 x 1024 = 1073741824 points
Memory per global array: 8.590 GB
================================

=== SIMULATION PARAMETERS ===
Grid size (n):           1024
Final time (T):          0.000042
Grid spacing (h):        9.775171e-04
Time step (dt):          8.381927e-08
Kappa_max:               0.950000
Diffusion factor:        4.385965e-02
Estimated timesteps:     ~500
CFL condition (dt/h^2):  0.087719 (should be < 0.5)
==============================

Using OpenMP target devices 0, 1, 2 and 3 of 4
Block sizes: nz0=258, nz1=258, nz2=257, nz3=257

=== MEMORY ESTIMATE (LOCAL PER GPU) ===
GPU0 local bytes per array: 2.164 GB
GPU1 local bytes per array: 2.164 GB
GPU2 local bytes per array: 2.156 GB
GPU3 local bytes per array: 2.156 GB
======================================


=== SIMULATION STARTS ===

501 timesteps complete
Time = 20.092439 seconds
=== SIMULATION ENDS ===

**** FOUR GPUS OpenMP Offloading FINISHED ****
    -> wall=127.9810s  reported=20.092439s  status=ok  exit=0

>>> Running: 4-omp-stream  gpus=4  mask=0,2,4,6  N=1024
    Runtime configuration:
      ROCR_VISIBLE_DEVICES=0,2,4,6
      OMP_NUM_THREADS=1
      LIBOMP_USE_HIDDEN_HELPER_TASK=1
      LIBOMP_NUM_HIDDEN_HELPER_THREADS=4
      HSA_ENABLE_SDMA=1
    command: env -u LD_PRELOAD -u HSA_ENABLE_SDMA -u HSA_ENABLE_PEER_SDMA -u OMP_NUM_THREADS -u OMP_THREAD_LIMIT -u OMP_NUM_HIDDEN_HELPER_THREADS -u LIBOMP_USE_HIDDEN_HELPER_TASK -u LIBOMP_NUM_HIDDEN_HELPER_THREADS ROCR_VISIBLE_DEVICES=0\,2\,4\,6 OMP_NUM_THREADS=1 LIBOMP_USE_HIDDEN_HELPER_TASK=1 LIBOMP_NUM_HIDDEN_HELPER_THREADS=4 HSA_ENABLE_SDMA=1 ./4-omp-stream 1024 4.190964e-05

**** FOUR GPUS OpenMP Offloading, ASYNC STARTS ****

=== MEMORY ESTIMATE (GLOBAL) ===
Grid size: 1024 x 1024 x 1024 = 1073741824 points
Memory per global array: 8.590 GB
================================

=== SIMULATION PARAMETERS ===
Grid size (n):           1024
Final time (T):          0.000042
Grid spacing (h):        9.775171e-04
Time step (dt):          8.381927e-08
Kappa_max:               0.950000
Diffusion factor:        4.385965e-02
Estimated timesteps:     ~500
CFL condition (dt/h^2):  0.087719 (should be < 0.5)
==============================

Using OpenMP target devices 0, 1, 2 and 3 of 4
Block sizes: nz0=258, nz1=258, nz2=257, nz3=257

=== MEMORY ESTIMATE (LOCAL PER GPU) ===
GPU0 local bytes per array: 2.164 GB
GPU1 local bytes per array: 2.164 GB
GPU2 local bytes per array: 2.156 GB
GPU3 local bytes per array: 2.156 GB
======================================


=== SIMULATION STARTS ===

501 timesteps complete
Time = 18.166246 seconds
=== SIMULATION ENDS ===

**** FOUR GPUS OpenMP Offloading, ASYNC FINISHED ****
    -> wall=125.8600s  reported=18.166246s  status=ok  exit=0

>>> Running: 4-omp-stream-omp  gpus=4  mask=0,2,4,6  N=1024
    Runtime configuration:
      ROCR_VISIBLE_DEVICES=0,2,4,6
      OMP_NUM_THREADS=4
      LIBOMP_USE_HIDDEN_HELPER_TASK=1
      LIBOMP_NUM_HIDDEN_HELPER_THREADS=4
      HSA_ENABLE_SDMA=1
    command: env -u LD_PRELOAD -u HSA_ENABLE_SDMA -u HSA_ENABLE_PEER_SDMA -u OMP_NUM_THREADS -u OMP_THREAD_LIMIT -u OMP_NUM_HIDDEN_HELPER_THREADS -u LIBOMP_USE_HIDDEN_HELPER_TASK -u LIBOMP_NUM_HIDDEN_HELPER_THREADS ROCR_VISIBLE_DEVICES=0\,2\,4\,6 OMP_NUM_THREADS=4 LIBOMP_USE_HIDDEN_HELPER_TASK=1 LIBOMP_NUM_HIDDEN_HELPER_THREADS=4 HSA_ENABLE_SDMA=1 ./4-omp-stream-omp 1024 4.190964e-05

**** FOUR GPUS OpenMP Offloading, ASYNC + 4 HOST THREADS STARTS ****

=== MEMORY ESTIMATE (GLOBAL) ===
Grid size: 1024 x 1024 x 1024 = 1073741824 points
Memory per global array: 8.590 GB
================================

=== SIMULATION PARAMETERS ===
Grid size (n):           1024
Final time (T):          0.000042
Grid spacing (h):        9.775171e-04
Time step (dt):          8.381927e-08
Kappa_max:               0.950000
Diffusion factor:        4.385965e-02
Estimated timesteps:     ~500
CFL condition (dt/h^2):  0.087719 (should be < 0.5)
==============================

Using OpenMP target devices 0, 1, 2 and 3 of 4
Block sizes: nz0=258, nz1=258, nz2=257, nz3=257

=== MEMORY ESTIMATE (LOCAL PER GPU) ===
GPU0 local bytes per array: 2.164 GB
GPU1 local bytes per array: 2.164 GB
GPU2 local bytes per array: 2.156 GB
GPU3 local bytes per array: 2.156 GB
======================================


=== SIMULATION STARTS ===

501 timesteps complete
Time = 19.025581 seconds
=== SIMULATION ENDS ===

**** FOUR GPUS OpenMP Offloading, ASYNC + 4 HOST THREADS FINISHED ****
    -> wall=125.7700s  reported=19.025581s  status=ok  exit=0

>>> Running: 4-omp-stream-omp-p2p  gpus=4  mask=0,2,4,6  N=1024
    Runtime configuration:
      ROCR_VISIBLE_DEVICES=0,2,4,6
      OMP_NUM_THREADS=4
      LIBOMP_USE_HIDDEN_HELPER_TASK=1
      LIBOMP_NUM_HIDDEN_HELPER_THREADS=4
      HSA_ENABLE_SDMA=1
      HSA_ENABLE_PEER_SDMA=1
      LD_PRELOAD=/pfs/lustrep2/scratch/project_465003145/Git/3D_Heat_Benchmark/Final-2/OpenMP/libp2p_copy_shim.so:/scratch/project_465003145/omptarget-p2p/lib/libomp.so:/scratch/project_465003145/omptarget-p2p/lib/libomptarget.so.19.0git
    command: env -u LD_PRELOAD -u HSA_ENABLE_SDMA -u HSA_ENABLE_PEER_SDMA -u OMP_NUM_THREADS -u OMP_THREAD_LIMIT -u OMP_NUM_HIDDEN_HELPER_THREADS -u LIBOMP_USE_HIDDEN_HELPER_TASK -u LIBOMP_NUM_HIDDEN_HELPER_THREADS ROCR_VISIBLE_DEVICES=0\,2\,4\,6 OMP_NUM_THREADS=4 LIBOMP_USE_HIDDEN_HELPER_TASK=1 LIBOMP_NUM_HIDDEN_HELPER_THREADS=4 HSA_ENABLE_SDMA=1 HSA_ENABLE_PEER_SDMA=1 LD_PRELOAD=/pfs/lustrep2/scratch/project_465003145/Git/3D_Heat_Benchmark/Final-2/OpenMP/libp2p_copy_shim.so:/scratch/project_465003145/omptarget-p2p/lib/libomp.so:/scratch/project_465003145/omptarget-p2p/lib/libomptarget.so.19.0git ./4-omp-stream-omp-p2p 1024 4.190964e-05
/var/spool/slurmd/job20441748/slurm_script: line 158: 91334 Aborted                 timeout "$TIMEOUT_SEC" "${run_cmd[@]}" > "$stdout_file" 2>&1

**** FOUR GPUS OpenMP Offloading, P2P + 4 HOST THREADS STARTS ****

=== MEMORY ESTIMATE (GLOBAL) ===
Grid size: 1024 x 1024 x 1024 = 1073741824 points
Memory per global array: 8.590 GB
================================

=== SIMULATION PARAMETERS ===
Grid size (n):           1024
Final time (T):          0.000042
Grid spacing (h):        9.775171e-04
Time step (dt):          8.381927e-08
Kappa_max:               0.950000
Diffusion factor:        4.385965e-02
Estimated timesteps:     ~500
CFL condition (dt/h^2):  0.087719 (should be < 0.5)
==============================

Using OpenMP target devices 0, 1, 2 and 3 of 4
Block sizes: nz0=258, nz1=258, nz2=257, nz3=257

=== MEMORY ESTIMATE (LOCAL PER GPU) ===
GPU0 local bytes per array: 2.164 GB
GPU1 local bytes per array: 2.164 GB
GPU2 local bytes per array: 2.156 GB
GPU3 local bytes per array: 2.156 GB
======================================


=== SIMULATION STARTS ===
AMDGPU fatal error 1: Memory access fault by GPU 4 (agent 0x322030) at virtual address 0x1510d7200000. Reasons: Write access to a read-only page
    -> wall=101.9930s  reported=N/As  status=runtime_error  exit=134

All done.
  Timing CSV : results_h8_20441748_20260730_130920/timings.csv
  Run log    : results_h8_20441748_20260730_130920/run.log
