-------------------------------------------------------------------------------
There are messages associated with the following module(s):
-------------------------------------------------------------------------------

LUMI/25.09:
   As the LUMI/25.09 stack uses a version of the programming environment
   that is newer than the current default on the system (25.03), please be
   aware of https://lumi-supercomputer.github.io/LUMI-training-materials/2day-20251020/102-CPE/#warning-1-you-do-not-always-get-what-you-expect
   and adapt LD_LIBRARY_PATH as needed. The easiest way to do this, is to
   simply load lumi-CrayPath after loading all other modules, and reloading
   it after a module change.

-------------------------------------------------------------------------------
This module comes with rocprof-sys, rocprof-compute, asan and debug libraries
installed.
Please check https://lumi-supercomputer.github.io/LUMI-EasyBuild-docs/r/rocm/
for instructions on how to use them.


This module comes with rocprof-sys, rocprof-compute, asan and debug libraries
installed.
Please check https://lumi-supercomputer.github.io/LUMI-EasyBuild-docs/r/rocm/
for instructions on how to use them.

Job ID       : 20441740
Repetition   : 2
Timestamp    : 20260730_130920
Results dir  : results_h8_20441740_20260730_130920
N=896  DT=5.475441e-05  STEPS=500  FAMILIES='2 4'
Hidden helper threads : 8
P2P runtime  : /scratch/project_465003145/omptarget-p2p/lib
P2P shim     : /pfs/lustrep2/scratch/project_465003145/Git/3D_Heat_Benchmark/Final-2/OpenMP/libp2p_copy_shim.so

Starting benchmarks
===========================
N = 896   dt = 5.475441e-05   helpers = 8
===========================

>>> Running: 1-omp  gpus=1  mask=0  N=896
    Runtime configuration:
      ROCR_VISIBLE_DEVICES=0
      OMP_NUM_THREADS=1
      LIBOMP_USE_HIDDEN_HELPER_TASK=1
      LIBOMP_NUM_HIDDEN_HELPER_THREADS=1
      HSA_ENABLE_SDMA=1
    command: env -u LD_PRELOAD -u HSA_ENABLE_SDMA -u HSA_ENABLE_PEER_SDMA -u OMP_NUM_THREADS -u OMP_THREAD_LIMIT -u OMP_NUM_HIDDEN_HELPER_THREADS -u LIBOMP_USE_HIDDEN_HELPER_TASK -u LIBOMP_NUM_HIDDEN_HELPER_THREADS ROCR_VISIBLE_DEVICES=0 OMP_NUM_THREADS=1 LIBOMP_USE_HIDDEN_HELPER_TASK=1 LIBOMP_NUM_HIDDEN_HELPER_THREADS=1 HSA_ENABLE_SDMA=1 ./1-omp 896 5.475441e-05

**** ONE GPU OpenMP Offloading STARTS ****

=== MEMORY ESTIMATE (GLOBAL) ===
Grid size: 896 x 896 x 896 = 719323136 points
Memory per global array: 5.755 GB
================================

=== SIMULATION PARAMETERS ===
Grid size (n):           896
Final time (T):          0.000055
Grid spacing (h):        1.117318e-03
Time step (dt):          1.095088e-07
Kappa_max:               0.950000
Diffusion factor:        4.385965e-02
Estimated timesteps:     ~500
CFL condition (dt/h^2):  0.087719 (should be < 0.5)
==============================

Using OpenMP target device 0 of 1

=== MEMORY ESTIMATE (LOCAL PER GPU) ===
GPU0 local bytes per array: 5.755 GB
======================================


=== SIMULATION STARTS ===

501 timesteps complete
Time = 48.872872 seconds
=== SIMULATION ENDS ===

**** ONE GPU OpenMP Offloading FINISHED ****
    -> wall=129.8840s  reported=48.872872s  status=ok  exit=0

>>> Running: 2-omp  gpus=2  mask=0,2  N=896
    Runtime configuration:
      ROCR_VISIBLE_DEVICES=0,2
      OMP_NUM_THREADS=1
      LIBOMP_USE_HIDDEN_HELPER_TASK=1
      LIBOMP_NUM_HIDDEN_HELPER_THREADS=2
      HSA_ENABLE_SDMA=1
    command: env -u LD_PRELOAD -u HSA_ENABLE_SDMA -u HSA_ENABLE_PEER_SDMA -u OMP_NUM_THREADS -u OMP_THREAD_LIMIT -u OMP_NUM_HIDDEN_HELPER_THREADS -u LIBOMP_USE_HIDDEN_HELPER_TASK -u LIBOMP_NUM_HIDDEN_HELPER_THREADS ROCR_VISIBLE_DEVICES=0\,2 OMP_NUM_THREADS=1 LIBOMP_USE_HIDDEN_HELPER_TASK=1 LIBOMP_NUM_HIDDEN_HELPER_THREADS=2 HSA_ENABLE_SDMA=1 ./2-omp 896 5.475441e-05

**** TWO GPUS OpenMP Offloading STARTS ****

=== MEMORY ESTIMATE (GLOBAL) ===
Grid size: 896 x 896 x 896 = 719323136 points
Memory per global array: 5.755 GB
================================

=== SIMULATION PARAMETERS ===
Grid size (n):           896
Final time (T):          0.000055
Grid spacing (h):        1.117318e-03
Time step (dt):          1.095088e-07
Kappa_max:               0.950000
Diffusion factor:        4.385965e-02
Estimated timesteps:     ~500
CFL condition (dt/h^2):  0.087719 (should be < 0.5)
==============================

Using OpenMP target devices 0 and 1 of 2
Block sizes: nz0=449, nz1=449, mid=447

=== MEMORY ESTIMATE (LOCAL PER GPU) ===
GPU0 local bytes per array: 2.884 GB
GPU1 local bytes per array: 2.884 GB
======================================


=== SIMULATION STARTS ===

501 timesteps complete
Time = 24.721894 seconds
=== SIMULATION ENDS ===

**** TWO GPUS OpenMP Offloading FINISHED ****
    -> wall=94.7900s  reported=24.721894s  status=ok  exit=0

>>> Running: 2-omp-stream  gpus=2  mask=0,2  N=896
    Runtime configuration:
      ROCR_VISIBLE_DEVICES=0,2
      OMP_NUM_THREADS=1
      LIBOMP_USE_HIDDEN_HELPER_TASK=1
      LIBOMP_NUM_HIDDEN_HELPER_THREADS=2
      HSA_ENABLE_SDMA=1
    command: env -u LD_PRELOAD -u HSA_ENABLE_SDMA -u HSA_ENABLE_PEER_SDMA -u OMP_NUM_THREADS -u OMP_THREAD_LIMIT -u OMP_NUM_HIDDEN_HELPER_THREADS -u LIBOMP_USE_HIDDEN_HELPER_TASK -u LIBOMP_NUM_HIDDEN_HELPER_THREADS ROCR_VISIBLE_DEVICES=0\,2 OMP_NUM_THREADS=1 LIBOMP_USE_HIDDEN_HELPER_TASK=1 LIBOMP_NUM_HIDDEN_HELPER_THREADS=2 HSA_ENABLE_SDMA=1 ./2-omp-stream 896 5.475441e-05

**** TWO GPUS OpenMP Offloading, ASYNC STARTS ****

=== MEMORY ESTIMATE (GLOBAL) ===
Grid size: 896 x 896 x 896 = 719323136 points
Memory per global array: 5.755 GB
================================

=== SIMULATION PARAMETERS ===
Grid size (n):           896
Final time (T):          0.000055
Grid spacing (h):        1.117318e-03
Time step (dt):          1.095088e-07
Kappa_max:               0.950000
Diffusion factor:        4.385965e-02
Estimated timesteps:     ~500
CFL condition (dt/h^2):  0.087719 (should be < 0.5)
==============================

Using OpenMP target devices 0 and 1 of 2
Block sizes: nz0=449, nz1=449, mid=447

=== MEMORY ESTIMATE (LOCAL PER GPU) ===
GPU0 local bytes per array: 2.884 GB
GPU1 local bytes per array: 2.884 GB
======================================


=== SIMULATION STARTS ===

501 timesteps complete
Time = 24.185761 seconds
=== SIMULATION ENDS ===

**** TWO GPUS OpenMP Offloading, ASYNC FINISHED ****
    -> wall=94.8930s  reported=24.185761s  status=ok  exit=0

>>> Running: 2-omp-stream-omp  gpus=2  mask=0,2  N=896
    Runtime configuration:
      ROCR_VISIBLE_DEVICES=0,2
      OMP_NUM_THREADS=2
      LIBOMP_USE_HIDDEN_HELPER_TASK=1
      LIBOMP_NUM_HIDDEN_HELPER_THREADS=2
      HSA_ENABLE_SDMA=1
    command: env -u LD_PRELOAD -u HSA_ENABLE_SDMA -u HSA_ENABLE_PEER_SDMA -u OMP_NUM_THREADS -u OMP_THREAD_LIMIT -u OMP_NUM_HIDDEN_HELPER_THREADS -u LIBOMP_USE_HIDDEN_HELPER_TASK -u LIBOMP_NUM_HIDDEN_HELPER_THREADS ROCR_VISIBLE_DEVICES=0\,2 OMP_NUM_THREADS=2 LIBOMP_USE_HIDDEN_HELPER_TASK=1 LIBOMP_NUM_HIDDEN_HELPER_THREADS=2 HSA_ENABLE_SDMA=1 ./2-omp-stream-omp 896 5.475441e-05

**** TWO GPUS OpenMP Offloading, ASYNC + 2 HOST THREADS STARTS ****

=== MEMORY ESTIMATE (GLOBAL) ===
Grid size: 896 x 896 x 896 = 719323136 points
Memory per global array: 5.755 GB
================================

=== SIMULATION PARAMETERS ===
Grid size (n):           896
Final time (T):          0.000055
Grid spacing (h):        1.117318e-03
Time step (dt):          1.095088e-07
Kappa_max:               0.950000
Diffusion factor:        4.385965e-02
Estimated timesteps:     ~500
CFL condition (dt/h^2):  0.087719 (should be < 0.5)
==============================

Using OpenMP target devices 0 and 1 of 2
Block sizes: nz0=449, nz1=449, mid=447

=== MEMORY ESTIMATE (LOCAL PER GPU) ===
GPU0 local bytes per array: 2.884 GB
GPU1 local bytes per array: 2.884 GB
======================================


=== SIMULATION STARTS ===

501 timesteps complete
Time = 24.204047 seconds
=== SIMULATION ENDS ===

**** TWO GPUS OpenMP Offloading, ASYNC + 2 HOST THREADS FINISHED ****
    -> wall=94.5720s  reported=24.204047s  status=ok  exit=0

>>> Running: 2-omp-stream-omp-p2p  gpus=2  mask=0,2  N=896
    Runtime configuration:
      ROCR_VISIBLE_DEVICES=0,2
      OMP_NUM_THREADS=2
      LIBOMP_USE_HIDDEN_HELPER_TASK=1
      LIBOMP_NUM_HIDDEN_HELPER_THREADS=2
      HSA_ENABLE_SDMA=1
      HSA_ENABLE_PEER_SDMA=1
      LD_PRELOAD=/pfs/lustrep2/scratch/project_465003145/Git/3D_Heat_Benchmark/Final-2/OpenMP/libp2p_copy_shim.so:/scratch/project_465003145/omptarget-p2p/lib/libomp.so:/scratch/project_465003145/omptarget-p2p/lib/libomptarget.so.19.0git
    command: env -u LD_PRELOAD -u HSA_ENABLE_SDMA -u HSA_ENABLE_PEER_SDMA -u OMP_NUM_THREADS -u OMP_THREAD_LIMIT -u OMP_NUM_HIDDEN_HELPER_THREADS -u LIBOMP_USE_HIDDEN_HELPER_TASK -u LIBOMP_NUM_HIDDEN_HELPER_THREADS ROCR_VISIBLE_DEVICES=0\,2 OMP_NUM_THREADS=2 LIBOMP_USE_HIDDEN_HELPER_TASK=1 LIBOMP_NUM_HIDDEN_HELPER_THREADS=2 HSA_ENABLE_SDMA=1 HSA_ENABLE_PEER_SDMA=1 LD_PRELOAD=/pfs/lustrep2/scratch/project_465003145/Git/3D_Heat_Benchmark/Final-2/OpenMP/libp2p_copy_shim.so:/scratch/project_465003145/omptarget-p2p/lib/libomp.so:/scratch/project_465003145/omptarget-p2p/lib/libomptarget.so.19.0git ./2-omp-stream-omp-p2p 896 5.475441e-05

**** TWO GPUS OpenMP Offloading, P2P + 2 HOST THREADS STARTS ****

=== MEMORY ESTIMATE (GLOBAL) ===
Grid size: 896 x 896 x 896 = 719323136 points
Memory per global array: 5.755 GB
================================

=== SIMULATION PARAMETERS ===
Grid size (n):           896
Final time (T):          0.000055
Grid spacing (h):        1.117318e-03
Time step (dt):          1.095088e-07
Kappa_max:               0.950000
Diffusion factor:        4.385965e-02
Estimated timesteps:     ~500
CFL condition (dt/h^2):  0.087719 (should be < 0.5)
==============================

Using OpenMP target devices 0 and 1 of 2
Block sizes: nz0=449, nz1=449, mid=447

=== MEMORY ESTIMATE (LOCAL PER GPU) ===
GPU0 local bytes per array: 2.884 GB
GPU1 local bytes per array: 2.884 GB
======================================


=== SIMULATION STARTS ===

501 timesteps complete
Time = 24.102216 seconds
=== SIMULATION ENDS ===

**** TWO GPUS OpenMP Offloading, P2P + 2 HOST THREADS FINISHED ****
    -> wall=94.7620s  reported=24.102216s  status=ok  exit=0

>>> Running: 4-omp  gpus=4  mask=0,2,4,6  N=896
    Runtime configuration:
      ROCR_VISIBLE_DEVICES=0,2,4,6
      OMP_NUM_THREADS=1
      LIBOMP_USE_HIDDEN_HELPER_TASK=1
      LIBOMP_NUM_HIDDEN_HELPER_THREADS=4
      HSA_ENABLE_SDMA=1
    command: env -u LD_PRELOAD -u HSA_ENABLE_SDMA -u HSA_ENABLE_PEER_SDMA -u OMP_NUM_THREADS -u OMP_THREAD_LIMIT -u OMP_NUM_HIDDEN_HELPER_THREADS -u LIBOMP_USE_HIDDEN_HELPER_TASK -u LIBOMP_NUM_HIDDEN_HELPER_THREADS ROCR_VISIBLE_DEVICES=0\,2\,4\,6 OMP_NUM_THREADS=1 LIBOMP_USE_HIDDEN_HELPER_TASK=1 LIBOMP_NUM_HIDDEN_HELPER_THREADS=4 HSA_ENABLE_SDMA=1 ./4-omp 896 5.475441e-05

**** FOUR GPUS OpenMP Offloading STARTS ****

=== MEMORY ESTIMATE (GLOBAL) ===
Grid size: 896 x 896 x 896 = 719323136 points
Memory per global array: 5.755 GB
================================

=== SIMULATION PARAMETERS ===
Grid size (n):           896
Final time (T):          0.000055
Grid spacing (h):        1.117318e-03
Time step (dt):          1.095088e-07
Kappa_max:               0.950000
Diffusion factor:        4.385965e-02
Estimated timesteps:     ~500
CFL condition (dt/h^2):  0.087719 (should be < 0.5)
==============================

Using OpenMP target devices 0, 1, 2 and 3 of 4
Block sizes: nz0=226, nz1=226, nz2=225, nz3=225

=== MEMORY ESTIMATE (LOCAL PER GPU) ===
GPU0 local bytes per array: 1.451 GB
GPU1 local bytes per array: 1.451 GB
GPU2 local bytes per array: 1.445 GB
GPU3 local bytes per array: 1.445 GB
======================================


=== SIMULATION STARTS ===

501 timesteps complete
Time = 13.361008 seconds
=== SIMULATION ENDS ===

**** FOUR GPUS OpenMP Offloading FINISHED ****
    -> wall=84.4500s  reported=13.361008s  status=ok  exit=0

>>> Running: 4-omp-stream  gpus=4  mask=0,2,4,6  N=896
    Runtime configuration:
      ROCR_VISIBLE_DEVICES=0,2,4,6
      OMP_NUM_THREADS=1
      LIBOMP_USE_HIDDEN_HELPER_TASK=1
      LIBOMP_NUM_HIDDEN_HELPER_THREADS=4
      HSA_ENABLE_SDMA=1
    command: env -u LD_PRELOAD -u HSA_ENABLE_SDMA -u HSA_ENABLE_PEER_SDMA -u OMP_NUM_THREADS -u OMP_THREAD_LIMIT -u OMP_NUM_HIDDEN_HELPER_THREADS -u LIBOMP_USE_HIDDEN_HELPER_TASK -u LIBOMP_NUM_HIDDEN_HELPER_THREADS ROCR_VISIBLE_DEVICES=0\,2\,4\,6 OMP_NUM_THREADS=1 LIBOMP_USE_HIDDEN_HELPER_TASK=1 LIBOMP_NUM_HIDDEN_HELPER_THREADS=4 HSA_ENABLE_SDMA=1 ./4-omp-stream 896 5.475441e-05

**** FOUR GPUS OpenMP Offloading, ASYNC STARTS ****

=== MEMORY ESTIMATE (GLOBAL) ===
Grid size: 896 x 896 x 896 = 719323136 points
Memory per global array: 5.755 GB
================================

=== SIMULATION PARAMETERS ===
Grid size (n):           896
Final time (T):          0.000055
Grid spacing (h):        1.117318e-03
Time step (dt):          1.095088e-07
Kappa_max:               0.950000
Diffusion factor:        4.385965e-02
Estimated timesteps:     ~500
CFL condition (dt/h^2):  0.087719 (should be < 0.5)
==============================

Using OpenMP target devices 0, 1, 2 and 3 of 4
Block sizes: nz0=226, nz1=226, nz2=225, nz3=225

=== MEMORY ESTIMATE (LOCAL PER GPU) ===
GPU0 local bytes per array: 1.451 GB
GPU1 local bytes per array: 1.451 GB
GPU2 local bytes per array: 1.445 GB
GPU3 local bytes per array: 1.445 GB
======================================


=== SIMULATION STARTS ===

501 timesteps complete
Time = 11.756778 seconds
=== SIMULATION ENDS ===

**** FOUR GPUS OpenMP Offloading, ASYNC FINISHED ****
    -> wall=82.8280s  reported=11.756778s  status=ok  exit=0

>>> Running: 4-omp-stream-omp  gpus=4  mask=0,2,4,6  N=896
    Runtime configuration:
      ROCR_VISIBLE_DEVICES=0,2,4,6
      OMP_NUM_THREADS=4
      LIBOMP_USE_HIDDEN_HELPER_TASK=1
      LIBOMP_NUM_HIDDEN_HELPER_THREADS=4
      HSA_ENABLE_SDMA=1
    command: env -u LD_PRELOAD -u HSA_ENABLE_SDMA -u HSA_ENABLE_PEER_SDMA -u OMP_NUM_THREADS -u OMP_THREAD_LIMIT -u OMP_NUM_HIDDEN_HELPER_THREADS -u LIBOMP_USE_HIDDEN_HELPER_TASK -u LIBOMP_NUM_HIDDEN_HELPER_THREADS ROCR_VISIBLE_DEVICES=0\,2\,4\,6 OMP_NUM_THREADS=4 LIBOMP_USE_HIDDEN_HELPER_TASK=1 LIBOMP_NUM_HIDDEN_HELPER_THREADS=4 HSA_ENABLE_SDMA=1 ./4-omp-stream-omp 896 5.475441e-05

**** FOUR GPUS OpenMP Offloading, ASYNC + 4 HOST THREADS STARTS ****

=== MEMORY ESTIMATE (GLOBAL) ===
Grid size: 896 x 896 x 896 = 719323136 points
Memory per global array: 5.755 GB
================================

=== SIMULATION PARAMETERS ===
Grid size (n):           896
Final time (T):          0.000055
Grid spacing (h):        1.117318e-03
Time step (dt):          1.095088e-07
Kappa_max:               0.950000
Diffusion factor:        4.385965e-02
Estimated timesteps:     ~500
CFL condition (dt/h^2):  0.087719 (should be < 0.5)
==============================

Using OpenMP target devices 0, 1, 2 and 3 of 4
Block sizes: nz0=226, nz1=226, nz2=225, nz3=225

=== MEMORY ESTIMATE (LOCAL PER GPU) ===
GPU0 local bytes per array: 1.451 GB
GPU1 local bytes per array: 1.451 GB
GPU2 local bytes per array: 1.445 GB
GPU3 local bytes per array: 1.445 GB
======================================


=== SIMULATION STARTS ===

501 timesteps complete
Time = 12.443827 seconds
=== SIMULATION ENDS ===

**** FOUR GPUS OpenMP Offloading, ASYNC + 4 HOST THREADS FINISHED ****
    -> wall=126.8100s  reported=12.443827s  status=ok  exit=0

>>> Running: 4-omp-stream-omp-p2p  gpus=4  mask=0,2,4,6  N=896
    Runtime configuration:
      ROCR_VISIBLE_DEVICES=0,2,4,6
      OMP_NUM_THREADS=4
      LIBOMP_USE_HIDDEN_HELPER_TASK=1
      LIBOMP_NUM_HIDDEN_HELPER_THREADS=4
      HSA_ENABLE_SDMA=1
      HSA_ENABLE_PEER_SDMA=1
      LD_PRELOAD=/pfs/lustrep2/scratch/project_465003145/Git/3D_Heat_Benchmark/Final-2/OpenMP/libp2p_copy_shim.so:/scratch/project_465003145/omptarget-p2p/lib/libomp.so:/scratch/project_465003145/omptarget-p2p/lib/libomptarget.so.19.0git
    command: env -u LD_PRELOAD -u HSA_ENABLE_SDMA -u HSA_ENABLE_PEER_SDMA -u OMP_NUM_THREADS -u OMP_THREAD_LIMIT -u OMP_NUM_HIDDEN_HELPER_THREADS -u LIBOMP_USE_HIDDEN_HELPER_TASK -u LIBOMP_NUM_HIDDEN_HELPER_THREADS ROCR_VISIBLE_DEVICES=0\,2\,4\,6 OMP_NUM_THREADS=4 LIBOMP_USE_HIDDEN_HELPER_TASK=1 LIBOMP_NUM_HIDDEN_HELPER_THREADS=4 HSA_ENABLE_SDMA=1 HSA_ENABLE_PEER_SDMA=1 LD_PRELOAD=/pfs/lustrep2/scratch/project_465003145/Git/3D_Heat_Benchmark/Final-2/OpenMP/libp2p_copy_shim.so:/scratch/project_465003145/omptarget-p2p/lib/libomp.so:/scratch/project_465003145/omptarget-p2p/lib/libomptarget.so.19.0git ./4-omp-stream-omp-p2p 896 5.475441e-05

**** FOUR GPUS OpenMP Offloading, P2P + 4 HOST THREADS STARTS ****

=== MEMORY ESTIMATE (GLOBAL) ===
Grid size: 896 x 896 x 896 = 719323136 points
Memory per global array: 5.755 GB
================================

=== SIMULATION PARAMETERS ===
Grid size (n):           896
Final time (T):          0.000055
Grid spacing (h):        1.117318e-03
Time step (dt):          1.095088e-07
Kappa_max:               0.950000
Diffusion factor:        4.385965e-02
Estimated timesteps:     ~500
CFL condition (dt/h^2):  0.087719 (should be < 0.5)
==============================

Using OpenMP target devices 0, 1, 2 and 3 of 4
Block sizes: nz0=226, nz1=226, nz2=225, nz3=225

=== MEMORY ESTIMATE (LOCAL PER GPU) ===
GPU0 local bytes per array: 1.451 GB
GPU1 local bytes per array: 1.451 GB
GPU2 local bytes per array: 1.445 GB
GPU3 local bytes per array: 1.445 GB
======================================


=== SIMULATION STARTS ===

501 timesteps complete
Time = 12.450113 seconds
=== SIMULATION ENDS ===

**** FOUR GPUS OpenMP Offloading, P2P + 4 HOST THREADS FINISHED ****
    -> wall=83.6090s  reported=12.450113s  status=ok  exit=0

All done.
  Timing CSV : results_h8_20441740_20260730_130920/timings.csv
  Run log    : results_h8_20441740_20260730_130920/run.log
