============================================================
Host               : as06r1b28
Job ID             : 45855306
Repetition         : 3
Timestamp          : 20260914_143558
Results dir        : results_45855306_20260914_143558
N                  : 1536
DT                 : 1.861437e-05
STEPS              : 500
FAMILIES           : '2 4'
BASELINE           : 0
STREAM_HELPERS_2   : 2
STREAM_HELPERS_4   : 4
Compiler           : clang version 18.1.8
============================================================
SLURM_JOB_GPUS=0,1,2,3
CUDA_VISIBLE_DEVICES from Slurm=<unset>
GPU 0: NVIDIA H100 (UUID: GPU-b66ae29b-dfc0-4745-e978-68ec815b5f12)
GPU 1: NVIDIA H100 (UUID: GPU-6c582486-eccf-b4f0-b960-74d056b6e21e)
GPU 2: NVIDIA H100 (UUID: GPU-baa682cc-0f8e-50b3-bce3-a98f8d932045)
GPU 3: NVIDIA H100 (UUID: GPU-8f2f696e-557f-a139-980d-b84958f7cdba)
GPU inventory:
0, NVIDIA H100, GPU-b66ae29b-dfc0-4745-e978-68ec815b5f12, 65247 MiB, 595.71.05
1, NVIDIA H100, GPU-6c582486-eccf-b4f0-b960-74d056b6e21e, 65247 MiB, 595.71.05
2, NVIDIA H100, GPU-baa682cc-0f8e-50b3-bce3-a98f8d932045, 65247 MiB, 595.71.05
3, NVIDIA H100, GPU-8f2f696e-557f-a139-980d-b84958f7cdba, 65247 MiB, 595.71.05
GPU topology:
	[4mGPU0	GPU1	GPU2	GPU3	NIC0	NIC1	NIC2	NIC3	NIC4	NIC5	CPU Affinity	NUMA Affinity	GPU NUMA ID[0m
GPU0	 X 	NV6	NV6	NV6	PXB	SYS	SYS	SYS	SYS	SYS	0-19,80-99	0		N/A
GPU1	NV6	 X 	NV6	NV6	SYS	PXB	NODE	NODE	SYS	SYS	20-39,100-119	1		N/A
GPU2	NV6	NV6	 X 	NV6	SYS	SYS	SYS	SYS	PXB	SYS	40-59,120-139	2		N/A
GPU3	NV6	NV6	NV6	 X 	SYS	SYS	SYS	SYS	SYS	PXB	60-79,140-159	3		N/A
NIC0	PXB	SYS	SYS	SYS	 X 	SYS	SYS	SYS	SYS	SYS				
NIC1	SYS	PXB	SYS	SYS	SYS	 X 	NODE	NODE	SYS	SYS				
NIC2	SYS	NODE	SYS	SYS	SYS	NODE	 X 	PIX	SYS	SYS				
NIC3	SYS	NODE	SYS	SYS	SYS	NODE	PIX	 X 	SYS	SYS				
NIC4	SYS	SYS	PXB	SYS	SYS	SYS	SYS	SYS	 X 	SYS				
NIC5	SYS	SYS	SYS	PXB	SYS	SYS	SYS	SYS	SYS	 X 				

Legend:

  X    = Self
  SYS  = Connection traversing PCIe as well as the SMP interconnect between NUMA nodes (e.g., QPI/UPI)
  NODE = Connection traversing PCIe as well as the interconnect between PCIe Host Bridges within a NUMA node
  PHB  = Connection traversing PCIe as well as a PCIe Host Bridge (typically the CPU)
  PXB  = Connection traversing multiple PCIe bridges (without traversing the PCIe Host Bridge)
  PIX  = Connection traversing at most a single PCIe bridge
  NV#  = Connection traversing a bonded set of # NVLinks

NIC Legend:

  NIC0: mlx5_0
  NIC1: mlx5_1
  NIC2: mlx5_2
  NIC3: mlx5_3
  NIC4: mlx5_4
  NIC5: mlx5_5


Starting benchmarks
===========================
N = 1536   dt = 1.861437e-05
===========================

>>> 2-omp-stream-omp-p2p  gpus=2  mask=0,1  N=1536
    Runtime configuration:
      CUDA_VISIBLE_DEVICES=0,1
      OMP_NUM_THREADS=2
      LIBOMP_USE_HIDDEN_HELPER_TASK=1
      LIBOMP_NUM_HIDDEN_HELPER_THREADS=8

**** TWO GPUS OpenMP Offloading, P2P + 2 HOST THREADS STARTS ****

=== MEMORY ESTIMATE (GLOBAL) ===
Grid size: 1536 x 1536 x 1536 = 3623878656 points
Memory per global array: 28.991 GB
================================

=== SIMULATION PARAMETERS ===
Grid size (n):           1536
Final time (T):          0.000019
Grid spacing (h):        6.514658e-04
Time step (dt):          3.722874e-08
Kappa_max:               0.950000
Diffusion factor:        4.385965e-02
Estimated timesteps:     ~499
CFL condition (dt/h^2):  0.087719 (should be < 0.5)
==============================

Using OpenMP target devices 0 and 1 of 2
Block sizes: nz0=769, nz1=769, mid=767

=== MEMORY ESTIMATE (LOCAL PER GPU) ===
GPU0 local bytes per array: 14.514 GB
GPU1 local bytes per array: 14.514 GB
======================================


=== SIMULATION STARTS ===

500 timesteps complete
Time = 59.311844 seconds
=== SIMULATION ENDS ===

**** TWO GPUS OpenMP Offloading, P2P + 2 HOST THREADS FINISHED ****
    -> wall=253.6320s  reported=59.311844s  status=ok

>>> 4-omp-stream-omp-p2p  gpus=4  mask=0,1,2,3  N=1536
    Runtime configuration:
      CUDA_VISIBLE_DEVICES=0,1,2,3
      OMP_NUM_THREADS=4
      LIBOMP_USE_HIDDEN_HELPER_TASK=1
      LIBOMP_NUM_HIDDEN_HELPER_THREADS=8

**** FOUR GPUS OpenMP Offloading, P2P + 4 HOST THREADS STARTS ****

=== MEMORY ESTIMATE (GLOBAL) ===
Grid size: 1536 x 1536 x 1536 = 3623878656 points
Memory per global array: 28.991 GB
================================

=== SIMULATION PARAMETERS ===
Grid size (n):           1536
Final time (T):          0.000019
Grid spacing (h):        6.514658e-04
Time step (dt):          3.722874e-08
Kappa_max:               0.950000
Diffusion factor:        4.385965e-02
Estimated timesteps:     ~499
CFL condition (dt/h^2):  0.087719 (should be < 0.5)
==============================

Using OpenMP target devices 0, 1, 2 and 3 of 4
Block sizes: nz0=386, nz1=386, nz2=385, nz3=385

=== MEMORY ESTIMATE (LOCAL PER GPU) ===
GPU0 local bytes per array: 7.286 GB
GPU1 local bytes per array: 7.286 GB
GPU2 local bytes per array: 7.267 GB
GPU3 local bytes per array: 7.267 GB
======================================


=== SIMULATION STARTS ===

500 timesteps complete
Time = 29.072832 seconds
=== SIMULATION ENDS ===

**** FOUR GPUS OpenMP Offloading, P2P + 4 HOST THREADS FINISHED ****
    -> wall=227.0130s  reported=29.072832s  status=ok

All done.
  Timing CSV : results_45855306_20260914_143558/timings.csv
  Run log    : results_45855306_20260914_143558/run.log
