-------------------------------------------------------------------------------
There are messages associated with the following module(s):
-------------------------------------------------------------------------------

LUMI/25.09:
   As the LUMI/25.09 stack uses a version of the programming environment
   that is newer than the current default on the system (25.03), please be
   aware of https://lumi-supercomputer.github.io/LUMI-training-materials/2day-20251020/102-CPE/#warning-1-you-do-not-always-get-what-you-expect
   and adapt LD_LIBRARY_PATH as needed. The easiest way to do this, is to
   simply load lumi-CrayPath after loading all other modules, and reloading
   it after a module change.

-------------------------------------------------------------------------------
This module comes with rocprof-sys, rocprof-compute, asan and debug libraries
installed.
Please check https://lumi-supercomputer.github.io/LUMI-EasyBuild-docs/r/rocm/
for instructions on how to use them.


This module comes with rocprof-sys, rocprof-compute, asan and debug libraries
installed.
Please check https://lumi-supercomputer.github.io/LUMI-EasyBuild-docs/r/rocm/
for instructions on how to use them.

Job ID       : 20444193
Repetition   : 1
Timestamp    : 20260730_141620
Results dir  : results_h8_20444193_20260730_141620
N=512  DT=0.0001679668  STEPS=500  FAMILIES='2 4'
Hidden helper threads : 8
P2P runtime  : /scratch/project_465003145/omptarget-p2p/lib
P2P shim     : /pfs/lustrep2/scratch/project_465003145/Git/3D_Heat_Benchmark/Final-3/OpenMP/libp2p_copy_shim.so

Starting benchmarks
===========================
N = 512   dt = 0.0001679668   helpers = 8
===========================

>>> Running: 1-omp  gpus=1  mask=0  N=512
    Runtime configuration:
      ROCR_VISIBLE_DEVICES=0
      OMP_NUM_THREADS=1
      LIBOMP_USE_HIDDEN_HELPER_TASK=1
      LIBOMP_NUM_HIDDEN_HELPER_THREADS=8
      HSA_ENABLE_SDMA=1
    command: env -u LD_PRELOAD -u HSA_ENABLE_SDMA -u HSA_ENABLE_PEER_SDMA -u OMP_NUM_THREADS -u OMP_THREAD_LIMIT -u OMP_NUM_HIDDEN_HELPER_THREADS -u LIBOMP_USE_HIDDEN_HELPER_TASK -u LIBOMP_NUM_HIDDEN_HELPER_THREADS ROCR_VISIBLE_DEVICES=0 OMP_NUM_THREADS=1 LIBOMP_USE_HIDDEN_HELPER_TASK=1 LIBOMP_NUM_HIDDEN_HELPER_THREADS=8 HSA_ENABLE_SDMA=1 ./1-omp 512 0.0001679668

**** ONE GPU OpenMP Offloading STARTS ****

=== MEMORY ESTIMATE (GLOBAL) ===
Grid size: 512 x 512 x 512 = 134217728 points
Memory per global array: 1.074 GB
================================

=== SIMULATION PARAMETERS ===
Grid size (n):           512
Final time (T):          0.000168
Grid spacing (h):        1.956947e-03
Time step (dt):          3.359335e-07
Kappa_max:               0.950000
Diffusion factor:        4.385965e-02
Estimated timesteps:     ~500
CFL condition (dt/h^2):  0.087719 (should be < 0.5)
==============================

Using OpenMP target device 0 of 1

=== MEMORY ESTIMATE (LOCAL PER GPU) ===
GPU0 local bytes per array: 1.074 GB
======================================


=== SIMULATION STARTS ===

501 timesteps complete
Time = 8.516783 seconds
=== SIMULATION ENDS ===

**** ONE GPU OpenMP Offloading FINISHED ****
    -> wall=34.1050s  reported=8.516783s  status=ok  exit=0

>>> Running: 2-omp  gpus=2  mask=0,2  N=512
    Runtime configuration:
      ROCR_VISIBLE_DEVICES=0,2
      OMP_NUM_THREADS=1
      LIBOMP_USE_HIDDEN_HELPER_TASK=1
      LIBOMP_NUM_HIDDEN_HELPER_THREADS=8
      HSA_ENABLE_SDMA=1
    command: env -u LD_PRELOAD -u HSA_ENABLE_SDMA -u HSA_ENABLE_PEER_SDMA -u OMP_NUM_THREADS -u OMP_THREAD_LIMIT -u OMP_NUM_HIDDEN_HELPER_THREADS -u LIBOMP_USE_HIDDEN_HELPER_TASK -u LIBOMP_NUM_HIDDEN_HELPER_THREADS ROCR_VISIBLE_DEVICES=0\,2 OMP_NUM_THREADS=1 LIBOMP_USE_HIDDEN_HELPER_TASK=1 LIBOMP_NUM_HIDDEN_HELPER_THREADS=8 HSA_ENABLE_SDMA=1 ./2-omp 512 0.0001679668

**** TWO GPUS OpenMP Offloading STARTS ****

=== MEMORY ESTIMATE (GLOBAL) ===
Grid size: 512 x 512 x 512 = 134217728 points
Memory per global array: 1.074 GB
================================

=== SIMULATION PARAMETERS ===
Grid size (n):           512
Final time (T):          0.000168
Grid spacing (h):        1.956947e-03
Time step (dt):          3.359335e-07
Kappa_max:               0.950000
Diffusion factor:        4.385965e-02
Estimated timesteps:     ~500
CFL condition (dt/h^2):  0.087719 (should be < 0.5)
==============================

Using OpenMP target devices 0 and 1 of 2
Block sizes: nz0=257, nz1=257, mid=255

=== MEMORY ESTIMATE (LOCAL PER GPU) ===
GPU0 local bytes per array: 0.539 GB
GPU1 local bytes per array: 0.539 GB
======================================


=== SIMULATION STARTS ===

501 timesteps complete
Time = 4.779612 seconds
=== SIMULATION ENDS ===

**** TWO GPUS OpenMP Offloading FINISHED ****
    -> wall=18.2170s  reported=4.779612s  status=ok  exit=0

>>> Running: 2-omp-stream  gpus=2  mask=0,2  N=512
    Runtime configuration:
      ROCR_VISIBLE_DEVICES=0,2
      OMP_NUM_THREADS=1
      LIBOMP_USE_HIDDEN_HELPER_TASK=1
      LIBOMP_NUM_HIDDEN_HELPER_THREADS=8
      HSA_ENABLE_SDMA=1
    command: env -u LD_PRELOAD -u HSA_ENABLE_SDMA -u HSA_ENABLE_PEER_SDMA -u OMP_NUM_THREADS -u OMP_THREAD_LIMIT -u OMP_NUM_HIDDEN_HELPER_THREADS -u LIBOMP_USE_HIDDEN_HELPER_TASK -u LIBOMP_NUM_HIDDEN_HELPER_THREADS ROCR_VISIBLE_DEVICES=0\,2 OMP_NUM_THREADS=1 LIBOMP_USE_HIDDEN_HELPER_TASK=1 LIBOMP_NUM_HIDDEN_HELPER_THREADS=8 HSA_ENABLE_SDMA=1 ./2-omp-stream 512 0.0001679668

**** TWO GPUS OpenMP Offloading, ASYNC STARTS ****

=== MEMORY ESTIMATE (GLOBAL) ===
Grid size: 512 x 512 x 512 = 134217728 points
Memory per global array: 1.074 GB
================================

=== SIMULATION PARAMETERS ===
Grid size (n):           512
Final time (T):          0.000168
Grid spacing (h):        1.956947e-03
Time step (dt):          3.359335e-07
Kappa_max:               0.950000
Diffusion factor:        4.385965e-02
Estimated timesteps:     ~500
CFL condition (dt/h^2):  0.087719 (should be < 0.5)
==============================

Using OpenMP target devices 0 and 1 of 2
Block sizes: nz0=257, nz1=257, mid=255

=== MEMORY ESTIMATE (LOCAL PER GPU) ===
GPU0 local bytes per array: 0.539 GB
GPU1 local bytes per array: 0.539 GB
======================================


=== SIMULATION STARTS ===

501 timesteps complete
Time = 4.144401 seconds
=== SIMULATION ENDS ===

**** TWO GPUS OpenMP Offloading, ASYNC FINISHED ****
    -> wall=17.6120s  reported=4.144401s  status=ok  exit=0

>>> Running: 2-omp-stream-omp  gpus=2  mask=0,2  N=512
    Runtime configuration:
      ROCR_VISIBLE_DEVICES=0,2
      OMP_NUM_THREADS=2
      LIBOMP_USE_HIDDEN_HELPER_TASK=1
      LIBOMP_NUM_HIDDEN_HELPER_THREADS=8
      HSA_ENABLE_SDMA=1
    command: env -u LD_PRELOAD -u HSA_ENABLE_SDMA -u HSA_ENABLE_PEER_SDMA -u OMP_NUM_THREADS -u OMP_THREAD_LIMIT -u OMP_NUM_HIDDEN_HELPER_THREADS -u LIBOMP_USE_HIDDEN_HELPER_TASK -u LIBOMP_NUM_HIDDEN_HELPER_THREADS ROCR_VISIBLE_DEVICES=0\,2 OMP_NUM_THREADS=2 LIBOMP_USE_HIDDEN_HELPER_TASK=1 LIBOMP_NUM_HIDDEN_HELPER_THREADS=8 HSA_ENABLE_SDMA=1 ./2-omp-stream-omp 512 0.0001679668

**** TWO GPUS OpenMP Offloading, ASYNC + 2 HOST THREADS STARTS ****
WARNING: running without OMP_NUM_HIDDEN_HELPER_THREADS=0.
       Without it, concurrent omp_target_memcpy_async submission from
       several host threads corrupts task-team state in libomp 18.1.8
       and the program faults inside __kmpc_barrier. See the header.

=== MEMORY ESTIMATE (GLOBAL) ===
Grid size: 512 x 512 x 512 = 134217728 points
Memory per global array: 1.074 GB
================================

=== SIMULATION PARAMETERS ===
Grid size (n):           512
Final time (T):          0.000168
Grid spacing (h):        1.956947e-03
Time step (dt):          3.359335e-07
Kappa_max:               0.950000
Diffusion factor:        4.385965e-02
Estimated timesteps:     ~500
CFL condition (dt/h^2):  0.087719 (should be < 0.5)
==============================

Using OpenMP target devices 0 and 1 of 2
Block sizes: nz0=257, nz1=257, mid=255

=== MEMORY ESTIMATE (LOCAL PER GPU) ===
GPU0 local bytes per array: 0.539 GB
GPU1 local bytes per array: 0.539 GB
======================================


=== SIMULATION STARTS ===

501 timesteps complete
Time = 4.170344 seconds
=== SIMULATION ENDS ===

**** TWO GPUS OpenMP Offloading, ASYNC + 2 HOST THREADS FINISHED ****
    -> wall=17.9920s  reported=4.170344s  status=ok  exit=0

>>> Running: 2-omp-stream-omp-p2p  gpus=2  mask=0,2  N=512
    Runtime configuration:
      ROCR_VISIBLE_DEVICES=0,2
      OMP_NUM_THREADS=2
      LIBOMP_USE_HIDDEN_HELPER_TASK=1
      LIBOMP_NUM_HIDDEN_HELPER_THREADS=8
      HSA_ENABLE_SDMA=1
      HSA_ENABLE_PEER_SDMA=1
      LD_PRELOAD=/pfs/lustrep2/scratch/project_465003145/Git/3D_Heat_Benchmark/Final-3/OpenMP/libp2p_copy_shim.so:/scratch/project_465003145/omptarget-p2p/lib/libomp.so:/scratch/project_465003145/omptarget-p2p/lib/libomptarget.so.19.0git
    command: env -u LD_PRELOAD -u HSA_ENABLE_SDMA -u HSA_ENABLE_PEER_SDMA -u OMP_NUM_THREADS -u OMP_THREAD_LIMIT -u OMP_NUM_HIDDEN_HELPER_THREADS -u LIBOMP_USE_HIDDEN_HELPER_TASK -u LIBOMP_NUM_HIDDEN_HELPER_THREADS ROCR_VISIBLE_DEVICES=0\,2 OMP_NUM_THREADS=2 LIBOMP_USE_HIDDEN_HELPER_TASK=1 LIBOMP_NUM_HIDDEN_HELPER_THREADS=8 HSA_ENABLE_SDMA=1 HSA_ENABLE_PEER_SDMA=1 LD_PRELOAD=/pfs/lustrep2/scratch/project_465003145/Git/3D_Heat_Benchmark/Final-3/OpenMP/libp2p_copy_shim.so:/scratch/project_465003145/omptarget-p2p/lib/libomp.so:/scratch/project_465003145/omptarget-p2p/lib/libomptarget.so.19.0git ./2-omp-stream-omp-p2p 512 0.0001679668

**** TWO GPUS OpenMP Offloading, P2P + 2 HOST THREADS STARTS ****
WARNING: running without OMP_NUM_HIDDEN_HELPER_THREADS=0.
       Without it, concurrent omp_target_memcpy_async submission from
       several host threads corrupts task-team state in libomp 18.1.8
       and the program faults inside __kmpc_barrier. See the header.

=== MEMORY ESTIMATE (GLOBAL) ===
Grid size: 512 x 512 x 512 = 134217728 points
Memory per global array: 1.074 GB
================================

=== SIMULATION PARAMETERS ===
Grid size (n):           512
Final time (T):          0.000168
Grid spacing (h):        1.956947e-03
Time step (dt):          3.359335e-07
Kappa_max:               0.950000
Diffusion factor:        4.385965e-02
Estimated timesteps:     ~500
CFL condition (dt/h^2):  0.087719 (should be < 0.5)
==============================

Using OpenMP target devices 0 and 1 of 2
Block sizes: nz0=257, nz1=257, mid=255

=== MEMORY ESTIMATE (LOCAL PER GPU) ===
GPU0 local bytes per array: 0.539 GB
GPU1 local bytes per array: 0.539 GB
======================================


=== SIMULATION STARTS ===

501 timesteps complete
Time = 4.281254 seconds
=== SIMULATION ENDS ===

**** TWO GPUS OpenMP Offloading, P2P + 2 HOST THREADS FINISHED ****
    -> wall=18.4040s  reported=4.281254s  status=ok  exit=0

>>> Running: 4-omp  gpus=4  mask=0,2,4,6  N=512
    Runtime configuration:
      ROCR_VISIBLE_DEVICES=0,2,4,6
      OMP_NUM_THREADS=1
      LIBOMP_USE_HIDDEN_HELPER_TASK=1
      LIBOMP_NUM_HIDDEN_HELPER_THREADS=8
      HSA_ENABLE_SDMA=1
    command: env -u LD_PRELOAD -u HSA_ENABLE_SDMA -u HSA_ENABLE_PEER_SDMA -u OMP_NUM_THREADS -u OMP_THREAD_LIMIT -u OMP_NUM_HIDDEN_HELPER_THREADS -u LIBOMP_USE_HIDDEN_HELPER_TASK -u LIBOMP_NUM_HIDDEN_HELPER_THREADS ROCR_VISIBLE_DEVICES=0\,2\,4\,6 OMP_NUM_THREADS=1 LIBOMP_USE_HIDDEN_HELPER_TASK=1 LIBOMP_NUM_HIDDEN_HELPER_THREADS=8 HSA_ENABLE_SDMA=1 ./4-omp 512 0.0001679668

**** FOUR GPUS OpenMP Offloading STARTS ****

=== MEMORY ESTIMATE (GLOBAL) ===
Grid size: 512 x 512 x 512 = 134217728 points
Memory per global array: 1.074 GB
================================

=== SIMULATION PARAMETERS ===
Grid size (n):           512
Final time (T):          0.000168
Grid spacing (h):        1.956947e-03
Time step (dt):          3.359335e-07
Kappa_max:               0.950000
Diffusion factor:        4.385965e-02
Estimated timesteps:     ~500
CFL condition (dt/h^2):  0.087719 (should be < 0.5)
==============================

Using OpenMP target devices 0, 1, 2 and 3 of 4
Block sizes: nz0=130, nz1=130, nz2=129, nz3=129

=== MEMORY ESTIMATE (LOCAL PER GPU) ===
GPU0 local bytes per array: 0.273 GB
GPU1 local bytes per array: 0.273 GB
GPU2 local bytes per array: 0.271 GB
GPU3 local bytes per array: 0.271 GB
======================================


=== SIMULATION STARTS ===

501 timesteps complete
Time = 2.635326 seconds
=== SIMULATION ENDS ===

**** FOUR GPUS OpenMP Offloading FINISHED ****
    -> wall=16.3640s  reported=2.635326s  status=ok  exit=0

>>> Running: 4-omp-stream  gpus=4  mask=0,2,4,6  N=512
    Runtime configuration:
      ROCR_VISIBLE_DEVICES=0,2,4,6
      OMP_NUM_THREADS=1
      LIBOMP_USE_HIDDEN_HELPER_TASK=1
      LIBOMP_NUM_HIDDEN_HELPER_THREADS=8
      HSA_ENABLE_SDMA=1
    command: env -u LD_PRELOAD -u HSA_ENABLE_SDMA -u HSA_ENABLE_PEER_SDMA -u OMP_NUM_THREADS -u OMP_THREAD_LIMIT -u OMP_NUM_HIDDEN_HELPER_THREADS -u LIBOMP_USE_HIDDEN_HELPER_TASK -u LIBOMP_NUM_HIDDEN_HELPER_THREADS ROCR_VISIBLE_DEVICES=0\,2\,4\,6 OMP_NUM_THREADS=1 LIBOMP_USE_HIDDEN_HELPER_TASK=1 LIBOMP_NUM_HIDDEN_HELPER_THREADS=8 HSA_ENABLE_SDMA=1 ./4-omp-stream 512 0.0001679668

**** FOUR GPUS OpenMP Offloading, ASYNC STARTS ****

=== MEMORY ESTIMATE (GLOBAL) ===
Grid size: 512 x 512 x 512 = 134217728 points
Memory per global array: 1.074 GB
================================

=== SIMULATION PARAMETERS ===
Grid size (n):           512
Final time (T):          0.000168
Grid spacing (h):        1.956947e-03
Time step (dt):          3.359335e-07
Kappa_max:               0.950000
Diffusion factor:        4.385965e-02
Estimated timesteps:     ~500
CFL condition (dt/h^2):  0.087719 (should be < 0.5)
==============================

Using OpenMP target devices 0, 1, 2 and 3 of 4
Block sizes: nz0=130, nz1=130, nz2=129, nz3=129

=== MEMORY ESTIMATE (LOCAL PER GPU) ===
GPU0 local bytes per array: 0.273 GB
GPU1 local bytes per array: 0.273 GB
GPU2 local bytes per array: 0.271 GB
GPU3 local bytes per array: 0.271 GB
======================================


=== SIMULATION STARTS ===

501 timesteps complete
Time = 2.007873 seconds
=== SIMULATION ENDS ===

**** FOUR GPUS OpenMP Offloading, ASYNC FINISHED ****
    -> wall=15.8130s  reported=2.007873s  status=ok  exit=0

>>> Running: 4-omp-stream-omp  gpus=4  mask=0,2,4,6  N=512
    Runtime configuration:
      ROCR_VISIBLE_DEVICES=0,2,4,6
      OMP_NUM_THREADS=4
      LIBOMP_USE_HIDDEN_HELPER_TASK=1
      LIBOMP_NUM_HIDDEN_HELPER_THREADS=8
      HSA_ENABLE_SDMA=1
    command: env -u LD_PRELOAD -u HSA_ENABLE_SDMA -u HSA_ENABLE_PEER_SDMA -u OMP_NUM_THREADS -u OMP_THREAD_LIMIT -u OMP_NUM_HIDDEN_HELPER_THREADS -u LIBOMP_USE_HIDDEN_HELPER_TASK -u LIBOMP_NUM_HIDDEN_HELPER_THREADS ROCR_VISIBLE_DEVICES=0\,2\,4\,6 OMP_NUM_THREADS=4 LIBOMP_USE_HIDDEN_HELPER_TASK=1 LIBOMP_NUM_HIDDEN_HELPER_THREADS=8 HSA_ENABLE_SDMA=1 ./4-omp-stream-omp 512 0.0001679668

**** FOUR GPUS OpenMP Offloading, ASYNC + 4 HOST THREADS STARTS ****
WARNING: running without OMP_NUM_HIDDEN_HELPER_THREADS=0.
       Without it, concurrent omp_target_memcpy_async submission from
       several host threads corrupts task-team state in libomp 18.1.8
       and the program faults inside __kmpc_barrier. See the header.

=== MEMORY ESTIMATE (GLOBAL) ===
Grid size: 512 x 512 x 512 = 134217728 points
Memory per global array: 1.074 GB
================================

=== SIMULATION PARAMETERS ===
Grid size (n):           512
Final time (T):          0.000168
Grid spacing (h):        1.956947e-03
Time step (dt):          3.359335e-07
Kappa_max:               0.950000
Diffusion factor:        4.385965e-02
Estimated timesteps:     ~500
CFL condition (dt/h^2):  0.087719 (should be < 0.5)
==============================

Using OpenMP target devices 0, 1, 2 and 3 of 4
Block sizes: nz0=130, nz1=130, nz2=129, nz3=129

=== MEMORY ESTIMATE (LOCAL PER GPU) ===
GPU0 local bytes per array: 0.273 GB
GPU1 local bytes per array: 0.273 GB
GPU2 local bytes per array: 0.271 GB
GPU3 local bytes per array: 0.271 GB
======================================


=== SIMULATION STARTS ===

501 timesteps complete
Time = 2.033922 seconds
=== SIMULATION ENDS ===

**** FOUR GPUS OpenMP Offloading, ASYNC + 4 HOST THREADS FINISHED ****
    -> wall=15.8010s  reported=2.033922s  status=ok  exit=0

>>> Running: 4-omp-stream-omp-p2p  gpus=4  mask=0,2,4,6  N=512
    Runtime configuration:
      ROCR_VISIBLE_DEVICES=0,2,4,6
      OMP_NUM_THREADS=4
      LIBOMP_USE_HIDDEN_HELPER_TASK=1
      LIBOMP_NUM_HIDDEN_HELPER_THREADS=8
      HSA_ENABLE_SDMA=1
      HSA_ENABLE_PEER_SDMA=1
      LD_PRELOAD=/pfs/lustrep2/scratch/project_465003145/Git/3D_Heat_Benchmark/Final-3/OpenMP/libp2p_copy_shim.so:/scratch/project_465003145/omptarget-p2p/lib/libomp.so:/scratch/project_465003145/omptarget-p2p/lib/libomptarget.so.19.0git
    command: env -u LD_PRELOAD -u HSA_ENABLE_SDMA -u HSA_ENABLE_PEER_SDMA -u OMP_NUM_THREADS -u OMP_THREAD_LIMIT -u OMP_NUM_HIDDEN_HELPER_THREADS -u LIBOMP_USE_HIDDEN_HELPER_TASK -u LIBOMP_NUM_HIDDEN_HELPER_THREADS ROCR_VISIBLE_DEVICES=0\,2\,4\,6 OMP_NUM_THREADS=4 LIBOMP_USE_HIDDEN_HELPER_TASK=1 LIBOMP_NUM_HIDDEN_HELPER_THREADS=8 HSA_ENABLE_SDMA=1 HSA_ENABLE_PEER_SDMA=1 LD_PRELOAD=/pfs/lustrep2/scratch/project_465003145/Git/3D_Heat_Benchmark/Final-3/OpenMP/libp2p_copy_shim.so:/scratch/project_465003145/omptarget-p2p/lib/libomp.so:/scratch/project_465003145/omptarget-p2p/lib/libomptarget.so.19.0git ./4-omp-stream-omp-p2p 512 0.0001679668
/var/spool/slurmd/job20444193/slurm_script: line 158: 25332 Aborted                 timeout "$TIMEOUT_SEC" "${run_cmd[@]}" > "$stdout_file" 2>&1

**** FOUR GPUS OpenMP Offloading, P2P + 4 HOST THREADS STARTS ****
WARNING: OMP_NUM_HIDDEN_HELPER_THREADS=0 is not set. On clang 18.1.8
         + CUDA 12.8 the asynchronous copies below may fault inside
         __kmpc_barrier. See RUNTIME SETTING in the header.

=== MEMORY ESTIMATE (GLOBAL) ===
Grid size: 512 x 512 x 512 = 134217728 points
Memory per global array: 1.074 GB
================================

=== SIMULATION PARAMETERS ===
Grid size (n):           512
Final time (T):          0.000168
Grid spacing (h):        1.956947e-03
Time step (dt):          3.359335e-07
Kappa_max:               0.950000
Diffusion factor:        4.385965e-02
Estimated timesteps:     ~500
CFL condition (dt/h^2):  0.087719 (should be < 0.5)
==============================

Using OpenMP target devices 0, 1, 2 and 3 of 4
Block sizes: nz0=130, nz1=130, nz2=129, nz3=129

=== MEMORY ESTIMATE (LOCAL PER GPU) ===
GPU0 local bytes per array: 0.273 GB
GPU1 local bytes per array: 0.273 GB
GPU2 local bytes per array: 0.271 GB
GPU3 local bytes per array: 0.271 GB
======================================


=== SIMULATION STARTS ===
AMDGPU fatal error 1: Memory access fault by GPU 10 (agent 0x600c70) at virtual address 0x149d6ce15000. Reasons: Unknown (0)
    -> wall=13.1340s  reported=N/As  status=runtime_error  exit=134

All done.
  Timing CSV : results_h8_20444193_20260730_141620/timings.csv
  Run log    : results_h8_20444193_20260730_141620/run.log
