============================================================
Host       : i20r02c06s10
Job ID     : 521567   Repetition: 1
Timestamp  : 20260805_133100
Results dir: results_sycl_COMPOSITE_521567_20260805_133100
N=512  DT=0.0001679668  STEPS=500  FAMILIES='2 4'  BASELINE=1
ZE_FLAT_DEVICE_HIERARCHY=COMPOSITE  (1 device = whole card, 2 stacks)
ONEAPI_DEVICE_SELECTOR=level_zero:gpu
Compiler   : Intel(R) oneAPI DPC++/C++ Compiler 2024.1.0 (2024.1.0.20240308)
============================================================
[ext_oneapi_level_zero:gpu:0] Intel(R) Level-Zero, Intel(R) Data Center GPU Max 1550 1.3 [1.3.27642]
[ext_oneapi_level_zero:gpu:1] Intel(R) Level-Zero, Intel(R) Data Center GPU Max 1550 1.3 [1.3.27642]
[ext_oneapi_level_zero:gpu:2] Intel(R) Level-Zero, Intel(R) Data Center GPU Max 1550 1.3 [1.3.27642]
[ext_oneapi_level_zero:gpu:3] Intel(R) Level-Zero, Intel(R) Data Center GPU Max 1550 1.3 [1.3.27642]

Starting benchmarks
===========================
N = 512   dt = 0.0001679668
===========================

>>> 1-sycl  gpus=1  ZE_AFFINITY_MASK=0  N=512
    runtime: host threads=1; overlap from SYCL queues
    command: env ZE_FLAT_DEVICE_HIERARCHY=COMPOSITE ZE_AFFINITY_MASK=0 ZE_ENABLE_PCI_ID_DEVICE_ORDER=1 ONEAPI_DEVICE_SELECTOR=level_zero:gpu OMP_NUM_THREADS=1 ./1-sycl 512 0.0001679668

**** ONE GPU CUDA STARTS ****

=== MEMORY ESTIMATE (GLOBAL) ===
Grid size: 512 x 512 x 512 = 134217728 points
Memory per global array: 1.074 GB
================================

=== SIMULATION PARAMETERS ===
Grid size (n):           512
Final time (T):          0.000168
Grid spacing (h):        1.956947e-03
Time step (dt):          3.359335e-07
Kappa_max:               0.950000
Diffusion factor:        4.385965e-02
Estimated timesteps:     ~500
CFL condition (dt/h^2):  0.087719 (should be < 0.5)
==============================

Using CUDA device 0 of 1

=== MEMORY ESTIMATE (LOCAL PER GPU) ===
GPU0 local bytes per array: 1.074 GB
======================================


=== SIMULATION STARTS ===

501 timesteps complete
Time = 2.942664 seconds
=== SIMULATION ENDS ===

**** ONE GPU CUDA FINISHED ****
    -> wall=8.7920s  reported=2.942664s  status=ok  exit=0

>>> 2-sycl  gpus=2  ZE_AFFINITY_MASK=0,1  N=512
    runtime: host threads=1; overlap from SYCL queues
    command: env ZE_FLAT_DEVICE_HIERARCHY=COMPOSITE ZE_AFFINITY_MASK=0\,1 ZE_ENABLE_PCI_ID_DEVICE_ORDER=1 ONEAPI_DEVICE_SELECTOR=level_zero:gpu OMP_NUM_THREADS=1 ./2-sycl 512 0.0001679668

**** TWO GPUS CUDA STARTS ****

=== MEMORY ESTIMATE (GLOBAL) ===
Grid size: 512 x 512 x 512 = 134217728 points
Memory per global array: 1.074 GB
================================

=== SIMULATION PARAMETERS ===
Grid size (n):           512
Final time (T):          0.000168
Grid spacing (h):        1.956947e-03
Time step (dt):          3.359335e-07
Kappa_max:               0.950000
Diffusion factor:        4.385965e-02
Estimated timesteps:     ~500
CFL condition (dt/h^2):  0.087719 (should be < 0.5)
==============================

Using CUDA devices 0 and 1 of 2
Block sizes: nz0=257, nz1=257, mid=255

=== MEMORY ESTIMATE (LOCAL PER GPU) ===
GPU0 local bytes per array: 0.539 GB
GPU1 local bytes per array: 0.539 GB
======================================


=== SIMULATION STARTS ===

501 timesteps complete
Time = 2.186189 seconds
=== SIMULATION ENDS ===

**** TWO GPUS CUDA FINISHED ****
    -> wall=8.0010s  reported=2.186189s  status=ok  exit=0

>>> 2-sycl-stream  gpus=2  ZE_AFFINITY_MASK=0,1  N=512
    runtime: host threads=1; overlap from SYCL queues
    command: env ZE_FLAT_DEVICE_HIERARCHY=COMPOSITE ZE_AFFINITY_MASK=0\,1 ZE_ENABLE_PCI_ID_DEVICE_ORDER=1 ONEAPI_DEVICE_SELECTOR=level_zero:gpu OMP_NUM_THREADS=1 ./2-sycl-stream 512 0.0001679668

**** TWO GPUS CUDA, ASYNC STARTS ****

=== MEMORY ESTIMATE (GLOBAL) ===
Grid size: 512 x 512 x 512 = 134217728 points
Memory per global array: 1.074 GB
================================

=== SIMULATION PARAMETERS ===
Grid size (n):           512
Final time (T):          0.000168
Grid spacing (h):        1.956947e-03
Time step (dt):          3.359335e-07
Kappa_max:               0.950000
Diffusion factor:        4.385965e-02
Estimated timesteps:     ~500
CFL condition (dt/h^2):  0.087719 (should be < 0.5)
==============================

Using CUDA devices 0 and 1 of 2
Block sizes: nz0=257, nz1=257, mid=255

=== MEMORY ESTIMATE (LOCAL PER GPU) ===
GPU0 local bytes per array: 0.539 GB
GPU1 local bytes per array: 0.539 GB
======================================


=== SIMULATION STARTS ===

501 timesteps complete
Time = 2.021875 seconds
=== SIMULATION ENDS ===

**** TWO GPUS CUDA, ASYNC FINISHED ****
    -> wall=7.9120s  reported=2.021875s  status=ok  exit=0

>>> 2-sycl-stream-omp  gpus=2  ZE_AFFINITY_MASK=0,1  N=512
    runtime: explicit host threads=2 (one per card)
    command: env ZE_FLAT_DEVICE_HIERARCHY=COMPOSITE ZE_AFFINITY_MASK=0\,1 ZE_ENABLE_PCI_ID_DEVICE_ORDER=1 ONEAPI_DEVICE_SELECTOR=level_zero:gpu OMP_NUM_THREADS=2 ./2-sycl-stream-omp 512 0.0001679668

**** TWO GPUS CUDA, ASYNC + 2 HOST THREADS STARTS ****

=== MEMORY ESTIMATE (GLOBAL) ===
Grid size: 512 x 512 x 512 = 134217728 points
Memory per global array: 1.074 GB
================================

=== SIMULATION PARAMETERS ===
Grid size (n):           512
Final time (T):          0.000168
Grid spacing (h):        1.956947e-03
Time step (dt):          3.359335e-07
Kappa_max:               0.950000
Diffusion factor:        4.385965e-02
Estimated timesteps:     ~500
CFL condition (dt/h^2):  0.087719 (should be < 0.5)
==============================

Using CUDA devices 0 and 1 of 2
Block sizes: nz0=257, nz1=257, mid=255

=== MEMORY ESTIMATE (LOCAL PER GPU) ===
GPU0 local bytes per array: 0.539 GB
GPU1 local bytes per array: 0.539 GB
======================================


=== SIMULATION STARTS ===

501 timesteps complete
Time = 1.840530 seconds
=== SIMULATION ENDS ===

**** TWO GPUS CUDA, ASYNC + 2 HOST THREADS FINISHED ****
    -> wall=7.9250s  reported=1.840530s  status=ok  exit=0

>>> 2-sycl-stream-omp-p2p  gpus=2  ZE_AFFINITY_MASK=0,1  N=512
    runtime: explicit host threads=2 (one per card)
    command: env ZE_FLAT_DEVICE_HIERARCHY=COMPOSITE ZE_AFFINITY_MASK=0\,1 ZE_ENABLE_PCI_ID_DEVICE_ORDER=1 ONEAPI_DEVICE_SELECTOR=level_zero:gpu OMP_NUM_THREADS=2 ./2-sycl-stream-omp-p2p 512 0.0001679668

**** TWO GPUS CUDA, P2P + 2 HOST THREADS STARTS ****

=== MEMORY ESTIMATE (GLOBAL) ===
Grid size: 512 x 512 x 512 = 134217728 points
Memory per global array: 1.074 GB
================================

=== SIMULATION PARAMETERS ===
Grid size (n):           512
Final time (T):          0.000168
Grid spacing (h):        1.956947e-03
Time step (dt):          3.359335e-07
Kappa_max:               0.950000
Diffusion factor:        4.385965e-02
Estimated timesteps:     ~500
CFL condition (dt/h^2):  0.087719 (should be < 0.5)
==============================

Using CUDA devices 0 and 1 of 2
P2P shim: one shared context over 2 device(s)
WARNING: can_access_peer reports no P2P (GPU 0 <-> GPU 1); known false negative on this toolkit, proceeding.
Native API failed. Native API returns: -59 (PI_ERROR_INVALID_OPERATION) -59 (PI_ERROR_INVALID_OPERATION)
Native API failed. Native API returns: -59 (PI_ERROR_INVALID_OPERATION) -59 (PI_ERROR_INVALID_OPERATION)
P2P enabled between GPU 0 and GPU 1
Block sizes: nz0=257, nz1=257, mid=255

=== MEMORY ESTIMATE (LOCAL PER GPU) ===
GPU0 local bytes per array: 0.539 GB
GPU1 local bytes per array: 0.539 GB
======================================


=== SIMULATION STARTS ===

501 timesteps complete
Time = 1.287546 seconds
=== SIMULATION ENDS ===
Native API failed. Native API returns: -59 (PI_ERROR_INVALID_OPERATION) -59 (PI_ERROR_INVALID_OPERATION)
Native API failed. Native API returns: -59 (PI_ERROR_INVALID_OPERATION) -59 (PI_ERROR_INVALID_OPERATION)

**** TWO GPUS CUDA, P2P + 2 HOST THREADS FINISHED ****
    -> wall=7.4190s  reported=1.287546s  status=ok  exit=0

>>> 4-sycl  gpus=4  ZE_AFFINITY_MASK=0,1,2,3  N=512
    runtime: host threads=1; overlap from SYCL queues
    command: env ZE_FLAT_DEVICE_HIERARCHY=COMPOSITE ZE_AFFINITY_MASK=0\,1\,2\,3 ZE_ENABLE_PCI_ID_DEVICE_ORDER=1 ONEAPI_DEVICE_SELECTOR=level_zero:gpu OMP_NUM_THREADS=1 ./4-sycl 512 0.0001679668

**** FOUR GPUS CUDA STARTS ****

=== MEMORY ESTIMATE (GLOBAL) ===
Grid size: 512 x 512 x 512 = 134217728 points
Memory per global array: 1.074 GB
================================

=== SIMULATION PARAMETERS ===
Grid size (n):           512
Final time (T):          0.000168
Grid spacing (h):        1.956947e-03
Time step (dt):          3.359335e-07
Kappa_max:               0.950000
Diffusion factor:        4.385965e-02
Estimated timesteps:     ~500
CFL condition (dt/h^2):  0.087719 (should be < 0.5)
==============================

Using CUDA devices 0, 1, 2 and 3 of 4
Block sizes: nz0=130, nz1=130, nz2=129, nz3=129

=== MEMORY ESTIMATE (LOCAL PER GPU) ===
GPU0 local bytes per array: 0.273 GB
GPU1 local bytes per array: 0.273 GB
GPU2 local bytes per array: 0.271 GB
GPU3 local bytes per array: 0.271 GB
======================================


=== SIMULATION STARTS ===

501 timesteps complete
Time = 3.870835 seconds
=== SIMULATION ENDS ===

**** FOUR GPUS CUDA FINISHED ****
    -> wall=9.9200s  reported=3.870835s  status=ok  exit=0

>>> 4-sycl-stream  gpus=4  ZE_AFFINITY_MASK=0,1,2,3  N=512
    runtime: host threads=1; overlap from SYCL queues
    command: env ZE_FLAT_DEVICE_HIERARCHY=COMPOSITE ZE_AFFINITY_MASK=0\,1\,2\,3 ZE_ENABLE_PCI_ID_DEVICE_ORDER=1 ONEAPI_DEVICE_SELECTOR=level_zero:gpu OMP_NUM_THREADS=1 ./4-sycl-stream 512 0.0001679668

**** FOUR GPUS CUDA, ASYNC STARTS ****

=== MEMORY ESTIMATE (GLOBAL) ===
Grid size: 512 x 512 x 512 = 134217728 points
Memory per global array: 1.074 GB
================================

=== SIMULATION PARAMETERS ===
Grid size (n):           512
Final time (T):          0.000168
Grid spacing (h):        1.956947e-03
Time step (dt):          3.359335e-07
Kappa_max:               0.950000
Diffusion factor:        4.385965e-02
Estimated timesteps:     ~500
CFL condition (dt/h^2):  0.087719 (should be < 0.5)
==============================

Using CUDA devices 0, 1, 2 and 3 of 4
Block sizes: nz0=130, nz1=130, nz2=129, nz3=129

=== MEMORY ESTIMATE (LOCAL PER GPU) ===
GPU0 local bytes per array: 0.273 GB
GPU1 local bytes per array: 0.273 GB
GPU2 local bytes per array: 0.271 GB
GPU3 local bytes per array: 0.271 GB
======================================


=== SIMULATION STARTS ===

501 timesteps complete
Time = 3.174301 seconds
=== SIMULATION ENDS ===

**** FOUR GPUS CUDA, ASYNC FINISHED ****
    -> wall=9.1820s  reported=3.174301s  status=ok  exit=0

>>> 4-sycl-stream-omp  gpus=4  ZE_AFFINITY_MASK=0,1,2,3  N=512
    runtime: explicit host threads=4 (one per card)
    command: env ZE_FLAT_DEVICE_HIERARCHY=COMPOSITE ZE_AFFINITY_MASK=0\,1\,2\,3 ZE_ENABLE_PCI_ID_DEVICE_ORDER=1 ONEAPI_DEVICE_SELECTOR=level_zero:gpu OMP_NUM_THREADS=4 ./4-sycl-stream-omp 512 0.0001679668

**** FOUR GPUS CUDA, ASYNC + 4 HOST THREADS STARTS ****

=== MEMORY ESTIMATE (GLOBAL) ===
Grid size: 512 x 512 x 512 = 134217728 points
Memory per global array: 1.074 GB
================================

=== SIMULATION PARAMETERS ===
Grid size (n):           512
Final time (T):          0.000168
Grid spacing (h):        1.956947e-03
Time step (dt):          3.359335e-07
Kappa_max:               0.950000
Diffusion factor:        4.385965e-02
Estimated timesteps:     ~500
CFL condition (dt/h^2):  0.087719 (should be < 0.5)
==============================

Using CUDA devices 0, 1, 2 and 3 of 4
Block sizes: nz0=130, nz1=130, nz2=129, nz3=129

=== MEMORY ESTIMATE (LOCAL PER GPU) ===
GPU0 local bytes per array: 0.273 GB
GPU1 local bytes per array: 0.273 GB
GPU2 local bytes per array: 0.271 GB
GPU3 local bytes per array: 0.271 GB
======================================


=== SIMULATION STARTS ===

501 timesteps complete
Time = 2.901834 seconds
=== SIMULATION ENDS ===

**** FOUR GPUS CUDA, ASYNC + 4 HOST THREADS FINISHED ****
    -> wall=9.1580s  reported=2.901834s  status=ok  exit=0

>>> 4-sycl-stream-omp-p2p  gpus=4  ZE_AFFINITY_MASK=0,1,2,3  N=512
    runtime: explicit host threads=4 (one per card)
    command: env ZE_FLAT_DEVICE_HIERARCHY=COMPOSITE ZE_AFFINITY_MASK=0\,1\,2\,3 ZE_ENABLE_PCI_ID_DEVICE_ORDER=1 ONEAPI_DEVICE_SELECTOR=level_zero:gpu OMP_NUM_THREADS=4 ./4-sycl-stream-omp-p2p 512 0.0001679668

**** FOUR GPUS CUDA, P2P + 4 HOST THREADS STARTS ****

=== MEMORY ESTIMATE (GLOBAL) ===
Grid size: 512 x 512 x 512 = 134217728 points
Memory per global array: 1.074 GB
================================

=== SIMULATION PARAMETERS ===
Grid size (n):           512
Final time (T):          0.000168
Grid spacing (h):        1.956947e-03
Time step (dt):          3.359335e-07
Kappa_max:               0.950000
Diffusion factor:        4.385965e-02
Estimated timesteps:     ~500
CFL condition (dt/h^2):  0.087719 (should be < 0.5)
==============================

Using CUDA devices 0, 1, 2 and 3 of 4
P2P shim: one shared context over 4 device(s)
WARNING: can_access_peer reports no P2P (GPU 0 <-> GPU 1); known false negative on this toolkit, proceeding.
Native API failed. Native API returns: -59 (PI_ERROR_INVALID_OPERATION) -59 (PI_ERROR_INVALID_OPERATION)
Native API failed. Native API returns: -59 (PI_ERROR_INVALID_OPERATION) -59 (PI_ERROR_INVALID_OPERATION)
P2P enabled: GPU 0 <-> GPU 1
WARNING: can_access_peer reports no P2P (GPU 1 <-> GPU 2); known false negative on this toolkit, proceeding.
Native API failed. Native API returns: -59 (PI_ERROR_INVALID_OPERATION) -59 (PI_ERROR_INVALID_OPERATION)
Native API failed. Native API returns: -59 (PI_ERROR_INVALID_OPERATION) -59 (PI_ERROR_INVALID_OPERATION)
P2P enabled: GPU 1 <-> GPU 2
WARNING: can_access_peer reports no P2P (GPU 2 <-> GPU 3); known false negative on this toolkit, proceeding.
Native API failed. Native API returns: -59 (PI_ERROR_INVALID_OPERATION) -59 (PI_ERROR_INVALID_OPERATION)
Native API failed. Native API returns: -59 (PI_ERROR_INVALID_OPERATION) -59 (PI_ERROR_INVALID_OPERATION)
P2P enabled: GPU 2 <-> GPU 3
Block sizes: nz0=130, nz1=130, nz2=129, nz3=129

=== MEMORY ESTIMATE (LOCAL PER GPU) ===
GPU0 local bytes per array: 0.273 GB
GPU1 local bytes per array: 0.273 GB
GPU2 local bytes per array: 0.271 GB
GPU3 local bytes per array: 0.271 GB
======================================


=== SIMULATION STARTS ===

501 timesteps complete
Time = 0.769032 seconds
=== SIMULATION ENDS ===
Native API failed. Native API returns: -59 (PI_ERROR_INVALID_OPERATION) -59 (PI_ERROR_INVALID_OPERATION)
Native API failed. Native API returns: -59 (PI_ERROR_INVALID_OPERATION) -59 (PI_ERROR_INVALID_OPERATION)
Native API failed. Native API returns: -59 (PI_ERROR_INVALID_OPERATION) -59 (PI_ERROR_INVALID_OPERATION)
Native API failed. Native API returns: -59 (PI_ERROR_INVALID_OPERATION) -59 (PI_ERROR_INVALID_OPERATION)
Native API failed. Native API returns: -59 (PI_ERROR_INVALID_OPERATION) -59 (PI_ERROR_INVALID_OPERATION)
Native API failed. Native API returns: -59 (PI_ERROR_INVALID_OPERATION) -59 (PI_ERROR_INVALID_OPERATION)

**** FOUR GPUS CUDA, P2P + 4 HOST THREADS FINISHED ****
    -> wall=7.1070s  reported=0.769032s  status=ok  exit=0

All done.
  Timing CSV : results_sycl_COMPOSITE_521567_20260805_133100/timings.csv
  Run log    : results_sycl_COMPOSITE_521567_20260805_133100/run.log
