============================================================
Host               : as07r2b24
Job ID             : 43992068
Repetition         : 2
Timestamp          : 20260730_133953
Results dir        : results_43992068_20260730_133953
N                  : 1280
DT                 : 2.681168e-05
STEPS              : 500
FAMILIES           : '2 4'
BASELINE           : 1
STREAM_HELPERS_2   : 2
STREAM_HELPERS_4   : 4
Compiler           : clang version 18.1.8
============================================================
SLURM_JOB_GPUS=0,1,2,3
CUDA_VISIBLE_DEVICES from Slurm=<unset>
GPU 0: NVIDIA H100 (UUID: GPU-77c7659f-e9e1-95e5-1f6c-cf7ca2e98a6d)
GPU 1: NVIDIA H100 (UUID: GPU-657780c7-8010-97ef-62fb-86586798c335)
GPU 2: NVIDIA H100 (UUID: GPU-38d9adae-e77d-f0c2-37f0-f4842425eccf)
GPU 3: NVIDIA H100 (UUID: GPU-5a399abf-9acf-cc90-c302-6107edad2225)
GPU inventory:
0, NVIDIA H100, GPU-77c7659f-e9e1-95e5-1f6c-cf7ca2e98a6d, 65247 MiB, 535.86.10
1, NVIDIA H100, GPU-657780c7-8010-97ef-62fb-86586798c335, 65247 MiB, 535.86.10
2, NVIDIA H100, GPU-38d9adae-e77d-f0c2-37f0-f4842425eccf, 65247 MiB, 535.86.10
3, NVIDIA H100, GPU-5a399abf-9acf-cc90-c302-6107edad2225, 65247 MiB, 535.86.10
GPU topology:
	[4mGPU0	GPU1	GPU2	GPU3	NIC0	NIC1	NIC2	NIC3	NIC4	NIC5	CPU Affinity	NUMA Affinity	GPU NUMA ID[0m
GPU0	 X 	NV6	NV6	NV6	PXB	SYS	SYS	SYS	SYS	SYS	0-19,80-99	0		N/A
GPU1	NV6	 X 	NV6	NV6	SYS	PXB	NODE	NODE	SYS	SYS	20-39,100-119	1		N/A
GPU2	NV6	NV6	 X 	NV6	SYS	SYS	SYS	SYS	PXB	SYS	40-59,120-139	2		N/A
GPU3	NV6	NV6	NV6	 X 	SYS	SYS	SYS	SYS	SYS	PXB	60-79,140-159	3		N/A
NIC0	PXB	SYS	SYS	SYS	 X 	SYS	SYS	SYS	SYS	SYS				
NIC1	SYS	PXB	SYS	SYS	SYS	 X 	NODE	NODE	SYS	SYS				
NIC2	SYS	NODE	SYS	SYS	SYS	NODE	 X 	PIX	SYS	SYS				
NIC3	SYS	NODE	SYS	SYS	SYS	NODE	PIX	 X 	SYS	SYS				
NIC4	SYS	SYS	PXB	SYS	SYS	SYS	SYS	SYS	 X 	SYS				
NIC5	SYS	SYS	SYS	PXB	SYS	SYS	SYS	SYS	SYS	 X 				

Legend:

  X    = Self
  SYS  = Connection traversing PCIe as well as the SMP interconnect between NUMA nodes (e.g., QPI/UPI)
  NODE = Connection traversing PCIe as well as the interconnect between PCIe Host Bridges within a NUMA node
  PHB  = Connection traversing PCIe as well as a PCIe Host Bridge (typically the CPU)
  PXB  = Connection traversing multiple PCIe bridges (without traversing the PCIe Host Bridge)
  PIX  = Connection traversing at most a single PCIe bridge
  NV#  = Connection traversing a bonded set of # NVLinks

NIC Legend:

  NIC0: mlx5_0
  NIC1: mlx5_1
  NIC2: mlx5_2
  NIC3: mlx5_3
  NIC4: mlx5_4
  NIC5: mlx5_5


Starting benchmarks
===========================
N = 1280   dt = 2.681168e-05
===========================

>>> 1-omp  gpus=1  mask=0  N=1280
    Runtime configuration:
      CUDA_VISIBLE_DEVICES=0
      OMP_NUM_THREADS=1
      LIBOMP_USE_HIDDEN_HELPER_TASK=1
      LIBOMP_NUM_HIDDEN_HELPER_THREADS=1

**** ONE GPU OpenMP Offloading STARTS ****

=== MEMORY ESTIMATE (GLOBAL) ===
Grid size: 1280 x 1280 x 1280 = 2097152000 points
Memory per global array: 16.777 GB
================================

=== SIMULATION PARAMETERS ===
Grid size (n):           1280
Final time (T):          0.000027
Grid spacing (h):        7.818608e-04
Time step (dt):          5.362336e-08
Kappa_max:               0.950000
Diffusion factor:        4.385965e-02
Estimated timesteps:     ~499
CFL condition (dt/h^2):  0.087719 (should be < 0.5)
==============================

Using OpenMP target device 0 of 1

=== MEMORY ESTIMATE (LOCAL PER GPU) ===
GPU0 local bytes per array: 16.777 GB
======================================


=== SIMULATION STARTS ===

500 timesteps complete
Time = 63.709033 seconds
=== SIMULATION ENDS ===

**** ONE GPU OpenMP Offloading FINISHED ****
    -> wall=171.6590s  reported=63.709033s  status=ok

>>> 2-omp  gpus=2  mask=0,1  N=1280
    Runtime configuration:
      CUDA_VISIBLE_DEVICES=0,1
      OMP_NUM_THREADS=1
      LIBOMP_USE_HIDDEN_HELPER_TASK=1
      LIBOMP_NUM_HIDDEN_HELPER_THREADS=2

**** TWO GPUS OpenMP Offloading STARTS ****

=== MEMORY ESTIMATE (GLOBAL) ===
Grid size: 1280 x 1280 x 1280 = 2097152000 points
Memory per global array: 16.777 GB
================================

=== SIMULATION PARAMETERS ===
Grid size (n):           1280
Final time (T):          0.000027
Grid spacing (h):        7.818608e-04
Time step (dt):          5.362336e-08
Kappa_max:               0.950000
Diffusion factor:        4.385965e-02
Estimated timesteps:     ~499
CFL condition (dt/h^2):  0.087719 (should be < 0.5)
==============================

Using OpenMP target devices 0 and 1 of 2
Block sizes: nz0=641, nz1=641, mid=639

=== MEMORY ESTIMATE (LOCAL PER GPU) ===
GPU0 local bytes per array: 8.402 GB
GPU1 local bytes per array: 8.402 GB
======================================


=== SIMULATION STARTS ===

500 timesteps complete
Time = 33.944117 seconds
=== SIMULATION ENDS ===

**** TWO GPUS OpenMP Offloading FINISHED ****
    -> wall=145.3720s  reported=33.944117s  status=ok

>>> 2-omp-stream  gpus=2  mask=0,1  N=1280
    Runtime configuration:
      CUDA_VISIBLE_DEVICES=0,1
      OMP_NUM_THREADS=1
      LIBOMP_USE_HIDDEN_HELPER_TASK=1
      LIBOMP_NUM_HIDDEN_HELPER_THREADS=2

**** TWO GPUS OpenMP Offloading, ASYNC STARTS ****

=== MEMORY ESTIMATE (GLOBAL) ===
Grid size: 1280 x 1280 x 1280 = 2097152000 points
Memory per global array: 16.777 GB
================================

=== SIMULATION PARAMETERS ===
Grid size (n):           1280
Final time (T):          0.000027
Grid spacing (h):        7.818608e-04
Time step (dt):          5.362336e-08
Kappa_max:               0.950000
Diffusion factor:        4.385965e-02
Estimated timesteps:     ~499
CFL condition (dt/h^2):  0.087719 (should be < 0.5)
==============================

Using OpenMP target devices 0 and 1 of 2
Block sizes: nz0=641, nz1=641, mid=639

=== MEMORY ESTIMATE (LOCAL PER GPU) ===
GPU0 local bytes per array: 8.402 GB
GPU1 local bytes per array: 8.402 GB
======================================


=== SIMULATION STARTS ===

500 timesteps complete
Time = 31.413899 seconds
=== SIMULATION ENDS ===

**** TWO GPUS OpenMP Offloading, ASYNC FINISHED ****
    -> wall=143.3950s  reported=31.413899s  status=ok

>>> 2-omp-stream-omp  gpus=2  mask=0,1  N=1280
    Runtime configuration:
      CUDA_VISIBLE_DEVICES=0,1
      OMP_NUM_THREADS=2
      LIBOMP_USE_HIDDEN_HELPER_TASK=1
      LIBOMP_NUM_HIDDEN_HELPER_THREADS=2

**** TWO GPUS OpenMP Offloading, ASYNC + 2 HOST THREADS STARTS ****

=== MEMORY ESTIMATE (GLOBAL) ===
Grid size: 1280 x 1280 x 1280 = 2097152000 points
Memory per global array: 16.777 GB
================================

=== SIMULATION PARAMETERS ===
Grid size (n):           1280
Final time (T):          0.000027
Grid spacing (h):        7.818608e-04
Time step (dt):          5.362336e-08
Kappa_max:               0.950000
Diffusion factor:        4.385965e-02
Estimated timesteps:     ~499
CFL condition (dt/h^2):  0.087719 (should be < 0.5)
==============================

Using OpenMP target devices 0 and 1 of 2
Block sizes: nz0=641, nz1=641, mid=639

=== MEMORY ESTIMATE (LOCAL PER GPU) ===
GPU0 local bytes per array: 8.402 GB
GPU1 local bytes per array: 8.402 GB
======================================


=== SIMULATION STARTS ===

500 timesteps complete
Time = 31.715845 seconds
=== SIMULATION ENDS ===

**** TWO GPUS OpenMP Offloading, ASYNC + 2 HOST THREADS FINISHED ****
    -> wall=141.2580s  reported=31.715845s  status=ok

>>> 2-omp-stream-omp-p2p  gpus=2  mask=0,1  N=1280
    Runtime configuration:
      CUDA_VISIBLE_DEVICES=0,1
      OMP_NUM_THREADS=2
      LIBOMP_USE_HIDDEN_HELPER_TASK=1
      LIBOMP_NUM_HIDDEN_HELPER_THREADS=2

**** TWO GPUS OpenMP Offloading, P2P + 2 HOST THREADS STARTS ****

=== MEMORY ESTIMATE (GLOBAL) ===
Grid size: 1280 x 1280 x 1280 = 2097152000 points
Memory per global array: 16.777 GB
================================

=== SIMULATION PARAMETERS ===
Grid size (n):           1280
Final time (T):          0.000027
Grid spacing (h):        7.818608e-04
Time step (dt):          5.362336e-08
Kappa_max:               0.950000
Diffusion factor:        4.385965e-02
Estimated timesteps:     ~499
CFL condition (dt/h^2):  0.087719 (should be < 0.5)
==============================

Using OpenMP target devices 0 and 1 of 2
Block sizes: nz0=641, nz1=641, mid=639

=== MEMORY ESTIMATE (LOCAL PER GPU) ===
GPU0 local bytes per array: 8.402 GB
GPU1 local bytes per array: 8.402 GB
======================================


=== SIMULATION STARTS ===

500 timesteps complete
Time = 31.463849 seconds
=== SIMULATION ENDS ===

**** TWO GPUS OpenMP Offloading, P2P + 2 HOST THREADS FINISHED ****
    -> wall=141.4070s  reported=31.463849s  status=ok

>>> 4-omp  gpus=4  mask=0,1,2,3  N=1280
    Runtime configuration:
      CUDA_VISIBLE_DEVICES=0,1,2,3
      OMP_NUM_THREADS=1
      LIBOMP_USE_HIDDEN_HELPER_TASK=1
      LIBOMP_NUM_HIDDEN_HELPER_THREADS=4

**** FOUR GPUS OpenMP Offloading STARTS ****

=== MEMORY ESTIMATE (GLOBAL) ===
Grid size: 1280 x 1280 x 1280 = 2097152000 points
Memory per global array: 16.777 GB
================================

=== SIMULATION PARAMETERS ===
Grid size (n):           1280
Final time (T):          0.000027
Grid spacing (h):        7.818608e-04
Time step (dt):          5.362336e-08
Kappa_max:               0.950000
Diffusion factor:        4.385965e-02
Estimated timesteps:     ~499
CFL condition (dt/h^2):  0.087719 (should be < 0.5)
==============================

Using OpenMP target devices 0, 1, 2 and 3 of 4
Block sizes: nz0=322, nz1=322, nz2=321, nz3=321

=== MEMORY ESTIMATE (LOCAL PER GPU) ===
GPU0 local bytes per array: 4.221 GB
GPU1 local bytes per array: 4.221 GB
GPU2 local bytes per array: 4.207 GB
GPU3 local bytes per array: 4.207 GB
======================================


=== SIMULATION STARTS ===

500 timesteps complete
Time = 22.005382 seconds
=== SIMULATION ENDS ===

**** FOUR GPUS OpenMP Offloading FINISHED ****
    -> wall=134.2430s  reported=22.005382s  status=ok

>>> 4-omp-stream  gpus=4  mask=0,1,2,3  N=1280
    Runtime configuration:
      CUDA_VISIBLE_DEVICES=0,1,2,3
      OMP_NUM_THREADS=1
      LIBOMP_USE_HIDDEN_HELPER_TASK=1
      LIBOMP_NUM_HIDDEN_HELPER_THREADS=4

**** FOUR GPUS OpenMP Offloading, ASYNC STARTS ****

=== MEMORY ESTIMATE (GLOBAL) ===
Grid size: 1280 x 1280 x 1280 = 2097152000 points
Memory per global array: 16.777 GB
================================

=== SIMULATION PARAMETERS ===
Grid size (n):           1280
Final time (T):          0.000027
Grid spacing (h):        7.818608e-04
Time step (dt):          5.362336e-08
Kappa_max:               0.950000
Diffusion factor:        4.385965e-02
Estimated timesteps:     ~499
CFL condition (dt/h^2):  0.087719 (should be < 0.5)
==============================

Using OpenMP target devices 0, 1, 2 and 3 of 4
Block sizes: nz0=322, nz1=322, nz2=321, nz3=321

=== MEMORY ESTIMATE (LOCAL PER GPU) ===
GPU0 local bytes per array: 4.221 GB
GPU1 local bytes per array: 4.221 GB
GPU2 local bytes per array: 4.207 GB
GPU3 local bytes per array: 4.207 GB
======================================


=== SIMULATION STARTS ===

500 timesteps complete
Time = 15.303423 seconds
=== SIMULATION ENDS ===

**** FOUR GPUS OpenMP Offloading, ASYNC FINISHED ****
    -> wall=127.7670s  reported=15.303423s  status=ok

>>> 4-omp-stream-omp  gpus=4  mask=0,1,2,3  N=1280
    Runtime configuration:
      CUDA_VISIBLE_DEVICES=0,1,2,3
      OMP_NUM_THREADS=4
      LIBOMP_USE_HIDDEN_HELPER_TASK=1
      LIBOMP_NUM_HIDDEN_HELPER_THREADS=4

**** FOUR GPUS OpenMP Offloading, ASYNC + 4 HOST THREADS STARTS ****

=== MEMORY ESTIMATE (GLOBAL) ===
Grid size: 1280 x 1280 x 1280 = 2097152000 points
Memory per global array: 16.777 GB
================================

=== SIMULATION PARAMETERS ===
Grid size (n):           1280
Final time (T):          0.000027
Grid spacing (h):        7.818608e-04
Time step (dt):          5.362336e-08
Kappa_max:               0.950000
Diffusion factor:        4.385965e-02
Estimated timesteps:     ~499
CFL condition (dt/h^2):  0.087719 (should be < 0.5)
==============================

Using OpenMP target devices 0, 1, 2 and 3 of 4
Block sizes: nz0=322, nz1=322, nz2=321, nz3=321

=== MEMORY ESTIMATE (LOCAL PER GPU) ===
GPU0 local bytes per array: 4.221 GB
GPU1 local bytes per array: 4.221 GB
GPU2 local bytes per array: 4.207 GB
GPU3 local bytes per array: 4.207 GB
======================================


=== SIMULATION STARTS ===

500 timesteps complete
Time = 15.898806 seconds
=== SIMULATION ENDS ===

**** FOUR GPUS OpenMP Offloading, ASYNC + 4 HOST THREADS FINISHED ****
    -> wall=127.3180s  reported=15.898806s  status=ok

>>> 4-omp-stream-omp-p2p  gpus=4  mask=0,1,2,3  N=1280
    Runtime configuration:
      CUDA_VISIBLE_DEVICES=0,1,2,3
      OMP_NUM_THREADS=4
      LIBOMP_USE_HIDDEN_HELPER_TASK=1
      LIBOMP_NUM_HIDDEN_HELPER_THREADS=4

**** FOUR GPUS OpenMP Offloading, P2P + 4 HOST THREADS STARTS ****

=== MEMORY ESTIMATE (GLOBAL) ===
Grid size: 1280 x 1280 x 1280 = 2097152000 points
Memory per global array: 16.777 GB
================================

=== SIMULATION PARAMETERS ===
Grid size (n):           1280
Final time (T):          0.000027
Grid spacing (h):        7.818608e-04
Time step (dt):          5.362336e-08
Kappa_max:               0.950000
Diffusion factor:        4.385965e-02
Estimated timesteps:     ~499
CFL condition (dt/h^2):  0.087719 (should be < 0.5)
==============================

Using OpenMP target devices 0, 1, 2 and 3 of 4
Block sizes: nz0=322, nz1=322, nz2=321, nz3=321

=== MEMORY ESTIMATE (LOCAL PER GPU) ===
GPU0 local bytes per array: 4.221 GB
GPU1 local bytes per array: 4.221 GB
GPU2 local bytes per array: 4.207 GB
GPU3 local bytes per array: 4.207 GB
======================================


=== SIMULATION STARTS ===

500 timesteps complete
Time = 15.439150 seconds
=== SIMULATION ENDS ===

**** FOUR GPUS OpenMP Offloading, P2P + 4 HOST THREADS FINISHED ****
    -> wall=128.5200s  reported=15.439150s  status=ok

All done.
  Timing CSV : results_43992068_20260730_133953/timings.csv
  Run log    : results_43992068_20260730_133953/run.log
