============================================================
Host       : i20r03c02s10
Job ID     : 521608   Repetition: 3
Timestamp  : 20260805_135123
Results dir: results_sycl_COMPOSITE_521608_20260805_135123
N=1280  DT=2.681168e-05  STEPS=500  FAMILIES='2 4'  BASELINE=1
ZE_FLAT_DEVICE_HIERARCHY=COMPOSITE  (1 device = whole card, 2 stacks)
ONEAPI_DEVICE_SELECTOR=level_zero:gpu
Compiler   : Intel(R) oneAPI DPC++/C++ Compiler 2024.1.0 (2024.1.0.20240308)
============================================================
[ext_oneapi_level_zero:gpu:0] Intel(R) Level-Zero, Intel(R) Data Center GPU Max 1550 1.3 [1.3.27642]
[ext_oneapi_level_zero:gpu:1] Intel(R) Level-Zero, Intel(R) Data Center GPU Max 1550 1.3 [1.3.27642]
[ext_oneapi_level_zero:gpu:2] Intel(R) Level-Zero, Intel(R) Data Center GPU Max 1550 1.3 [1.3.27642]
[ext_oneapi_level_zero:gpu:3] Intel(R) Level-Zero, Intel(R) Data Center GPU Max 1550 1.3 [1.3.27642]

Starting benchmarks
===========================
N = 1280   dt = 2.681168e-05
===========================

>>> 1-sycl  gpus=1  ZE_AFFINITY_MASK=0  N=1280
    runtime: host threads=1; overlap from SYCL queues
    command: env ZE_FLAT_DEVICE_HIERARCHY=COMPOSITE ZE_AFFINITY_MASK=0 ZE_ENABLE_PCI_ID_DEVICE_ORDER=1 ONEAPI_DEVICE_SELECTOR=level_zero:gpu OMP_NUM_THREADS=1 ./1-sycl 1280 2.681168e-05

**** ONE GPU CUDA STARTS ****

=== MEMORY ESTIMATE (GLOBAL) ===
Grid size: 1280 x 1280 x 1280 = 2097152000 points
Memory per global array: 16.777 GB
================================

=== SIMULATION PARAMETERS ===
Grid size (n):           1280
Final time (T):          0.000027
Grid spacing (h):        7.818608e-04
Time step (dt):          5.362336e-08
Kappa_max:               0.950000
Diffusion factor:        4.385965e-02
Estimated timesteps:     ~499
CFL condition (dt/h^2):  0.087719 (should be < 0.5)
==============================

Using CUDA device 0 of 1

=== MEMORY ESTIMATE (LOCAL PER GPU) ===
GPU0 local bytes per array: 16.777 GB
======================================


=== SIMULATION STARTS ===

500 timesteps complete
Time = 38.912525 seconds
=== SIMULATION ENDS ===

**** ONE GPU CUDA FINISHED ****
    -> wall=127.2760s  reported=38.912525s  status=ok  exit=0

>>> 2-sycl  gpus=2  ZE_AFFINITY_MASK=0,1  N=1280
    runtime: host threads=1; overlap from SYCL queues
    command: env ZE_FLAT_DEVICE_HIERARCHY=COMPOSITE ZE_AFFINITY_MASK=0\,1 ZE_ENABLE_PCI_ID_DEVICE_ORDER=1 ONEAPI_DEVICE_SELECTOR=level_zero:gpu OMP_NUM_THREADS=1 ./2-sycl 1280 2.681168e-05

**** TWO GPUS CUDA STARTS ****

=== MEMORY ESTIMATE (GLOBAL) ===
Grid size: 1280 x 1280 x 1280 = 2097152000 points
Memory per global array: 16.777 GB
================================

=== SIMULATION PARAMETERS ===
Grid size (n):           1280
Final time (T):          0.000027
Grid spacing (h):        7.818608e-04
Time step (dt):          5.362336e-08
Kappa_max:               0.950000
Diffusion factor:        4.385965e-02
Estimated timesteps:     ~499
CFL condition (dt/h^2):  0.087719 (should be < 0.5)
==============================

Using CUDA devices 0 and 1 of 2
Block sizes: nz0=641, nz1=641, mid=639

=== MEMORY ESTIMATE (LOCAL PER GPU) ===
GPU0 local bytes per array: 8.402 GB
GPU1 local bytes per array: 8.402 GB
======================================


=== SIMULATION STARTS ===

500 timesteps complete
Time = 21.936352 seconds
=== SIMULATION ENDS ===

**** TWO GPUS CUDA FINISHED ****
    -> wall=108.3280s  reported=21.936352s  status=ok  exit=0

>>> 2-sycl-stream  gpus=2  ZE_AFFINITY_MASK=0,1  N=1280
    runtime: host threads=1; overlap from SYCL queues
    command: env ZE_FLAT_DEVICE_HIERARCHY=COMPOSITE ZE_AFFINITY_MASK=0\,1 ZE_ENABLE_PCI_ID_DEVICE_ORDER=1 ONEAPI_DEVICE_SELECTOR=level_zero:gpu OMP_NUM_THREADS=1 ./2-sycl-stream 1280 2.681168e-05

**** TWO GPUS CUDA, ASYNC STARTS ****

=== MEMORY ESTIMATE (GLOBAL) ===
Grid size: 1280 x 1280 x 1280 = 2097152000 points
Memory per global array: 16.777 GB
================================

=== SIMULATION PARAMETERS ===
Grid size (n):           1280
Final time (T):          0.000027
Grid spacing (h):        7.818608e-04
Time step (dt):          5.362336e-08
Kappa_max:               0.950000
Diffusion factor:        4.385965e-02
Estimated timesteps:     ~499
CFL condition (dt/h^2):  0.087719 (should be < 0.5)
==============================

Using CUDA devices 0 and 1 of 2
Block sizes: nz0=641, nz1=641, mid=639

=== MEMORY ESTIMATE (LOCAL PER GPU) ===
GPU0 local bytes per array: 8.402 GB
GPU1 local bytes per array: 8.402 GB
======================================


=== SIMULATION STARTS ===

500 timesteps complete
Time = 21.235031 seconds
=== SIMULATION ENDS ===

**** TWO GPUS CUDA, ASYNC FINISHED ****
    -> wall=107.5290s  reported=21.235031s  status=ok  exit=0

>>> 2-sycl-stream-omp  gpus=2  ZE_AFFINITY_MASK=0,1  N=1280
    runtime: explicit host threads=2 (one per card)
    command: env ZE_FLAT_DEVICE_HIERARCHY=COMPOSITE ZE_AFFINITY_MASK=0\,1 ZE_ENABLE_PCI_ID_DEVICE_ORDER=1 ONEAPI_DEVICE_SELECTOR=level_zero:gpu OMP_NUM_THREADS=2 ./2-sycl-stream-omp 1280 2.681168e-05

**** TWO GPUS CUDA, ASYNC + 2 HOST THREADS STARTS ****

=== MEMORY ESTIMATE (GLOBAL) ===
Grid size: 1280 x 1280 x 1280 = 2097152000 points
Memory per global array: 16.777 GB
================================

=== SIMULATION PARAMETERS ===
Grid size (n):           1280
Final time (T):          0.000027
Grid spacing (h):        7.818608e-04
Time step (dt):          5.362336e-08
Kappa_max:               0.950000
Diffusion factor:        4.385965e-02
Estimated timesteps:     ~499
CFL condition (dt/h^2):  0.087719 (should be < 0.5)
==============================

Using CUDA devices 0 and 1 of 2
Block sizes: nz0=641, nz1=641, mid=639

=== MEMORY ESTIMATE (LOCAL PER GPU) ===
GPU0 local bytes per array: 8.402 GB
GPU1 local bytes per array: 8.402 GB
======================================


=== SIMULATION STARTS ===

500 timesteps complete
Time = 21.513757 seconds
=== SIMULATION ENDS ===

**** TWO GPUS CUDA, ASYNC + 2 HOST THREADS FINISHED ****
    -> wall=108.1580s  reported=21.513757s  status=ok  exit=0

>>> 2-sycl-stream-omp-p2p  gpus=2  ZE_AFFINITY_MASK=0,1  N=1280
    runtime: explicit host threads=2 (one per card)
    command: env ZE_FLAT_DEVICE_HIERARCHY=COMPOSITE ZE_AFFINITY_MASK=0\,1 ZE_ENABLE_PCI_ID_DEVICE_ORDER=1 ONEAPI_DEVICE_SELECTOR=level_zero:gpu OMP_NUM_THREADS=2 ./2-sycl-stream-omp-p2p 1280 2.681168e-05

**** TWO GPUS CUDA, P2P + 2 HOST THREADS STARTS ****

=== MEMORY ESTIMATE (GLOBAL) ===
Grid size: 1280 x 1280 x 1280 = 2097152000 points
Memory per global array: 16.777 GB
================================

=== SIMULATION PARAMETERS ===
Grid size (n):           1280
Final time (T):          0.000027
Grid spacing (h):        7.818608e-04
Time step (dt):          5.362336e-08
Kappa_max:               0.950000
Diffusion factor:        4.385965e-02
Estimated timesteps:     ~499
CFL condition (dt/h^2):  0.087719 (should be < 0.5)
==============================

Using CUDA devices 0 and 1 of 2
P2P shim: one shared context over 2 device(s)
WARNING: can_access_peer reports no P2P (GPU 0 <-> GPU 1); known false negative on this toolkit, proceeding.
Native API failed. Native API returns: -59 (PI_ERROR_INVALID_OPERATION) -59 (PI_ERROR_INVALID_OPERATION)
Native API failed. Native API returns: -59 (PI_ERROR_INVALID_OPERATION) -59 (PI_ERROR_INVALID_OPERATION)
P2P enabled between GPU 0 and GPU 1
Block sizes: nz0=641, nz1=641, mid=639

=== MEMORY ESTIMATE (LOCAL PER GPU) ===
GPU0 local bytes per array: 8.402 GB
GPU1 local bytes per array: 8.402 GB
======================================


=== SIMULATION STARTS ===

500 timesteps complete
Time = 20.395350 seconds
=== SIMULATION ENDS ===
Native API failed. Native API returns: -59 (PI_ERROR_INVALID_OPERATION) -59 (PI_ERROR_INVALID_OPERATION)
Native API failed. Native API returns: -59 (PI_ERROR_INVALID_OPERATION) -59 (PI_ERROR_INVALID_OPERATION)

**** TWO GPUS CUDA, P2P + 2 HOST THREADS FINISHED ****
    -> wall=109.7010s  reported=20.395350s  status=ok  exit=0

>>> 4-sycl  gpus=4  ZE_AFFINITY_MASK=0,1,2,3  N=1280
    runtime: host threads=1; overlap from SYCL queues
    command: env ZE_FLAT_DEVICE_HIERARCHY=COMPOSITE ZE_AFFINITY_MASK=0\,1\,2\,3 ZE_ENABLE_PCI_ID_DEVICE_ORDER=1 ONEAPI_DEVICE_SELECTOR=level_zero:gpu OMP_NUM_THREADS=1 ./4-sycl 1280 2.681168e-05

**** FOUR GPUS CUDA STARTS ****

=== MEMORY ESTIMATE (GLOBAL) ===
Grid size: 1280 x 1280 x 1280 = 2097152000 points
Memory per global array: 16.777 GB
================================

=== SIMULATION PARAMETERS ===
Grid size (n):           1280
Final time (T):          0.000027
Grid spacing (h):        7.818608e-04
Time step (dt):          5.362336e-08
Kappa_max:               0.950000
Diffusion factor:        4.385965e-02
Estimated timesteps:     ~499
CFL condition (dt/h^2):  0.087719 (should be < 0.5)
==============================

Using CUDA devices 0, 1, 2 and 3 of 4
Block sizes: nz0=322, nz1=322, nz2=321, nz3=321

=== MEMORY ESTIMATE (LOCAL PER GPU) ===
GPU0 local bytes per array: 4.221 GB
GPU1 local bytes per array: 4.221 GB
GPU2 local bytes per array: 4.207 GB
GPU3 local bytes per array: 4.207 GB
======================================


=== SIMULATION STARTS ===

500 timesteps complete
Time = 16.249163 seconds
=== SIMULATION ENDS ===

**** FOUR GPUS CUDA FINISHED ****
    -> wall=103.8230s  reported=16.249163s  status=ok  exit=0

>>> 4-sycl-stream  gpus=4  ZE_AFFINITY_MASK=0,1,2,3  N=1280
    runtime: host threads=1; overlap from SYCL queues
    command: env ZE_FLAT_DEVICE_HIERARCHY=COMPOSITE ZE_AFFINITY_MASK=0\,1\,2\,3 ZE_ENABLE_PCI_ID_DEVICE_ORDER=1 ONEAPI_DEVICE_SELECTOR=level_zero:gpu OMP_NUM_THREADS=1 ./4-sycl-stream 1280 2.681168e-05

**** FOUR GPUS CUDA, ASYNC STARTS ****

=== MEMORY ESTIMATE (GLOBAL) ===
Grid size: 1280 x 1280 x 1280 = 2097152000 points
Memory per global array: 16.777 GB
================================

=== SIMULATION PARAMETERS ===
Grid size (n):           1280
Final time (T):          0.000027
Grid spacing (h):        7.818608e-04
Time step (dt):          5.362336e-08
Kappa_max:               0.950000
Diffusion factor:        4.385965e-02
Estimated timesteps:     ~499
CFL condition (dt/h^2):  0.087719 (should be < 0.5)
==============================

Using CUDA devices 0, 1, 2 and 3 of 4
Block sizes: nz0=322, nz1=322, nz2=321, nz3=321

=== MEMORY ESTIMATE (LOCAL PER GPU) ===
GPU0 local bytes per array: 4.221 GB
GPU1 local bytes per array: 4.221 GB
GPU2 local bytes per array: 4.207 GB
GPU3 local bytes per array: 4.207 GB
======================================


=== SIMULATION STARTS ===

500 timesteps complete
Time = 13.978032 seconds
=== SIMULATION ENDS ===

**** FOUR GPUS CUDA, ASYNC FINISHED ****
    -> wall=101.1480s  reported=13.978032s  status=ok  exit=0

>>> 4-sycl-stream-omp  gpus=4  ZE_AFFINITY_MASK=0,1,2,3  N=1280
    runtime: explicit host threads=4 (one per card)
    command: env ZE_FLAT_DEVICE_HIERARCHY=COMPOSITE ZE_AFFINITY_MASK=0\,1\,2\,3 ZE_ENABLE_PCI_ID_DEVICE_ORDER=1 ONEAPI_DEVICE_SELECTOR=level_zero:gpu OMP_NUM_THREADS=4 ./4-sycl-stream-omp 1280 2.681168e-05

**** FOUR GPUS CUDA, ASYNC + 4 HOST THREADS STARTS ****

=== MEMORY ESTIMATE (GLOBAL) ===
Grid size: 1280 x 1280 x 1280 = 2097152000 points
Memory per global array: 16.777 GB
================================

=== SIMULATION PARAMETERS ===
Grid size (n):           1280
Final time (T):          0.000027
Grid spacing (h):        7.818608e-04
Time step (dt):          5.362336e-08
Kappa_max:               0.950000
Diffusion factor:        4.385965e-02
Estimated timesteps:     ~499
CFL condition (dt/h^2):  0.087719 (should be < 0.5)
==============================

Using CUDA devices 0, 1, 2 and 3 of 4
Block sizes: nz0=322, nz1=322, nz2=321, nz3=321

=== MEMORY ESTIMATE (LOCAL PER GPU) ===
GPU0 local bytes per array: 4.221 GB
GPU1 local bytes per array: 4.221 GB
GPU2 local bytes per array: 4.207 GB
GPU3 local bytes per array: 4.207 GB
======================================


=== SIMULATION STARTS ===

500 timesteps complete
Time = 13.441715 seconds
=== SIMULATION ENDS ===

**** FOUR GPUS CUDA, ASYNC + 4 HOST THREADS FINISHED ****
    -> wall=104.1360s  reported=13.441715s  status=ok  exit=0

>>> 4-sycl-stream-omp-p2p  gpus=4  ZE_AFFINITY_MASK=0,1,2,3  N=1280
    runtime: explicit host threads=4 (one per card)
    command: env ZE_FLAT_DEVICE_HIERARCHY=COMPOSITE ZE_AFFINITY_MASK=0\,1\,2\,3 ZE_ENABLE_PCI_ID_DEVICE_ORDER=1 ONEAPI_DEVICE_SELECTOR=level_zero:gpu OMP_NUM_THREADS=4 ./4-sycl-stream-omp-p2p 1280 2.681168e-05

**** FOUR GPUS CUDA, P2P + 4 HOST THREADS STARTS ****

=== MEMORY ESTIMATE (GLOBAL) ===
Grid size: 1280 x 1280 x 1280 = 2097152000 points
Memory per global array: 16.777 GB
================================

=== SIMULATION PARAMETERS ===
Grid size (n):           1280
Final time (T):          0.000027
Grid spacing (h):        7.818608e-04
Time step (dt):          5.362336e-08
Kappa_max:               0.950000
Diffusion factor:        4.385965e-02
Estimated timesteps:     ~499
CFL condition (dt/h^2):  0.087719 (should be < 0.5)
==============================

Using CUDA devices 0, 1, 2 and 3 of 4
P2P shim: one shared context over 4 device(s)
WARNING: can_access_peer reports no P2P (GPU 0 <-> GPU 1); known false negative on this toolkit, proceeding.
Native API failed. Native API returns: -59 (PI_ERROR_INVALID_OPERATION) -59 (PI_ERROR_INVALID_OPERATION)
Native API failed. Native API returns: -59 (PI_ERROR_INVALID_OPERATION) -59 (PI_ERROR_INVALID_OPERATION)
P2P enabled: GPU 0 <-> GPU 1
WARNING: can_access_peer reports no P2P (GPU 1 <-> GPU 2); known false negative on this toolkit, proceeding.
Native API failed. Native API returns: -59 (PI_ERROR_INVALID_OPERATION) -59 (PI_ERROR_INVALID_OPERATION)
Native API failed. Native API returns: -59 (PI_ERROR_INVALID_OPERATION) -59 (PI_ERROR_INVALID_OPERATION)
P2P enabled: GPU 1 <-> GPU 2
WARNING: can_access_peer reports no P2P (GPU 2 <-> GPU 3); known false negative on this toolkit, proceeding.
Native API failed. Native API returns: -59 (PI_ERROR_INVALID_OPERATION) -59 (PI_ERROR_INVALID_OPERATION)
Native API failed. Native API returns: -59 (PI_ERROR_INVALID_OPERATION) -59 (PI_ERROR_INVALID_OPERATION)
P2P enabled: GPU 2 <-> GPU 3
Block sizes: nz0=322, nz1=322, nz2=321, nz3=321

=== MEMORY ESTIMATE (LOCAL PER GPU) ===
GPU0 local bytes per array: 4.221 GB
GPU1 local bytes per array: 4.221 GB
GPU2 local bytes per array: 4.207 GB
GPU3 local bytes per array: 4.207 GB
======================================


=== SIMULATION STARTS ===

500 timesteps complete
Time = 10.350863 seconds
=== SIMULATION ENDS ===
Native API failed. Native API returns: -59 (PI_ERROR_INVALID_OPERATION) -59 (PI_ERROR_INVALID_OPERATION)
Native API failed. Native API returns: -59 (PI_ERROR_INVALID_OPERATION) -59 (PI_ERROR_INVALID_OPERATION)
Native API failed. Native API returns: -59 (PI_ERROR_INVALID_OPERATION) -59 (PI_ERROR_INVALID_OPERATION)
Native API failed. Native API returns: -59 (PI_ERROR_INVALID_OPERATION) -59 (PI_ERROR_INVALID_OPERATION)
Native API failed. Native API returns: -59 (PI_ERROR_INVALID_OPERATION) -59 (PI_ERROR_INVALID_OPERATION)
Native API failed. Native API returns: -59 (PI_ERROR_INVALID_OPERATION) -59 (PI_ERROR_INVALID_OPERATION)

**** FOUR GPUS CUDA, P2P + 4 HOST THREADS FINISHED ****
    -> wall=101.0140s  reported=10.350863s  status=ok  exit=0

All done.
  Timing CSV : results_sycl_COMPOSITE_521608_20260805_135123/timings.csv
  Run log    : results_sycl_COMPOSITE_521608_20260805_135123/run.log
