============================================================
Host               : as03r4b31
Job ID             : 45855302
Repetition         : 5
Timestamp          : 20260914_143557
Results dir        : results_45855302_20260914_143557
N                  : 1408
DT                 : 2.215527e-05
STEPS              : 500
FAMILIES           : '2 4'
BASELINE           : 0
STREAM_HELPERS_2   : 2
STREAM_HELPERS_4   : 4
Compiler           : clang version 18.1.8
============================================================
SLURM_JOB_GPUS=0,1,2,3
CUDA_VISIBLE_DEVICES from Slurm=<unset>
GPU 0: NVIDIA H100 (UUID: GPU-edceef98-948b-484d-608d-db992fbe23a8)
GPU 1: NVIDIA H100 (UUID: GPU-7f6acd34-e029-54a7-4fc8-4ccdbc2af6b6)
GPU 2: NVIDIA H100 (UUID: GPU-aead8c23-05f2-0969-1ecb-ff4da5cce7e2)
GPU 3: NVIDIA H100 (UUID: GPU-f39eaf68-effb-2362-50eb-8e8ef80da69b)
GPU inventory:
0, NVIDIA H100, GPU-edceef98-948b-484d-608d-db992fbe23a8, 65247 MiB, 595.71.05
1, NVIDIA H100, GPU-7f6acd34-e029-54a7-4fc8-4ccdbc2af6b6, 65247 MiB, 595.71.05
2, NVIDIA H100, GPU-aead8c23-05f2-0969-1ecb-ff4da5cce7e2, 65247 MiB, 595.71.05
3, NVIDIA H100, GPU-f39eaf68-effb-2362-50eb-8e8ef80da69b, 65247 MiB, 595.71.05
GPU topology:
	[4mGPU0	GPU1	GPU2	GPU3	NIC0	NIC1	NIC2	NIC3	NIC4	NIC5	CPU Affinity	NUMA Affinity	GPU NUMA ID[0m
GPU0	 X 	NV6	NV6	NV6	PXB	SYS	SYS	SYS	SYS	SYS	0-19,80-99	0		N/A
GPU1	NV6	 X 	NV6	NV6	SYS	PXB	NODE	NODE	SYS	SYS	20-39,100-119	1		N/A
GPU2	NV6	NV6	 X 	NV6	SYS	SYS	SYS	SYS	PXB	SYS	40-59,120-139	2		N/A
GPU3	NV6	NV6	NV6	 X 	SYS	SYS	SYS	SYS	SYS	PXB	60-79,140-159	3		N/A
NIC0	PXB	SYS	SYS	SYS	 X 	SYS	SYS	SYS	SYS	SYS				
NIC1	SYS	PXB	SYS	SYS	SYS	 X 	NODE	NODE	SYS	SYS				
NIC2	SYS	NODE	SYS	SYS	SYS	NODE	 X 	PIX	SYS	SYS				
NIC3	SYS	NODE	SYS	SYS	SYS	NODE	PIX	 X 	SYS	SYS				
NIC4	SYS	SYS	PXB	SYS	SYS	SYS	SYS	SYS	 X 	SYS				
NIC5	SYS	SYS	SYS	PXB	SYS	SYS	SYS	SYS	SYS	 X 				

Legend:

  X    = Self
  SYS  = Connection traversing PCIe as well as the SMP interconnect between NUMA nodes (e.g., QPI/UPI)
  NODE = Connection traversing PCIe as well as the interconnect between PCIe Host Bridges within a NUMA node
  PHB  = Connection traversing PCIe as well as a PCIe Host Bridge (typically the CPU)
  PXB  = Connection traversing multiple PCIe bridges (without traversing the PCIe Host Bridge)
  PIX  = Connection traversing at most a single PCIe bridge
  NV#  = Connection traversing a bonded set of # NVLinks

NIC Legend:

  NIC0: mlx5_0
  NIC1: mlx5_1
  NIC2: mlx5_2
  NIC3: mlx5_3
  NIC4: mlx5_4
  NIC5: mlx5_5


Starting benchmarks
===========================
N = 1408   dt = 2.215527e-05
===========================

>>> 2-omp-stream-omp-p2p  gpus=2  mask=0,1  N=1408
    Runtime configuration:
      CUDA_VISIBLE_DEVICES=0,1
      OMP_NUM_THREADS=2
      LIBOMP_USE_HIDDEN_HELPER_TASK=1
      LIBOMP_NUM_HIDDEN_HELPER_THREADS=8

**** TWO GPUS OpenMP Offloading, P2P + 2 HOST THREADS STARTS ****

=== MEMORY ESTIMATE (GLOBAL) ===
Grid size: 1408 x 1408 x 1408 = 2791309312 points
Memory per global array: 22.330 GB
================================

=== SIMULATION PARAMETERS ===
Grid size (n):           1408
Final time (T):          0.000022
Grid spacing (h):        7.107321e-04
Time step (dt):          4.431053e-08
Kappa_max:               0.950000
Diffusion factor:        4.385965e-02
Estimated timesteps:     ~500
CFL condition (dt/h^2):  0.087719 (should be < 0.5)
==============================

Using OpenMP target devices 0 and 1 of 2
Block sizes: nz0=705, nz1=705, mid=703

=== MEMORY ESTIMATE (LOCAL PER GPU) ===
GPU0 local bytes per array: 11.181 GB
GPU1 local bytes per array: 11.181 GB
======================================


=== SIMULATION STARTS ===

501 timesteps complete
Time = 45.026926 seconds
=== SIMULATION ENDS ===

**** TWO GPUS OpenMP Offloading, P2P + 2 HOST THREADS FINISHED ****
    -> wall=195.1790s  reported=45.026926s  status=ok

>>> 4-omp-stream-omp-p2p  gpus=4  mask=0,1,2,3  N=1408
    Runtime configuration:
      CUDA_VISIBLE_DEVICES=0,1,2,3
      OMP_NUM_THREADS=4
      LIBOMP_USE_HIDDEN_HELPER_TASK=1
      LIBOMP_NUM_HIDDEN_HELPER_THREADS=8

**** FOUR GPUS OpenMP Offloading, P2P + 4 HOST THREADS STARTS ****

=== MEMORY ESTIMATE (GLOBAL) ===
Grid size: 1408 x 1408 x 1408 = 2791309312 points
Memory per global array: 22.330 GB
================================

=== SIMULATION PARAMETERS ===
Grid size (n):           1408
Final time (T):          0.000022
Grid spacing (h):        7.107321e-04
Time step (dt):          4.431053e-08
Kappa_max:               0.950000
Diffusion factor:        4.385965e-02
Estimated timesteps:     ~500
CFL condition (dt/h^2):  0.087719 (should be < 0.5)
==============================

Using OpenMP target devices 0, 1, 2 and 3 of 4
Block sizes: nz0=354, nz1=354, nz2=353, nz3=353

=== MEMORY ESTIMATE (LOCAL PER GPU) ===
GPU0 local bytes per array: 5.614 GB
GPU1 local bytes per array: 5.614 GB
GPU2 local bytes per array: 5.598 GB
GPU3 local bytes per array: 5.598 GB
======================================


=== SIMULATION STARTS ===

501 timesteps complete
Time = 21.930887 seconds
=== SIMULATION ENDS ===

**** FOUR GPUS OpenMP Offloading, P2P + 4 HOST THREADS FINISHED ****
    -> wall=174.7320s  reported=21.930887s  status=ok

All done.
  Timing CSV : results_45855302_20260914_143557/timings.csv
  Run log    : results_45855302_20260914_143557/run.log
