stty: 'standard input': Inappropriate ioctl for device


Note: You are loading a complete Base and HPC Intel-OneAPI toolkit / environment.
      This will remove any conflicting modules
      already loaded in your environment



Loading intel-toolkit/2024.1.0
  Loading requirement: intel/2024.1.0 intel-mpi/2021.12.0 intel-mkl/2024.1.0
    intel-inspector/2024.1.0 intel-ccl/2021.12.0 intel-dnn/2024.1.0
    intel-itac/2022.1.0 intel-tbb/2021.12.0 intel-ipp/2021.11.0
    intel-dal/2024.2.0 intel-ippcp/2021.11.0 intel-dpl/2022.5.0
    intel-dpct/2024.1.0
============================================================
Host       : i20r05c01s02
Job ID     : 538216   Repetition: 5
Timestamp  : 20260914_151615
Results dir: results_COMPOSITE_h8_538216_20260914_151615
N=1536  DT=1.861437e-05  STEPS=500  FAMILIES='2 4'  BASELINE=0
ZE_FLAT_DEVICE_HIERARCHY=COMPOSITE  (1 device = whole card, 2 stacks)
Hidden helpers for V1/V2 : 8
Compiler   : Intel(R) oneAPI DPC++/C++ Compiler 2024.1.0 (2024.1.0.20240308)
============================================================
[opencl:acc:0] Intel(R) FPGA Emulation Platform for OpenCL(TM), Intel(R) FPGA Emulation Device OpenCL 1.2  [2024.17.3.0.08_160000]
[opencl:cpu:1] Intel(R) OpenCL, Intel(R) Xeon(R) Platinum 8480L OpenCL 3.0 (Build 0) [2024.17.3.0.08_160000]
[opencl:gpu:2] Intel(R) OpenCL Graphics, Intel(R) Data Center GPU Max 1550 OpenCL 3.0 NEO  [23.43.27642.67]
[opencl:gpu:3] Intel(R) OpenCL Graphics, Intel(R) Data Center GPU Max 1550 OpenCL 3.0 NEO  [23.43.27642.67]
[opencl:gpu:4] Intel(R) OpenCL Graphics, Intel(R) Data Center GPU Max 1550 OpenCL 3.0 NEO  [23.43.27642.67]
[opencl:gpu:5] Intel(R) OpenCL Graphics, Intel(R) Data Center GPU Max 1550 OpenCL 3.0 NEO  [23.43.27642.67]
[ext_oneapi_level_zero:gpu:0] Intel(R) Level-Zero, Intel(R) Data Center GPU Max 1550 1.3 [1.3.27642]
[ext_oneapi_level_zero:gpu:1] Intel(R) Level-Zero, Intel(R) Data Center GPU Max 1550 1.3 [1.3.27642]
[ext_oneapi_level_zero:gpu:2] Intel(R) Level-Zero, Intel(R) Data Center GPU Max 1550 1.3 [1.3.27642]
[ext_oneapi_level_zero:gpu:3] Intel(R) Level-Zero, Intel(R) Data Center GPU Max 1550 1.3 [1.3.27642]

Starting benchmarks
===========================
N = 1536   dt = 1.861437e-05   helpers(V1/V2) = 8
===========================

>>> 2-omp-stream-omp-p2p  gpus=2  ZE_AFFINITY_MASK=0,1  N=1536
    runtime: explicit threads=2  helpers=disabled
    command: env -u OMP_THREAD_LIMIT -u LIBOMPTARGET_DEVICES ZE_FLAT_DEVICE_HIERARCHY=COMPOSITE ZE_AFFINITY_MASK=0\,1 OMP_NUM_THREADS=2 LIBOMP_USE_HIDDEN_HELPER_TASK=1 LIBOMP_NUM_HIDDEN_HELPER_THREADS=8 ./2-omp-stream-omp-p2p 1536 1.861437e-05

**** TWO GPUS OpenMP Offloading, P2P + 2 HOST THREADS STARTS ****

=== MEMORY ESTIMATE (GLOBAL) ===
Grid size: 1536 x 1536 x 1536 = 3623878656 points
Memory per global array: 28.991 GB
================================

=== SIMULATION PARAMETERS ===
Grid size (n):           1536
Final time (T):          0.000019
Grid spacing (h):        6.514658e-04
Time step (dt):          3.722874e-08
Kappa_max:               0.950000
Diffusion factor:        4.385965e-02
Estimated timesteps:     ~499
CFL condition (dt/h^2):  0.087719 (should be < 0.5)
==============================

Using OpenMP target devices 0 and 1 of 2
Block sizes: nz0=769, nz1=769, mid=767

=== MEMORY ESTIMATE (LOCAL PER GPU) ===
GPU0 local bytes per array: 14.514 GB
GPU1 local bytes per array: 14.514 GB
======================================


=== SIMULATION STARTS ===

500 timesteps complete
Time = 44.445351 seconds
=== SIMULATION ENDS ===

**** TWO GPUS OpenMP Offloading, P2P + 2 HOST THREADS FINISHED ****
    -> wall=198.5730s  reported=44.445351s  status=ok  exit=0

>>> 4-omp-stream-omp-p2p  gpus=4  ZE_AFFINITY_MASK=0,1,2,3  N=1536
    runtime: explicit threads=4  helpers=disabled
    command: env -u OMP_THREAD_LIMIT -u LIBOMPTARGET_DEVICES ZE_FLAT_DEVICE_HIERARCHY=COMPOSITE ZE_AFFINITY_MASK=0\,1\,2\,3 OMP_NUM_THREADS=4 LIBOMP_USE_HIDDEN_HELPER_TASK=1 LIBOMP_NUM_HIDDEN_HELPER_THREADS=8 ./4-omp-stream-omp-p2p 1536 1.861437e-05

**** FOUR GPUS OpenMP Offloading, P2P + 4 HOST THREADS STARTS ****

=== MEMORY ESTIMATE (GLOBAL) ===
Grid size: 1536 x 1536 x 1536 = 3623878656 points
Memory per global array: 28.991 GB
================================

=== SIMULATION PARAMETERS ===
Grid size (n):           1536
Final time (T):          0.000019
Grid spacing (h):        6.514658e-04
Time step (dt):          3.722874e-08
Kappa_max:               0.950000
Diffusion factor:        4.385965e-02
Estimated timesteps:     ~499
CFL condition (dt/h^2):  0.087719 (should be < 0.5)
==============================

Using OpenMP target devices 0, 1, 2 and 3 of 4
Block sizes: nz0=386, nz1=386, nz2=385, nz3=385

=== MEMORY ESTIMATE (LOCAL PER GPU) ===
GPU0 local bytes per array: 7.286 GB
GPU1 local bytes per array: 7.286 GB
GPU2 local bytes per array: 7.267 GB
GPU3 local bytes per array: 7.267 GB
======================================


=== SIMULATION STARTS ===

500 timesteps complete
Time = 23.097823 seconds
=== SIMULATION ENDS ===

**** FOUR GPUS OpenMP Offloading, P2P + 4 HOST THREADS FINISHED ****
    -> wall=179.4280s  reported=23.097823s  status=ok  exit=0

All done.
  Timing CSV : results_COMPOSITE_h8_538216_20260914_151615/timings.csv
  Run log    : results_COMPOSITE_h8_538216_20260914_151615/run.log
