============================================================
Host       : as02r1b04
Job ID     : 43881656   Repetition: 3
Timestamp  : 20260727_152647
Results dir: results_43881656_20260727_152647
N=512  DT=0.0001679668  STEPS=500  FAMILIES='2 4'  BASELINE=1
USE_SRUN=0
nvcc       : Cuda compilation tools, release 12.8, V12.8.61
============================================================
SLURM_JOB_GPUS=0,1,2,3
CUDA_VISIBLE_DEVICES (from SLURM)=0,1,2,3
GPU 0: NVIDIA H100 (UUID: GPU-0b5014df-1fb4-5632-3de9-0317b30f7fdb)
GPU 1: NVIDIA H100 (UUID: GPU-d631eddd-67b1-e7f1-abdd-6b2b190d87f8)
GPU 2: NVIDIA H100 (UUID: GPU-da3a4859-a839-9a67-df4a-6afd8de66489)
GPU 3: NVIDIA H100 (UUID: GPU-08335ec3-7d5c-0386-e9c4-39693c450044)

Starting benchmarks
===========================
N = 512   dt = 0.0001679668
===========================

>>> 1-cuda  gpus=1  mask=0  N=512

**** ONE GPU CUDA STARTS ****

=== MEMORY ESTIMATE (GLOBAL) ===
Grid size: 512 x 512 x 512 = 134217728 points
Memory per global array: 1.074 GB
================================

=== SIMULATION PARAMETERS ===
Grid size (n):           512
Final time (T):          0.000168
Grid spacing (h):        1.956947e-03
Time step (dt):          3.359335e-07
Kappa_max:               0.950000
Diffusion factor:        4.385965e-02
Estimated timesteps:     ~500
CFL condition (dt/h^2):  0.087719 (should be < 0.5)
==============================

Using CUDA device 0 of 1

=== MEMORY ESTIMATE (LOCAL PER GPU) ===
GPU0 local bytes per array: 1.074 GB
======================================


=== SIMULATION STARTS ===

501 timesteps complete
Time = 1.705408 seconds
=== SIMULATION ENDS ===

**** ONE GPU CUDA FINISHED ****
    -> wall=5.6210s  reported=1.705408s  status=ok
  [GPU mem after run]
0, 2 MiB
1, 2 MiB
2, 2 MiB
3, 2 MiB

>>> 2-cuda  gpus=2  mask=0,1  N=512

**** TWO GPUS CUDA STARTS ****

=== MEMORY ESTIMATE (GLOBAL) ===
Grid size: 512 x 512 x 512 = 134217728 points
Memory per global array: 1.074 GB
================================

=== SIMULATION PARAMETERS ===
Grid size (n):           512
Final time (T):          0.000168
Grid spacing (h):        1.956947e-03
Time step (dt):          3.359335e-07
Kappa_max:               0.950000
Diffusion factor:        4.385965e-02
Estimated timesteps:     ~500
CFL condition (dt/h^2):  0.087719 (should be < 0.5)
==============================

Using CUDA devices 0 and 1 of 2
Block sizes: nz0=257, nz1=257, mid=255

=== MEMORY ESTIMATE (LOCAL PER GPU) ===
GPU0 local bytes per array: 0.539 GB
GPU1 local bytes per array: 0.539 GB
======================================


=== SIMULATION STARTS ===

501 timesteps complete
Time = 1.246477 seconds
=== SIMULATION ENDS ===

**** TWO GPUS CUDA FINISHED ****
    -> wall=5.1840s  reported=1.246477s  status=ok
  [GPU mem after run]
0, 2 MiB
1, 2 MiB
2, 2 MiB
3, 2 MiB

>>> 2-cuda-stream  gpus=2  mask=0,1  N=512

**** TWO GPUS CUDA, ASYNC STARTS ****

=== MEMORY ESTIMATE (GLOBAL) ===
Grid size: 512 x 512 x 512 = 134217728 points
Memory per global array: 1.074 GB
================================

=== SIMULATION PARAMETERS ===
Grid size (n):           512
Final time (T):          0.000168
Grid spacing (h):        1.956947e-03
Time step (dt):          3.359335e-07
Kappa_max:               0.950000
Diffusion factor:        4.385965e-02
Estimated timesteps:     ~500
CFL condition (dt/h^2):  0.087719 (should be < 0.5)
==============================

Using CUDA devices 0 and 1 of 2
Block sizes: nz0=257, nz1=257, mid=255

=== MEMORY ESTIMATE (LOCAL PER GPU) ===
GPU0 local bytes per array: 0.539 GB
GPU1 local bytes per array: 0.539 GB
======================================


=== SIMULATION STARTS ===

501 timesteps complete
Time = 1.250153 seconds
=== SIMULATION ENDS ===

**** TWO GPUS CUDA, ASYNC FINISHED ****
    -> wall=5.2970s  reported=1.250153s  status=ok
  [GPU mem after run]
0, 2 MiB
1, 2 MiB
2, 2 MiB
3, 2 MiB

>>> 2-cuda-stream-omp  gpus=2  mask=0,1  N=512

**** TWO GPUS CUDA, ASYNC + 2 HOST THREADS STARTS ****

=== MEMORY ESTIMATE (GLOBAL) ===
Grid size: 512 x 512 x 512 = 134217728 points
Memory per global array: 1.074 GB
================================

=== SIMULATION PARAMETERS ===
Grid size (n):           512
Final time (T):          0.000168
Grid spacing (h):        1.956947e-03
Time step (dt):          3.359335e-07
Kappa_max:               0.950000
Diffusion factor:        4.385965e-02
Estimated timesteps:     ~500
CFL condition (dt/h^2):  0.087719 (should be < 0.5)
==============================

Using CUDA devices 0 and 1 of 2
Block sizes: nz0=257, nz1=257, mid=255

=== MEMORY ESTIMATE (LOCAL PER GPU) ===
GPU0 local bytes per array: 0.539 GB
GPU1 local bytes per array: 0.539 GB
======================================


=== SIMULATION STARTS ===

501 timesteps complete
Time = 1.070564 seconds
=== SIMULATION ENDS ===

**** TWO GPUS CUDA, ASYNC + 2 HOST THREADS FINISHED ****
    -> wall=5.2140s  reported=1.070564s  status=ok
  [GPU mem after run]
0, 2 MiB
1, 2 MiB
2, 2 MiB
3, 2 MiB

>>> 2-cuda-stream-omp-p2p  gpus=2  mask=0,1  N=512

**** TWO GPUS CUDA, P2P + 2 HOST THREADS STARTS ****

=== MEMORY ESTIMATE (GLOBAL) ===
Grid size: 512 x 512 x 512 = 134217728 points
Memory per global array: 1.074 GB
================================

=== SIMULATION PARAMETERS ===
Grid size (n):           512
Final time (T):          0.000168
Grid spacing (h):        1.956947e-03
Time step (dt):          3.359335e-07
Kappa_max:               0.950000
Diffusion factor:        4.385965e-02
Estimated timesteps:     ~500
CFL condition (dt/h^2):  0.087719 (should be < 0.5)
==============================

Using CUDA devices 0 and 1 of 2
P2P enabled between GPU 0 and GPU 1
Block sizes: nz0=257, nz1=257, mid=255

=== MEMORY ESTIMATE (LOCAL PER GPU) ===
GPU0 local bytes per array: 0.539 GB
GPU1 local bytes per array: 0.539 GB
======================================


=== SIMULATION STARTS ===

501 timesteps complete
Time = 0.854555 seconds
=== SIMULATION ENDS ===

**** TWO GPUS CUDA, P2P + 2 HOST THREADS FINISHED ****
    -> wall=4.9030s  reported=0.854555s  status=ok
  [GPU mem after run]
0, 2 MiB
1, 2 MiB
2, 2 MiB
3, 2 MiB

>>> 4-cuda  gpus=4  mask=0,1,2,3  N=512

**** FOUR GPUS CUDA STARTS ****

=== MEMORY ESTIMATE (GLOBAL) ===
Grid size: 512 x 512 x 512 = 134217728 points
Memory per global array: 1.074 GB
================================

=== SIMULATION PARAMETERS ===
Grid size (n):           512
Final time (T):          0.000168
Grid spacing (h):        1.956947e-03
Time step (dt):          3.359335e-07
Kappa_max:               0.950000
Diffusion factor:        4.385965e-02
Estimated timesteps:     ~500
CFL condition (dt/h^2):  0.087719 (should be < 0.5)
==============================

Using CUDA devices 0, 1, 2 and 3 of 4
Block sizes: nz0=130, nz1=130, nz2=129, nz3=129

=== MEMORY ESTIMATE (LOCAL PER GPU) ===
GPU0 local bytes per array: 0.273 GB
GPU1 local bytes per array: 0.273 GB
GPU2 local bytes per array: 0.271 GB
GPU3 local bytes per array: 0.271 GB
======================================


=== SIMULATION STARTS ===

501 timesteps complete
Time = 1.777789 seconds
=== SIMULATION ENDS ===

**** FOUR GPUS CUDA FINISHED ****
    -> wall=6.3110s  reported=1.777789s  status=ok
  [GPU mem after run]
0, 2 MiB
1, 2 MiB
2, 2 MiB
3, 2 MiB

>>> 4-cuda-stream  gpus=4  mask=0,1,2,3  N=512

**** FOUR GPUS CUDA, ASYNC STARTS ****

=== MEMORY ESTIMATE (GLOBAL) ===
Grid size: 512 x 512 x 512 = 134217728 points
Memory per global array: 1.074 GB
================================

=== SIMULATION PARAMETERS ===
Grid size (n):           512
Final time (T):          0.000168
Grid spacing (h):        1.956947e-03
Time step (dt):          3.359335e-07
Kappa_max:               0.950000
Diffusion factor:        4.385965e-02
Estimated timesteps:     ~500
CFL condition (dt/h^2):  0.087719 (should be < 0.5)
==============================

Using CUDA devices 0, 1, 2 and 3 of 4
Block sizes: nz0=130, nz1=130, nz2=129, nz3=129

=== MEMORY ESTIMATE (LOCAL PER GPU) ===
GPU0 local bytes per array: 0.273 GB
GPU1 local bytes per array: 0.273 GB
GPU2 local bytes per array: 0.271 GB
GPU3 local bytes per array: 0.271 GB
======================================


=== SIMULATION STARTS ===

501 timesteps complete
Time = 1.789384 seconds
=== SIMULATION ENDS ===

**** FOUR GPUS CUDA, ASYNC FINISHED ****
    -> wall=6.4070s  reported=1.789384s  status=ok
  [GPU mem after run]
0, 2 MiB
1, 2 MiB
2, 2 MiB
3, 2 MiB

>>> 4-cuda-stream-omp  gpus=4  mask=0,1,2,3  N=512

**** FOUR GPUS CUDA, ASYNC + 4 HOST THREADS STARTS ****

=== MEMORY ESTIMATE (GLOBAL) ===
Grid size: 512 x 512 x 512 = 134217728 points
Memory per global array: 1.074 GB
================================

=== SIMULATION PARAMETERS ===
Grid size (n):           512
Final time (T):          0.000168
Grid spacing (h):        1.956947e-03
Time step (dt):          3.359335e-07
Kappa_max:               0.950000
Diffusion factor:        4.385965e-02
Estimated timesteps:     ~500
CFL condition (dt/h^2):  0.087719 (should be < 0.5)
==============================

Using CUDA devices 0, 1, 2 and 3 of 4
Block sizes: nz0=130, nz1=130, nz2=129, nz3=129

=== MEMORY ESTIMATE (LOCAL PER GPU) ===
GPU0 local bytes per array: 0.273 GB
GPU1 local bytes per array: 0.273 GB
GPU2 local bytes per array: 0.271 GB
GPU3 local bytes per array: 0.271 GB
======================================


=== SIMULATION STARTS ===

501 timesteps complete
Time = 0.942745 seconds
=== SIMULATION ENDS ===

**** FOUR GPUS CUDA, ASYNC + 4 HOST THREADS FINISHED ****
    -> wall=5.5730s  reported=0.942745s  status=ok
  [GPU mem after run]
0, 2 MiB
1, 2 MiB
2, 2 MiB
3, 2 MiB

>>> 4-cuda-stream-omp-p2p  gpus=4  mask=0,1,2,3  N=512

**** FOUR GPUS CUDA, P2P + 4 HOST THREADS STARTS ****

=== MEMORY ESTIMATE (GLOBAL) ===
Grid size: 512 x 512 x 512 = 134217728 points
Memory per global array: 1.074 GB
================================

=== SIMULATION PARAMETERS ===
Grid size (n):           512
Final time (T):          0.000168
Grid spacing (h):        1.956947e-03
Time step (dt):          3.359335e-07
Kappa_max:               0.950000
Diffusion factor:        4.385965e-02
Estimated timesteps:     ~500
CFL condition (dt/h^2):  0.087719 (should be < 0.5)
==============================

Using CUDA devices 0, 1, 2 and 3 of 4
P2P enabled: GPU 0 <-> GPU 1
P2P enabled: GPU 1 <-> GPU 2
P2P enabled: GPU 2 <-> GPU 3
Block sizes: nz0=130, nz1=130, nz2=129, nz3=129

=== MEMORY ESTIMATE (LOCAL PER GPU) ===
GPU0 local bytes per array: 0.273 GB
GPU1 local bytes per array: 0.273 GB
GPU2 local bytes per array: 0.271 GB
GPU3 local bytes per array: 0.271 GB
======================================


=== SIMULATION STARTS ===

501 timesteps complete
Time = 0.467629 seconds
=== SIMULATION ENDS ===

**** FOUR GPUS CUDA, P2P + 4 HOST THREADS FINISHED ****
    -> wall=5.1080s  reported=0.467629s  status=ok
  [GPU mem after run]
0, 2 MiB
1, 2 MiB
2, 2 MiB
3, 2 MiB

All done.
  Timing CSV : results_43881656_20260727_152647/timings.csv
  Run log    : results_43881656_20260727_152647/run.log
