Job ID     : 515386
Timestamp  : 20260717_182327
Hierarchy  : COMPOSITE
  ZE_AFFINITY_MASK     = 0,1,2,3
  LIBOMPTARGET_DEVICES = device
Results dir: results_COMPOSITE_515386_20260717_182327

=== Preflight: device model agreement ===
omp_get_num_devices()  = 4
sycl gpu device count  = 4
OK: both runtimes see 4 devices, matching ZE_AFFINITY_MASK.

Starting benchmarks

===========================
N = 117500000
===========================

>>> Running: framework=omp_off  version=v1  N=117500000
omp_get_num_devices()    = 4
omp_get_initial_device() = 4
Elapsed time:      0.030128 seconds
Total transferred: 0.875443 GB
P2P Bandwidth:     31.200210 GB/s
Verification:      PASS
    -> elapsed=0.030128s  bandwidth=31.200210 GB/s  status=ok

>>> Running: framework=omp_off  version=v2  N=117500000
omp_get_num_devices()    = 4
omp_get_initial_device() = 4
Elapsed time:      0.030322 seconds
Total transferred: 1.750886 GB
P2P Bandwidth:     62.001522 GB/s
Verification:      PASS
    -> elapsed=0.030322s  bandwidth=62.001522 GB/s  status=ok

>>> Running: framework=omp_off  version=v4  N=117500000
omp_get_num_devices()    = 4
omp_get_initial_device() = 4
Elapsed time:      0.089274 seconds
Total transferred: 2.626330 GB
P2P Bandwidth:     31.588169 GB/s
Verification:      PASS
    -> elapsed=0.089274s  bandwidth=31.588169 GB/s  status=ok

>>> Running: framework=sycl  version=v1  N=117500000
Devices:
  [0] Intel(R) Data Center GPU Max 1550
  [1] Intel(R) Data Center GPU Max 1550
Warning: peer access NOT supported, device 0 -> device 1
Warning: peer access NOT supported, device 1 -> device 0
Peer access: INCOMPLETE — see warnings above
Elapsed time:      0.012420 s
Total transferred: 0.940000 GB
P2P Bandwidth:     75.684752 GB/s
Verification d_B (dev0->dev1): PASSED (1000/117500000 samples)
    -> elapsed=0.012420s  bandwidth=75.684752 GB/s  status=ok

>>> Running: framework=sycl  version=v2  N=117500000
Devices:
  [0] Intel(R) Data Center GPU Max 1550
  [1] Intel(R) Data Center GPU Max 1550
Warning: peer access NOT supported, device 0 -> device 1
Warning: peer access NOT supported, device 1 -> device 0
Peer access: INCOMPLETE — see warnings above
Elapsed time:      0.044865 s
Total transferred: 1.880000 GB
P2P Bandwidth:     41.903588 GB/s
Verification d_C (dev0->dev1): PASSED (1000/117500000 samples)
Verification d_D (dev1->dev0): PASSED (1000/117500000 samples)
    -> elapsed=0.044865s  bandwidth=41.903588 GB/s  status=ok

>>> Running: framework=sycl  version=v4  N=117500000
Devices:
  [0] Intel(R) Data Center GPU Max 1550
  [1] Intel(R) Data Center GPU Max 1550
  [2] Intel(R) Data Center GPU Max 1550
  [3] Intel(R) Data Center GPU Max 1550
Warning: peer access NOT supported, device 0 -> device 1
Warning: peer access NOT supported, device 0 -> device 2
Warning: peer access NOT supported, device 0 -> device 3
Warning: peer access NOT supported, device 1 -> device 0
Warning: peer access NOT supported, device 1 -> device 2
Warning: peer access NOT supported, device 1 -> device 3
Warning: peer access NOT supported, device 2 -> device 0
Warning: peer access NOT supported, device 2 -> device 1
Warning: peer access NOT supported, device 2 -> device 3
Warning: peer access NOT supported, device 3 -> device 0
Warning: peer access NOT supported, device 3 -> device 1
Warning: peer access NOT supported, device 3 -> device 2
Peer access: INCOMPLETE — see warnings above
Elapsed time:      0.041975 s
Total transferred: 2.820000 GB
P2P Bandwidth:     67.182813 GB/s
Verification d_B1 (dev1->dev0): PASSED (1000/117500000 samples)
Verification d_C1 (dev2->dev0): PASSED (1000/117500000 samples)
Verification d_D1 (dev3->dev0): PASSED (1000/117500000 samples)
    -> elapsed=0.041975s  bandwidth=67.182813 GB/s  status=ok

===========================
N = 217500000
===========================

>>> Running: framework=omp_off  version=v1  N=217500000
omp_get_num_devices()    = 4
omp_get_initial_device() = 4
Elapsed time:      0.055373 seconds
Total transferred: 1.620501 GB
P2P Bandwidth:     31.423283 GB/s
Verification:      PASS
    -> elapsed=0.055373s  bandwidth=31.423283 GB/s  status=ok

>>> Running: framework=omp_off  version=v2  N=217500000
omp_get_num_devices()    = 4
omp_get_initial_device() = 4
Elapsed time:      0.055487 seconds
Total transferred: 3.241003 GB
P2P Bandwidth:     62.717217 GB/s
Verification:      PASS
    -> elapsed=0.055487s  bandwidth=62.717217 GB/s  status=ok

>>> Running: framework=omp_off  version=v4  N=217500000
omp_get_num_devices()    = 4
omp_get_initial_device() = 4
Elapsed time:      0.165077 seconds
Total transferred: 4.861504 GB
P2P Bandwidth:     31.621612 GB/s
Verification:      PASS
    -> elapsed=0.165077s  bandwidth=31.621612 GB/s  status=ok

>>> Running: framework=sycl  version=v1  N=217500000
Devices:
  [0] Intel(R) Data Center GPU Max 1550
  [1] Intel(R) Data Center GPU Max 1550
Warning: peer access NOT supported, device 0 -> device 1
Warning: peer access NOT supported, device 1 -> device 0
Peer access: INCOMPLETE — see warnings above
Elapsed time:      0.022925 s
Total transferred: 1.740000 GB
P2P Bandwidth:     75.899214 GB/s
Verification d_B (dev0->dev1): PASSED (1000/217500000 samples)
    -> elapsed=0.022925s  bandwidth=75.899214 GB/s  status=ok

>>> Running: framework=sycl  version=v2  N=217500000
Devices:
  [0] Intel(R) Data Center GPU Max 1550
  [1] Intel(R) Data Center GPU Max 1550
Warning: peer access NOT supported, device 0 -> device 1
Warning: peer access NOT supported, device 1 -> device 0
Peer access: INCOMPLETE — see warnings above
Elapsed time:      0.057859 s
Total transferred: 3.480000 GB
P2P Bandwidth:     60.146276 GB/s
Verification d_C (dev0->dev1): PASSED (1000/217500000 samples)
Verification d_D (dev1->dev0): PASSED (1000/217500000 samples)
    -> elapsed=0.057859s  bandwidth=60.146276 GB/s  status=ok

>>> Running: framework=sycl  version=v4  N=217500000
Devices:
  [0] Intel(R) Data Center GPU Max 1550
  [1] Intel(R) Data Center GPU Max 1550
  [2] Intel(R) Data Center GPU Max 1550
  [3] Intel(R) Data Center GPU Max 1550
Warning: peer access NOT supported, device 0 -> device 1
Warning: peer access NOT supported, device 0 -> device 2
Warning: peer access NOT supported, device 0 -> device 3
Warning: peer access NOT supported, device 1 -> device 0
Warning: peer access NOT supported, device 1 -> device 2
Warning: peer access NOT supported, device 1 -> device 3
Warning: peer access NOT supported, device 2 -> device 0
Warning: peer access NOT supported, device 2 -> device 1
Warning: peer access NOT supported, device 2 -> device 3
Warning: peer access NOT supported, device 3 -> device 0
Warning: peer access NOT supported, device 3 -> device 1
Warning: peer access NOT supported, device 3 -> device 2
Peer access: INCOMPLETE — see warnings above
Elapsed time:      0.051909 s
Total transferred: 5.220000 GB
P2P Bandwidth:     100.560655 GB/s
Verification d_B1 (dev1->dev0): PASSED (1000/217500000 samples)
Verification d_C1 (dev2->dev0): PASSED (1000/217500000 samples)
Verification d_D1 (dev3->dev0): PASSED (1000/217500000 samples)
    -> elapsed=0.051909s  bandwidth=100.560655 GB/s  status=ok

===========================
N = 318750000
===========================

>>> Running: framework=omp_off  version=v1  N=318750000
omp_get_num_devices()    = 4
omp_get_initial_device() = 4
Elapsed time:      0.080782 seconds
Total transferred: 2.374873 GB
P2P Bandwidth:     31.566463 GB/s
Verification:      PASS
    -> elapsed=0.080782s  bandwidth=31.566463 GB/s  status=ok

>>> Running: framework=omp_off  version=v2  N=318750000
omp_get_num_devices()    = 4
omp_get_initial_device() = 4
Elapsed time:      0.080938 seconds
Total transferred: 4.749745 GB
P2P Bandwidth:     63.011301 GB/s
Verification:      PASS
    -> elapsed=0.080938s  bandwidth=63.011301 GB/s  status=ok

>>> Running: framework=omp_off  version=v4  N=318750000
omp_get_num_devices()    = 4
omp_get_initial_device() = 4
Elapsed time:      0.241874 seconds
Total transferred: 7.124618 GB
P2P Bandwidth:     31.628040 GB/s
Verification:      PASS
    -> elapsed=0.241874s  bandwidth=31.628040 GB/s  status=ok

>>> Running: framework=sycl  version=v1  N=318750000
Devices:
  [0] Intel(R) Data Center GPU Max 1550
  [1] Intel(R) Data Center GPU Max 1550
Warning: peer access NOT supported, device 0 -> device 1
Warning: peer access NOT supported, device 1 -> device 0
Peer access: INCOMPLETE — see warnings above
Elapsed time:      0.033559 s
Total transferred: 2.550000 GB
P2P Bandwidth:     75.985927 GB/s
Verification d_B (dev0->dev1): PASSED (1000/318750000 samples)
    -> elapsed=0.033559s  bandwidth=75.985927 GB/s  status=ok

>>> Running: framework=sycl  version=v2  N=318750000
Devices:
  [0] Intel(R) Data Center GPU Max 1550
  [1] Intel(R) Data Center GPU Max 1550
Warning: peer access NOT supported, device 0 -> device 1
Warning: peer access NOT supported, device 1 -> device 0
Peer access: INCOMPLETE — see warnings above
Elapsed time:      0.069206 s
Total transferred: 5.100000 GB
P2P Bandwidth:     73.693033 GB/s
Verification d_C (dev0->dev1): PASSED (1000/318750000 samples)
Verification d_D (dev1->dev0): PASSED (1000/318750000 samples)
    -> elapsed=0.069206s  bandwidth=73.693033 GB/s  status=ok

>>> Running: framework=sycl  version=v4  N=318750000
Devices:
  [0] Intel(R) Data Center GPU Max 1550
  [1] Intel(R) Data Center GPU Max 1550
  [2] Intel(R) Data Center GPU Max 1550
  [3] Intel(R) Data Center GPU Max 1550
Warning: peer access NOT supported, device 0 -> device 1
Warning: peer access NOT supported, device 0 -> device 2
Warning: peer access NOT supported, device 0 -> device 3
Warning: peer access NOT supported, device 1 -> device 0
Warning: peer access NOT supported, device 1 -> device 2
Warning: peer access NOT supported, device 1 -> device 3
Warning: peer access NOT supported, device 2 -> device 0
Warning: peer access NOT supported, device 2 -> device 1
Warning: peer access NOT supported, device 2 -> device 3
Warning: peer access NOT supported, device 3 -> device 0
Warning: peer access NOT supported, device 3 -> device 1
Warning: peer access NOT supported, device 3 -> device 2
Peer access: INCOMPLETE — see warnings above
Elapsed time:      0.063006 s
Total transferred: 7.650000 GB
P2P Bandwidth:     121.417154 GB/s
Verification d_B1 (dev1->dev0): PASSED (1000/318750000 samples)
Verification d_C1 (dev2->dev0): PASSED (1000/318750000 samples)
Verification d_D1 (dev3->dev0): PASSED (1000/318750000 samples)
    -> elapsed=0.063006s  bandwidth=121.417154 GB/s  status=ok

===========================
N = 418750000
===========================

>>> Running: framework=omp_off  version=v1  N=418750000
omp_get_num_devices()    = 4
omp_get_initial_device() = 4
Elapsed time:      0.106070 seconds
Total transferred: 3.119931 GB
P2P Bandwidth:     31.582905 GB/s
Verification:      PASS
    -> elapsed=0.106070s  bandwidth=31.582905 GB/s  status=ok

>>> Running: framework=omp_off  version=v2  N=418750000
omp_get_num_devices()    = 4
omp_get_initial_device() = 4
Elapsed time:      0.106318 seconds
Total transferred: 6.239861 GB
P2P Bandwidth:     63.018493 GB/s
Verification:      PASS
    -> elapsed=0.106318s  bandwidth=63.018493 GB/s  status=ok

>>> Running: framework=omp_off  version=v4  N=418750000
omp_get_num_devices()    = 4
omp_get_initial_device() = 4
Elapsed time:      0.317065 seconds
Total transferred: 9.359792 GB
P2P Bandwidth:     31.696971 GB/s
Verification:      PASS
    -> elapsed=0.317065s  bandwidth=31.696971 GB/s  status=ok

>>> Running: framework=sycl  version=v1  N=418750000
Devices:
  [0] Intel(R) Data Center GPU Max 1550
  [1] Intel(R) Data Center GPU Max 1550
Warning: peer access NOT supported, device 0 -> device 1
Warning: peer access NOT supported, device 1 -> device 0
Peer access: INCOMPLETE — see warnings above
Elapsed time:      0.044112 s
Total transferred: 3.350000 GB
P2P Bandwidth:     75.943111 GB/s
Verification d_B (dev0->dev1): PASSED (1000/418750000 samples)
    -> elapsed=0.044112s  bandwidth=75.943111 GB/s  status=ok

>>> Running: framework=sycl  version=v2  N=418750000
Devices:
  [0] Intel(R) Data Center GPU Max 1550
  [1] Intel(R) Data Center GPU Max 1550
Warning: peer access NOT supported, device 0 -> device 1
Warning: peer access NOT supported, device 1 -> device 0
Peer access: INCOMPLETE — see warnings above
Elapsed time:      0.082193 s
Total transferred: 6.700000 GB
P2P Bandwidth:     81.515559 GB/s
Verification d_C (dev0->dev1): PASSED (1000/418750000 samples)
Verification d_D (dev1->dev0): PASSED (1000/418750000 samples)
    -> elapsed=0.082193s  bandwidth=81.515559 GB/s  status=ok

>>> Running: framework=sycl  version=v4  N=418750000
Devices:
  [0] Intel(R) Data Center GPU Max 1550
  [1] Intel(R) Data Center GPU Max 1550
  [2] Intel(R) Data Center GPU Max 1550
  [3] Intel(R) Data Center GPU Max 1550
Warning: peer access NOT supported, device 0 -> device 1
Warning: peer access NOT supported, device 0 -> device 2
Warning: peer access NOT supported, device 0 -> device 3
Warning: peer access NOT supported, device 1 -> device 0
Warning: peer access NOT supported, device 1 -> device 2
Warning: peer access NOT supported, device 1 -> device 3
Warning: peer access NOT supported, device 2 -> device 0
Warning: peer access NOT supported, device 2 -> device 1
Warning: peer access NOT supported, device 2 -> device 3
Warning: peer access NOT supported, device 3 -> device 0
Warning: peer access NOT supported, device 3 -> device 1
Warning: peer access NOT supported, device 3 -> device 2
Peer access: INCOMPLETE — see warnings above
Elapsed time:      0.072813 s
Total transferred: 10.050000 GB
P2P Bandwidth:     138.024739 GB/s
Verification d_B1 (dev1->dev0): PASSED (1000/418750000 samples)
Verification d_C1 (dev2->dev0): PASSED (1000/418750000 samples)
Verification d_D1 (dev3->dev0): PASSED (1000/418750000 samples)
    -> elapsed=0.072813s  bandwidth=138.024739 GB/s  status=ok

===========================
N = 520000000
===========================

>>> Running: framework=omp_off  version=v1  N=520000000
omp_get_num_devices()    = 4
omp_get_initial_device() = 4
Elapsed time:      0.131493 seconds
Total transferred: 3.874302 GB
P2P Bandwidth:     31.636643 GB/s
Verification:      PASS
    -> elapsed=0.131493s  bandwidth=31.636643 GB/s  status=ok

>>> Running: framework=omp_off  version=v2  N=520000000
omp_get_num_devices()    = 4
omp_get_initial_device() = 4
Elapsed time:      0.131813 seconds
Total transferred: 7.748604 GB
P2P Bandwidth:     63.119699 GB/s
Verification:      PASS
    -> elapsed=0.131813s  bandwidth=63.119699 GB/s  status=ok

>>> Running: framework=omp_off  version=v4  N=520000000
omp_get_num_devices()    = 4
omp_get_initial_device() = 4
Elapsed time:      0.393520 seconds
Total transferred: 11.622906 GB
P2P Bandwidth:     31.713754 GB/s
Verification:      PASS
    -> elapsed=0.393520s  bandwidth=31.713754 GB/s  status=ok

>>> Running: framework=sycl  version=v1  N=520000000
Devices:
  [0] Intel(R) Data Center GPU Max 1550
  [1] Intel(R) Data Center GPU Max 1550
Warning: peer access NOT supported, device 0 -> device 1
Warning: peer access NOT supported, device 1 -> device 0
Peer access: INCOMPLETE — see warnings above
Elapsed time:      0.054716 s
Total transferred: 4.160000 GB
P2P Bandwidth:     76.028796 GB/s
Verification d_B (dev0->dev1): PASSED (1000/520000000 samples)
    -> elapsed=0.054716s  bandwidth=76.028796 GB/s  status=ok

>>> Running: framework=sycl  version=v2  N=520000000
Devices:
  [0] Intel(R) Data Center GPU Max 1550
  [1] Intel(R) Data Center GPU Max 1550
Warning: peer access NOT supported, device 0 -> device 1
Warning: peer access NOT supported, device 1 -> device 0
Peer access: INCOMPLETE — see warnings above
Elapsed time:      0.095395 s
Total transferred: 8.320000 GB
P2P Bandwidth:     87.216448 GB/s
Verification d_C (dev0->dev1): PASSED (1000/520000000 samples)
Verification d_D (dev1->dev0): PASSED (1000/520000000 samples)
    -> elapsed=0.095395s  bandwidth=87.216448 GB/s  status=ok

>>> Running: framework=sycl  version=v4  N=520000000
Devices:
  [0] Intel(R) Data Center GPU Max 1550
  [1] Intel(R) Data Center GPU Max 1550
  [2] Intel(R) Data Center GPU Max 1550
  [3] Intel(R) Data Center GPU Max 1550
Warning: peer access NOT supported, device 0 -> device 1
Warning: peer access NOT supported, device 0 -> device 2
Warning: peer access NOT supported, device 0 -> device 3
Warning: peer access NOT supported, device 1 -> device 0
Warning: peer access NOT supported, device 1 -> device 2
Warning: peer access NOT supported, device 1 -> device 3
Warning: peer access NOT supported, device 2 -> device 0
Warning: peer access NOT supported, device 2 -> device 1
Warning: peer access NOT supported, device 2 -> device 3
Warning: peer access NOT supported, device 3 -> device 0
Warning: peer access NOT supported, device 3 -> device 1
Warning: peer access NOT supported, device 3 -> device 2
Peer access: INCOMPLETE — see warnings above
Elapsed time:      0.083573 s
Total transferred: 12.480000 GB
P2P Bandwidth:     149.330767 GB/s
Verification d_B1 (dev1->dev0): PASSED (1000/520000000 samples)
Verification d_C1 (dev2->dev0): PASSED (1000/520000000 samples)
Verification d_D1 (dev3->dev0): PASSED (1000/520000000 samples)
    -> elapsed=0.083573s  bandwidth=149.330767 GB/s  status=ok

===========================
N = 1240000000
===========================

>>> Running: framework=omp_off  version=v1  N=1240000000
omp_get_num_devices()    = 4
omp_get_initial_device() = 4
Elapsed time:      0.312912 seconds
Total transferred: 9.238720 GB
P2P Bandwidth:     31.702205 GB/s
Verification:      PASS
    -> elapsed=0.312912s  bandwidth=31.702205 GB/s  status=ok

>>> Running: framework=omp_off  version=v2  N=1240000000
omp_get_num_devices()    = 4
omp_get_initial_device() = 4
Elapsed time:      0.313049 seconds
Total transferred: 18.477440 GB
P2P Bandwidth:     63.376644 GB/s
Verification:      PASS
    -> elapsed=0.313049s  bandwidth=63.376644 GB/s  status=ok

>>> Running: framework=omp_off  version=v4  N=1240000000
omp_get_num_devices()    = 4
omp_get_initial_device() = 4
Elapsed time:      0.937889 seconds
Total transferred: 27.716160 GB
P2P Bandwidth:     31.730830 GB/s
Verification:      PASS
    -> elapsed=0.937889s  bandwidth=31.730830 GB/s  status=ok

>>> Running: framework=sycl  version=v1  N=1240000000
Devices:
  [0] Intel(R) Data Center GPU Max 1550
  [1] Intel(R) Data Center GPU Max 1550
Warning: peer access NOT supported, device 0 -> device 1
Warning: peer access NOT supported, device 1 -> device 0
Peer access: INCOMPLETE — see warnings above
Elapsed time:      0.130404 s
Total transferred: 9.920000 GB
P2P Bandwidth:     76.071289 GB/s
Verification d_B (dev0->dev1): PASSED (1000/1240000000 samples)
    -> elapsed=0.130404s  bandwidth=76.071289 GB/s  status=ok

>>> Running: framework=sycl  version=v2  N=1240000000
Devices:
  [0] Intel(R) Data Center GPU Max 1550
  [1] Intel(R) Data Center GPU Max 1550
Warning: peer access NOT supported, device 0 -> device 1
Warning: peer access NOT supported, device 1 -> device 0
Peer access: INCOMPLETE — see warnings above
Elapsed time:      0.186617 s
Total transferred: 19.840000 GB
P2P Bandwidth:     106.313924 GB/s
Verification d_C (dev0->dev1): PASSED (1000/1240000000 samples)
Verification d_D (dev1->dev0): PASSED (1000/1240000000 samples)
    -> elapsed=0.186617s  bandwidth=106.313924 GB/s  status=ok

>>> Running: framework=sycl  version=v4  N=1240000000
Devices:
  [0] Intel(R) Data Center GPU Max 1550
  [1] Intel(R) Data Center GPU Max 1550
  [2] Intel(R) Data Center GPU Max 1550
  [3] Intel(R) Data Center GPU Max 1550
Warning: peer access NOT supported, device 0 -> device 1
Warning: peer access NOT supported, device 0 -> device 2
Warning: peer access NOT supported, device 0 -> device 3
Warning: peer access NOT supported, device 1 -> device 0
Warning: peer access NOT supported, device 1 -> device 2
Warning: peer access NOT supported, device 1 -> device 3
Warning: peer access NOT supported, device 2 -> device 0
Warning: peer access NOT supported, device 2 -> device 1
Warning: peer access NOT supported, device 2 -> device 3
Warning: peer access NOT supported, device 3 -> device 0
Warning: peer access NOT supported, device 3 -> device 1
Warning: peer access NOT supported, device 3 -> device 2
Peer access: INCOMPLETE — see warnings above
Elapsed time:      0.159886 s
Total transferred: 29.760000 GB
P2P Bandwidth:     186.132755 GB/s
Verification d_B1 (dev1->dev0): PASSED (1000/1240000000 samples)
Verification d_C1 (dev2->dev0): PASSED (1000/1240000000 samples)
Verification d_D1 (dev3->dev0): PASSED (1000/1240000000 samples)
    -> elapsed=0.159886s  bandwidth=186.132755 GB/s  status=ok

All done.
  Timing CSV : results_COMPOSITE_515386_20260717_182327/timings.csv
  Run log    : results_COMPOSITE_515386_20260717_182327/run.log
  Environment: results_COMPOSITE_515386_20260717_182327/env.txt
  Probe      : results_COMPOSITE_515386_20260717_182327/probe.txt
