============================================================
Host       : as04r2b05
Job ID     : 43881805   Repetition: 3
Timestamp  : 20260727_153244
Results dir: results_43881805_20260727_153244
N=1280  DT=2.681168e-05  STEPS=500  FAMILIES='2 4'  BASELINE=1
USE_SRUN=0
nvcc       : Cuda compilation tools, release 12.8, V12.8.61
============================================================
SLURM_JOB_GPUS=0,1,2,3
CUDA_VISIBLE_DEVICES (from SLURM)=0,1,2,3
GPU 0: NVIDIA H100 (UUID: GPU-7548c91e-1e94-05b5-4375-ec4034580c53)
GPU 1: NVIDIA H100 (UUID: GPU-333e4615-ec71-d873-95b8-2e3c1a761a50)
GPU 2: NVIDIA H100 (UUID: GPU-dc4214bf-b662-1572-7a4b-7724e89f1950)
GPU 3: NVIDIA H100 (UUID: GPU-d87b3e4e-d441-7534-a7d8-2c2d2254167f)

Starting benchmarks
===========================
N = 1280   dt = 2.681168e-05
===========================

>>> 1-cuda  gpus=1  mask=0  N=1280

**** ONE GPU CUDA STARTS ****

=== MEMORY ESTIMATE (GLOBAL) ===
Grid size: 1280 x 1280 x 1280 = 2097152000 points
Memory per global array: 16.777 GB
================================

=== SIMULATION PARAMETERS ===
Grid size (n):           1280
Final time (T):          0.000027
Grid spacing (h):        7.818608e-04
Time step (dt):          5.362336e-08
Kappa_max:               0.950000
Diffusion factor:        4.385965e-02
Estimated timesteps:     ~499
CFL condition (dt/h^2):  0.087719 (should be < 0.5)
==============================

Using CUDA device 0 of 1

=== MEMORY ESTIMATE (LOCAL PER GPU) ===
GPU0 local bytes per array: 16.777 GB
======================================


=== SIMULATION STARTS ===

500 timesteps complete
Time = 26.388774 seconds
=== SIMULATION ENDS ===

**** ONE GPU CUDA FINISHED ****
    -> wall=82.5920s  reported=26.388774s  status=ok
  [GPU mem after run]
0, 2 MiB
1, 2 MiB
2, 2 MiB
3, 2 MiB

>>> 2-cuda  gpus=2  mask=0,1  N=1280

**** TWO GPUS CUDA STARTS ****

=== MEMORY ESTIMATE (GLOBAL) ===
Grid size: 1280 x 1280 x 1280 = 2097152000 points
Memory per global array: 16.777 GB
================================

=== SIMULATION PARAMETERS ===
Grid size (n):           1280
Final time (T):          0.000027
Grid spacing (h):        7.818608e-04
Time step (dt):          5.362336e-08
Kappa_max:               0.950000
Diffusion factor:        4.385965e-02
Estimated timesteps:     ~499
CFL condition (dt/h^2):  0.087719 (should be < 0.5)
==============================

Using CUDA devices 0 and 1 of 2
Block sizes: nz0=641, nz1=641, mid=639

=== MEMORY ESTIMATE (LOCAL PER GPU) ===
GPU0 local bytes per array: 8.402 GB
GPU1 local bytes per array: 8.402 GB
======================================


=== SIMULATION STARTS ===

500 timesteps complete
Time = 18.938707 seconds
=== SIMULATION ENDS ===

**** TWO GPUS CUDA FINISHED ****
    -> wall=74.9100s  reported=18.938707s  status=ok
  [GPU mem after run]
0, 2 MiB
1, 2 MiB
2, 2 MiB
3, 2 MiB

>>> 2-cuda-stream  gpus=2  mask=0,1  N=1280

**** TWO GPUS CUDA, ASYNC STARTS ****

=== MEMORY ESTIMATE (GLOBAL) ===
Grid size: 1280 x 1280 x 1280 = 2097152000 points
Memory per global array: 16.777 GB
================================

=== SIMULATION PARAMETERS ===
Grid size (n):           1280
Final time (T):          0.000027
Grid spacing (h):        7.818608e-04
Time step (dt):          5.362336e-08
Kappa_max:               0.950000
Diffusion factor:        4.385965e-02
Estimated timesteps:     ~499
CFL condition (dt/h^2):  0.087719 (should be < 0.5)
==============================

Using CUDA devices 0 and 1 of 2
Block sizes: nz0=641, nz1=641, mid=639

=== MEMORY ESTIMATE (LOCAL PER GPU) ===
GPU0 local bytes per array: 8.402 GB
GPU1 local bytes per array: 8.402 GB
======================================


=== SIMULATION STARTS ===

500 timesteps complete
Time = 18.945011 seconds
=== SIMULATION ENDS ===

**** TWO GPUS CUDA, ASYNC FINISHED ****
    -> wall=74.8510s  reported=18.945011s  status=ok
  [GPU mem after run]
0, 2 MiB
1, 2 MiB
2, 2 MiB
3, 2 MiB

>>> 2-cuda-stream-omp  gpus=2  mask=0,1  N=1280

**** TWO GPUS CUDA, ASYNC + 2 HOST THREADS STARTS ****

=== MEMORY ESTIMATE (GLOBAL) ===
Grid size: 1280 x 1280 x 1280 = 2097152000 points
Memory per global array: 16.777 GB
================================

=== SIMULATION PARAMETERS ===
Grid size (n):           1280
Final time (T):          0.000027
Grid spacing (h):        7.818608e-04
Time step (dt):          5.362336e-08
Kappa_max:               0.950000
Diffusion factor:        4.385965e-02
Estimated timesteps:     ~499
CFL condition (dt/h^2):  0.087719 (should be < 0.5)
==============================

Using CUDA devices 0 and 1 of 2
Block sizes: nz0=641, nz1=641, mid=639

=== MEMORY ESTIMATE (LOCAL PER GPU) ===
GPU0 local bytes per array: 8.402 GB
GPU1 local bytes per array: 8.402 GB
======================================


=== SIMULATION STARTS ===

500 timesteps complete
Time = 17.834108 seconds
=== SIMULATION ENDS ===

**** TWO GPUS CUDA, ASYNC + 2 HOST THREADS FINISHED ****
    -> wall=74.4440s  reported=17.834108s  status=ok
  [GPU mem after run]
0, 2 MiB
1, 2 MiB
2, 2 MiB
3, 2 MiB

>>> 2-cuda-stream-omp-p2p  gpus=2  mask=0,1  N=1280

**** TWO GPUS CUDA, P2P + 2 HOST THREADS STARTS ****

=== MEMORY ESTIMATE (GLOBAL) ===
Grid size: 1280 x 1280 x 1280 = 2097152000 points
Memory per global array: 16.777 GB
================================

=== SIMULATION PARAMETERS ===
Grid size (n):           1280
Final time (T):          0.000027
Grid spacing (h):        7.818608e-04
Time step (dt):          5.362336e-08
Kappa_max:               0.950000
Diffusion factor:        4.385965e-02
Estimated timesteps:     ~499
CFL condition (dt/h^2):  0.087719 (should be < 0.5)
==============================

Using CUDA devices 0 and 1 of 2
P2P enabled between GPU 0 and GPU 1
Block sizes: nz0=641, nz1=641, mid=639

=== MEMORY ESTIMATE (LOCAL PER GPU) ===
GPU0 local bytes per array: 8.402 GB
GPU1 local bytes per array: 8.402 GB
======================================


=== SIMULATION STARTS ===

500 timesteps complete
Time = 16.827743 seconds
=== SIMULATION ENDS ===

**** TWO GPUS CUDA, P2P + 2 HOST THREADS FINISHED ****
    -> wall=73.7520s  reported=16.827743s  status=ok
  [GPU mem after run]
0, 2 MiB
1, 2 MiB
2, 2 MiB
3, 2 MiB

>>> 4-cuda  gpus=4  mask=0,1,2,3  N=1280

**** FOUR GPUS CUDA STARTS ****

=== MEMORY ESTIMATE (GLOBAL) ===
Grid size: 1280 x 1280 x 1280 = 2097152000 points
Memory per global array: 16.777 GB
================================

=== SIMULATION PARAMETERS ===
Grid size (n):           1280
Final time (T):          0.000027
Grid spacing (h):        7.818608e-04
Time step (dt):          5.362336e-08
Kappa_max:               0.950000
Diffusion factor:        4.385965e-02
Estimated timesteps:     ~499
CFL condition (dt/h^2):  0.087719 (should be < 0.5)
==============================

Using CUDA devices 0, 1, 2 and 3 of 4
Block sizes: nz0=322, nz1=322, nz2=321, nz3=321

=== MEMORY ESTIMATE (LOCAL PER GPU) ===
GPU0 local bytes per array: 4.221 GB
GPU1 local bytes per array: 4.221 GB
GPU2 local bytes per array: 4.207 GB
GPU3 local bytes per array: 4.207 GB
======================================


=== SIMULATION STARTS ===

500 timesteps complete
Time = 15.702032 seconds
=== SIMULATION ENDS ===

**** FOUR GPUS CUDA FINISHED ****
    -> wall=73.3520s  reported=15.702032s  status=ok
  [GPU mem after run]
0, 2 MiB
1, 2 MiB
2, 2 MiB
3, 2 MiB

>>> 4-cuda-stream  gpus=4  mask=0,1,2,3  N=1280

**** FOUR GPUS CUDA, ASYNC STARTS ****

=== MEMORY ESTIMATE (GLOBAL) ===
Grid size: 1280 x 1280 x 1280 = 2097152000 points
Memory per global array: 16.777 GB
================================

=== SIMULATION PARAMETERS ===
Grid size (n):           1280
Final time (T):          0.000027
Grid spacing (h):        7.818608e-04
Time step (dt):          5.362336e-08
Kappa_max:               0.950000
Diffusion factor:        4.385965e-02
Estimated timesteps:     ~499
CFL condition (dt/h^2):  0.087719 (should be < 0.5)
==============================

Using CUDA devices 0, 1, 2 and 3 of 4
Block sizes: nz0=322, nz1=322, nz2=321, nz3=321

=== MEMORY ESTIMATE (LOCAL PER GPU) ===
GPU0 local bytes per array: 4.221 GB
GPU1 local bytes per array: 4.221 GB
GPU2 local bytes per array: 4.207 GB
GPU3 local bytes per array: 4.207 GB
======================================


=== SIMULATION STARTS ===

500 timesteps complete
Time = 15.713971 seconds
=== SIMULATION ENDS ===

**** FOUR GPUS CUDA, ASYNC FINISHED ****
    -> wall=73.4110s  reported=15.713971s  status=ok
  [GPU mem after run]
0, 2 MiB
1, 2 MiB
2, 2 MiB
3, 2 MiB

>>> 4-cuda-stream-omp  gpus=4  mask=0,1,2,3  N=1280

**** FOUR GPUS CUDA, ASYNC + 4 HOST THREADS STARTS ****

=== MEMORY ESTIMATE (GLOBAL) ===
Grid size: 1280 x 1280 x 1280 = 2097152000 points
Memory per global array: 16.777 GB
================================

=== SIMULATION PARAMETERS ===
Grid size (n):           1280
Final time (T):          0.000027
Grid spacing (h):        7.818608e-04
Time step (dt):          5.362336e-08
Kappa_max:               0.950000
Diffusion factor:        4.385965e-02
Estimated timesteps:     ~499
CFL condition (dt/h^2):  0.087719 (should be < 0.5)
==============================

Using CUDA devices 0, 1, 2 and 3 of 4
Block sizes: nz0=322, nz1=322, nz2=321, nz3=321

=== MEMORY ESTIMATE (LOCAL PER GPU) ===
GPU0 local bytes per array: 4.221 GB
GPU1 local bytes per array: 4.221 GB
GPU2 local bytes per array: 4.207 GB
GPU3 local bytes per array: 4.207 GB
======================================


=== SIMULATION STARTS ===

500 timesteps complete
Time = 11.273489 seconds
=== SIMULATION ENDS ===

**** FOUR GPUS CUDA, ASYNC + 4 HOST THREADS FINISHED ****
    -> wall=68.8380s  reported=11.273489s  status=ok
  [GPU mem after run]
0, 2 MiB
1, 2 MiB
2, 2 MiB
3, 2 MiB

>>> 4-cuda-stream-omp-p2p  gpus=4  mask=0,1,2,3  N=1280

**** FOUR GPUS CUDA, P2P + 4 HOST THREADS STARTS ****

=== MEMORY ESTIMATE (GLOBAL) ===
Grid size: 1280 x 1280 x 1280 = 2097152000 points
Memory per global array: 16.777 GB
================================

=== SIMULATION PARAMETERS ===
Grid size (n):           1280
Final time (T):          0.000027
Grid spacing (h):        7.818608e-04
Time step (dt):          5.362336e-08
Kappa_max:               0.950000
Diffusion factor:        4.385965e-02
Estimated timesteps:     ~499
CFL condition (dt/h^2):  0.087719 (should be < 0.5)
==============================

Using CUDA devices 0, 1, 2 and 3 of 4
P2P enabled: GPU 0 <-> GPU 1
P2P enabled: GPU 1 <-> GPU 2
P2P enabled: GPU 2 <-> GPU 3
Block sizes: nz0=322, nz1=322, nz2=321, nz3=321

=== MEMORY ESTIMATE (LOCAL PER GPU) ===
GPU0 local bytes per array: 4.221 GB
GPU1 local bytes per array: 4.221 GB
GPU2 local bytes per array: 4.207 GB
GPU3 local bytes per array: 4.207 GB
======================================


=== SIMULATION STARTS ===

500 timesteps complete
Time = 8.562788 seconds
=== SIMULATION ENDS ===

**** FOUR GPUS CUDA, P2P + 4 HOST THREADS FINISHED ****
    -> wall=66.2870s  reported=8.562788s  status=ok
  [GPU mem after run]
0, 2 MiB
1, 2 MiB
2, 2 MiB
3, 2 MiB

All done.
  Timing CSV : results_43881805_20260727_153244/timings.csv
  Run log    : results_43881805_20260727_153244/run.log
