stty: 'standard input': Inappropriate ioctl for device
============================================================
Host       : i20r06c05s06
Job ID     : 521584   Repetition: 3
Timestamp  : 20260805_134205
Results dir: results_sycl_COMPOSITE_521584_20260805_134205
N=896  DT=5.475441e-05  STEPS=500  FAMILIES='2 4'  BASELINE=1
ZE_FLAT_DEVICE_HIERARCHY=COMPOSITE  (1 device = whole card, 2 stacks)
ONEAPI_DEVICE_SELECTOR=level_zero:gpu
Compiler   : Intel(R) oneAPI DPC++/C++ Compiler 2024.1.0 (2024.1.0.20240308)
============================================================
[ext_oneapi_level_zero:gpu:0] Intel(R) Level-Zero, Intel(R) Data Center GPU Max 1550 1.3 [1.3.27642]
[ext_oneapi_level_zero:gpu:1] Intel(R) Level-Zero, Intel(R) Data Center GPU Max 1550 1.3 [1.3.27642]
[ext_oneapi_level_zero:gpu:2] Intel(R) Level-Zero, Intel(R) Data Center GPU Max 1550 1.3 [1.3.27642]
[ext_oneapi_level_zero:gpu:3] Intel(R) Level-Zero, Intel(R) Data Center GPU Max 1550 1.3 [1.3.27642]

Starting benchmarks
===========================
N = 896   dt = 5.475441e-05
===========================

>>> 1-sycl  gpus=1  ZE_AFFINITY_MASK=0  N=896
    runtime: host threads=1; overlap from SYCL queues
    command: env ZE_FLAT_DEVICE_HIERARCHY=COMPOSITE ZE_AFFINITY_MASK=0 ZE_ENABLE_PCI_ID_DEVICE_ORDER=1 ONEAPI_DEVICE_SELECTOR=level_zero:gpu OMP_NUM_THREADS=1 ./1-sycl 896 5.475441e-05

**** ONE GPU CUDA STARTS ****

=== MEMORY ESTIMATE (GLOBAL) ===
Grid size: 896 x 896 x 896 = 719323136 points
Memory per global array: 5.755 GB
================================

=== SIMULATION PARAMETERS ===
Grid size (n):           896
Final time (T):          0.000055
Grid spacing (h):        1.117318e-03
Time step (dt):          1.095088e-07
Kappa_max:               0.950000
Diffusion factor:        4.385965e-02
Estimated timesteps:     ~500
CFL condition (dt/h^2):  0.087719 (should be < 0.5)
==============================

Using CUDA device 0 of 1

=== MEMORY ESTIMATE (LOCAL PER GPU) ===
GPU0 local bytes per array: 5.755 GB
======================================


=== SIMULATION STARTS ===

501 timesteps complete
Time = 13.508606 seconds
=== SIMULATION ENDS ===

**** ONE GPU CUDA FINISHED ****
    -> wall=44.0890s  reported=13.508606s  status=ok  exit=0

>>> 2-sycl  gpus=2  ZE_AFFINITY_MASK=0,1  N=896
    runtime: host threads=1; overlap from SYCL queues
    command: env ZE_FLAT_DEVICE_HIERARCHY=COMPOSITE ZE_AFFINITY_MASK=0\,1 ZE_ENABLE_PCI_ID_DEVICE_ORDER=1 ONEAPI_DEVICE_SELECTOR=level_zero:gpu OMP_NUM_THREADS=1 ./2-sycl 896 5.475441e-05

**** TWO GPUS CUDA STARTS ****

=== MEMORY ESTIMATE (GLOBAL) ===
Grid size: 896 x 896 x 896 = 719323136 points
Memory per global array: 5.755 GB
================================

=== SIMULATION PARAMETERS ===
Grid size (n):           896
Final time (T):          0.000055
Grid spacing (h):        1.117318e-03
Time step (dt):          1.095088e-07
Kappa_max:               0.950000
Diffusion factor:        4.385965e-02
Estimated timesteps:     ~500
CFL condition (dt/h^2):  0.087719 (should be < 0.5)
==============================

Using CUDA devices 0 and 1 of 2
Block sizes: nz0=449, nz1=449, mid=447

=== MEMORY ESTIMATE (LOCAL PER GPU) ===
GPU0 local bytes per array: 2.884 GB
GPU1 local bytes per array: 2.884 GB
======================================


=== SIMULATION STARTS ===

501 timesteps complete
Time = 8.618339 seconds
=== SIMULATION ENDS ===

**** TWO GPUS CUDA FINISHED ****
    -> wall=38.8590s  reported=8.618339s  status=ok  exit=0

>>> 2-sycl-stream  gpus=2  ZE_AFFINITY_MASK=0,1  N=896
    runtime: host threads=1; overlap from SYCL queues
    command: env ZE_FLAT_DEVICE_HIERARCHY=COMPOSITE ZE_AFFINITY_MASK=0\,1 ZE_ENABLE_PCI_ID_DEVICE_ORDER=1 ONEAPI_DEVICE_SELECTOR=level_zero:gpu OMP_NUM_THREADS=1 ./2-sycl-stream 896 5.475441e-05

**** TWO GPUS CUDA, ASYNC STARTS ****

=== MEMORY ESTIMATE (GLOBAL) ===
Grid size: 896 x 896 x 896 = 719323136 points
Memory per global array: 5.755 GB
================================

=== SIMULATION PARAMETERS ===
Grid size (n):           896
Final time (T):          0.000055
Grid spacing (h):        1.117318e-03
Time step (dt):          1.095088e-07
Kappa_max:               0.950000
Diffusion factor:        4.385965e-02
Estimated timesteps:     ~500
CFL condition (dt/h^2):  0.087719 (should be < 0.5)
==============================

Using CUDA devices 0 and 1 of 2
Block sizes: nz0=449, nz1=449, mid=447

=== MEMORY ESTIMATE (LOCAL PER GPU) ===
GPU0 local bytes per array: 2.884 GB
GPU1 local bytes per array: 2.884 GB
======================================


=== SIMULATION STARTS ===

501 timesteps complete
Time = 8.002982 seconds
=== SIMULATION ENDS ===

**** TWO GPUS CUDA, ASYNC FINISHED ****
    -> wall=38.2480s  reported=8.002982s  status=ok  exit=0

>>> 2-sycl-stream-omp  gpus=2  ZE_AFFINITY_MASK=0,1  N=896
    runtime: explicit host threads=2 (one per card)
    command: env ZE_FLAT_DEVICE_HIERARCHY=COMPOSITE ZE_AFFINITY_MASK=0\,1 ZE_ENABLE_PCI_ID_DEVICE_ORDER=1 ONEAPI_DEVICE_SELECTOR=level_zero:gpu OMP_NUM_THREADS=2 ./2-sycl-stream-omp 896 5.475441e-05

**** TWO GPUS CUDA, ASYNC + 2 HOST THREADS STARTS ****

=== MEMORY ESTIMATE (GLOBAL) ===
Grid size: 896 x 896 x 896 = 719323136 points
Memory per global array: 5.755 GB
================================

=== SIMULATION PARAMETERS ===
Grid size (n):           896
Final time (T):          0.000055
Grid spacing (h):        1.117318e-03
Time step (dt):          1.095088e-07
Kappa_max:               0.950000
Diffusion factor:        4.385965e-02
Estimated timesteps:     ~500
CFL condition (dt/h^2):  0.087719 (should be < 0.5)
==============================

Using CUDA devices 0 and 1 of 2
Block sizes: nz0=449, nz1=449, mid=447

=== MEMORY ESTIMATE (LOCAL PER GPU) ===
GPU0 local bytes per array: 2.884 GB
GPU1 local bytes per array: 2.884 GB
======================================


=== SIMULATION STARTS ===

501 timesteps complete
Time = 7.996954 seconds
=== SIMULATION ENDS ===

**** TWO GPUS CUDA, ASYNC + 2 HOST THREADS FINISHED ****
    -> wall=39.0470s  reported=7.996954s  status=ok  exit=0

>>> 2-sycl-stream-omp-p2p  gpus=2  ZE_AFFINITY_MASK=0,1  N=896
    runtime: explicit host threads=2 (one per card)
    command: env ZE_FLAT_DEVICE_HIERARCHY=COMPOSITE ZE_AFFINITY_MASK=0\,1 ZE_ENABLE_PCI_ID_DEVICE_ORDER=1 ONEAPI_DEVICE_SELECTOR=level_zero:gpu OMP_NUM_THREADS=2 ./2-sycl-stream-omp-p2p 896 5.475441e-05

**** TWO GPUS CUDA, P2P + 2 HOST THREADS STARTS ****

=== MEMORY ESTIMATE (GLOBAL) ===
Grid size: 896 x 896 x 896 = 719323136 points
Memory per global array: 5.755 GB
================================

=== SIMULATION PARAMETERS ===
Grid size (n):           896
Final time (T):          0.000055
Grid spacing (h):        1.117318e-03
Time step (dt):          1.095088e-07
Kappa_max:               0.950000
Diffusion factor:        4.385965e-02
Estimated timesteps:     ~500
CFL condition (dt/h^2):  0.087719 (should be < 0.5)
==============================

Using CUDA devices 0 and 1 of 2
P2P shim: one shared context over 2 device(s)
WARNING: can_access_peer reports no P2P (GPU 0 <-> GPU 1); known false negative on this toolkit, proceeding.
Native API failed. Native API returns: -59 (PI_ERROR_INVALID_OPERATION) -59 (PI_ERROR_INVALID_OPERATION)
Native API failed. Native API returns: -59 (PI_ERROR_INVALID_OPERATION) -59 (PI_ERROR_INVALID_OPERATION)
P2P enabled between GPU 0 and GPU 1
Block sizes: nz0=449, nz1=449, mid=447

=== MEMORY ESTIMATE (LOCAL PER GPU) ===
GPU0 local bytes per array: 2.884 GB
GPU1 local bytes per array: 2.884 GB
======================================


=== SIMULATION STARTS ===

501 timesteps complete
Time = 7.061382 seconds
=== SIMULATION ENDS ===
Native API failed. Native API returns: -59 (PI_ERROR_INVALID_OPERATION) -59 (PI_ERROR_INVALID_OPERATION)
Native API failed. Native API returns: -59 (PI_ERROR_INVALID_OPERATION) -59 (PI_ERROR_INVALID_OPERATION)

**** TWO GPUS CUDA, P2P + 2 HOST THREADS FINISHED ****
    -> wall=38.2910s  reported=7.061382s  status=ok  exit=0

>>> 4-sycl  gpus=4  ZE_AFFINITY_MASK=0,1,2,3  N=896
    runtime: host threads=1; overlap from SYCL queues
    command: env ZE_FLAT_DEVICE_HIERARCHY=COMPOSITE ZE_AFFINITY_MASK=0\,1\,2\,3 ZE_ENABLE_PCI_ID_DEVICE_ORDER=1 ONEAPI_DEVICE_SELECTOR=level_zero:gpu OMP_NUM_THREADS=1 ./4-sycl 896 5.475441e-05

**** FOUR GPUS CUDA STARTS ****

=== MEMORY ESTIMATE (GLOBAL) ===
Grid size: 896 x 896 x 896 = 719323136 points
Memory per global array: 5.755 GB
================================

=== SIMULATION PARAMETERS ===
Grid size (n):           896
Final time (T):          0.000055
Grid spacing (h):        1.117318e-03
Time step (dt):          1.095088e-07
Kappa_max:               0.950000
Diffusion factor:        4.385965e-02
Estimated timesteps:     ~500
CFL condition (dt/h^2):  0.087719 (should be < 0.5)
==============================

Using CUDA devices 0, 1, 2 and 3 of 4
Block sizes: nz0=226, nz1=226, nz2=225, nz3=225

=== MEMORY ESTIMATE (LOCAL PER GPU) ===
GPU0 local bytes per array: 1.451 GB
GPU1 local bytes per array: 1.451 GB
GPU2 local bytes per array: 1.445 GB
GPU3 local bytes per array: 1.445 GB
======================================


=== SIMULATION STARTS ===

501 timesteps complete
Time = 9.062352 seconds
=== SIMULATION ENDS ===

**** FOUR GPUS CUDA FINISHED ****
    -> wall=39.5880s  reported=9.062352s  status=ok  exit=0

>>> 4-sycl-stream  gpus=4  ZE_AFFINITY_MASK=0,1,2,3  N=896
    runtime: host threads=1; overlap from SYCL queues
    command: env ZE_FLAT_DEVICE_HIERARCHY=COMPOSITE ZE_AFFINITY_MASK=0\,1\,2\,3 ZE_ENABLE_PCI_ID_DEVICE_ORDER=1 ONEAPI_DEVICE_SELECTOR=level_zero:gpu OMP_NUM_THREADS=1 ./4-sycl-stream 896 5.475441e-05

**** FOUR GPUS CUDA, ASYNC STARTS ****

=== MEMORY ESTIMATE (GLOBAL) ===
Grid size: 896 x 896 x 896 = 719323136 points
Memory per global array: 5.755 GB
================================

=== SIMULATION PARAMETERS ===
Grid size (n):           896
Final time (T):          0.000055
Grid spacing (h):        1.117318e-03
Time step (dt):          1.095088e-07
Kappa_max:               0.950000
Diffusion factor:        4.385965e-02
Estimated timesteps:     ~500
CFL condition (dt/h^2):  0.087719 (should be < 0.5)
==============================

Using CUDA devices 0, 1, 2 and 3 of 4
Block sizes: nz0=226, nz1=226, nz2=225, nz3=225

=== MEMORY ESTIMATE (LOCAL PER GPU) ===
GPU0 local bytes per array: 1.451 GB
GPU1 local bytes per array: 1.451 GB
GPU2 local bytes per array: 1.445 GB
GPU3 local bytes per array: 1.445 GB
======================================


=== SIMULATION STARTS ===

501 timesteps complete
Time = 7.725396 seconds
=== SIMULATION ENDS ===

**** FOUR GPUS CUDA, ASYNC FINISHED ****
    -> wall=38.2030s  reported=7.725396s  status=ok  exit=0

>>> 4-sycl-stream-omp  gpus=4  ZE_AFFINITY_MASK=0,1,2,3  N=896
    runtime: explicit host threads=4 (one per card)
    command: env ZE_FLAT_DEVICE_HIERARCHY=COMPOSITE ZE_AFFINITY_MASK=0\,1\,2\,3 ZE_ENABLE_PCI_ID_DEVICE_ORDER=1 ONEAPI_DEVICE_SELECTOR=level_zero:gpu OMP_NUM_THREADS=4 ./4-sycl-stream-omp 896 5.475441e-05

**** FOUR GPUS CUDA, ASYNC + 4 HOST THREADS STARTS ****

=== MEMORY ESTIMATE (GLOBAL) ===
Grid size: 896 x 896 x 896 = 719323136 points
Memory per global array: 5.755 GB
================================

=== SIMULATION PARAMETERS ===
Grid size (n):           896
Final time (T):          0.000055
Grid spacing (h):        1.117318e-03
Time step (dt):          1.095088e-07
Kappa_max:               0.950000
Diffusion factor:        4.385965e-02
Estimated timesteps:     ~500
CFL condition (dt/h^2):  0.087719 (should be < 0.5)
==============================

Using CUDA devices 0, 1, 2 and 3 of 4
Block sizes: nz0=226, nz1=226, nz2=225, nz3=225

=== MEMORY ESTIMATE (LOCAL PER GPU) ===
GPU0 local bytes per array: 1.451 GB
GPU1 local bytes per array: 1.451 GB
GPU2 local bytes per array: 1.445 GB
GPU3 local bytes per array: 1.445 GB
======================================


=== SIMULATION STARTS ===

501 timesteps complete
Time = 6.748975 seconds
=== SIMULATION ENDS ===

**** FOUR GPUS CUDA, ASYNC + 4 HOST THREADS FINISHED ****
    -> wall=38.4160s  reported=6.748975s  status=ok  exit=0

>>> 4-sycl-stream-omp-p2p  gpus=4  ZE_AFFINITY_MASK=0,1,2,3  N=896
    runtime: explicit host threads=4 (one per card)
    command: env ZE_FLAT_DEVICE_HIERARCHY=COMPOSITE ZE_AFFINITY_MASK=0\,1\,2\,3 ZE_ENABLE_PCI_ID_DEVICE_ORDER=1 ONEAPI_DEVICE_SELECTOR=level_zero:gpu OMP_NUM_THREADS=4 ./4-sycl-stream-omp-p2p 896 5.475441e-05

**** FOUR GPUS CUDA, P2P + 4 HOST THREADS STARTS ****

=== MEMORY ESTIMATE (GLOBAL) ===
Grid size: 896 x 896 x 896 = 719323136 points
Memory per global array: 5.755 GB
================================

=== SIMULATION PARAMETERS ===
Grid size (n):           896
Final time (T):          0.000055
Grid spacing (h):        1.117318e-03
Time step (dt):          1.095088e-07
Kappa_max:               0.950000
Diffusion factor:        4.385965e-02
Estimated timesteps:     ~500
CFL condition (dt/h^2):  0.087719 (should be < 0.5)
==============================

Using CUDA devices 0, 1, 2 and 3 of 4
P2P shim: one shared context over 4 device(s)
WARNING: can_access_peer reports no P2P (GPU 0 <-> GPU 1); known false negative on this toolkit, proceeding.
Native API failed. Native API returns: -59 (PI_ERROR_INVALID_OPERATION) -59 (PI_ERROR_INVALID_OPERATION)
Native API failed. Native API returns: -59 (PI_ERROR_INVALID_OPERATION) -59 (PI_ERROR_INVALID_OPERATION)
P2P enabled: GPU 0 <-> GPU 1
WARNING: can_access_peer reports no P2P (GPU 1 <-> GPU 2); known false negative on this toolkit, proceeding.
Native API failed. Native API returns: -59 (PI_ERROR_INVALID_OPERATION) -59 (PI_ERROR_INVALID_OPERATION)
Native API failed. Native API returns: -59 (PI_ERROR_INVALID_OPERATION) -59 (PI_ERROR_INVALID_OPERATION)
P2P enabled: GPU 1 <-> GPU 2
WARNING: can_access_peer reports no P2P (GPU 2 <-> GPU 3); known false negative on this toolkit, proceeding.
Native API failed. Native API returns: -59 (PI_ERROR_INVALID_OPERATION) -59 (PI_ERROR_INVALID_OPERATION)
Native API failed. Native API returns: -59 (PI_ERROR_INVALID_OPERATION) -59 (PI_ERROR_INVALID_OPERATION)
P2P enabled: GPU 2 <-> GPU 3
Block sizes: nz0=226, nz1=226, nz2=225, nz3=225

=== MEMORY ESTIMATE (LOCAL PER GPU) ===
GPU0 local bytes per array: 1.451 GB
GPU1 local bytes per array: 1.451 GB
GPU2 local bytes per array: 1.445 GB
GPU3 local bytes per array: 1.445 GB
======================================


=== SIMULATION STARTS ===

501 timesteps complete
Time = 3.763928 seconds
=== SIMULATION ENDS ===
Native API failed. Native API returns: -59 (PI_ERROR_INVALID_OPERATION) -59 (PI_ERROR_INVALID_OPERATION)
Native API failed. Native API returns: -59 (PI_ERROR_INVALID_OPERATION) -59 (PI_ERROR_INVALID_OPERATION)
Native API failed. Native API returns: -59 (PI_ERROR_INVALID_OPERATION) -59 (PI_ERROR_INVALID_OPERATION)
Native API failed. Native API returns: -59 (PI_ERROR_INVALID_OPERATION) -59 (PI_ERROR_INVALID_OPERATION)
Native API failed. Native API returns: -59 (PI_ERROR_INVALID_OPERATION) -59 (PI_ERROR_INVALID_OPERATION)
Native API failed. Native API returns: -59 (PI_ERROR_INVALID_OPERATION) -59 (PI_ERROR_INVALID_OPERATION)

**** FOUR GPUS CUDA, P2P + 4 HOST THREADS FINISHED ****
    -> wall=35.4270s  reported=3.763928s  status=ok  exit=0

All done.
  Timing CSV : results_sycl_COMPOSITE_521584_20260805_134205/timings.csv
  Run log    : results_sycl_COMPOSITE_521584_20260805_134205/run.log
