-------------------------------------------------------------------------------
There are messages associated with the following module(s):
-------------------------------------------------------------------------------

LUMI/25.09:
   As the LUMI/25.09 stack uses a version of the programming environment
   that is newer than the current default on the system (25.03), please be
   aware of https://lumi-supercomputer.github.io/LUMI-training-materials/2day-20251020/102-CPE/#warning-1-you-do-not-always-get-what-you-expect
   and adapt LD_LIBRARY_PATH as needed. The easiest way to do this, is to
   simply load lumi-CrayPath after loading all other modules, and reloading
   it after a module change.

-------------------------------------------------------------------------------
This module comes with rocprof-sys, rocprof-compute, asan and debug libraries
installed.
Please check https://lumi-supercomputer.github.io/LUMI-EasyBuild-docs/r/rocm/
for instructions on how to use them.


This module comes with rocprof-sys, rocprof-compute, asan and debug libraries
installed.
Please check https://lumi-supercomputer.github.io/LUMI-EasyBuild-docs/r/rocm/
for instructions on how to use them.

============================================================
HIP correctness check   N=256  STEPS=100  dt=0.0001349009
Pass criterion: |ref - gpu| <= TOL + RTOL*|ref|
  TOL  = 1e-6
  RTOL = 1e-5
Families     : 2 4   baseline: 1
WRITE_TXT    : 1
============================================================


============================ ROCm System Management Interface ============================
====================================== Product Info ======================================
GPU[0]		: Card Series: 		AMD Instinct MI250X
GPU[0]		: Card Model: 		0x7408
GPU[0]		: Card Vendor: 		Advanced Micro Devices, Inc. [AMD/ATI]
GPU[0]		: Card SKU: 		D65201
GPU[0]		: Subsystem ID: 	0x0b0c
GPU[0]		: Device Rev: 		0x00
GPU[0]		: Node ID: 		4
GPU[0]		: GUID: 		63582
GPU[0]		: GFX Version: 		gfx90a
GPU[1]		: Card Series: 		AMD Instinct MI250X
GPU[1]		: Card Model: 		0x7408
GPU[1]		: Card Vendor: 		Advanced Micro Devices, Inc. [AMD/ATI]
GPU[1]		: Card SKU: 		D65201
GPU[1]		: Subsystem ID: 	0x0b0c
GPU[1]		: Device Rev: 		0x00
GPU[1]		: Node ID: 		5
GPU[1]		: GUID: 		51740
GPU[1]		: GFX Version: 		gfx90a
GPU[2]		: Card Series: 		AMD Instinct MI250X
GPU[2]		: Card Model: 		0x7408
GPU[2]		: Card Vendor: 		Advanced Micro Devices, Inc. [AMD/ATI]
GPU[2]		: Card SKU: 		D65201
GPU[2]		: Subsystem ID: 	0x0b0c
GPU[2]		: Device Rev: 		0x00
GPU[2]		: Node ID: 		6
GPU[2]		: GUID: 		15961
GPU[2]		: GFX Version: 		gfx90a
GPU[3]		: Card Series: 		AMD Instinct MI250X
GPU[3]		: Card Model: 		0x7408
GPU[3]		: Card Vendor: 		Advanced Micro Devices, Inc. [AMD/ATI]
GPU[3]		: Card SKU: 		D65201
GPU[3]		: Subsystem ID: 	0x0b0c
GPU[3]		: Device Rev: 		0x00
GPU[3]		: Node ID: 		7
GPU[3]		: GUID: 		3099
GPU[3]		: GFX Version: 		gfx90a
GPU[4]		: Card Series: 		AMD Instinct MI250X
GPU[4]		: Card Model: 		0x7408
GPU[4]		: Card Vendor: 		Advanced Micro Devices, Inc. [AMD/ATI]
GPU[4]		: Card SKU: 		D65201
GPU[4]		: Subsystem ID: 	0x0b0c
GPU[4]		: Device Rev: 		0x00
GPU[4]		: Node ID: 		8
GPU[4]		: GUID: 		13395
GPU[4]		: GFX Version: 		gfx90a
GPU[5]		: Card Series: 		AMD Instinct MI250X
GPU[5]		: Card Model: 		0x7408
GPU[5]		: Card Vendor: 		Advanced Micro Devices, Inc. [AMD/ATI]
GPU[5]		: Card SKU: 		D65201
GPU[5]		: Subsystem ID: 	0x0b0c
GPU[5]		: Device Rev: 		0x00
GPU[5]		: Node ID: 		9
GPU[5]		: GUID: 		1553
GPU[5]		: GFX Version: 		gfx90a
GPU[6]		: Card Series: 		AMD Instinct MI250X
GPU[6]		: Card Model: 		0x7408
GPU[6]		: Card Vendor: 		Advanced Micro Devices, Inc. [AMD/ATI]
GPU[6]		: Card SKU: 		D65201
GPU[6]		: Subsystem ID: 	0x0b0c
GPU[6]		: Device Rev: 		0x00
GPU[6]		: Node ID: 		10
GPU[6]		: GUID: 		62036
GPU[6]		: GFX Version: 		gfx90a
GPU[7]		: Card Series: 		AMD Instinct MI250X
GPU[7]		: Card Model: 		0x7408
GPU[7]		: Card Vendor: 		Advanced Micro Devices, Inc. [AMD/ATI]
GPU[7]		: Card SKU: 		D65201
GPU[7]		: Subsystem ID: 	0x0b0c
GPU[7]		: Device Rev: 		0x00
GPU[7]		: Node ID: 		11
GPU[7]		: GUID: 		49174
GPU[7]		: GFX Version: 		gfx90a
==========================================================================================
================================== End of ROCm SMI Log ===================================

Building CPU reference (make serial-ref)...
cc -O3 -fopenmp -ffp-contract=off -o serial heat3D_variable_coeff.c -lm

>>> CPU reference: ./serial 256 0.0001349009
101 timesteps complete
Time = 2.738939 seconds
h=0.00392157, dt=1.34901e-06, T=0.000134901, # time steps=101
Solution written to u_serial.txt
    reference: u_serial.txt  (16777216 lines)

>>> 1-hip  gpus=1  mask=0
    Runtime configuration:
      ROCR_VISIBLE_DEVICES=0
      WRITE_TXT=1
      HSA_ENABLE_SDMA=1
      OMP_NUM_THREADS=1
      OMP_NUM_HIDDEN_HELPER_THREADS=0
      LIBOMP_USE_HIDDEN_HELPER_TASK=1
      LIBOMP_NUM_HIDDEN_HELPER_THREADS=1
      HSA_ENABLE_SDMA=1
    command: env -u LD_PRELOAD -u HIP_VISIBLE_DEVICES -u CUDA_VISIBLE_DEVICES -u OMP_TARGET_OFFLOAD -u HSA_ENABLE_SDMA -u HSA_ENABLE_PEER_SDMA -u OMP_NUM_THREADS -u OMP_THREAD_LIMIT -u OMP_NUM_HIDDEN_HELPER_THREADS ROCR_VISIBLE_DEVICES=0 WRITE_TXT=1 HSA_ENABLE_SDMA=1 OMP_NUM_THREADS=1 OMP_NUM_HIDDEN_HELPER_THREADS=0 LIBOMP_USE_HIDDEN_HELPER_TASK=1 LIBOMP_NUM_HIDDEN_HELPER_THREADS=1 HSA_ENABLE_SDMA=1 ./1-hip 256 0.0001349009

**** ONE GPU CUDA STARTS ****

=== MEMORY ESTIMATE (GLOBAL) ===
Grid size: 256 x 256 x 256 = 16777216 points
Memory per global array: 0.134 GB
================================

=== SIMULATION PARAMETERS ===
Grid size (n):           256
Final time (T):          0.000135
Grid spacing (h):        3.921569e-03
Time step (dt):          1.349009e-06
Kappa_max:               0.950000
Diffusion factor:        4.385965e-02
Estimated timesteps:     ~100
CFL condition (dt/h^2):  0.087719 (should be < 0.5)
==============================

Using CUDA device 0 of 1

=== MEMORY ESTIMATE (LOCAL PER GPU) ===
GPU0 local bytes per array: 0.134 GB
======================================


=== SIMULATION STARTS ===

101 timesteps complete
Time = 0.151659 seconds
=== SIMULATION ENDS ===
Solution written to u_hip_1gpu.txt

**** ONE GPU CUDA FINISHED ****
    max|diff| = 0.000000e+00 (line 0)   max rel = 0.000000e+00 (line 0)
    cells over tolerance: 0   -> PASS

>>> 2-hip  gpus=2  mask=0,2
    Runtime configuration:
      ROCR_VISIBLE_DEVICES=0,2
      WRITE_TXT=1
      HSA_ENABLE_SDMA=1
      OMP_NUM_THREADS=1
      OMP_NUM_HIDDEN_HELPER_THREADS=0
      LIBOMP_USE_HIDDEN_HELPER_TASK=1
      LIBOMP_NUM_HIDDEN_HELPER_THREADS=2
      HSA_ENABLE_SDMA=1
    command: env -u LD_PRELOAD -u HIP_VISIBLE_DEVICES -u CUDA_VISIBLE_DEVICES -u OMP_TARGET_OFFLOAD -u HSA_ENABLE_SDMA -u HSA_ENABLE_PEER_SDMA -u OMP_NUM_THREADS -u OMP_THREAD_LIMIT -u OMP_NUM_HIDDEN_HELPER_THREADS ROCR_VISIBLE_DEVICES=0\,2 WRITE_TXT=1 HSA_ENABLE_SDMA=1 OMP_NUM_THREADS=1 OMP_NUM_HIDDEN_HELPER_THREADS=0 LIBOMP_USE_HIDDEN_HELPER_TASK=1 LIBOMP_NUM_HIDDEN_HELPER_THREADS=2 HSA_ENABLE_SDMA=1 ./2-hip 256 0.0001349009

**** TWO GPUS HIP STARTS ****

=== MEMORY ESTIMATE (GLOBAL) ===
Grid size: 256 x 256 x 256 = 16777216 points
Memory per global array: 0.134 GB
================================

=== SIMULATION PARAMETERS ===
Grid size (n):           256
Final time (T):          0.000135
Grid spacing (h):        3.921569e-03
Time step (dt):          1.349009e-06
Kappa_max:               0.950000
Diffusion factor:        4.385965e-02
Estimated timesteps:     ~100
CFL condition (dt/h^2):  0.087719 (should be < 0.5)
==============================

Using HIP devices 0 and 1 of 2
Block sizes: nz0=129, nz1=129, mid=127

=== MEMORY ESTIMATE (LOCAL PER GPU) ===
GPU0 local bytes per array: 0.068 GB
GPU1 local bytes per array: 0.068 GB
======================================


=== SIMULATION STARTS ===

101 timesteps complete
Time = 0.089382 seconds
=== SIMULATION ENDS ===
Solution written to u_hip_2gpu.txt

**** TWO GPUS HIP FINISHED ****
    max|diff| = 0.000000e+00 (line 0)   max rel = 0.000000e+00 (line 0)
    cells over tolerance: 0   -> PASS

>>> 2-hip-stream  gpus=2  mask=0,2
    Runtime configuration:
      ROCR_VISIBLE_DEVICES=0,2
      WRITE_TXT=1
      HSA_ENABLE_SDMA=1
      OMP_NUM_THREADS=1
      OMP_NUM_HIDDEN_HELPER_THREADS=0
      LIBOMP_USE_HIDDEN_HELPER_TASK=1
      LIBOMP_NUM_HIDDEN_HELPER_THREADS=2
      HSA_ENABLE_SDMA=1
    command: env -u LD_PRELOAD -u HIP_VISIBLE_DEVICES -u CUDA_VISIBLE_DEVICES -u OMP_TARGET_OFFLOAD -u HSA_ENABLE_SDMA -u HSA_ENABLE_PEER_SDMA -u OMP_NUM_THREADS -u OMP_THREAD_LIMIT -u OMP_NUM_HIDDEN_HELPER_THREADS ROCR_VISIBLE_DEVICES=0\,2 WRITE_TXT=1 HSA_ENABLE_SDMA=1 OMP_NUM_THREADS=1 OMP_NUM_HIDDEN_HELPER_THREADS=0 LIBOMP_USE_HIDDEN_HELPER_TASK=1 LIBOMP_NUM_HIDDEN_HELPER_THREADS=2 HSA_ENABLE_SDMA=1 ./2-hip-stream 256 0.0001349009

**** TWO GPUS HIP, ASYNC STARTS ****

=== MEMORY ESTIMATE (GLOBAL) ===
Grid size: 256 x 256 x 256 = 16777216 points
Memory per global array: 0.134 GB
================================

=== SIMULATION PARAMETERS ===
Grid size (n):           256
Final time (T):          0.000135
Grid spacing (h):        3.921569e-03
Time step (dt):          1.349009e-06
Kappa_max:               0.950000
Diffusion factor:        4.385965e-02
Estimated timesteps:     ~100
CFL condition (dt/h^2):  0.087719 (should be < 0.5)
==============================

Using HIP devices 0 and 1 of 2
Block sizes: nz0=129, nz1=129, mid=127

=== MEMORY ESTIMATE (LOCAL PER GPU) ===
GPU0 local bytes per array: 0.068 GB
GPU1 local bytes per array: 0.068 GB
======================================


=== SIMULATION STARTS ===

101 timesteps complete
Time = 0.080380 seconds
=== SIMULATION ENDS ===
Solution written to u_hip_stream_2gpu.txt

**** TWO GPUS HIP, ASYNC FINISHED ****
    max|diff| = 0.000000e+00 (line 0)   max rel = 0.000000e+00 (line 0)
    cells over tolerance: 0   -> PASS

>>> 2-hip-stream-omp  gpus=2  mask=0,2
    Runtime configuration:
      ROCR_VISIBLE_DEVICES=0,2
      WRITE_TXT=1
      HSA_ENABLE_SDMA=1
      OMP_NUM_THREADS=2
      OMP_THREAD_LIMIT=2
      OMP_NUM_HIDDEN_HELPER_THREADS=0
      LIBOMP_USE_HIDDEN_HELPER_TASK=0
      LIBOMP_NUM_HIDDEN_HELPER_THREADS=0
      HSA_ENABLE_SDMA=1
    command: env -u LD_PRELOAD -u HIP_VISIBLE_DEVICES -u CUDA_VISIBLE_DEVICES -u OMP_TARGET_OFFLOAD -u HSA_ENABLE_SDMA -u HSA_ENABLE_PEER_SDMA -u OMP_NUM_THREADS -u OMP_THREAD_LIMIT -u OMP_NUM_HIDDEN_HELPER_THREADS ROCR_VISIBLE_DEVICES=0\,2 WRITE_TXT=1 HSA_ENABLE_SDMA=1 OMP_NUM_THREADS=2 OMP_THREAD_LIMIT=2 OMP_NUM_HIDDEN_HELPER_THREADS=0 LIBOMP_USE_HIDDEN_HELPER_TASK=0 LIBOMP_NUM_HIDDEN_HELPER_THREADS=0 HSA_ENABLE_SDMA=1 ./2-hip-stream-omp 256 0.0001349009

**** TWO GPUS HIP, ASYNC + 2 HOST THREADS STARTS ****

=== MEMORY ESTIMATE (GLOBAL) ===
Grid size: 256 x 256 x 256 = 16777216 points
Memory per global array: 0.134 GB
================================

=== SIMULATION PARAMETERS ===
Grid size (n):           256
Final time (T):          0.000135
Grid spacing (h):        3.921569e-03
Time step (dt):          1.349009e-06
Kappa_max:               0.950000
Diffusion factor:        4.385965e-02
Estimated timesteps:     ~100
CFL condition (dt/h^2):  0.087719 (should be < 0.5)
==============================

Using HIP devices 0 and 1 of 2
Block sizes: nz0=129, nz1=129, mid=127

=== MEMORY ESTIMATE (LOCAL PER GPU) ===
GPU0 local bytes per array: 0.068 GB
GPU1 local bytes per array: 0.068 GB
======================================


=== SIMULATION STARTS ===

101 timesteps complete
Time = 0.071885 seconds
=== SIMULATION ENDS ===
Solution written to u_hip_stream_omp_2gpu.txt

**** TWO GPUS HIP, ASYNC + 2 HOST THREADS FINISHED ****
    max|diff| = 0.000000e+00 (line 0)   max rel = 0.000000e+00 (line 0)
    cells over tolerance: 0   -> PASS

>>> 2-hip-stream-omp-p2p  gpus=2  mask=0,2
    Runtime configuration:
      ROCR_VISIBLE_DEVICES=0,2
      WRITE_TXT=1
      HSA_ENABLE_SDMA=1
      OMP_NUM_THREADS=2
      OMP_THREAD_LIMIT=2
      OMP_NUM_HIDDEN_HELPER_THREADS=0
      LIBOMP_USE_HIDDEN_HELPER_TASK=0
      LIBOMP_NUM_HIDDEN_HELPER_THREADS=0
      HSA_ENABLE_SDMA=1
      HSA_ENABLE_PEER_SDMA=1
    command: env -u LD_PRELOAD -u HIP_VISIBLE_DEVICES -u CUDA_VISIBLE_DEVICES -u OMP_TARGET_OFFLOAD -u HSA_ENABLE_SDMA -u HSA_ENABLE_PEER_SDMA -u OMP_NUM_THREADS -u OMP_THREAD_LIMIT -u OMP_NUM_HIDDEN_HELPER_THREADS ROCR_VISIBLE_DEVICES=0\,2 WRITE_TXT=1 HSA_ENABLE_SDMA=1 OMP_NUM_THREADS=2 OMP_THREAD_LIMIT=2 OMP_NUM_HIDDEN_HELPER_THREADS=0 LIBOMP_USE_HIDDEN_HELPER_TASK=0 LIBOMP_NUM_HIDDEN_HELPER_THREADS=0 HSA_ENABLE_SDMA=1 HSA_ENABLE_PEER_SDMA=1 ./2-hip-stream-omp-p2p 256 0.0001349009

**** TWO GPUS HIP, P2P + 2 HOST THREADS STARTS ****

=== MEMORY ESTIMATE (GLOBAL) ===
Grid size: 256 x 256 x 256 = 16777216 points
Memory per global array: 0.134 GB
================================

=== SIMULATION PARAMETERS ===
Grid size (n):           256
Final time (T):          0.000135
Grid spacing (h):        3.921569e-03
Time step (dt):          1.349009e-06
Kappa_max:               0.950000
Diffusion factor:        4.385965e-02
Estimated timesteps:     ~100
CFL condition (dt/h^2):  0.087719 (should be < 0.5)
==============================

Using HIP devices 0 and 1 of 2
P2P enabled between GPU 0 and GPU 1
Block sizes: nz0=129, nz1=129, mid=127

=== MEMORY ESTIMATE (LOCAL PER GPU) ===
GPU0 local bytes per array: 0.068 GB
GPU1 local bytes per array: 0.068 GB
======================================


=== SIMULATION STARTS ===

101 timesteps complete
Time = 0.060244 seconds
=== SIMULATION ENDS ===
Solution written to u_hip_stream_omp_p2p_2gpu.txt

**** TWO GPUS HIP, P2P + 2 HOST THREADS FINISHED ****
    max|diff| = 0.000000e+00 (line 0)   max rel = 0.000000e+00 (line 0)
    cells over tolerance: 0   -> PASS

>>> 4-hip  gpus=4  mask=0,2,4,6
    Runtime configuration:
      ROCR_VISIBLE_DEVICES=0,2,4,6
      WRITE_TXT=1
      HSA_ENABLE_SDMA=1
      OMP_NUM_THREADS=1
      OMP_NUM_HIDDEN_HELPER_THREADS=0
      LIBOMP_USE_HIDDEN_HELPER_TASK=1
      LIBOMP_NUM_HIDDEN_HELPER_THREADS=4
      HSA_ENABLE_SDMA=1
    command: env -u LD_PRELOAD -u HIP_VISIBLE_DEVICES -u CUDA_VISIBLE_DEVICES -u OMP_TARGET_OFFLOAD -u HSA_ENABLE_SDMA -u HSA_ENABLE_PEER_SDMA -u OMP_NUM_THREADS -u OMP_THREAD_LIMIT -u OMP_NUM_HIDDEN_HELPER_THREADS ROCR_VISIBLE_DEVICES=0\,2\,4\,6 WRITE_TXT=1 HSA_ENABLE_SDMA=1 OMP_NUM_THREADS=1 OMP_NUM_HIDDEN_HELPER_THREADS=0 LIBOMP_USE_HIDDEN_HELPER_TASK=1 LIBOMP_NUM_HIDDEN_HELPER_THREADS=4 HSA_ENABLE_SDMA=1 ./4-hip 256 0.0001349009

**** FOUR GPUS HIP STARTS ****

=== MEMORY ESTIMATE (GLOBAL) ===
Grid size: 256 x 256 x 256 = 16777216 points
Memory per global array: 0.134 GB
================================

=== SIMULATION PARAMETERS ===
Grid size (n):           256
Final time (T):          0.000135
Grid spacing (h):        3.921569e-03
Time step (dt):          1.349009e-06
Kappa_max:               0.950000
Diffusion factor:        4.385965e-02
Estimated timesteps:     ~100
CFL condition (dt/h^2):  0.087719 (should be < 0.5)
==============================

Using HIP devices 0, 1, 2 and 3 of 4
Block sizes: nz0=66, nz1=66, nz2=65, nz3=65

=== MEMORY ESTIMATE (LOCAL PER GPU) ===
GPU0 local bytes per array: 0.035 GB
GPU1 local bytes per array: 0.035 GB
GPU2 local bytes per array: 0.034 GB
GPU3 local bytes per array: 0.034 GB
======================================


=== SIMULATION STARTS ===

101 timesteps complete
Time = 0.127872 seconds
=== SIMULATION ENDS ===
Solution written to u_hip_4gpu.txt

**** FOUR GPUS HIP FINISHED ****
    max|diff| = 0.000000e+00 (line 0)   max rel = 0.000000e+00 (line 0)
    cells over tolerance: 0   -> PASS

>>> 4-hip-stream  gpus=4  mask=0,2,4,6
    Runtime configuration:
      ROCR_VISIBLE_DEVICES=0,2,4,6
      WRITE_TXT=1
      HSA_ENABLE_SDMA=1
      OMP_NUM_THREADS=1
      OMP_NUM_HIDDEN_HELPER_THREADS=0
      LIBOMP_USE_HIDDEN_HELPER_TASK=1
      LIBOMP_NUM_HIDDEN_HELPER_THREADS=4
      HSA_ENABLE_SDMA=1
    command: env -u LD_PRELOAD -u HIP_VISIBLE_DEVICES -u CUDA_VISIBLE_DEVICES -u OMP_TARGET_OFFLOAD -u HSA_ENABLE_SDMA -u HSA_ENABLE_PEER_SDMA -u OMP_NUM_THREADS -u OMP_THREAD_LIMIT -u OMP_NUM_HIDDEN_HELPER_THREADS ROCR_VISIBLE_DEVICES=0\,2\,4\,6 WRITE_TXT=1 HSA_ENABLE_SDMA=1 OMP_NUM_THREADS=1 OMP_NUM_HIDDEN_HELPER_THREADS=0 LIBOMP_USE_HIDDEN_HELPER_TASK=1 LIBOMP_NUM_HIDDEN_HELPER_THREADS=4 HSA_ENABLE_SDMA=1 ./4-hip-stream 256 0.0001349009

**** FOUR GPUS HIP, ASYNC STARTS ****

=== MEMORY ESTIMATE (GLOBAL) ===
Grid size: 256 x 256 x 256 = 16777216 points
Memory per global array: 0.134 GB
================================

=== SIMULATION PARAMETERS ===
Grid size (n):           256
Final time (T):          0.000135
Grid spacing (h):        3.921569e-03
Time step (dt):          1.349009e-06
Kappa_max:               0.950000
Diffusion factor:        4.385965e-02
Estimated timesteps:     ~100
CFL condition (dt/h^2):  0.087719 (should be < 0.5)
==============================

Using HIP devices 0, 1, 2 and 3 of 4
Block sizes: nz0=66, nz1=66, nz2=65, nz3=65

=== MEMORY ESTIMATE (LOCAL PER GPU) ===
GPU0 local bytes per array: 0.035 GB
GPU1 local bytes per array: 0.035 GB
GPU2 local bytes per array: 0.034 GB
GPU3 local bytes per array: 0.034 GB
======================================


=== SIMULATION STARTS ===

101 timesteps complete
Time = 0.110283 seconds
=== SIMULATION ENDS ===
Solution written to u_hip_stream_4gpu.txt

**** FOUR GPUS HIP, ASYNC FINISHED ****
    max|diff| = 0.000000e+00 (line 0)   max rel = 0.000000e+00 (line 0)
    cells over tolerance: 0   -> PASS

>>> 4-hip-stream-omp  gpus=4  mask=0,2,4,6
    Runtime configuration:
      ROCR_VISIBLE_DEVICES=0,2,4,6
      WRITE_TXT=1
      HSA_ENABLE_SDMA=1
      OMP_NUM_THREADS=4
      OMP_THREAD_LIMIT=4
      OMP_NUM_HIDDEN_HELPER_THREADS=0
      LIBOMP_USE_HIDDEN_HELPER_TASK=0
      LIBOMP_NUM_HIDDEN_HELPER_THREADS=0
      HSA_ENABLE_SDMA=1
    command: env -u LD_PRELOAD -u HIP_VISIBLE_DEVICES -u CUDA_VISIBLE_DEVICES -u OMP_TARGET_OFFLOAD -u HSA_ENABLE_SDMA -u HSA_ENABLE_PEER_SDMA -u OMP_NUM_THREADS -u OMP_THREAD_LIMIT -u OMP_NUM_HIDDEN_HELPER_THREADS ROCR_VISIBLE_DEVICES=0\,2\,4\,6 WRITE_TXT=1 HSA_ENABLE_SDMA=1 OMP_NUM_THREADS=4 OMP_THREAD_LIMIT=4 OMP_NUM_HIDDEN_HELPER_THREADS=0 LIBOMP_USE_HIDDEN_HELPER_TASK=0 LIBOMP_NUM_HIDDEN_HELPER_THREADS=0 HSA_ENABLE_SDMA=1 ./4-hip-stream-omp 256 0.0001349009

**** FOUR GPUS HIP, ASYNC + 4 HOST THREADS STARTS ****

=== MEMORY ESTIMATE (GLOBAL) ===
Grid size: 256 x 256 x 256 = 16777216 points
Memory per global array: 0.134 GB
================================

=== SIMULATION PARAMETERS ===
Grid size (n):           256
Final time (T):          0.000135
Grid spacing (h):        3.921569e-03
Time step (dt):          1.349009e-06
Kappa_max:               0.950000
Diffusion factor:        4.385965e-02
Estimated timesteps:     ~100
CFL condition (dt/h^2):  0.087719 (should be < 0.5)
==============================

Using HIP devices 0, 1, 2 and 3 of 4
Block sizes: nz0=66, nz1=66, nz2=65, nz3=65

=== MEMORY ESTIMATE (LOCAL PER GPU) ===
GPU0 local bytes per array: 0.035 GB
GPU1 local bytes per array: 0.035 GB
GPU2 local bytes per array: 0.034 GB
GPU3 local bytes per array: 0.034 GB
======================================


=== SIMULATION STARTS ===

101 timesteps complete
Time = 0.098136 seconds
=== SIMULATION ENDS ===
Solution written to u_hip_stream_omp_4gpu.txt

**** FOUR GPUS HIP, ASYNC + 4 HOST THREADS FINISHED ****
    max|diff| = 0.000000e+00 (line 0)   max rel = 0.000000e+00 (line 0)
    cells over tolerance: 0   -> PASS

>>> 4-hip-stream-omp-p2p  gpus=4  mask=0,2,4,6
    Runtime configuration:
      ROCR_VISIBLE_DEVICES=0,2,4,6
      WRITE_TXT=1
      HSA_ENABLE_SDMA=1
      OMP_NUM_THREADS=4
      OMP_THREAD_LIMIT=4
      OMP_NUM_HIDDEN_HELPER_THREADS=0
      LIBOMP_USE_HIDDEN_HELPER_TASK=0
      LIBOMP_NUM_HIDDEN_HELPER_THREADS=0
      HSA_ENABLE_SDMA=1
      HSA_ENABLE_PEER_SDMA=1
    command: env -u LD_PRELOAD -u HIP_VISIBLE_DEVICES -u CUDA_VISIBLE_DEVICES -u OMP_TARGET_OFFLOAD -u HSA_ENABLE_SDMA -u HSA_ENABLE_PEER_SDMA -u OMP_NUM_THREADS -u OMP_THREAD_LIMIT -u OMP_NUM_HIDDEN_HELPER_THREADS ROCR_VISIBLE_DEVICES=0\,2\,4\,6 WRITE_TXT=1 HSA_ENABLE_SDMA=1 OMP_NUM_THREADS=4 OMP_THREAD_LIMIT=4 OMP_NUM_HIDDEN_HELPER_THREADS=0 LIBOMP_USE_HIDDEN_HELPER_TASK=0 LIBOMP_NUM_HIDDEN_HELPER_THREADS=0 HSA_ENABLE_SDMA=1 HSA_ENABLE_PEER_SDMA=1 ./4-hip-stream-omp-p2p 256 0.0001349009

**** FOUR GPUS HIP, P2P + 4 HOST THREADS STARTS ****

=== MEMORY ESTIMATE (GLOBAL) ===
Grid size: 256 x 256 x 256 = 16777216 points
Memory per global array: 0.134 GB
================================

=== SIMULATION PARAMETERS ===
Grid size (n):           256
Final time (T):          0.000135
Grid spacing (h):        3.921569e-03
Time step (dt):          1.349009e-06
Kappa_max:               0.950000
Diffusion factor:        4.385965e-02
Estimated timesteps:     ~100
CFL condition (dt/h^2):  0.087719 (should be < 0.5)
==============================

Using HIP devices 0, 1, 2 and 3 of 4
P2P enabled: GPU 0 <-> GPU 1
P2P enabled: GPU 1 <-> GPU 2
P2P enabled: GPU 2 <-> GPU 3
Block sizes: nz0=66, nz1=66, nz2=65, nz3=65

=== MEMORY ESTIMATE (LOCAL PER GPU) ===
GPU0 local bytes per array: 0.035 GB
GPU1 local bytes per array: 0.035 GB
GPU2 local bytes per array: 0.034 GB
GPU3 local bytes per array: 0.034 GB
======================================


=== SIMULATION STARTS ===

101 timesteps complete
Time = 0.038706 seconds
=== SIMULATION ENDS ===
Solution written to u_hip_stream_omp_p2p_4gpu.txt

**** FOUR GPUS HIP, P2P + 4 HOST THREADS FINISHED ****
    max|diff| = 0.000000e+00 (line 0)   max rel = 0.000000e+00 (line 0)
    cells over tolerance: 0   -> PASS

============================================================
PASSED  (9): 1-hip 2-hip 2-hip-stream 2-hip-stream-omp 2-hip-stream-omp-p2p 4-hip 4-hip-stream 4-hip-stream-omp 4-hip-stream-omp-p2p
FAILED  (0): none
SKIPPED (0): none
============================================================

Solution .txt files kept for manual inspection. Remove with:
  ./clean.sh -f out
Cross-check with the Python tool (same criterion, same defaults):
  python3 compare.py --backend hip
RESULT: PASS
