unload bsc/1.0 (PATH, MANPATH)
load bsc/1.0 (PATH, MANPATH)
unload bsc/1.0 (PATH, MANPATH)
load EB/apps (PATH)
load CUDA/12.8 (PATH, MANPATH, LD_LIBRARY_PATH, LIBRARY_PATH, C_INCLUDE_PATH,
CPLUS_INCLUDE_PATH, CUDA_HOME, CUDA_VERSION, CUDA_INC, CUDA_INSTALL_PATH) 
load CLANG/18.1.8 (PATH, LD_LIBRARY_PATH, LIBRARY_PATH, C_INCLUDE_PATH,
CPLUS_INCLUDE_PATH, HDF5_DIR, HDF5_ROOT) 
============================================================
Host               : as07r3b09
Job ID             : 43992472
Repetition         : 1
Timestamp          : 20260730_140004
Results dir        : results_43992472_20260730_140004
N                  : 1152
DT                 : 3.310659e-05
STEPS              : 500
FAMILIES           : '2 4'
BASELINE           : 1
STREAM_HELPERS_2   : 2
STREAM_HELPERS_4   : 4
Compiler           : clang version 18.1.8
============================================================
SLURM_JOB_GPUS=0,1,2,3
CUDA_VISIBLE_DEVICES from Slurm=<unset>
GPU 0: NVIDIA H100 (UUID: GPU-2399f99d-d3ec-f44d-1fc7-550c1e2e6e71)
GPU 1: NVIDIA H100 (UUID: GPU-5566ff8d-2ac1-90be-acc4-16fd852575d9)
GPU 2: NVIDIA H100 (UUID: GPU-0800a491-9ab5-50fd-18b7-0c570c79d9ce)
GPU 3: NVIDIA H100 (UUID: GPU-74dd7f5d-89a0-cdaa-1eb2-e1d9da45602e)
GPU inventory:
0, NVIDIA H100, GPU-2399f99d-d3ec-f44d-1fc7-550c1e2e6e71, 65247 MiB, 535.86.10
1, NVIDIA H100, GPU-5566ff8d-2ac1-90be-acc4-16fd852575d9, 65247 MiB, 535.86.10
2, NVIDIA H100, GPU-0800a491-9ab5-50fd-18b7-0c570c79d9ce, 65247 MiB, 535.86.10
3, NVIDIA H100, GPU-74dd7f5d-89a0-cdaa-1eb2-e1d9da45602e, 65247 MiB, 535.86.10
GPU topology:
	[4mGPU0	GPU1	GPU2	GPU3	NIC0	NIC1	NIC2	NIC3	NIC4	NIC5	CPU Affinity	NUMA Affinity	GPU NUMA ID[0m
GPU0	 X 	NV6	NV6	NV6	PXB	SYS	SYS	SYS	SYS	SYS	0-19,80-99	0		N/A
GPU1	NV6	 X 	NV6	NV6	SYS	PXB	NODE	NODE	SYS	SYS	20-39,100-119	1		N/A
GPU2	NV6	NV6	 X 	NV6	SYS	SYS	SYS	SYS	PXB	SYS	40-59,120-139	2		N/A
GPU3	NV6	NV6	NV6	 X 	SYS	SYS	SYS	SYS	SYS	PXB	60-79,140-159	3		N/A
NIC0	PXB	SYS	SYS	SYS	 X 	SYS	SYS	SYS	SYS	SYS				
NIC1	SYS	PXB	SYS	SYS	SYS	 X 	NODE	NODE	SYS	SYS				
NIC2	SYS	NODE	SYS	SYS	SYS	NODE	 X 	PIX	SYS	SYS				
NIC3	SYS	NODE	SYS	SYS	SYS	NODE	PIX	 X 	SYS	SYS				
NIC4	SYS	SYS	PXB	SYS	SYS	SYS	SYS	SYS	 X 	SYS				
NIC5	SYS	SYS	SYS	PXB	SYS	SYS	SYS	SYS	SYS	 X 				

Legend:

  X    = Self
  SYS  = Connection traversing PCIe as well as the SMP interconnect between NUMA nodes (e.g., QPI/UPI)
  NODE = Connection traversing PCIe as well as the interconnect between PCIe Host Bridges within a NUMA node
  PHB  = Connection traversing PCIe as well as a PCIe Host Bridge (typically the CPU)
  PXB  = Connection traversing multiple PCIe bridges (without traversing the PCIe Host Bridge)
  PIX  = Connection traversing at most a single PCIe bridge
  NV#  = Connection traversing a bonded set of # NVLinks

NIC Legend:

  NIC0: mlx5_0
  NIC1: mlx5_1
  NIC2: mlx5_2
  NIC3: mlx5_3
  NIC4: mlx5_4
  NIC5: mlx5_5


Starting benchmarks
===========================
N = 1152   dt = 3.310659e-05
===========================

>>> 1-omp  gpus=1  mask=0  N=1152
    Runtime configuration:
      CUDA_VISIBLE_DEVICES=0
      OMP_NUM_THREADS=1
      LIBOMP_USE_HIDDEN_HELPER_TASK=0
      LIBOMP_NUM_HIDDEN_HELPER_THREADS=0

**** ONE GPU OpenMP Offloading STARTS ****

=== MEMORY ESTIMATE (GLOBAL) ===
Grid size: 1152 x 1152 x 1152 = 1528823808 points
Memory per global array: 12.231 GB
================================

=== SIMULATION PARAMETERS ===
Grid size (n):           1152
Final time (T):          0.000033
Grid spacing (h):        8.688097e-04
Time step (dt):          6.621319e-08
Kappa_max:               0.950000
Diffusion factor:        4.385965e-02
Estimated timesteps:     ~499
CFL condition (dt/h^2):  0.087719 (should be < 0.5)
==============================

Using OpenMP target device 0 of 1

=== MEMORY ESTIMATE (LOCAL PER GPU) ===
GPU0 local bytes per array: 12.231 GB
======================================


=== SIMULATION STARTS ===

500 timesteps complete
Time = 49.616505 seconds
=== SIMULATION ENDS ===

**** ONE GPU OpenMP Offloading FINISHED ****
    -> wall=128.9090s  reported=49.616505s  status=ok

>>> 2-omp  gpus=2  mask=0,1  N=1152
    Runtime configuration:
      CUDA_VISIBLE_DEVICES=0,1
      OMP_NUM_THREADS=1
      LIBOMP_USE_HIDDEN_HELPER_TASK=0
      LIBOMP_NUM_HIDDEN_HELPER_THREADS=0

**** TWO GPUS OpenMP Offloading STARTS ****

=== MEMORY ESTIMATE (GLOBAL) ===
Grid size: 1152 x 1152 x 1152 = 1528823808 points
Memory per global array: 12.231 GB
================================

=== SIMULATION PARAMETERS ===
Grid size (n):           1152
Final time (T):          0.000033
Grid spacing (h):        8.688097e-04
Time step (dt):          6.621319e-08
Kappa_max:               0.950000
Diffusion factor:        4.385965e-02
Estimated timesteps:     ~499
CFL condition (dt/h^2):  0.087719 (should be < 0.5)
==============================

Using OpenMP target devices 0 and 1 of 2
Block sizes: nz0=577, nz1=577, mid=575

=== MEMORY ESTIMATE (LOCAL PER GPU) ===
GPU0 local bytes per array: 6.126 GB
GPU1 local bytes per array: 6.126 GB
======================================


=== SIMULATION STARTS ===

500 timesteps complete
Time = 50.493275 seconds
=== SIMULATION ENDS ===

**** TWO GPUS OpenMP Offloading FINISHED ****
    -> wall=129.6810s  reported=50.493275s  status=ok

>>> 2-omp-stream  gpus=2  mask=0,1  N=1152
    Runtime configuration:
      CUDA_VISIBLE_DEVICES=0,1
      OMP_NUM_THREADS=1
      LIBOMP_USE_HIDDEN_HELPER_TASK=0
      LIBOMP_NUM_HIDDEN_HELPER_THREADS=0

**** TWO GPUS OpenMP Offloading, ASYNC STARTS ****

=== MEMORY ESTIMATE (GLOBAL) ===
Grid size: 1152 x 1152 x 1152 = 1528823808 points
Memory per global array: 12.231 GB
================================

=== SIMULATION PARAMETERS ===
Grid size (n):           1152
Final time (T):          0.000033
Grid spacing (h):        8.688097e-04
Time step (dt):          6.621319e-08
Kappa_max:               0.950000
Diffusion factor:        4.385965e-02
Estimated timesteps:     ~499
CFL condition (dt/h^2):  0.087719 (should be < 0.5)
==============================

Using OpenMP target devices 0 and 1 of 2
Block sizes: nz0=577, nz1=577, mid=575

=== MEMORY ESTIMATE (LOCAL PER GPU) ===
GPU0 local bytes per array: 6.126 GB
GPU1 local bytes per array: 6.126 GB
======================================


=== SIMULATION STARTS ===

500 timesteps complete
Time = 50.509188 seconds
=== SIMULATION ENDS ===

**** TWO GPUS OpenMP Offloading, ASYNC FINISHED ****
    -> wall=129.7390s  reported=50.509188s  status=ok

>>> 2-omp-stream-omp  gpus=2  mask=0,1  N=1152
    Runtime configuration:
      CUDA_VISIBLE_DEVICES=0,1
      OMP_NUM_THREADS=2
      LIBOMP_USE_HIDDEN_HELPER_TASK=0
      LIBOMP_NUM_HIDDEN_HELPER_THREADS=0

**** TWO GPUS OpenMP Offloading, ASYNC + 2 HOST THREADS STARTS ****

=== MEMORY ESTIMATE (GLOBAL) ===
Grid size: 1152 x 1152 x 1152 = 1528823808 points
Memory per global array: 12.231 GB
================================

=== SIMULATION PARAMETERS ===
Grid size (n):           1152
Final time (T):          0.000033
Grid spacing (h):        8.688097e-04
Time step (dt):          6.621319e-08
Kappa_max:               0.950000
Diffusion factor:        4.385965e-02
Estimated timesteps:     ~499
CFL condition (dt/h^2):  0.087719 (should be < 0.5)
==============================

Using OpenMP target devices 0 and 1 of 2
Block sizes: nz0=577, nz1=577, mid=575

=== MEMORY ESTIMATE (LOCAL PER GPU) ===
GPU0 local bytes per array: 6.126 GB
GPU1 local bytes per array: 6.126 GB
======================================


=== SIMULATION STARTS ===

500 timesteps complete
Time = 24.597854 seconds
=== SIMULATION ENDS ===

**** TWO GPUS OpenMP Offloading, ASYNC + 2 HOST THREADS FINISHED ****
    -> wall=105.9900s  reported=24.597854s  status=ok

>>> 2-omp-stream-omp-p2p  gpus=2  mask=0,1  N=1152
    Runtime configuration:
      CUDA_VISIBLE_DEVICES=0,1
      OMP_NUM_THREADS=2
      LIBOMP_USE_HIDDEN_HELPER_TASK=0
      LIBOMP_NUM_HIDDEN_HELPER_THREADS=0

**** TWO GPUS OpenMP Offloading, P2P + 2 HOST THREADS STARTS ****

=== MEMORY ESTIMATE (GLOBAL) ===
Grid size: 1152 x 1152 x 1152 = 1528823808 points
Memory per global array: 12.231 GB
================================

=== SIMULATION PARAMETERS ===
Grid size (n):           1152
Final time (T):          0.000033
Grid spacing (h):        8.688097e-04
Time step (dt):          6.621319e-08
Kappa_max:               0.950000
Diffusion factor:        4.385965e-02
Estimated timesteps:     ~499
CFL condition (dt/h^2):  0.087719 (should be < 0.5)
==============================

Using OpenMP target devices 0 and 1 of 2
Block sizes: nz0=577, nz1=577, mid=575

=== MEMORY ESTIMATE (LOCAL PER GPU) ===
GPU0 local bytes per array: 6.126 GB
GPU1 local bytes per array: 6.126 GB
======================================


=== SIMULATION STARTS ===

500 timesteps complete
Time = 24.444991 seconds
=== SIMULATION ENDS ===

**** TWO GPUS OpenMP Offloading, P2P + 2 HOST THREADS FINISHED ****
    -> wall=105.0630s  reported=24.444991s  status=ok

>>> 4-omp  gpus=4  mask=0,1,2,3  N=1152
    Runtime configuration:
      CUDA_VISIBLE_DEVICES=0,1,2,3
      OMP_NUM_THREADS=1
      LIBOMP_USE_HIDDEN_HELPER_TASK=0
      LIBOMP_NUM_HIDDEN_HELPER_THREADS=0

**** FOUR GPUS OpenMP Offloading STARTS ****

=== MEMORY ESTIMATE (GLOBAL) ===
Grid size: 1152 x 1152 x 1152 = 1528823808 points
Memory per global array: 12.231 GB
================================

=== SIMULATION PARAMETERS ===
Grid size (n):           1152
Final time (T):          0.000033
Grid spacing (h):        8.688097e-04
Time step (dt):          6.621319e-08
Kappa_max:               0.950000
Diffusion factor:        4.385965e-02
Estimated timesteps:     ~499
CFL condition (dt/h^2):  0.087719 (should be < 0.5)
==============================

Using OpenMP target devices 0, 1, 2 and 3 of 4
Block sizes: nz0=290, nz1=290, nz2=289, nz3=289

=== MEMORY ESTIMATE (LOCAL PER GPU) ===
GPU0 local bytes per array: 3.079 GB
GPU1 local bytes per array: 3.079 GB
GPU2 local bytes per array: 3.068 GB
GPU3 local bytes per array: 3.068 GB
======================================


=== SIMULATION STARTS ===

500 timesteps complete
Time = 52.242368 seconds
=== SIMULATION ENDS ===

**** FOUR GPUS OpenMP Offloading FINISHED ****
    -> wall=132.1750s  reported=52.242368s  status=ok

>>> 4-omp-stream  gpus=4  mask=0,1,2,3  N=1152
    Runtime configuration:
      CUDA_VISIBLE_DEVICES=0,1,2,3
      OMP_NUM_THREADS=1
      LIBOMP_USE_HIDDEN_HELPER_TASK=0
      LIBOMP_NUM_HIDDEN_HELPER_THREADS=0

**** FOUR GPUS OpenMP Offloading, ASYNC STARTS ****

=== MEMORY ESTIMATE (GLOBAL) ===
Grid size: 1152 x 1152 x 1152 = 1528823808 points
Memory per global array: 12.231 GB
================================

=== SIMULATION PARAMETERS ===
Grid size (n):           1152
Final time (T):          0.000033
Grid spacing (h):        8.688097e-04
Time step (dt):          6.621319e-08
Kappa_max:               0.950000
Diffusion factor:        4.385965e-02
Estimated timesteps:     ~499
CFL condition (dt/h^2):  0.087719 (should be < 0.5)
==============================

Using OpenMP target devices 0, 1, 2 and 3 of 4
Block sizes: nz0=290, nz1=290, nz2=289, nz3=289

=== MEMORY ESTIMATE (LOCAL PER GPU) ===
GPU0 local bytes per array: 3.079 GB
GPU1 local bytes per array: 3.079 GB
GPU2 local bytes per array: 3.068 GB
GPU3 local bytes per array: 3.068 GB
======================================


=== SIMULATION STARTS ===

500 timesteps complete
Time = 52.232231 seconds
=== SIMULATION ENDS ===

**** FOUR GPUS OpenMP Offloading, ASYNC FINISHED ****
    -> wall=132.1030s  reported=52.232231s  status=ok

>>> 4-omp-stream-omp  gpus=4  mask=0,1,2,3  N=1152
    Runtime configuration:
      CUDA_VISIBLE_DEVICES=0,1,2,3
      OMP_NUM_THREADS=4
      LIBOMP_USE_HIDDEN_HELPER_TASK=0
      LIBOMP_NUM_HIDDEN_HELPER_THREADS=0

**** FOUR GPUS OpenMP Offloading, ASYNC + 4 HOST THREADS STARTS ****

=== MEMORY ESTIMATE (GLOBAL) ===
Grid size: 1152 x 1152 x 1152 = 1528823808 points
Memory per global array: 12.231 GB
================================

=== SIMULATION PARAMETERS ===
Grid size (n):           1152
Final time (T):          0.000033
Grid spacing (h):        8.688097e-04
Time step (dt):          6.621319e-08
Kappa_max:               0.950000
Diffusion factor:        4.385965e-02
Estimated timesteps:     ~499
CFL condition (dt/h^2):  0.087719 (should be < 0.5)
==============================

Using OpenMP target devices 0, 1, 2 and 3 of 4
Block sizes: nz0=290, nz1=290, nz2=289, nz3=289

=== MEMORY ESTIMATE (LOCAL PER GPU) ===
GPU0 local bytes per array: 3.079 GB
GPU1 local bytes per array: 3.079 GB
GPU2 local bytes per array: 3.068 GB
GPU3 local bytes per array: 3.068 GB
======================================


=== SIMULATION STARTS ===

500 timesteps complete
Time = 12.753748 seconds
=== SIMULATION ENDS ===

**** FOUR GPUS OpenMP Offloading, ASYNC + 4 HOST THREADS FINISHED ****
    -> wall=94.9620s  reported=12.753748s  status=ok

>>> 4-omp-stream-omp-p2p  gpus=4  mask=0,1,2,3  N=1152
    Runtime configuration:
      CUDA_VISIBLE_DEVICES=0,1,2,3
      OMP_NUM_THREADS=4
      LIBOMP_USE_HIDDEN_HELPER_TASK=0
      LIBOMP_NUM_HIDDEN_HELPER_THREADS=0

**** FOUR GPUS OpenMP Offloading, P2P + 4 HOST THREADS STARTS ****

=== MEMORY ESTIMATE (GLOBAL) ===
Grid size: 1152 x 1152 x 1152 = 1528823808 points
Memory per global array: 12.231 GB
================================

=== SIMULATION PARAMETERS ===
Grid size (n):           1152
Final time (T):          0.000033
Grid spacing (h):        8.688097e-04
Time step (dt):          6.621319e-08
Kappa_max:               0.950000
Diffusion factor:        4.385965e-02
Estimated timesteps:     ~499
CFL condition (dt/h^2):  0.087719 (should be < 0.5)
==============================

Using OpenMP target devices 0, 1, 2 and 3 of 4
Block sizes: nz0=290, nz1=290, nz2=289, nz3=289

=== MEMORY ESTIMATE (LOCAL PER GPU) ===
GPU0 local bytes per array: 3.079 GB
GPU1 local bytes per array: 3.079 GB
GPU2 local bytes per array: 3.068 GB
GPU3 local bytes per array: 3.068 GB
======================================


=== SIMULATION STARTS ===

500 timesteps complete
Time = 11.938836 seconds
=== SIMULATION ENDS ===

**** FOUR GPUS OpenMP Offloading, P2P + 4 HOST THREADS FINISHED ****
    -> wall=93.7050s  reported=11.938836s  status=ok

All done.
  Timing CSV : results_43992472_20260730_140004/timings.csv
  Run log    : results_43992472_20260730_140004/run.log
