unload bsc/1.0 (PATH, MANPATH)
load bsc/1.0 (PATH, MANPATH)
flatpak: symbol lookup error: /lib64/libldap.so.2: undefined symbol: EVP_md2, version OPENSSL_3.0.0
unload bsc/1.0 (PATH, MANPATH)
unload EB/apps (PATH)
load EB/apps (PATH)
load CUDA/12.8 (PATH, MANPATH, LD_LIBRARY_PATH, LIBRARY_PATH, C_INCLUDE_PATH,
CPLUS_INCLUDE_PATH, CUDA_HOME, CUDA_VERSION, CUDA_INC, CUDA_INSTALL_PATH) 
load CLANG/18.1.8 (PATH, LD_LIBRARY_PATH, LIBRARY_PATH, C_INCLUDE_PATH,
CPLUS_INCLUDE_PATH, HDF5_DIR, HDF5_ROOT) 
============================================================
Host               : as07r5b06
Job ID             : 43989155
Repetition         : 4
Timestamp          : 20260730_113712
Results dir        : results_43989155_20260730_113712
N                  : 512
DT                 : 0.0001679668
STEPS              : 500
FAMILIES           : '2 4'
BASELINE           : 1
STREAM_HELPERS_2   : 2
STREAM_HELPERS_4   : 4
Compiler           : clang version 18.1.8
============================================================
SLURM_JOB_GPUS=0,1,2,3
CUDA_VISIBLE_DEVICES from Slurm=<unset>
GPU 0: NVIDIA H100 (UUID: GPU-9ded3639-d3fd-1aea-b84f-563323f56517)
GPU 1: NVIDIA H100 (UUID: GPU-25cc664f-0303-e368-bfc1-9c31154ea970)
GPU 2: NVIDIA H100 (UUID: GPU-774baeba-64a4-0c22-d648-ba771b98c897)
GPU 3: NVIDIA H100 (UUID: GPU-9335266f-9763-5122-d034-7424b9edb1e9)
GPU inventory:
0, NVIDIA H100, GPU-9ded3639-d3fd-1aea-b84f-563323f56517, 65247 MiB, 535.86.10
1, NVIDIA H100, GPU-25cc664f-0303-e368-bfc1-9c31154ea970, 65247 MiB, 535.86.10
2, NVIDIA H100, GPU-774baeba-64a4-0c22-d648-ba771b98c897, 65247 MiB, 535.86.10
3, NVIDIA H100, GPU-9335266f-9763-5122-d034-7424b9edb1e9, 65247 MiB, 535.86.10
GPU topology:
	[4mGPU0	GPU1	GPU2	GPU3	NIC0	NIC1	NIC2	NIC3	NIC4	NIC5	CPU Affinity	NUMA Affinity	GPU NUMA ID[0m
GPU0	 X 	NV6	NV6	NV6	PXB	SYS	SYS	SYS	SYS	SYS	0-19,80-99	0		N/A
GPU1	NV6	 X 	NV6	NV6	SYS	PXB	NODE	NODE	SYS	SYS	20-39,100-119	1		N/A
GPU2	NV6	NV6	 X 	NV6	SYS	SYS	SYS	SYS	PXB	SYS	40-59,120-139	2		N/A
GPU3	NV6	NV6	NV6	 X 	SYS	SYS	SYS	SYS	SYS	PXB	60-79,140-159	3		N/A
NIC0	PXB	SYS	SYS	SYS	 X 	SYS	SYS	SYS	SYS	SYS				
NIC1	SYS	PXB	SYS	SYS	SYS	 X 	NODE	NODE	SYS	SYS				
NIC2	SYS	NODE	SYS	SYS	SYS	NODE	 X 	PIX	SYS	SYS				
NIC3	SYS	NODE	SYS	SYS	SYS	NODE	PIX	 X 	SYS	SYS				
NIC4	SYS	SYS	PXB	SYS	SYS	SYS	SYS	SYS	 X 	SYS				
NIC5	SYS	SYS	SYS	PXB	SYS	SYS	SYS	SYS	SYS	 X 				

Legend:

  X    = Self
  SYS  = Connection traversing PCIe as well as the SMP interconnect between NUMA nodes (e.g., QPI/UPI)
  NODE = Connection traversing PCIe as well as the interconnect between PCIe Host Bridges within a NUMA node
  PHB  = Connection traversing PCIe as well as a PCIe Host Bridge (typically the CPU)
  PXB  = Connection traversing multiple PCIe bridges (without traversing the PCIe Host Bridge)
  PIX  = Connection traversing at most a single PCIe bridge
  NV#  = Connection traversing a bonded set of # NVLinks

NIC Legend:

  NIC0: mlx5_0
  NIC1: mlx5_1
  NIC2: mlx5_2
  NIC3: mlx5_3
  NIC4: mlx5_4
  NIC5: mlx5_5


Starting benchmarks
===========================
N = 512   dt = 0.0001679668
===========================

>>> 1-omp  gpus=1  mask=0  N=512
    Runtime configuration:
      CUDA_VISIBLE_DEVICES=0
      OMP_NUM_THREADS=1
      LIBOMP_USE_HIDDEN_HELPER_TASK=1
      LIBOMP_NUM_HIDDEN_HELPER_THREADS=8

**** ONE GPU OpenMP Offloading STARTS ****

=== MEMORY ESTIMATE (GLOBAL) ===
Grid size: 512 x 512 x 512 = 134217728 points
Memory per global array: 1.074 GB
================================

=== SIMULATION PARAMETERS ===
Grid size (n):           512
Final time (T):          0.000168
Grid spacing (h):        1.956947e-03
Time step (dt):          3.359335e-07
Kappa_max:               0.950000
Diffusion factor:        4.385965e-02
Estimated timesteps:     ~500
CFL condition (dt/h^2):  0.087719 (should be < 0.5)
==============================

Using OpenMP target device 0 of 1

=== MEMORY ESTIMATE (LOCAL PER GPU) ===
GPU0 local bytes per array: 1.074 GB
======================================


=== SIMULATION STARTS ===

501 timesteps complete
Time = 3.431672 seconds
=== SIMULATION ENDS ===

**** ONE GPU OpenMP Offloading FINISHED ****
    -> wall=10.6730s  reported=3.431672s  status=ok

>>> 2-omp  gpus=2  mask=0,1  N=512
    Runtime configuration:
      CUDA_VISIBLE_DEVICES=0,1
      OMP_NUM_THREADS=1
      LIBOMP_USE_HIDDEN_HELPER_TASK=1
      LIBOMP_NUM_HIDDEN_HELPER_THREADS=8

**** TWO GPUS OpenMP Offloading STARTS ****

=== MEMORY ESTIMATE (GLOBAL) ===
Grid size: 512 x 512 x 512 = 134217728 points
Memory per global array: 1.074 GB
================================

=== SIMULATION PARAMETERS ===
Grid size (n):           512
Final time (T):          0.000168
Grid spacing (h):        1.956947e-03
Time step (dt):          3.359335e-07
Kappa_max:               0.950000
Diffusion factor:        4.385965e-02
Estimated timesteps:     ~500
CFL condition (dt/h^2):  0.087719 (should be < 0.5)
==============================

Using OpenMP target devices 0 and 1 of 2
Block sizes: nz0=257, nz1=257, mid=255

=== MEMORY ESTIMATE (LOCAL PER GPU) ===
GPU0 local bytes per array: 0.539 GB
GPU1 local bytes per array: 0.539 GB
======================================


=== SIMULATION STARTS ===

501 timesteps complete
Time = 2.291645 seconds
=== SIMULATION ENDS ===

**** TWO GPUS OpenMP Offloading FINISHED ****
    -> wall=9.8790s  reported=2.291645s  status=ok

>>> 2-omp-stream  gpus=2  mask=0,1  N=512
    Runtime configuration:
      CUDA_VISIBLE_DEVICES=0,1
      OMP_NUM_THREADS=1
      LIBOMP_USE_HIDDEN_HELPER_TASK=1
      LIBOMP_NUM_HIDDEN_HELPER_THREADS=8

**** TWO GPUS OpenMP Offloading, ASYNC STARTS ****

=== MEMORY ESTIMATE (GLOBAL) ===
Grid size: 512 x 512 x 512 = 134217728 points
Memory per global array: 1.074 GB
================================

=== SIMULATION PARAMETERS ===
Grid size (n):           512
Final time (T):          0.000168
Grid spacing (h):        1.956947e-03
Time step (dt):          3.359335e-07
Kappa_max:               0.950000
Diffusion factor:        4.385965e-02
Estimated timesteps:     ~500
CFL condition (dt/h^2):  0.087719 (should be < 0.5)
==============================

Using OpenMP target devices 0 and 1 of 2
Block sizes: nz0=257, nz1=257, mid=255

=== MEMORY ESTIMATE (LOCAL PER GPU) ===
GPU0 local bytes per array: 0.539 GB
GPU1 local bytes per array: 0.539 GB
======================================


=== SIMULATION STARTS ===

501 timesteps complete
Time = 1.755993 seconds
=== SIMULATION ENDS ===

**** TWO GPUS OpenMP Offloading, ASYNC FINISHED ****
    -> wall=9.3900s  reported=1.755993s  status=ok

>>> 2-omp-stream-omp  gpus=2  mask=0,1  N=512
    Runtime configuration:
      CUDA_VISIBLE_DEVICES=0,1
      OMP_NUM_THREADS=2
      LIBOMP_USE_HIDDEN_HELPER_TASK=1
      LIBOMP_NUM_HIDDEN_HELPER_THREADS=8

**** TWO GPUS OpenMP Offloading, ASYNC + 2 HOST THREADS STARTS ****

=== MEMORY ESTIMATE (GLOBAL) ===
Grid size: 512 x 512 x 512 = 134217728 points
Memory per global array: 1.074 GB
================================

=== SIMULATION PARAMETERS ===
Grid size (n):           512
Final time (T):          0.000168
Grid spacing (h):        1.956947e-03
Time step (dt):          3.359335e-07
Kappa_max:               0.950000
Diffusion factor:        4.385965e-02
Estimated timesteps:     ~500
CFL condition (dt/h^2):  0.087719 (should be < 0.5)
==============================

Using OpenMP target devices 0 and 1 of 2
Block sizes: nz0=257, nz1=257, mid=255

=== MEMORY ESTIMATE (LOCAL PER GPU) ===
GPU0 local bytes per array: 0.539 GB
GPU1 local bytes per array: 0.539 GB
======================================


=== SIMULATION STARTS ===

501 timesteps complete
Time = 1.734727 seconds
=== SIMULATION ENDS ===

**** TWO GPUS OpenMP Offloading, ASYNC + 2 HOST THREADS FINISHED ****
    -> wall=9.3370s  reported=1.734727s  status=ok

>>> 2-omp-stream-omp-p2p  gpus=2  mask=0,1  N=512
    Runtime configuration:
      CUDA_VISIBLE_DEVICES=0,1
      OMP_NUM_THREADS=2
      LIBOMP_USE_HIDDEN_HELPER_TASK=1
      LIBOMP_NUM_HIDDEN_HELPER_THREADS=8

**** TWO GPUS OpenMP Offloading, P2P + 2 HOST THREADS STARTS ****

=== MEMORY ESTIMATE (GLOBAL) ===
Grid size: 512 x 512 x 512 = 134217728 points
Memory per global array: 1.074 GB
================================

=== SIMULATION PARAMETERS ===
Grid size (n):           512
Final time (T):          0.000168
Grid spacing (h):        1.956947e-03
Time step (dt):          3.359335e-07
Kappa_max:               0.950000
Diffusion factor:        4.385965e-02
Estimated timesteps:     ~500
CFL condition (dt/h^2):  0.087719 (should be < 0.5)
==============================

Using OpenMP target devices 0 and 1 of 2
Block sizes: nz0=257, nz1=257, mid=255

=== MEMORY ESTIMATE (LOCAL PER GPU) ===
GPU0 local bytes per array: 0.539 GB
GPU1 local bytes per array: 0.539 GB
======================================


=== SIMULATION STARTS ===

501 timesteps complete
Time = 1.737875 seconds
=== SIMULATION ENDS ===

**** TWO GPUS OpenMP Offloading, P2P + 2 HOST THREADS FINISHED ****
    -> wall=9.6490s  reported=1.737875s  status=ok

>>> 4-omp  gpus=4  mask=0,1,2,3  N=512
    Runtime configuration:
      CUDA_VISIBLE_DEVICES=0,1,2,3
      OMP_NUM_THREADS=1
      LIBOMP_USE_HIDDEN_HELPER_TASK=1
      LIBOMP_NUM_HIDDEN_HELPER_THREADS=8

**** FOUR GPUS OpenMP Offloading STARTS ****

=== MEMORY ESTIMATE (GLOBAL) ===
Grid size: 512 x 512 x 512 = 134217728 points
Memory per global array: 1.074 GB
================================

=== SIMULATION PARAMETERS ===
Grid size (n):           512
Final time (T):          0.000168
Grid spacing (h):        1.956947e-03
Time step (dt):          3.359335e-07
Kappa_max:               0.950000
Diffusion factor:        4.385965e-02
Estimated timesteps:     ~500
CFL condition (dt/h^2):  0.087719 (should be < 0.5)
==============================

Using OpenMP target devices 0, 1, 2 and 3 of 4
Block sizes: nz0=130, nz1=130, nz2=129, nz3=129

=== MEMORY ESTIMATE (LOCAL PER GPU) ===
GPU0 local bytes per array: 0.273 GB
GPU1 local bytes per array: 0.273 GB
GPU2 local bytes per array: 0.271 GB
GPU3 local bytes per array: 0.271 GB
======================================


=== SIMULATION STARTS ===

501 timesteps complete
Time = 2.703084 seconds
=== SIMULATION ENDS ===

**** FOUR GPUS OpenMP Offloading FINISHED ****
    -> wall=10.6810s  reported=2.703084s  status=ok

>>> 4-omp-stream  gpus=4  mask=0,1,2,3  N=512
    Runtime configuration:
      CUDA_VISIBLE_DEVICES=0,1,2,3
      OMP_NUM_THREADS=1
      LIBOMP_USE_HIDDEN_HELPER_TASK=1
      LIBOMP_NUM_HIDDEN_HELPER_THREADS=8

**** FOUR GPUS OpenMP Offloading, ASYNC STARTS ****

=== MEMORY ESTIMATE (GLOBAL) ===
Grid size: 512 x 512 x 512 = 134217728 points
Memory per global array: 1.074 GB
================================

=== SIMULATION PARAMETERS ===
Grid size (n):           512
Final time (T):          0.000168
Grid spacing (h):        1.956947e-03
Time step (dt):          3.359335e-07
Kappa_max:               0.950000
Diffusion factor:        4.385965e-02
Estimated timesteps:     ~500
CFL condition (dt/h^2):  0.087719 (should be < 0.5)
==============================

Using OpenMP target devices 0, 1, 2 and 3 of 4
Block sizes: nz0=130, nz1=130, nz2=129, nz3=129

=== MEMORY ESTIMATE (LOCAL PER GPU) ===
GPU0 local bytes per array: 0.273 GB
GPU1 local bytes per array: 0.273 GB
GPU2 local bytes per array: 0.271 GB
GPU3 local bytes per array: 0.271 GB
======================================


=== SIMULATION STARTS ===

501 timesteps complete
Time = 1.245726 seconds
=== SIMULATION ENDS ===

**** FOUR GPUS OpenMP Offloading, ASYNC FINISHED ****
    -> wall=9.1930s  reported=1.245726s  status=ok

>>> 4-omp-stream-omp  gpus=4  mask=0,1,2,3  N=512
    Runtime configuration:
      CUDA_VISIBLE_DEVICES=0,1,2,3
      OMP_NUM_THREADS=4
      LIBOMP_USE_HIDDEN_HELPER_TASK=1
      LIBOMP_NUM_HIDDEN_HELPER_THREADS=8

**** FOUR GPUS OpenMP Offloading, ASYNC + 4 HOST THREADS STARTS ****

=== MEMORY ESTIMATE (GLOBAL) ===
Grid size: 512 x 512 x 512 = 134217728 points
Memory per global array: 1.074 GB
================================

=== SIMULATION PARAMETERS ===
Grid size (n):           512
Final time (T):          0.000168
Grid spacing (h):        1.956947e-03
Time step (dt):          3.359335e-07
Kappa_max:               0.950000
Diffusion factor:        4.385965e-02
Estimated timesteps:     ~500
CFL condition (dt/h^2):  0.087719 (should be < 0.5)
==============================

Using OpenMP target devices 0, 1, 2 and 3 of 4
Block sizes: nz0=130, nz1=130, nz2=129, nz3=129

=== MEMORY ESTIMATE (LOCAL PER GPU) ===
GPU0 local bytes per array: 0.273 GB
GPU1 local bytes per array: 0.273 GB
GPU2 local bytes per array: 0.271 GB
GPU3 local bytes per array: 0.271 GB
======================================


=== SIMULATION STARTS ===

501 timesteps complete
Time = 1.227553 seconds
=== SIMULATION ENDS ===

**** FOUR GPUS OpenMP Offloading, ASYNC + 4 HOST THREADS FINISHED ****
    -> wall=9.1780s  reported=1.227553s  status=ok

>>> 4-omp-stream-omp-p2p  gpus=4  mask=0,1,2,3  N=512
    Runtime configuration:
      CUDA_VISIBLE_DEVICES=0,1,2,3
      OMP_NUM_THREADS=4
      LIBOMP_USE_HIDDEN_HELPER_TASK=1
      LIBOMP_NUM_HIDDEN_HELPER_THREADS=8

**** FOUR GPUS OpenMP Offloading, P2P + 4 HOST THREADS STARTS ****

=== MEMORY ESTIMATE (GLOBAL) ===
Grid size: 512 x 512 x 512 = 134217728 points
Memory per global array: 1.074 GB
================================

=== SIMULATION PARAMETERS ===
Grid size (n):           512
Final time (T):          0.000168
Grid spacing (h):        1.956947e-03
Time step (dt):          3.359335e-07
Kappa_max:               0.950000
Diffusion factor:        4.385965e-02
Estimated timesteps:     ~500
CFL condition (dt/h^2):  0.087719 (should be < 0.5)
==============================

Using OpenMP target devices 0, 1, 2 and 3 of 4
Block sizes: nz0=130, nz1=130, nz2=129, nz3=129

=== MEMORY ESTIMATE (LOCAL PER GPU) ===
GPU0 local bytes per array: 0.273 GB
GPU1 local bytes per array: 0.273 GB
GPU2 local bytes per array: 0.271 GB
GPU3 local bytes per array: 0.271 GB
======================================


=== SIMULATION STARTS ===

501 timesteps complete
Time = 0.932197 seconds
=== SIMULATION ENDS ===

**** FOUR GPUS OpenMP Offloading, P2P + 4 HOST THREADS FINISHED ****
    -> wall=8.8680s  reported=0.932197s  status=ok

All done.
  Timing CSV : results_43989155_20260730_113712/timings.csv
  Run log    : results_43989155_20260730_113712/run.log
