unload bsc/1.0 (PATH, MANPATH)
load bsc/1.0 (PATH, MANPATH)
unload bsc/1.0 (PATH, MANPATH)
load EB/apps (PATH)
load CUDA/12.8 (PATH, MANPATH, LD_LIBRARY_PATH, LIBRARY_PATH, C_INCLUDE_PATH,
CPLUS_INCLUDE_PATH, CUDA_HOME, CUDA_VERSION, CUDA_INC, CUDA_INSTALL_PATH) 
load CLANG/18.1.8 (PATH, LD_LIBRARY_PATH, LIBRARY_PATH, C_INCLUDE_PATH,
CPLUS_INCLUDE_PATH, HDF5_DIR, HDF5_ROOT) 
=== Host     : as06r4b02 ===
=== Date     : Mon Sep 14 14:21:23 CEST 2026 ===
=== Compiler : clang version 18.1.8 ===
GPU 0: NVIDIA H100 (UUID: GPU-ecee22f6-ee67-3721-036e-9e4a587adf9e)
GPU 1: NVIDIA H100 (UUID: GPU-466afbdd-dd79-af03-4e5e-e97d12d7f1ae)
GPU 2: NVIDIA H100 (UUID: GPU-0cff4d8c-23bc-9e5d-90df-0c870d35782f)
GPU 3: NVIDIA H100 (UUID: GPU-1dac6ff2-0eca-1a9f-40f5-32506047fac7)
rm -f 2-omp 2-omp-stream 2-omp-stream-omp 2-omp-stream-omp-p2p 4-omp 4-omp-stream 4-omp-stream-omp 4-omp-stream-omp-p2p 1-omp serial
clang -O3 -fopenmp --offload-arch=sm_90 -ffp-contract=off -Wl,--no-warn-execstack -o 2-omp 2-openmp.c -lm
clang -O3 -fopenmp --offload-arch=sm_90 -ffp-contract=off -Wl,--no-warn-execstack -o 2-omp-stream 2-openmp-stream.c -lm
clang -O3 -fopenmp --offload-arch=sm_90 -ffp-contract=off -Wl,--no-warn-execstack -o 2-omp-stream-omp 2-openmp-stream-omp.c -lm
clang -O3 -fopenmp --offload-arch=sm_90 -ffp-contract=off -Wl,--no-warn-execstack -o 2-omp-stream-omp-p2p 2-openmp-stream-omp-p2p.c -lm
clang -O3 -fopenmp --offload-arch=sm_90 -ffp-contract=off -Wl,--no-warn-execstack -o 4-omp 4-openmp.c -lm
clang -O3 -fopenmp --offload-arch=sm_90 -ffp-contract=off -Wl,--no-warn-execstack -o 4-omp-stream 4-openmp-stream.c -lm
clang -O3 -fopenmp --offload-arch=sm_90 -ffp-contract=off -Wl,--no-warn-execstack -o 4-omp-stream-omp 4-openmp-stream-omp.c -lm
clang -O3 -fopenmp --offload-arch=sm_90 -ffp-contract=off -Wl,--no-warn-execstack -o 4-omp-stream-omp-p2p 4-openmp-stream-omp-p2p.c -lm
clang -O3 -fopenmp --offload-arch=sm_90 -ffp-contract=off -Wl,--no-warn-execstack -o 1-omp 1-openmp.c -lm

Verifying binaries...
  OK : 2-omp
  OK : 2-omp-stream
  OK : 2-omp-stream-omp
  OK : 2-omp-stream-omp-p2p
  OK : 4-omp
  OK : 4-omp-stream
  OK : 4-omp-stream-omp
  OK : 4-omp-stream-omp-p2p
  OK : 1-omp

All binaries present -- run jobs are cleared to start.
All built with identical flags (see OPT/OMP_FLAGS in the Makefile).
