============================================================
Host          : nid005164
Job ID        : 21848584
Repetition    : 1
Results dir   : results_21848584_20260909_165455
Footprints GB : 5 10 20 30 40 50   (TOTAL problem size, not per device)
nnz per row   : 15
Orderings     : natural
Runs / config : 3
Variants      :  ompgpu1 ompgpu2 ompgpu2halo ompgpu4 ompgpu4halo
GCDs seen     : 8  ->  4 cards (one GCD each)
GCD memory    : 65536 MB    Host memory : 503 GB
Offload arch  : gfx90a
CG_OVERLAP    : 1
Precision     : fp64
============================================================
--- device topology ----------------------------------------


============================ ROCm System Management Interface ============================
================================ Weight between two GPUs =================================
       GPU0         GPU1         GPU2         GPU3         GPU4         GPU5         GPU6         GPU7         
GPU0   0            15           15           30           30           30           15           30           
GPU1   15           0            30           15           30           15           30           45           
GPU2   15           30           0            15           15           30           30           30           
GPU3   30           15           15           0            30           45           30           15           
GPU4   30           30           15           30           0            15           15           30           
GPU5   30           15           30           45           15           0            30           15           
GPU6   15           30           30           30           15           30           0            15           
GPU7   30           45           30           15           30           15           15           0            

================================= Hops between two GPUs ==================================
       GPU0         GPU1         GPU2         GPU3         GPU4         GPU5         GPU6         GPU7         
GPU0   0            1            1            1            1            1            1            1            
GPU1   1            0            1            1            1            1            1            1            
GPU2   1            1            0            1            1            1            1            1            
GPU3   1            1            1            0            1            1            1            1            
GPU4   1            1            1            1            0            1            1            1            
GPU5   1            1            1            1            1            0            1            1            
GPU6   1            1            1            1            1            1            0            1            
GPU7   1            1            1            1            1            1            1            0            

=============================== Link Type between two GPUs ===============================
       GPU0         GPU1         GPU2         GPU3         GPU4         GPU5         GPU6         GPU7         
GPU0   0            XGMI         XGMI         XGMI         XGMI         XGMI         XGMI         XGMI         
GPU1   XGMI         0            XGMI         XGMI         XGMI         XGMI         XGMI         XGMI         
GPU2   XGMI         XGMI         0            XGMI         XGMI         XGMI         XGMI         XGMI         
GPU3   XGMI         XGMI         XGMI         0            XGMI         XGMI         XGMI         XGMI         
GPU4   XGMI         XGMI         XGMI         XGMI         0            XGMI         XGMI         XGMI         
GPU5   XGMI         XGMI         XGMI         XGMI         XGMI         0            XGMI         XGMI         
GPU6   XGMI         XGMI         XGMI         XGMI         XGMI         XGMI         0            XGMI         
GPU7   XGMI         XGMI         XGMI         XGMI         XGMI         XGMI         XGMI         0            

======================================= Numa Nodes =======================================
GPU[0]		: (Topology) Numa Node: 3
GPU[0]		: (Topology) Numa Affinity: 3
GPU[1]		: (Topology) Numa Node: 3
GPU[1]		: (Topology) Numa Affinity: 3
GPU[2]		: (Topology) Numa Node: 1
GPU[2]		: (Topology) Numa Affinity: 1
GPU[3]		: (Topology) Numa Node: 1
GPU[3]		: (Topology) Numa Affinity: 1
GPU[4]		: (Topology) Numa Node: 0
GPU[4]		: (Topology) Numa Affinity: 0
GPU[5]		: (Topology) Numa Node: 0
GPU[5]		: (Topology) Numa Affinity: 0
GPU[6]		: (Topology) Numa Node: 2
GPU[6]		: (Topology) Numa Affinity: 2
GPU[7]		: (Topology) Numa Node: 2
GPU[7]		: (Topology) Numa Affinity: 2
================================== End of ROCm SMI Log ===================================
-----------------------------------------------------------


Starting sweep
===========================

>>> ompgpu1  5GB  order=natural  n=21086369
=========================================================
  GPUs            : 1  (OpenMP target device 0 of 1)
  backend         : OpenMP target offload
  matrix          : synthetic radius graph
  ordering        : natural
  rows            : 21086369
  nonzeros        : 335433721
  nnz/row         : mean 15.91, std 3.92, max 42
  mean |i-col|    : 41059.2  (locality: lower is better)
  device memory   : 5.04 GB
  build time      : 1.87 s  (host)
---------------------------------------------------------
    iter    100   relres 7.726e-06
  run 1/3        : 49.3064 ms/iter  (167 iters, relres 9.46e-09)
    iter    100   relres 7.726e-06
  run 2/3        : 49.3095 ms/iter  (167 iters, relres 9.46e-09)
    iter    100   relres 7.726e-06
  run 3/3        : 49.3301 ms/iter  (167 iters, relres 9.46e-09)
---------------------------------------------------------
  iterations      : 167
  true rel. resid : 9.459831e-09
  runs            : 3
---------------------------------------------------------
  FULL CG CYCLE   : 49.3153 ms/iter   <- headline number
                    (best 49.3064 ms, spread 0.0%)
    of which SpMV : 46.9109 ms/iter   (96.6 GB/s, lower-bound traffic)
    other (dots,  : 2.4044 ms/iter
     axpy, copy)  
  SpMV share      : 95.1%
=========================================================
RESULT,gpu,omp,natural,21086369,335433721,15.91,41059.2,5.037,167,9.459831e-09,49.315321,46.910917,2.404404,95.1,96.59,49.306353,0.02,3,1
    -> cycle=49.315321 ms  spmv=46.910917 ms  96.59 GB/s  spread=0.02%  iters=167  wall=36.2940s

>>> ompgpu2  5GB total (2.94GB/GCD)  order=natural  n=21086369
=========================================================
  GPUs            : 2  (OpenMP target devices 0-1 of 2)
  backend         : OpenMP target offload
  halo path       : omp_target_memcpy (device-to-device)
  host threads    : 2  (one per device)
  matrix          : synthetic radius graph
  ordering        : natural
  rows            : 21086369
  nonzeros        : 335433721
  nnz/row         : mean 15.91, std 3.92, max 42
  mean |i-col|    : 41059.2  (locality: lower is better)
  rows / GPU      : 10542572 10543797
  nnz / GPU       : 167716863 167716858
  nnz imbalance   : 0.00%  (max vs mean)
  device memory   : 5.88 GB total, 2.94 GB max/GPU
  p exchanged     : 0.084 GB/GPU/iter  (replicated p, no halo list)
  exchange mode   : overlapped with interior SpMV (nowait interior kernel)
  interior rows   : 99.20%  (rows computable before the exchange)
  boundary rows   : 83736 84076
  build time      : 1.80 s  (host)
---------------------------------------------------------
    iter    100   relres 7.726e-06
  run 1/3        : 28.2177 ms/iter  (167 iters, relres 9.47e-09)
    iter    100   relres 7.726e-06
  run 2/3        : 28.2062 ms/iter  (167 iters, relres 9.47e-09)
    iter    100   relres 7.726e-06
  run 3/3        : 28.2202 ms/iter  (167 iters, relres 9.47e-09)
---------------------------------------------------------
  iterations      : 167
  true rel. resid : 9.465177e-09
  runs            : 3
---------------------------------------------------------
  FULL CG CYCLE   : 28.2147 ms/iter   <- headline number
                    (best 28.2062 ms, spread 0.0%)
    SpMV+exchange : 26.6708 ms/iter   (169.9 GB/s on SpMV traffic alone)
                    exchange runs underneath the interior rows,
                    so it has no separate duration. CG_OVERLAP=0
                    times the two apart.
    other (dots,  : 1.5439 ms/iter
     axpy, copy)  
  SpMV share      : 94.5%
=========================================================
RESULT,gpu,omp,natural,21086369,335433721,15.91,41059.2,5.881,167,9.465177e-09,28.214714,26.670790,1.543924,94.5,169.90,28.206219,0.03,3,2
HALO,natural,21086369,2,0.000000,0.084,ompmemcpy-overlapped
    -> cycle=28.214714 ms  spmv=26.670790 ms  169.90 GB/s  spread=0.03%  iters=167  wall=18.1250s

>>> ompgpu2halo  5GB total (2.94GB/GCD)  order=natural  n=21086369
=========================================================
  GPUs            : 2  (OpenMP target devices 0-1 of 2)
  backend         : OpenMP target offload
  halo path       : packed lists (gather, peer copy, scatter)
  matrix          : synthetic radius graph
  ordering        : natural
  rows            : 21086369
  nonzeros        : 335433721
  nnz/row         : mean 15.91, std 3.92, max 42
  mean |i-col|    : 41059.2  (locality: lower is better)
  rows / GPU      : 10542572 10543797
  nnz / GPU       : 167716863 167716858
  nnz imbalance   : 0.00%  (max vs mean)
  device memory   : 5.88 GB total, 2.94 GB max/GPU
  halo entries    : 84076 83736   (recv/GPU/iter)
  halo fraction   : 0.398% of n
  p exchanged     : 0.000671 GB/GPU/iter  (replicated would be 0.084, 126x more)
  exchange mode   : overlapped with interior SpMV (wide host team, no nowait)
  interior rows   : 99.20%  (rows computable before the halo lands)
  boundary rows   : 83736 84076
  build time      : 1.82 s  (host)
---------------------------------------------------------
    iter    100   relres 7.726e-06
  run 1/3        : 23.8498 ms/iter  (167 iters, relres 9.47e-09)
    iter    100   relres 7.726e-06
  run 2/3        : 23.8393 ms/iter  (167 iters, relres 9.47e-09)
    iter    100   relres 7.726e-06
  run 3/3        : 23.8400 ms/iter  (167 iters, relres 9.47e-09)
---------------------------------------------------------
  iterations      : 167
  true rel. resid : 9.465177e-09
  runs            : 3
---------------------------------------------------------
  FULL CG CYCLE   : 23.8430 ms/iter   <- headline number
                    (best 23.8393 ms, spread 0.0%)
    SpMV+halo     : 22.2624 ms/iter   (203.5 GB/s on SpMV traffic alone)
                    pack and unpack are inside this; the peer
                    copies run underneath the interior rows, so
                    they have no separate duration. CG_OVERLAP=0
                    times the two apart.
    other (dots,  : 1.5806 ms/iter
     axpy, copy)  
  SpMV share      : 93.4%
=========================================================
RESULT,gpu,omp,natural,21086369,335433721,15.91,41059.2,5.885,167,9.465177e-09,23.843012,22.262408,1.580604,93.4,203.54,23.839295,0.02,3,2
HALO,natural,21086369,2,0.000000,0.000671,packedhalo-overlapped
    -> cycle=23.843012 ms  spmv=22.262408 ms  203.54 GB/s  spread=0.02%  iters=167  wall=15.9500s

>>> ompgpu4  5GB total (1.91GB/GCD)  order=natural  n=21086369
=========================================================
  GPUs            : 4  (OpenMP target devices 0-3 of 4)
  backend         : OpenMP target offload
  halo path       : omp_target_memcpy (device-to-device)
  host threads    : 4  (one per device)
  matrix          : synthetic radius graph
  ordering        : natural
  rows            : 21086369
  nonzeros        : 335433721
  nnz/row         : mean 15.91, std 3.92, max 42
  mean |i-col|    : 41059.2  (locality: lower is better)
  rows / GPU      : 5278995 5263577 5262664 5281133
  nnz / GPU       : 83858440 83858423 83858430 83858428
  nnz imbalance   : 0.00%  (max vs mean)
  device memory   : 7.57 GB total, 1.89 GB max/GPU
  p exchanged     : 0.127 GB/GPU/iter  (replicated p, no halo list)
  exchange mode   : overlapped with interior SpMV (nowait interior kernel)
  interior rows   : 97.61%  (rows computable before the exchange)
  boundary rows   : 84430 167858 168202 83727
  build time      : 1.82 s  (host)
---------------------------------------------------------
    iter    100   relres 7.726e-06
  run 1/3        : 17.5030 ms/iter  (167 iters, relres 9.38e-09)
    iter    100   relres 7.726e-06
  run 2/3        : 17.4812 ms/iter  (167 iters, relres 9.38e-09)
    iter    100   relres 7.726e-06
  run 3/3        : 17.4783 ms/iter  (167 iters, relres 9.38e-09)
---------------------------------------------------------
  iterations      : 167
  true rel. resid : 9.379220e-09
  runs            : 3
---------------------------------------------------------
  FULL CG CYCLE   : 17.4875 ms/iter   <- headline number
                    (best 17.4783 ms, spread 0.1%)
    SpMV+exchange : 16.4739 ms/iter   (275.1 GB/s on SpMV traffic alone)
                    exchange runs underneath the interior rows,
                    so it has no separate duration. CG_OVERLAP=0
                    times the two apart.
    other (dots,  : 1.0136 ms/iter
     axpy, copy)  
  SpMV share      : 94.2%
=========================================================
RESULT,gpu,omp,natural,21086369,335433721,15.91,41059.2,7.568,167,9.379220e-09,17.487487,16.473889,1.013598,94.2,275.06,17.478274,0.05,3,4
HALO,natural,21086369,4,0.000000,0.127,ompmemcpy-overlapped
    -> cycle=17.487487 ms  spmv=16.473889 ms  275.06 GB/s  spread=0.05%  iters=167  wall=13.1730s

>>> ompgpu4halo  5GB total (1.91GB/GCD)  order=natural  n=21086369
=========================================================
  GPUs            : 4  (OpenMP target devices 0-3 of 4)
  backend         : OpenMP target offload
  halo path       : packed lists (gather, peer copy, scatter)
  matrix          : synthetic radius graph
  ordering        : natural
  rows            : 21086369
  nonzeros        : 335433721
  nnz/row         : mean 15.91, std 3.92, max 42
  mean |i-col|    : 41059.2  (locality: lower is better)
  rows / GPU      : 5278995 5263577 5262664 5281133
  nnz / GPU       : 83858440 83858423 83858430 83858428
  nnz imbalance   : 0.00%  (max vs mean)
  device memory   : 7.58 GB total, 1.90 GB max/GPU
  halo entries    : 84122 168506 167463 84126   (recv/GPU/iter)
  halo fraction   : 0.598% of n
  p exchanged     : 0.001008 GB/GPU/iter  (replicated would be 0.127, 125x more)
  exchange mode   : overlapped with interior SpMV (wide host team, no nowait)
  interior rows   : 97.61%  (rows computable before the halo lands)
  boundary rows   : 84430 167858 168202 83727
  build time      : 1.83 s  (host)
---------------------------------------------------------
    iter    100   relres 7.726e-06
  run 1/3        : 13.1247 ms/iter  (167 iters, relres 9.38e-09)
    iter    100   relres 7.726e-06
  run 2/3        : 13.0280 ms/iter  (167 iters, relres 9.38e-09)
    iter    100   relres 7.726e-06
  run 3/3        : 13.0211 ms/iter  (167 iters, relres 9.38e-09)
---------------------------------------------------------
  iterations      : 167
  true rel. resid : 9.379220e-09
  runs            : 3
---------------------------------------------------------
  FULL CG CYCLE   : 13.0579 ms/iter   <- headline number
                    (best 13.0211 ms, spread 0.3%)
    SpMV+halo     : 12.0180 ms/iter   (377.0 GB/s on SpMV traffic alone)
                    pack and unpack are inside this; the peer
                    copies run underneath the interior rows, so
                    they have no separate duration. CG_OVERLAP=0
                    times the two apart.
    other (dots,  : 1.0399 ms/iter
     axpy, copy)  
  SpMV share      : 92.0%
=========================================================
RESULT,gpu,omp,natural,21086369,335433721,15.91,41059.2,7.580,167,9.379220e-09,13.057894,12.018011,1.039882,92.0,377.04,13.021057,0.28,3,4
HALO,natural,21086369,4,0.000000,0.001008,packedhalo-overlapped
    -> cycle=13.057894 ms  spmv=12.018011 ms  377.04 GB/s  spread=0.28%  iters=167  wall=10.9430s

>>> ompgpu1  10GB  order=natural  n=42172739
=========================================================
  GPUs            : 1  (OpenMP target device 0 of 1)
  backend         : OpenMP target offload
  matrix          : synthetic radius graph
  ordering        : natural
  rows            : 42172739
  nonzeros        : 671630069
  nnz/row         : mean 15.93, std 3.91, max 41
  mean |i-col|    : 65176.9  (locality: lower is better)
  device memory   : 10.08 GB
  build time      : 4.10 s  (host)
---------------------------------------------------------
    iter    100   relres 7.919e-06
  run 1/3        : 100.9568 ms/iter  (167 iters, relres 9.89e-09)
    iter    100   relres 7.919e-06
  run 2/3        : 100.9610 ms/iter  (167 iters, relres 9.89e-09)
    iter    100   relres 7.919e-06
  run 3/3        : 100.9558 ms/iter  (167 iters, relres 9.89e-09)
---------------------------------------------------------
  iterations      : 167
  true rel. resid : 9.890726e-09
  runs            : 3
---------------------------------------------------------
  FULL CG CYCLE   : 100.9579 ms/iter   <- headline number
                    (best 100.9558 ms, spread 0.0%)
    of which SpMV : 96.4580 ms/iter   (94.0 GB/s, lower-bound traffic)
    other (dots,  : 4.4999 ms/iter
     axpy, copy)  
  SpMV share      : 95.5%
=========================================================
RESULT,gpu,omp,natural,42172739,671630069,15.93,65176.9,10.084,167,9.890726e-09,100.957881,96.458030,4.499851,95.5,94.05,100.955845,0.00,3,1
    -> cycle=100.957881 ms  spmv=96.458030 ms  94.05 GB/s  spread=0.00%  iters=167  wall=58.2720s

>>> ompgpu2  10GB total (5.88GB/GCD)  order=natural  n=42172739
=========================================================
  GPUs            : 2  (OpenMP target devices 0-1 of 2)
  backend         : OpenMP target offload
  halo path       : omp_target_memcpy (device-to-device)
  host threads    : 2  (one per device)
  matrix          : synthetic radius graph
  ordering        : natural
  rows            : 42172739
  nonzeros        : 671630069
  nnz/row         : mean 15.93, std 3.91, max 41
  mean |i-col|    : 65176.9  (locality: lower is better)
  rows / GPU      : 21084578 21088161
  nnz / GPU       : 335815042 335815027
  nnz imbalance   : 0.00%  (max vs mean)
  device memory   : 11.77 GB total, 5.89 GB max/GPU
  p exchanged     : 0.169 GB/GPU/iter  (replicated p, no halo list)
  exchange mode   : overlapped with interior SpMV (nowait interior kernel)
  interior rows   : 99.37%  (rows computable before the exchange)
  boundary rows   : 133373 133283
  build time      : 4.02 s  (host)
---------------------------------------------------------
    iter    100   relres 7.919e-06
  run 1/3        : 58.2416 ms/iter  (168 iters, relres 9.11e-09)
    iter    100   relres 7.919e-06
  run 2/3        : 58.5174 ms/iter  (168 iters, relres 9.11e-09)
    iter    100   relres 7.919e-06
  run 3/3        : 60.4783 ms/iter  (168 iters, relres 9.11e-09)
---------------------------------------------------------
  iterations      : 168
  true rel. resid : 9.114724e-09
  runs            : 3
---------------------------------------------------------
  FULL CG CYCLE   : 59.0791 ms/iter   <- headline number
                    (best 58.2416 ms, spread 1.4%)
    SpMV+exchange : 55.7486 ms/iter   (162.7 GB/s on SpMV traffic alone)
                    exchange runs underneath the interior rows,
                    so it has no separate duration. CG_OVERLAP=0
                    times the two apart.
    other (dots,  : 3.3305 ms/iter
     axpy, copy)  
  SpMV share      : 94.4%
=========================================================
RESULT,gpu,omp,natural,42172739,671630069,15.93,65176.9,11.771,168,9.114724e-09,59.079093,55.748640,3.330453,94.4,162.73,58.241598,1.44,3,2
HALO,natural,42172739,2,0.000000,0.169,ompmemcpy-overlapped
    -> cycle=59.079093 ms  spmv=55.748640 ms  162.73 GB/s  spread=1.44%  iters=168  wall=37.8350s

>>> ompgpu2halo  10GB total (5.88GB/GCD)  order=natural  n=42172739
=========================================================
  GPUs            : 2  (OpenMP target devices 0-1 of 2)
  backend         : OpenMP target offload
  halo path       : packed lists (gather, peer copy, scatter)
  matrix          : synthetic radius graph
  ordering        : natural
  rows            : 42172739
  nonzeros        : 671630069
  nnz/row         : mean 15.93, std 3.91, max 41
  mean |i-col|    : 65176.9  (locality: lower is better)
  rows / GPU      : 21084578 21088161
  nnz / GPU       : 335815042 335815027
  nnz imbalance   : 0.00%  (max vs mean)
  device memory   : 11.78 GB total, 5.89 GB max/GPU
  halo entries    : 133283 133373   (recv/GPU/iter)
  halo fraction   : 0.316% of n
  p exchanged     : 0.001067 GB/GPU/iter  (replicated would be 0.169, 158x more)
  exchange mode   : overlapped with interior SpMV (wide host team, no nowait)
  interior rows   : 99.37%  (rows computable before the halo lands)
  boundary rows   : 133373 133283
  build time      : 4.10 s  (host)
---------------------------------------------------------
    iter    100   relres 7.919e-06
  run 1/3        : 50.5646 ms/iter  (168 iters, relres 9.11e-09)
    iter    100   relres 7.919e-06
  run 2/3        : 50.5551 ms/iter  (168 iters, relres 9.11e-09)
    iter    100   relres 7.919e-06
  run 3/3        : 50.5598 ms/iter  (168 iters, relres 9.11e-09)
---------------------------------------------------------
  iterations      : 168
  true rel. resid : 9.114724e-09
  runs            : 3
---------------------------------------------------------
  FULL CG CYCLE   : 50.5598 ms/iter   <- headline number
                    (best 50.5551 ms, spread 0.0%)
    SpMV+halo     : 47.7999 ms/iter   (189.8 GB/s on SpMV traffic alone)
                    pack and unpack are inside this; the peer
                    copies run underneath the interior rows, so
                    they have no separate duration. CG_OVERLAP=0
                    times the two apart.
    other (dots,  : 2.7600 ms/iter
     axpy, copy)  
  SpMV share      : 94.5%
=========================================================
RESULT,gpu,omp,natural,42172739,671630069,15.93,65176.9,11.777,168,9.114724e-09,50.559826,47.799875,2.759951,94.5,189.79,50.555101,0.01,3,2
HALO,natural,42172739,2,0.000000,0.001067,packedhalo-overlapped
    -> cycle=50.559826 ms  spmv=47.799875 ms  189.79 GB/s  spread=0.01%  iters=168  wall=33.6850s

>>> ompgpu4  10GB total (3.82GB/GCD)  order=natural  n=42172739
=========================================================
  GPUs            : 4  (OpenMP target devices 0-3 of 4)
  backend         : OpenMP target offload
  halo path       : omp_target_memcpy (device-to-device)
  host threads    : 4  (one per device)
  matrix          : synthetic radius graph
  ordering        : natural
  rows            : 42172739
  nonzeros        : 671630069
  nnz/row         : mean 15.93, std 3.91, max 41
  mean |i-col|    : 65176.9  (locality: lower is better)
  rows / GPU      : 10555487 10529091 10528551 10559610
  nnz / GPU       : 167907523 167907519 167907511 167907516
  nnz imbalance   : 0.00%  (max vs mean)
  device memory   : 15.14 GB total, 3.79 GB max/GPU
  p exchanged     : 0.253 GB/GPU/iter  (replicated p, no halo list)
  exchange mode   : overlapped with interior SpMV (nowait interior kernel)
  interior rows   : 98.10%  (rows computable before the exchange)
  boundary rows   : 134207 266952 266107 132792
  build time      : 4.16 s  (host)
---------------------------------------------------------
    iter    100   relres 7.919e-06
  run 1/3        : 36.2233 ms/iter  (168 iters, relres 9.25e-09)
    iter    100   relres 7.919e-06
  run 2/3        : 36.2168 ms/iter  (168 iters, relres 9.25e-09)
    iter    100   relres 7.919e-06
  run 3/3        : 36.2184 ms/iter  (168 iters, relres 9.25e-09)
---------------------------------------------------------
  iterations      : 168
  true rel. resid : 9.248915e-09
  runs            : 3
---------------------------------------------------------
  FULL CG CYCLE   : 36.2195 ms/iter   <- headline number
                    (best 36.2168 ms, spread 0.0%)
    SpMV+exchange : 34.5774 ms/iter   (262.4 GB/s on SpMV traffic alone)
                    exchange runs underneath the interior rows,
                    so it has no separate duration. CG_OVERLAP=0
                    times the two apart.
    other (dots,  : 1.6421 ms/iter
     axpy, copy)  
  SpMV share      : 95.5%
=========================================================
RESULT,gpu,omp,natural,42172739,671630069,15.93,65176.9,15.145,168,9.248915e-09,36.219500,34.577404,1.642097,95.5,262.36,36.216814,0.01,3,4
HALO,natural,42172739,4,0.000000,0.253,ompmemcpy-overlapped
    -> cycle=36.219500 ms  spmv=34.577404 ms  262.36 GB/s  spread=0.01%  iters=168  wall=27.1600s

>>> ompgpu4halo  10GB total (3.82GB/GCD)  order=natural  n=42172739
=========================================================
  GPUs            : 4  (OpenMP target devices 0-3 of 4)
  backend         : OpenMP target offload
  halo path       : packed lists (gather, peer copy, scatter)
  matrix          : synthetic radius graph
  ordering        : natural
  rows            : 42172739
  nonzeros        : 671630069
  nnz/row         : mean 15.93, std 3.91, max 41
  mean |i-col|    : 65176.9  (locality: lower is better)
  rows / GPU      : 10555487 10529091 10528551 10559610
  nnz / GPU       : 167907523 167907519 167907511 167907516
  nnz imbalance   : 0.00%  (max vs mean)
  device memory   : 15.16 GB total, 3.79 GB max/GPU
  halo entries    : 133579 267490 266165 132824   (recv/GPU/iter)
  halo fraction   : 0.474% of n
  p exchanged     : 0.001600 GB/GPU/iter  (replicated would be 0.253, 158x more)
  exchange mode   : overlapped with interior SpMV (wide host team, no nowait)
  interior rows   : 98.10%  (rows computable before the halo lands)
  boundary rows   : 134207 266952 266107 132792
  build time      : 4.11 s  (host)
---------------------------------------------------------
    iter    100   relres 7.919e-06
  run 1/3        : 24.9566 ms/iter  (168 iters, relres 9.25e-09)
    iter    100   relres 7.919e-06
  run 2/3        : 24.9508 ms/iter  (168 iters, relres 9.25e-09)
    iter    100   relres 7.919e-06
  run 3/3        : 24.9392 ms/iter  (168 iters, relres 9.25e-09)
---------------------------------------------------------
  iterations      : 168
  true rel. resid : 9.248915e-09
  runs            : 3
---------------------------------------------------------
  FULL CG CYCLE   : 24.9489 ms/iter   <- headline number
                    (best 24.9392 ms, spread 0.0%)
    SpMV+halo     : 23.3326 ms/iter   (388.8 GB/s on SpMV traffic alone)
                    pack and unpack are inside this; the peer
                    copies run underneath the interior rows, so
                    they have no separate duration. CG_OVERLAP=0
                    times the two apart.
    other (dots,  : 1.6163 ms/iter
     axpy, copy)  
  SpMV share      : 93.5%
=========================================================
RESULT,gpu,omp,natural,42172739,671630069,15.93,65176.9,15.164,168,9.248915e-09,24.948866,23.332611,1.616255,93.5,388.80,24.939169,0.04,3,4
HALO,natural,42172739,4,0.000000,0.001600,packedhalo-overlapped
    -> cycle=24.948866 ms  spmv=23.332611 ms  388.80 GB/s  spread=0.04%  iters=168  wall=21.5650s

>>> ompgpu1  20GB  order=natural  n=84345479
=========================================================
  GPUs            : 1  (OpenMP target device 0 of 1)
  backend         : OpenMP target offload
  matrix          : synthetic radius graph
  ordering        : natural
  rows            : 84345479
  nonzeros        : 1344549713
  nnz/row         : mean 15.94, std 3.90, max 43
  mean |i-col|    : 103467.4  (locality: lower is better)
  device memory   : 20.18 GB
  build time      : 8.49 s  (host)
---------------------------------------------------------
    iter    100   relres 8.324e-06
  run 1/3        : 205.3985 ms/iter  (169 iters, relres 9.11e-09)
    iter    100   relres 8.324e-06
  run 2/3        : 205.3683 ms/iter  (169 iters, relres 9.11e-09)
    iter    100   relres 8.324e-06
  run 3/3        : 205.4096 ms/iter  (169 iters, relres 9.11e-09)
---------------------------------------------------------
  iterations      : 169
  true rel. resid : 9.106102e-09
  runs            : 3
---------------------------------------------------------
  FULL CG CYCLE   : 205.3921 ms/iter   <- headline number
                    (best 205.3683 ms, spread 0.0%)
    of which SpMV : 196.6332 ms/iter   (92.3 GB/s, lower-bound traffic)
    other (dots,  : 8.7589 ms/iter
     axpy, copy)  
  SpMV share      : 95.7%
=========================================================
RESULT,gpu,omp,natural,84345479,1344549713,15.94,103467.4,20.183,169,9.106102e-09,205.392148,196.633229,8.758919,95.7,92.35,205.368349,0.01,3,1
    -> cycle=205.392148 ms  spmv=196.633229 ms  92.35 GB/s  spread=0.01%  iters=169  wall=119.5320s

>>> ompgpu2  20GB total (11.75GB/GCD)  order=natural  n=84345479
=========================================================
  GPUs            : 2  (OpenMP target devices 0-1 of 2)
  backend         : OpenMP target offload
  halo path       : omp_target_memcpy (device-to-device)
  host threads    : 2  (one per device)
  matrix          : synthetic radius graph
  ordering        : natural
  rows            : 84345479
  nonzeros        : 1344549713
  nnz/row         : mean 15.94, std 3.90, max 43
  mean |i-col|    : 103467.4  (locality: lower is better)
  rows / GPU      : 42169453 42176026
  nnz / GPU       : 672274864 672274849
  nnz imbalance   : 0.00%  (max vs mean)
  device memory   : 23.56 GB total, 11.78 GB max/GPU
  p exchanged     : 0.337 GB/GPU/iter  (replicated p, no halo list)
  exchange mode   : overlapped with interior SpMV (nowait interior kernel)
  interior rows   : 99.50%  (rows computable before the exchange)
  boundary rows   : 212331 211719
  build time      : 8.54 s  (host)
---------------------------------------------------------
    iter    100   relres 8.324e-06
  run 1/3        : 112.2419 ms/iter  (169 iters, relres 9.13e-09)
    iter    100   relres 8.324e-06
  run 2/3        : 112.2429 ms/iter  (169 iters, relres 9.13e-09)
    iter    100   relres 8.324e-06
  run 3/3        : 112.2497 ms/iter  (169 iters, relres 9.13e-09)
---------------------------------------------------------
  iterations      : 169
  true rel. resid : 9.128358e-09
  runs            : 3
---------------------------------------------------------
  FULL CG CYCLE   : 112.2448 ms/iter   <- headline number
                    (best 112.2419 ms, spread 0.0%)
    SpMV+exchange : 106.8519 ms/iter   (169.9 GB/s on SpMV traffic alone)
                    exchange runs underneath the interior rows,
                    so it has no separate duration. CG_OVERLAP=0
                    times the two apart.
    other (dots,  : 5.3930 ms/iter
     axpy, copy)  
  SpMV share      : 95.2%
=========================================================
RESULT,gpu,omp,natural,84345479,1344549713,15.94,103467.4,23.557,169,9.128358e-09,112.244838,106.851863,5.392975,95.2,169.94,112.241877,0.00,3,2
HALO,natural,84345479,2,0.000000,0.337,ompmemcpy-overlapped
    -> cycle=112.244838 ms  spmv=106.851863 ms  169.94 GB/s  spread=0.00%  iters=169  wall=73.2060s

>>> ompgpu2halo  20GB total (11.75GB/GCD)  order=natural  n=84345479
=========================================================
  GPUs            : 2  (OpenMP target devices 0-1 of 2)
  backend         : OpenMP target offload
  halo path       : packed lists (gather, peer copy, scatter)
  matrix          : synthetic radius graph
  ordering        : natural
  rows            : 84345479
  nonzeros        : 1344549713
  nnz/row         : mean 15.94, std 3.90, max 43
  mean |i-col|    : 103467.4  (locality: lower is better)
  rows / GPU      : 42169453 42176026
  nnz / GPU       : 672274864 672274849
  nnz imbalance   : 0.00%  (max vs mean)
  device memory   : 23.57 GB total, 11.78 GB max/GPU
  halo entries    : 211719 212331   (recv/GPU/iter)
  halo fraction   : 0.251% of n
  p exchanged     : 0.001696 GB/GPU/iter  (replicated would be 0.337, 199x more)
  exchange mode   : overlapped with interior SpMV (wide host team, no nowait)
  interior rows   : 99.50%  (rows computable before the halo lands)
  boundary rows   : 212331 211719
  build time      : 8.57 s  (host)
---------------------------------------------------------
    iter    100   relres 8.324e-06
  run 1/3        : 102.4889 ms/iter  (169 iters, relres 9.13e-09)
    iter    100   relres 8.324e-06
  run 2/3        : 102.4891 ms/iter  (169 iters, relres 9.13e-09)
    iter    100   relres 8.324e-06
  run 3/3        : 102.4988 ms/iter  (169 iters, relres 9.13e-09)
---------------------------------------------------------
  iterations      : 169
  true rel. resid : 9.128358e-09
  runs            : 3
---------------------------------------------------------
  FULL CG CYCLE   : 102.4923 ms/iter   <- headline number
                    (best 102.4889 ms, spread 0.0%)
    SpMV+halo     : 97.1043 ms/iter   (187.0 GB/s on SpMV traffic alone)
                    pack and unpack are inside this; the peer
                    copies run underneath the interior rows, so
                    they have no separate duration. CG_OVERLAP=0
                    times the two apart.
    other (dots,  : 5.3880 ms/iter
     axpy, copy)  
  SpMV share      : 94.7%
=========================================================
RESULT,gpu,omp,natural,84345479,1344549713,15.94,103467.4,23.567,169,9.128358e-09,102.492277,97.104314,5.387963,94.7,187.00,102.488887,0.00,3,2
HALO,natural,84345479,2,0.000000,0.001696,packedhalo-overlapped
    -> cycle=102.492277 ms  spmv=97.104314 ms  187.00 GB/s  spread=0.00%  iters=169  wall=68.4220s

>>> ompgpu4  20GB total (7.63GB/GCD)  order=natural  n=84345479
=========================================================
  GPUs            : 4  (OpenMP target devices 0-3 of 4)
  backend         : OpenMP target offload
  halo path       : omp_target_memcpy (device-to-device)
  host threads    : 4  (one per device)
  matrix          : synthetic radius graph
  ordering        : natural
  rows            : 84345479
  nonzeros        : 1344549713
  nnz/row         : mean 15.94, std 3.90, max 43
  mean |i-col|    : 103467.4  (locality: lower is better)
  rows / GPU      : 21114721 21054732 21068008 21108018
  nnz / GPU       : 336137437 336137427 336137430 336137419
  nnz imbalance   : 0.00%  (max vs mean)
  device memory   : 30.30 GB total, 7.58 GB max/GPU
  p exchanged     : 0.506 GB/GPU/iter  (replicated p, no halo list)
  exchange mode   : overlapped with interior SpMV (nowait interior kernel)
  interior rows   : 98.49%  (rows computable before the exchange)
  boundary rows   : 212184 424100 423498 212076
  build time      : 8.55 s  (host)
---------------------------------------------------------
    iter    100   relres 8.324e-06
  run 1/3        : 73.7865 ms/iter  (169 iters, relres 9.11e-09)
    iter    100   relres 8.324e-06
  run 2/3        : 73.7821 ms/iter  (169 iters, relres 9.11e-09)
    iter    100   relres 8.324e-06
  run 3/3        : 73.7895 ms/iter  (169 iters, relres 9.11e-09)
---------------------------------------------------------
  iterations      : 169
  true rel. resid : 9.109535e-09
  runs            : 3
---------------------------------------------------------
  FULL CG CYCLE   : 73.7860 ms/iter   <- headline number
                    (best 73.7821 ms, spread 0.0%)
    SpMV+exchange : 70.8982 ms/iter   (256.1 GB/s on SpMV traffic alone)
                    exchange runs underneath the interior rows,
                    so it has no separate duration. CG_OVERLAP=0
                    times the two apart.
    other (dots,  : 2.8878 ms/iter
     axpy, copy)  
  SpMV share      : 96.1%
=========================================================
RESULT,gpu,omp,natural,84345479,1344549713,15.94,103467.4,30.305,169,9.109535e-09,73.786010,70.898172,2.887838,96.1,256.13,73.782121,0.01,3,4
HALO,natural,84345479,4,0.000000,0.506,ompmemcpy-overlapped
    -> cycle=73.786010 ms  spmv=70.898172 ms  256.13 GB/s  spread=0.01%  iters=169  wall=55.0440s

>>> ompgpu4halo  20GB total (7.63GB/GCD)  order=natural  n=84345479
=========================================================
  GPUs            : 4  (OpenMP target devices 0-3 of 4)
  backend         : OpenMP target offload
  halo path       : packed lists (gather, peer copy, scatter)
  matrix          : synthetic radius graph
  ordering        : natural
  rows            : 84345479
  nonzeros        : 1344549713
  nnz/row         : mean 15.94, std 3.90, max 43
  mean |i-col|    : 103467.4  (locality: lower is better)
  rows / GPU      : 21114721 21054732 21068008 21108018
  nnz / GPU       : 336137437 336137427 336137430 336137419
  nnz imbalance   : 0.00%  (max vs mean)
  device memory   : 30.34 GB total, 7.59 GB max/GPU
  halo entries    : 211769 423903 424407 211779   (recv/GPU/iter)
  halo fraction   : 0.377% of n
  p exchanged     : 0.002544 GB/GPU/iter  (replicated would be 0.506, 199x more)
  exchange mode   : overlapped with interior SpMV (wide host team, no nowait)
  interior rows   : 98.49%  (rows computable before the halo lands)
  boundary rows   : 212184 424100 423498 212076
  build time      : 8.71 s  (host)
---------------------------------------------------------
    iter    100   relres 8.324e-06
  run 1/3        : 54.5375 ms/iter  (169 iters, relres 9.11e-09)
    iter    100   relres 8.324e-06
  run 2/3        : 54.8739 ms/iter  (169 iters, relres 9.11e-09)
    iter    100   relres 8.324e-06
  run 3/3        : 54.5331 ms/iter  (169 iters, relres 9.11e-09)
---------------------------------------------------------
  iterations      : 169
  true rel. resid : 9.109535e-09
  runs            : 3
---------------------------------------------------------
  FULL CG CYCLE   : 54.6482 ms/iter   <- headline number
                    (best 54.5331 ms, spread 0.2%)
    SpMV+halo     : 51.7269 ms/iter   (351.1 GB/s on SpMV traffic alone)
                    pack and unpack are inside this; the peer
                    copies run underneath the interior rows, so
                    they have no separate duration. CG_OVERLAP=0
                    times the two apart.
    other (dots,  : 2.9213 ms/iter
     axpy, copy)  
  SpMV share      : 94.7%
=========================================================
RESULT,gpu,omp,natural,84345479,1344549713,15.94,103467.4,30.335,169,9.109535e-09,54.648182,51.726882,2.921300,94.7,351.05,54.533113,0.21,3,4
HALO,natural,84345479,4,0.000000,0.002544,packedhalo-overlapped
    -> cycle=54.648182 ms  spmv=51.726882 ms  351.05 GB/s  spread=0.21%  iters=169  wall=45.8350s

>>> ompgpu1  30GB  order=natural  n=126518218
=========================================================
  GPUs            : 1  (OpenMP target device 0 of 1)
  backend         : OpenMP target offload
  matrix          : synthetic radius graph
  ordering        : natural
  rows            : 126518218
  nonzeros        : 2017751756
  nnz/row         : mean 15.95, std 3.90, max 41
  mean |i-col|    : 135565.8  (locality: lower is better)
  device memory   : 30.29 GB
  build time      : 13.24 s  (host)
---------------------------------------------------------
    iter    100   relres 7.872e-06
  run 1/3        : 305.2368 ms/iter  (168 iters, relres 9.43e-09)
    iter    100   relres 7.872e-06
  run 2/3        : 305.2141 ms/iter  (168 iters, relres 9.43e-09)
    iter    100   relres 7.872e-06
  run 3/3        : 305.2427 ms/iter  (168 iters, relres 9.43e-09)
---------------------------------------------------------
  iterations      : 168
  true rel. resid : 9.425903e-09
  runs            : 3
---------------------------------------------------------
  FULL CG CYCLE   : 305.2312 ms/iter   <- headline number
                    (best 305.2141 ms, spread 0.0%)
    of which SpMV : 292.0070 ms/iter   (93.3 GB/s, lower-bound traffic)
    other (dots,  : 13.2242 ms/iter
     axpy, copy)  
  SpMV share      : 95.7%
=========================================================
RESULT,gpu,omp,natural,126518218,2017751756,15.95,135565.8,30.286,168,9.425903e-09,305.231207,292.006991,13.224216,95.7,93.32,305.214092,0.01,3,1
    -> cycle=305.231207 ms  spmv=292.006991 ms  93.32 GB/s  spread=0.01%  iters=168  wall=177.2270s

>>> ompgpu2  30GB total (17.63GB/GCD)  order=natural  n=126518218
=========================================================
  GPUs            : 2  (OpenMP target devices 0-1 of 2)
  backend         : OpenMP target offload
  halo path       : omp_target_memcpy (device-to-device)
  host threads    : 2  (one per device)
  matrix          : synthetic radius graph
  ordering        : natural
  rows            : 126518218
  nonzeros        : 2017751756
  nnz/row         : mean 15.95, std 3.90, max 41
  mean |i-col|    : 135565.8  (locality: lower is better)
  rows / GPU      : 63253431 63264787
  nnz / GPU       : 1008875886 1008875870
  nnz imbalance   : 0.00%  (max vs mean)
  device memory   : 35.35 GB total, 17.67 GB max/GPU
  p exchanged     : 0.506 GB/GPU/iter  (replicated p, no halo list)
  exchange mode   : overlapped with interior SpMV (nowait interior kernel)
  interior rows   : 99.56%  (rows computable before the exchange)
  boundary rows   : 277853 277267
  build time      : 13.28 s  (host)
---------------------------------------------------------
    iter    100   relres 7.872e-06
  run 1/3        : 169.4360 ms/iter  (168 iters, relres 9.45e-09)
    iter    100   relres 7.872e-06
  run 2/3        : 169.0256 ms/iter  (168 iters, relres 9.45e-09)
    iter    100   relres 7.872e-06
  run 3/3        : 169.0394 ms/iter  (168 iters, relres 9.45e-09)
---------------------------------------------------------
  iterations      : 168
  true rel. resid : 9.446114e-09
  runs            : 3
---------------------------------------------------------
  FULL CG CYCLE   : 169.1670 ms/iter   <- headline number
                    (best 169.0256 ms, spread 0.1%)
    SpMV+exchange : 160.7263 ms/iter   (169.5 GB/s on SpMV traffic alone)
                    exchange runs underneath the interior rows,
                    so it has no separate duration. CG_OVERLAP=0
                    times the two apart.
    other (dots,  : 8.4407 ms/iter
     axpy, copy)  
  SpMV share      : 95.0%
=========================================================
RESULT,gpu,omp,natural,126518218,2017751756,15.95,135565.8,35.347,168,9.446114e-09,169.166992,160.726291,8.440701,95.0,169.54,169.025587,0.08,3,2
HALO,natural,126518218,2,0.000000,0.506,ompmemcpy-overlapped
    -> cycle=169.166992 ms  spmv=160.726291 ms  169.54 GB/s  spread=0.08%  iters=168  wall=110.0460s

>>> ompgpu2halo  30GB total (17.63GB/GCD)  order=natural  n=126518218
=========================================================
  GPUs            : 2  (OpenMP target devices 0-1 of 2)
  backend         : OpenMP target offload
  halo path       : packed lists (gather, peer copy, scatter)
  matrix          : synthetic radius graph
  ordering        : natural
  rows            : 126518218
  nonzeros        : 2017751756
  nnz/row         : mean 15.95, std 3.90, max 41
  mean |i-col|    : 135565.8  (locality: lower is better)
  rows / GPU      : 63253431 63264787
  nnz / GPU       : 1008875886 1008875870
  nnz imbalance   : 0.00%  (max vs mean)
  device memory   : 35.36 GB total, 17.68 GB max/GPU
  halo entries    : 277267 277853   (recv/GPU/iter)
  halo fraction   : 0.219% of n
  p exchanged     : 0.002220 GB/GPU/iter  (replicated would be 0.506, 228x more)
  exchange mode   : overlapped with interior SpMV (wide host team, no nowait)
  interior rows   : 99.56%  (rows computable before the halo lands)
  boundary rows   : 277853 277267
  build time      : 13.21 s  (host)
---------------------------------------------------------
    iter    100   relres 7.872e-06
  run 1/3        : 156.1626 ms/iter  (168 iters, relres 9.45e-09)
    iter    100   relres 7.872e-06
  run 2/3        : 154.2728 ms/iter  (168 iters, relres 9.45e-09)
    iter    100   relres 7.872e-06
  run 3/3        : 154.2457 ms/iter  (168 iters, relres 9.45e-09)
---------------------------------------------------------
  iterations      : 168
  true rel. resid : 9.446114e-09
  runs            : 3
---------------------------------------------------------
  FULL CG CYCLE   : 154.8937 ms/iter   <- headline number
                    (best 154.2457 ms, spread 0.4%)
    SpMV+halo     : 146.1967 ms/iter   (186.4 GB/s on SpMV traffic alone)
                    pack and unpack are inside this; the peer
                    copies run underneath the interior rows, so
                    they have no separate duration. CG_OVERLAP=0
                    times the two apart.
    other (dots,  : 8.6970 ms/iter
     axpy, copy)  
  SpMV share      : 94.4%
=========================================================
RESULT,gpu,omp,natural,126518218,2017751756,15.95,135565.8,35.360,168,9.446114e-09,154.893715,146.196669,8.697046,94.4,186.39,154.245715,0.42,3,2
HALO,natural,126518218,2,0.000000,0.002220,packedhalo-overlapped
    -> cycle=154.893715 ms  spmv=146.196669 ms  186.39 GB/s  spread=0.42%  iters=168  wall=102.8570s

>>> ompgpu4  30GB total (11.45GB/GCD)  order=natural  n=126518218
=========================================================
  GPUs            : 4  (OpenMP target devices 0-3 of 4)
  backend         : OpenMP target offload
  halo path       : omp_target_memcpy (device-to-device)
  host threads    : 4  (one per device)
  matrix          : synthetic radius graph
  ordering        : natural
  rows            : 126518218
  nonzeros        : 2017751756
  nnz/row         : mean 15.95, std 3.90, max 41
  mean |i-col|    : 135565.8  (locality: lower is better)
  rows / GPU      : 31665594 31587837 31601858 31662929
  nnz / GPU       : 504437948 504437938 504437938 504437932
  nnz imbalance   : 0.00%  (max vs mean)
  device memory   : 45.47 GB total, 11.37 GB max/GPU
  p exchanged     : 0.759 GB/GPU/iter  (replicated p, no halo list)
  exchange mode   : overlapped with interior SpMV (nowait interior kernel)
  interior rows   : 98.68%  (rows computable before the exchange)
  boundary rows   : 278765 555680 553525 276717
  build time      : 13.28 s  (host)
---------------------------------------------------------
    iter    100   relres 7.872e-06
  run 1/3        : 109.0968 ms/iter  (168 iters, relres 9.44e-09)
    iter    100   relres 7.872e-06
  run 2/3        : 108.8804 ms/iter  (168 iters, relres 9.44e-09)
    iter    100   relres 7.872e-06
  run 3/3        : 108.8762 ms/iter  (168 iters, relres 9.44e-09)
---------------------------------------------------------
  iterations      : 168
  true rel. resid : 9.443046e-09
  runs            : 3
---------------------------------------------------------
  FULL CG CYCLE   : 108.9511 ms/iter   <- headline number
                    (best 108.8762 ms, spread 0.1%)
    SpMV+exchange : 104.7121 ms/iter   (260.2 GB/s on SpMV traffic alone)
                    exchange runs underneath the interior rows,
                    so it has no separate duration. CG_OVERLAP=0
                    times the two apart.
    other (dots,  : 4.2390 ms/iter
     axpy, copy)  
  SpMV share      : 96.1%
=========================================================
RESULT,gpu,omp,natural,126518218,2017751756,15.95,135565.8,45.468,168,9.443046e-09,108.951148,104.712147,4.239001,96.1,260.23,108.876216,0.07,3,4
HALO,natural,126518218,4,0.000000,0.759,ompmemcpy-overlapped
    -> cycle=108.951148 ms  spmv=104.712147 ms  260.23 GB/s  spread=0.07%  iters=168  wall=81.6790s

>>> ompgpu4halo  30GB total (11.45GB/GCD)  order=natural  n=126518218
=========================================================
  GPUs            : 4  (OpenMP target devices 0-3 of 4)
  backend         : OpenMP target offload
  halo path       : packed lists (gather, peer copy, scatter)
  matrix          : synthetic radius graph
  ordering        : natural
  rows            : 126518218
  nonzeros        : 2017751756
  nnz/row         : mean 15.95, std 3.90, max 41
  mean |i-col|    : 135565.8  (locality: lower is better)
  rows / GPU      : 31665594 31587837 31601858 31662929
  nnz / GPU       : 504437948 504437938 504437938 504437932
  nnz imbalance   : 0.00%  (max vs mean)
  device memory   : 45.51 GB total, 11.38 GB max/GPU
  halo entries    : 277827 556032 554570 276258   (recv/GPU/iter)
  halo fraction   : 0.329% of n
  p exchanged     : 0.003329 GB/GPU/iter  (replicated would be 0.759, 228x more)
  exchange mode   : overlapped with interior SpMV (wide host team, no nowait)
  interior rows   : 98.68%  (rows computable before the halo lands)
  boundary rows   : 278765 555680 553525 276717
  build time      : 13.07 s  (host)
---------------------------------------------------------
    iter    100   relres 7.872e-06
  run 1/3        : 77.8962 ms/iter  (168 iters, relres 9.44e-09)
    iter    100   relres 7.872e-06
  run 2/3        : 77.8466 ms/iter  (168 iters, relres 9.44e-09)
    iter    100   relres 7.872e-06
  run 3/3        : 77.8547 ms/iter  (168 iters, relres 9.44e-09)
---------------------------------------------------------
  iterations      : 168
  true rel. resid : 9.443046e-09
  runs            : 3
---------------------------------------------------------
  FULL CG CYCLE   : 77.8658 ms/iter   <- headline number
                    (best 77.8466 ms, spread 0.0%)
    SpMV+halo     : 73.6803 ms/iter   (369.8 GB/s on SpMV traffic alone)
                    pack and unpack are inside this; the peer
                    copies run underneath the interior rows, so
                    they have no separate duration. CG_OVERLAP=0
                    times the two apart.
    other (dots,  : 4.1855 ms/iter
     axpy, copy)  
  SpMV share      : 94.6%
=========================================================
RESULT,gpu,omp,natural,126518218,2017751756,15.95,135565.8,45.508,168,9.443046e-09,77.865800,73.680323,4.185477,94.6,369.83,77.846586,0.02,3,4
HALO,natural,126518218,4,0.000000,0.003329,packedhalo-overlapped
    -> cycle=77.865800 ms  spmv=73.680323 ms  369.83 GB/s  spread=0.02%  iters=168  wall=66.1820s

>>> ompgpu1  40GB  order=natural  n=168690958
=========================================================
  GPUs            : 1  (OpenMP target device 0 of 1)
  backend         : OpenMP target offload
  matrix          : synthetic radius graph
  ordering        : natural
  rows            : 168690958
  nonzeros        : 2691219644
  nnz/row         : mean 15.95, std 3.89, max 45
  mean |i-col|    : 164224.1  (locality: lower is better)
  device memory   : 40.39 GB
  build time      : 17.58 s  (host)
---------------------------------------------------------
    iter    100   relres 9.541e-06
  run 1/3        : 413.8658 ms/iter  (171 iters, relres 9.32e-09)
    iter    100   relres 9.541e-06
  run 2/3        : 413.7334 ms/iter  (171 iters, relres 9.32e-09)
    iter    100   relres 9.541e-06
  run 3/3        : 413.6847 ms/iter  (171 iters, relres 9.32e-09)
---------------------------------------------------------
  iterations      : 171
  true rel. resid : 9.324093e-09
  runs            : 3
---------------------------------------------------------
  FULL CG CYCLE   : 413.7613 ms/iter   <- headline number
                    (best 413.6847 ms, spread 0.0%)
    of which SpMV : 396.3701 ms/iter   (91.7 GB/s, lower-bound traffic)
    other (dots,  : 17.3912 ms/iter
     axpy, copy)  
  SpMV share      : 95.8%
=========================================================
RESULT,gpu,omp,natural,168690958,2691219644,15.95,164224.1,40.392,171,9.324093e-09,413.761313,396.370112,17.391200,95.8,91.69,413.684699,0.02,3,1
    -> cycle=413.761313 ms  spmv=396.370112 ms  91.69 GB/s  spread=0.02%  iters=171  wall=243.0980s

>>> ompgpu2  40GB total (23.51GB/GCD)  order=natural  n=168690958
=========================================================
  GPUs            : 2  (OpenMP target devices 0-1 of 2)
  backend         : OpenMP target offload
  halo path       : omp_target_memcpy (device-to-device)
  host threads    : 2  (one per device)
  matrix          : synthetic radius graph
  ordering        : natural
  rows            : 168690958
  nonzeros        : 2691219644
  nnz/row         : mean 15.95, std 3.89, max 45
  mean |i-col|    : 164224.1  (locality: lower is better)
  rows / GPU      : 84332684 84358274
  nnz / GPU       : 1345609830 1345609814
  nnz imbalance   : 0.00%  (max vs mean)
  device memory   : 47.14 GB total, 23.57 GB max/GPU
  p exchanged     : 0.675 GB/GPU/iter  (replicated p, no halo list)
  exchange mode   : overlapped with interior SpMV (nowait interior kernel)
  interior rows   : 99.60%  (rows computable before the exchange)
  boundary rows   : 335450 335769
  build time      : 17.68 s  (host)
---------------------------------------------------------
    iter    100   relres 9.541e-06
  run 1/3        : 228.2398 ms/iter  (171 iters, relres 9.28e-09)
    iter    100   relres 9.541e-06
  run 2/3        : 228.2148 ms/iter  (171 iters, relres 9.28e-09)
    iter    100   relres 9.541e-06
  run 3/3        : 231.5856 ms/iter  (171 iters, relres 9.28e-09)
---------------------------------------------------------
  iterations      : 171
  true rel. resid : 9.279968e-09
  runs            : 3
---------------------------------------------------------
  FULL CG CYCLE   : 229.3467 ms/iter   <- headline number
                    (best 228.2148 ms, spread 0.5%)
    SpMV+exchange : 217.6810 ms/iter   (167.0 GB/s on SpMV traffic alone)
                    exchange runs underneath the interior rows,
                    so it has no separate duration. CG_OVERLAP=0
                    times the two apart.
    other (dots,  : 11.6658 ms/iter
     axpy, copy)  
  SpMV share      : 94.9%
=========================================================
RESULT,gpu,omp,natural,168690958,2691219644,15.95,164224.1,47.139,171,9.279968e-09,229.346748,217.680975,11.665773,94.9,166.96,228.214848,0.50,3,2
HALO,natural,168690958,2,0.000000,0.675,ompmemcpy-overlapped
    -> cycle=229.346748 ms  spmv=217.680975 ms  166.96 GB/s  spread=0.50%  iters=171  wall=150.3460s

>>> ompgpu2halo  40GB total (23.51GB/GCD)  order=natural  n=168690958
=========================================================
  GPUs            : 2  (OpenMP target devices 0-1 of 2)
  backend         : OpenMP target offload
  halo path       : packed lists (gather, peer copy, scatter)
  matrix          : synthetic radius graph
  ordering        : natural
  rows            : 168690958
  nonzeros        : 2691219644
  nnz/row         : mean 15.95, std 3.89, max 45
  mean |i-col|    : 164224.1  (locality: lower is better)
  rows / GPU      : 84332684 84358274
  nnz / GPU       : 1345609830 1345609814
  nnz imbalance   : 0.00%  (max vs mean)
  device memory   : 47.16 GB total, 23.58 GB max/GPU
  halo entries    : 335769 335450   (recv/GPU/iter)
  halo fraction   : 0.199% of n
  p exchanged     : 0.002685 GB/GPU/iter  (replicated would be 0.675, 251x more)
  exchange mode   : overlapped with interior SpMV (wide host team, no nowait)
  interior rows   : 99.60%  (rows computable before the halo lands)
  boundary rows   : 335450 335769
  build time      : 18.00 s  (host)
---------------------------------------------------------
    iter    100   relres 9.541e-06
  run 1/3        : 208.5077 ms/iter  (171 iters, relres 9.28e-09)
    iter    100   relres 9.541e-06
  run 2/3        : 208.5265 ms/iter  (171 iters, relres 9.28e-09)
    iter    100   relres 9.541e-06
  run 3/3        : 208.5070 ms/iter  (171 iters, relres 9.28e-09)
---------------------------------------------------------
  iterations      : 171
  true rel. resid : 9.279968e-09
  runs            : 3
---------------------------------------------------------
  FULL CG CYCLE   : 208.5138 ms/iter   <- headline number
                    (best 208.5070 ms, spread 0.0%)
    SpMV+halo     : 197.7165 ms/iter   (183.8 GB/s on SpMV traffic alone)
                    pack and unpack are inside this; the peer
                    copies run underneath the interior rows, so
                    they have no separate duration. CG_OVERLAP=0
                    times the two apart.
    other (dots,  : 10.7973 ms/iter
     axpy, copy)  
  SpMV share      : 94.8%
=========================================================
RESULT,gpu,omp,natural,168690958,2691219644,15.95,164224.1,47.156,171,9.279968e-09,208.513768,197.716464,10.797305,94.8,183.81,208.507048,0.00,3,2
HALO,natural,168690958,2,0.000000,0.002685,packedhalo-overlapped
    -> cycle=208.513768 ms  spmv=197.716464 ms  183.81 GB/s  spread=0.00%  iters=171  wall=139.8490s

>>> ompgpu4  40GB total (15.26GB/GCD)  order=natural  n=168690958
=========================================================
  GPUs            : 4  (OpenMP target devices 0-3 of 4)
  backend         : OpenMP target offload
  halo path       : omp_target_memcpy (device-to-device)
  host threads    : 4  (one per device)
  matrix          : synthetic radius graph
  ordering        : natural
  rows            : 168690958
  nonzeros        : 2691219644
  nnz/row         : mean 15.95, std 3.89, max 45
  mean |i-col|    : 164224.1  (locality: lower is better)
  rows / GPU      : 42209803 42122881 42143098 42215176
  nnz / GPU       : 672804912 672804918 672804912 672804902
  nnz imbalance   : 0.00%  (max vs mean)
  device memory   : 60.63 GB total, 15.16 GB max/GPU
  p exchanged     : 1.012 GB/GPU/iter  (replicated p, no halo list)
  exchange mode   : overlapped with interior SpMV (nowait interior kernel)
  interior rows   : 98.80%  (rows computable before the exchange)
  boundary rows   : 336686 671872 671567 336607
  build time      : 17.80 s  (host)
---------------------------------------------------------
    iter    100   relres 9.541e-06
  run 1/3        : 148.5939 ms/iter  (171 iters, relres 9.28e-09)
    iter    100   relres 9.541e-06
  run 2/3        : 148.4633 ms/iter  (171 iters, relres 9.28e-09)
    iter    100   relres 9.541e-06
  run 3/3        : 148.5692 ms/iter  (171 iters, relres 9.28e-09)
---------------------------------------------------------
  iterations      : 171
  true rel. resid : 9.283285e-09
  runs            : 3
---------------------------------------------------------
  FULL CG CYCLE   : 148.5421 ms/iter   <- headline number
                    (best 148.4633 ms, spread 0.1%)
    SpMV+exchange : 142.9140 ms/iter   (254.3 GB/s on SpMV traffic alone)
                    exchange runs underneath the interior rows,
                    so it has no separate duration. CG_OVERLAP=0
                    times the two apart.
    other (dots,  : 5.6281 ms/iter
     axpy, copy)  
  SpMV share      : 96.2%
=========================================================
RESULT,gpu,omp,natural,168690958,2691219644,15.95,164224.1,60.635,171,9.283285e-09,148.542138,142.914041,5.628097,96.2,254.30,148.463291,0.05,3,4
HALO,natural,168690958,4,0.000000,1.012,ompmemcpy-overlapped
    -> cycle=148.542138 ms  spmv=142.914041 ms  254.30 GB/s  spread=0.05%  iters=171  wall=110.7710s

>>> ompgpu4halo  40GB total (15.26GB/GCD)  order=natural  n=168690958
=========================================================
  GPUs            : 4  (OpenMP target devices 0-3 of 4)
  backend         : OpenMP target offload
  halo path       : packed lists (gather, peer copy, scatter)
  matrix          : synthetic radius graph
  ordering        : natural
  rows            : 168690958
  nonzeros        : 2691219644
  nnz/row         : mean 15.95, std 3.89, max 45
  mean |i-col|    : 164224.1  (locality: lower is better)
  rows / GPU      : 42209803 42122881 42143098 42215176
  nnz / GPU       : 672804912 672804918 672804912 672804902
  nnz imbalance   : 0.00%  (max vs mean)
  device memory   : 60.68 GB total, 15.17 GB max/GPU
  halo entries    : 336422 672455 672057 335798   (recv/GPU/iter)
  halo fraction   : 0.299% of n
  p exchanged     : 0.004033 GB/GPU/iter  (replicated would be 1.012, 251x more)
  exchange mode   : overlapped with interior SpMV (wide host team, no nowait)
  interior rows   : 98.80%  (rows computable before the halo lands)
  boundary rows   : 336686 671872 671567 336607
  build time      : 18.15 s  (host)
---------------------------------------------------------
    iter    100   relres 9.541e-06
  run 1/3        : 104.7083 ms/iter  (171 iters, relres 9.28e-09)
    iter    100   relres 9.541e-06
  run 2/3        : 104.7055 ms/iter  (171 iters, relres 9.28e-09)
    iter    100   relres 9.541e-06
  run 3/3        : 104.7140 ms/iter  (171 iters, relres 9.28e-09)
---------------------------------------------------------
  iterations      : 171
  true rel. resid : 9.283285e-09
  runs            : 3
---------------------------------------------------------
  FULL CG CYCLE   : 104.7093 ms/iter   <- headline number
                    (best 104.7055 ms, spread 0.0%)
    SpMV+halo     : 99.1251 ms/iter   (366.6 GB/s on SpMV traffic alone)
                    pack and unpack are inside this; the peer
                    copies run underneath the interior rows, so
                    they have no separate duration. CG_OVERLAP=0
                    times the two apart.
    other (dots,  : 5.5842 ms/iter
     axpy, copy)  
  SpMV share      : 94.7%
=========================================================
RESULT,gpu,omp,natural,168690958,2691219644,15.95,164224.1,60.683,171,9.283285e-09,104.709276,99.125062,5.584215,94.7,366.64,104.705493,0.00,3,4
HALO,natural,168690958,4,0.000000,0.004033,packedhalo-overlapped
    -> cycle=104.709276 ms  spmv=99.125062 ms  366.64 GB/s  spread=0.00%  iters=171  wall=89.0620s

>>> ompgpu1  50GB  order=natural  n=210863697
=========================================================
  GPUs            : 1  (OpenMP target device 0 of 1)
  backend         : OpenMP target offload
  matrix          : synthetic radius graph
  ordering        : natural
  rows            : 210863697
  nonzeros        : 3364739477
  nnz/row         : mean 15.96, std 3.89, max 42
  mean |i-col|    : 190562.8  (locality: lower is better)
  device memory   : 50.50 GB
  build time      : 22.34 s  (host)
---------------------------------------------------------
    iter    100   relres 8.464e-06
  run 1/3        : 510.4352 ms/iter  (169 iters, relres 9.80e-09)
    iter    100   relres 8.464e-06
  run 2/3        : 510.4843 ms/iter  (169 iters, relres 9.80e-09)
    iter    100   relres 8.464e-06
  run 3/3        : 510.4317 ms/iter  (169 iters, relres 9.80e-09)
---------------------------------------------------------
  iterations      : 169
  true rel. resid : 9.799500e-09
  runs            : 3
---------------------------------------------------------
  FULL CG CYCLE   : 510.4504 ms/iter   <- headline number
                    (best 510.4317 ms, spread 0.0%)
    of which SpMV : 488.7781 ms/iter   (93.0 GB/s, lower-bound traffic)
    other (dots,  : 21.6723 ms/iter
     axpy, copy)  
  SpMV share      : 95.8%
=========================================================
RESULT,gpu,omp,natural,210863697,3364739477,15.96,190562.8,50.498,169,9.799500e-09,510.450424,488.778118,21.672306,95.8,92.96,510.431716,0.00,3,1
    -> cycle=510.450424 ms  spmv=488.778118 ms  92.96 GB/s  spread=0.00%  iters=169  wall=297.7390s

>>> ompgpu2  50GB total (29.39GB/GCD)  order=natural  n=210863697
=========================================================
  GPUs            : 2  (OpenMP target devices 0-1 of 2)
  backend         : OpenMP target offload
  halo path       : omp_target_memcpy (device-to-device)
  host threads    : 2  (one per device)
  matrix          : synthetic radius graph
  ordering        : natural
  rows            : 210863697
  nonzeros        : 3364739477
  nnz/row         : mean 15.96, std 3.89, max 42
  mean |i-col|    : 190562.8  (locality: lower is better)
  rows / GPU      : 105425978 105437719
  nnz / GPU       : 1682369747 1682369730
  nnz imbalance   : 0.00%  (max vs mean)
  device memory   : 58.93 GB total, 29.47 GB max/GPU
  p exchanged     : 0.843 GB/GPU/iter  (replicated p, no halo list)
  exchange mode   : overlapped with interior SpMV (nowait interior kernel)
  interior rows   : 99.63%  (rows computable before the exchange)
  boundary rows   : 389188 389592
  build time      : 22.61 s  (host)
---------------------------------------------------------
    iter    100   relres 8.464e-06
  run 1/3        : 283.4877 ms/iter  (169 iters, relres 9.80e-09)
    iter    100   relres 8.464e-06
  run 2/3        : 283.4625 ms/iter  (169 iters, relres 9.80e-09)
    iter    100   relres 8.464e-06
  run 3/3        : 283.4450 ms/iter  (169 iters, relres 9.80e-09)
---------------------------------------------------------
  iterations      : 169
  true rel. resid : 9.799338e-09
  runs            : 3
---------------------------------------------------------
  FULL CG CYCLE   : 283.4651 ms/iter   <- headline number
                    (best 283.4450 ms, spread 0.0%)
    SpMV+exchange : 269.9277 ms/iter   (168.3 GB/s on SpMV traffic alone)
                    exchange runs underneath the interior rows,
                    so it has no separate duration. CG_OVERLAP=0
                    times the two apart.
    other (dots,  : 13.5373 ms/iter
     axpy, copy)  
  SpMV share      : 95.2%
=========================================================
RESULT,gpu,omp,natural,210863697,3364739477,15.96,190562.8,58.933,169,9.799338e-09,283.465061,269.927739,13.537322,95.2,168.33,283.444965,0.01,3,2
HALO,natural,210863697,2,0.000000,0.843,ompmemcpy-overlapped
    -> cycle=283.465061 ms  spmv=269.927739 ms  168.33 GB/s  spread=0.01%  iters=169  wall=184.6080s

>>> ompgpu2halo  50GB total (29.39GB/GCD)  order=natural  n=210863697
=========================================================
  GPUs            : 2  (OpenMP target devices 0-1 of 2)
  backend         : OpenMP target offload
  halo path       : packed lists (gather, peer copy, scatter)
  matrix          : synthetic radius graph
  ordering        : natural
  rows            : 210863697
  nonzeros        : 3364739477
  nnz/row         : mean 15.96, std 3.89, max 42
  mean |i-col|    : 190562.8  (locality: lower is better)
  rows / GPU      : 105425978 105437719
  nnz / GPU       : 1682369747 1682369730
  nnz imbalance   : 0.00%  (max vs mean)
  device memory   : 58.95 GB total, 29.48 GB max/GPU
  halo entries    : 389592 389188   (recv/GPU/iter)
  halo fraction   : 0.185% of n
  p exchanged     : 0.003115 GB/GPU/iter  (replicated would be 0.843, 271x more)
  exchange mode   : overlapped with interior SpMV (wide host team, no nowait)
  interior rows   : 99.63%  (rows computable before the halo lands)
  boundary rows   : 389188 389592
  build time      : 22.35 s  (host)
---------------------------------------------------------
    iter    100   relres 8.464e-06
  run 1/3        : 258.8191 ms/iter  (169 iters, relres 9.80e-09)
    iter    100   relres 8.464e-06
  run 2/3        : 258.8659 ms/iter  (169 iters, relres 9.80e-09)
    iter    100   relres 8.464e-06
  run 3/3        : 258.8341 ms/iter  (169 iters, relres 9.80e-09)
---------------------------------------------------------
  iterations      : 169
  true rel. resid : 9.799338e-09
  runs            : 3
---------------------------------------------------------
  FULL CG CYCLE   : 258.8397 ms/iter   <- headline number
                    (best 258.8191 ms, spread 0.0%)
    SpMV+halo     : 245.3296 ms/iter   (185.2 GB/s on SpMV traffic alone)
                    pack and unpack are inside this; the peer
                    copies run underneath the interior rows, so
                    they have no separate duration. CG_OVERLAP=0
                    times the two apart.
    other (dots,  : 13.5101 ms/iter
     axpy, copy)  
  SpMV share      : 94.8%
=========================================================
RESULT,gpu,omp,natural,210863697,3364739477,15.96,190562.8,58.952,169,9.799338e-09,258.839727,245.329638,13.510089,94.8,185.21,258.819091,0.01,3,2
HALO,natural,210863697,2,0.000000,0.003115,packedhalo-overlapped
    -> cycle=258.839727 ms  spmv=245.329638 ms  185.21 GB/s  spread=0.01%  iters=169  wall=172.0480s

>>> ompgpu4  50GB total (19.08GB/GCD)  order=natural  n=210863697
=========================================================
  GPUs            : 4  (OpenMP target devices 0-3 of 4)
  backend         : OpenMP target offload
  halo path       : omp_target_memcpy (device-to-device)
  host threads    : 4  (one per device)
  matrix          : synthetic radius graph
  ordering        : natural
  rows            : 210863697
  nonzeros        : 3364739477
  nnz/row         : mean 15.96, std 3.89, max 42
  mean |i-col|    : 190562.8  (locality: lower is better)
  rows / GPU      : 52763625 52662353 52673436 52764283
  nnz / GPU       : 841184874 841184873 841184866 841184864
  nnz imbalance   : 0.00%  (max vs mean)
  device memory   : 75.80 GB total, 18.95 GB max/GPU
  p exchanged     : 1.265 GB/GPU/iter  (replicated p, no halo list)
  exchange mode   : overlapped with interior SpMV (nowait interior kernel)
  interior rows   : 98.89%  (rows computable before the exchange)
  boundary rows   : 390601 779947 779462 390345
  build time      : 22.20 s  (host)
---------------------------------------------------------
    iter    100   relres 8.464e-06
  run 1/3        : 183.7651 ms/iter  (169 iters, relres 9.80e-09)
    iter    100   relres 8.464e-06
  run 2/3        : 183.1730 ms/iter  (169 iters, relres 9.80e-09)
    iter    100   relres 8.464e-06
  run 3/3        : 183.1370 ms/iter  (169 iters, relres 9.80e-09)
---------------------------------------------------------
  iterations      : 169
  true rel. resid : 9.799288e-09
  runs            : 3
---------------------------------------------------------
  FULL CG CYCLE   : 183.3584 ms/iter   <- headline number
                    (best 183.1370 ms, spread 0.1%)
    SpMV+exchange : 176.1978 ms/iter   (257.9 GB/s on SpMV traffic alone)
                    exchange runs underneath the interior rows,
                    so it has no separate duration. CG_OVERLAP=0
                    times the two apart.
    other (dots,  : 7.1605 ms/iter
     axpy, copy)  
  SpMV share      : 96.1%
=========================================================
RESULT,gpu,omp,natural,210863697,3364739477,15.96,190562.8,75.802,169,9.799288e-09,183.358378,176.197843,7.160535,96.1,257.88,183.136978,0.12,3,4
HALO,natural,210863697,4,0.000000,1.265,ompmemcpy-overlapped
    -> cycle=183.358378 ms  spmv=176.197843 ms  257.88 GB/s  spread=0.12%  iters=169  wall=135.9760s

>>> ompgpu4halo  50GB total (19.08GB/GCD)  order=natural  n=210863697
=========================================================
  GPUs            : 4  (OpenMP target devices 0-3 of 4)
  backend         : OpenMP target offload
  halo path       : packed lists (gather, peer copy, scatter)
  matrix          : synthetic radius graph
  ordering        : natural
  rows            : 210863697
  nonzeros        : 3364739477
  nnz/row         : mean 15.96, std 3.89, max 42
  mean |i-col|    : 190562.8  (locality: lower is better)
  rows / GPU      : 52763625 52662353 52673436 52764283
  nnz / GPU       : 841184874 841184873 841184866 841184864
  nnz imbalance   : 0.00%  (max vs mean)
  device memory   : 75.86 GB total, 18.97 GB max/GPU
  halo entries    : 390759 780193 779533 389870   (recv/GPU/iter)
  halo fraction   : 0.277% of n
  p exchanged     : 0.004681 GB/GPU/iter  (replicated would be 1.265, 270x more)
  exchange mode   : overlapped with interior SpMV (wide host team, no nowait)
  interior rows   : 98.89%  (rows computable before the halo lands)
  boundary rows   : 390601 779947 779462 390345
  build time      : 22.64 s  (host)
---------------------------------------------------------
    iter    100   relres 8.464e-06
  run 1/3        : 130.5911 ms/iter  (169 iters, relres 9.80e-09)
    iter    100   relres 8.464e-06
  run 2/3        : 130.5741 ms/iter  (169 iters, relres 9.80e-09)
    iter    100   relres 8.464e-06
  run 3/3        : 130.5761 ms/iter  (169 iters, relres 9.80e-09)
---------------------------------------------------------
  iterations      : 169
  true rel. resid : 9.799288e-09
  runs            : 3
---------------------------------------------------------
  FULL CG CYCLE   : 130.5804 ms/iter   <- headline number
                    (best 130.5741 ms, spread 0.0%)
    SpMV+halo     : 123.5951 ms/iter   (367.6 GB/s on SpMV traffic alone)
                    pack and unpack are inside this; the peer
                    copies run underneath the interior rows, so
                    they have no separate duration. CG_OVERLAP=0
                    times the two apart.
    other (dots,  : 6.9853 ms/iter
     axpy, copy)  
  SpMV share      : 94.7%
=========================================================
RESULT,gpu,omp,natural,210863697,3364739477,15.96,190562.8,75.858,169,9.799288e-09,130.580418,123.595133,6.985286,94.7,367.63,130.574120,0.00,3,4
HALO,natural,210863697,4,0.000000,0.004681,packedhalo-overlapped
    -> cycle=130.580418 ms  spmv=123.595133 ms  367.63 GB/s  spread=0.00%  iters=169  wall=110.3430s


SUMMARY -- full CG cycle, ms/iter
===============================================================================

order = natural

    GB       ompgpu1       ompgpu2   ompgpu2halo       ompgpu4   ompgpu4halo
-------------------------------------------------------------------------------
     5        49.315        28.215        23.843        17.487        13.058
    10       100.958        59.079        50.560        36.219        24.949
    20       205.392       112.245       102.492        73.786        54.648
    30       305.231       169.167       154.894       108.951        77.866
    40       413.761       229.347       208.514       148.542       104.709
    50       510.450       283.465       258.840       183.358       130.580

  scaling vs ompgpu1 (ideal 2.00x / 4.00x)
    GB    ompgpu2/1    ompgpu4/1        halo2/1        halo4/1
-------------------------------------------------------------------------------
     5        1.75x        2.82x         2.07x          3.78x
    10        1.71x        2.79x         2.00x          4.05x
    20        1.83x        2.78x         2.00x          3.76x
    30        1.80x        2.80x         1.97x          3.92x
    40        1.80x        2.79x         1.98x          3.95x
    50        1.80x        2.78x         1.97x          3.91x

  packed halo vs replicated exchange, same device count
    GB  halo2/ompgpu2  halo4/ompgpu4
-------------------------------------------------------------------------------
     5          1.18x          1.34x
    10          1.17x          1.45x
    20          1.10x          1.35x
    30          1.09x          1.40x
    40          1.10x          1.42x
    50          1.10x          1.40x
===============================================================================

All done.
  Timing CSV : results_21848584_20260909_165455/timings.csv
  Run log    : results_21848584_20260909_165455/run.log
