stty: 'standard input': Inappropriate ioctl for device


Note: You are loading a complete Base and HPC Intel-OneAPI toolkit / environment.
      This will remove any conflicting modules
      already loaded in your environment



Loading intel-toolkit/2024.1.0
  Loading requirement: intel/2024.1.0 intel-mpi/2021.12.0 intel-mkl/2024.1.0
    intel-inspector/2024.1.0 intel-ccl/2021.12.0 intel-dnn/2024.1.0
    intel-itac/2022.1.0 intel-tbb/2021.12.0 intel-ipp/2021.11.0
    intel-dal/2024.2.0 intel-ippcp/2021.11.0 intel-dpl/2022.5.0
    intel-dpct/2024.1.0
============================================================
Host       : i20r08c03s08
Job ID     : 519282   Repetition: 1
Timestamp  : 20260730_132324
Results dir: results_COMPOSITE_h8_519282_20260730_132324
N=640  DT=0.0001074146  STEPS=500  FAMILIES='2 4'  BASELINE=1
ZE_FLAT_DEVICE_HIERARCHY=COMPOSITE  (1 device = whole card, 2 stacks)
Hidden helpers for V1/V2 : 8
Compiler   : Intel(R) oneAPI DPC++/C++ Compiler 2024.1.0 (2024.1.0.20240308)
============================================================
[opencl:acc:0] Intel(R) FPGA Emulation Platform for OpenCL(TM), Intel(R) FPGA Emulation Device OpenCL 1.2  [2024.17.3.0.08_160000]
[opencl:cpu:1] Intel(R) OpenCL, Intel(R) Xeon(R) Platinum 8480L OpenCL 3.0 (Build 0) [2024.17.3.0.08_160000]
[opencl:gpu:2] Intel(R) OpenCL Graphics, Intel(R) Data Center GPU Max 1550 OpenCL 3.0 NEO  [23.43.27642.67]
[opencl:gpu:3] Intel(R) OpenCL Graphics, Intel(R) Data Center GPU Max 1550 OpenCL 3.0 NEO  [23.43.27642.67]
[opencl:gpu:4] Intel(R) OpenCL Graphics, Intel(R) Data Center GPU Max 1550 OpenCL 3.0 NEO  [23.43.27642.67]
[opencl:gpu:5] Intel(R) OpenCL Graphics, Intel(R) Data Center GPU Max 1550 OpenCL 3.0 NEO  [23.43.27642.67]
[ext_oneapi_level_zero:gpu:0] Intel(R) Level-Zero, Intel(R) Data Center GPU Max 1550 1.3 [1.3.27642]
[ext_oneapi_level_zero:gpu:1] Intel(R) Level-Zero, Intel(R) Data Center GPU Max 1550 1.3 [1.3.27642]
[ext_oneapi_level_zero:gpu:2] Intel(R) Level-Zero, Intel(R) Data Center GPU Max 1550 1.3 [1.3.27642]
[ext_oneapi_level_zero:gpu:3] Intel(R) Level-Zero, Intel(R) Data Center GPU Max 1550 1.3 [1.3.27642]

Starting benchmarks
===========================
N = 640   dt = 0.0001074146   helpers(V1/V2) = 8
===========================

>>> 1-omp  gpus=1  ZE_AFFINITY_MASK=0  N=640
    runtime: baseline; OMP_NUM_THREADS=1  helpers=disabled
    command: env -u LIBOMPTARGET_DEVICES ZE_FLAT_DEVICE_HIERARCHY=COMPOSITE ZE_AFFINITY_MASK=0 OMP_NUM_THREADS=1 LIBOMP_USE_HIDDEN_HELPER_TASK=1 LIBOMP_NUM_HIDDEN_HELPER_THREADS=1 ./1-omp 640 0.0001074146

**** ONE GPU OpenMP Offloading STARTS ****

=== MEMORY ESTIMATE (GLOBAL) ===
Grid size: 640 x 640 x 640 = 262144000 points
Memory per global array: 2.097 GB
================================

=== SIMULATION PARAMETERS ===
Grid size (n):           640
Final time (T):          0.000107
Grid spacing (h):        1.564945e-03
Time step (dt):          2.148293e-07
Kappa_max:               0.950000
Diffusion factor:        4.385965e-02
Estimated timesteps:     ~499
CFL condition (dt/h^2):  0.087719 (should be < 0.5)
==============================

Using OpenMP target device 0 of 1

=== MEMORY ESTIMATE (LOCAL PER GPU) ===
GPU0 local bytes per array: 2.097 GB
======================================


=== SIMULATION STARTS ===

500 timesteps complete
Time = 6.550719 seconds
=== SIMULATION ENDS ===

**** ONE GPU OpenMP Offloading FINISHED ****
    -> wall=18.0860s  reported=6.550719s  status=ok  exit=0

>>> 2-omp  gpus=2  ZE_AFFINITY_MASK=0,1  N=640
    runtime: application threads=1  helpers=8
    command: env -u OMP_NUM_HIDDEN_HELPER_THREADS -u OMP_THREAD_LIMIT -u LIBOMPTARGET_DEVICES ZE_FLAT_DEVICE_HIERARCHY=COMPOSITE ZE_AFFINITY_MASK=0\,1 OMP_NUM_THREADS=1 LIBOMP_USE_HIDDEN_HELPER_TASK=1 LIBOMP_NUM_HIDDEN_HELPER_THREADS=2 ./2-omp 640 0.0001074146

**** TWO GPUS OpenMP Offloading STARTS ****

=== MEMORY ESTIMATE (GLOBAL) ===
Grid size: 640 x 640 x 640 = 262144000 points
Memory per global array: 2.097 GB
================================

=== SIMULATION PARAMETERS ===
Grid size (n):           640
Final time (T):          0.000107
Grid spacing (h):        1.564945e-03
Time step (dt):          2.148293e-07
Kappa_max:               0.950000
Diffusion factor:        4.385965e-02
Estimated timesteps:     ~499
CFL condition (dt/h^2):  0.087719 (should be < 0.5)
==============================

Using OpenMP target devices 0 and 1 of 2
Block sizes: nz0=321, nz1=321, mid=319

=== MEMORY ESTIMATE (LOCAL PER GPU) ===
GPU0 local bytes per array: 1.052 GB
GPU1 local bytes per array: 1.052 GB
======================================


=== SIMULATION STARTS ===

500 timesteps complete
Time = 4.556329 seconds
=== SIMULATION ENDS ===

**** TWO GPUS OpenMP Offloading FINISHED ****
    -> wall=16.3640s  reported=4.556329s  status=ok  exit=0

>>> 2-omp-stream  gpus=2  ZE_AFFINITY_MASK=0,1  N=640
    runtime: application threads=1  helpers=8
    command: env -u OMP_NUM_HIDDEN_HELPER_THREADS -u OMP_THREAD_LIMIT -u LIBOMPTARGET_DEVICES ZE_FLAT_DEVICE_HIERARCHY=COMPOSITE ZE_AFFINITY_MASK=0\,1 OMP_NUM_THREADS=1 LIBOMP_USE_HIDDEN_HELPER_TASK=1 LIBOMP_NUM_HIDDEN_HELPER_THREADS=2 ./2-omp-stream 640 0.0001074146

**** TWO GPUS OpenMP Offloading, ASYNC STARTS ****

=== MEMORY ESTIMATE (GLOBAL) ===
Grid size: 640 x 640 x 640 = 262144000 points
Memory per global array: 2.097 GB
================================

=== SIMULATION PARAMETERS ===
Grid size (n):           640
Final time (T):          0.000107
Grid spacing (h):        1.564945e-03
Time step (dt):          2.148293e-07
Kappa_max:               0.950000
Diffusion factor:        4.385965e-02
Estimated timesteps:     ~499
CFL condition (dt/h^2):  0.087719 (should be < 0.5)
==============================

Using OpenMP target devices 0 and 1 of 2
Block sizes: nz0=321, nz1=321, mid=319

=== MEMORY ESTIMATE (LOCAL PER GPU) ===
GPU0 local bytes per array: 1.052 GB
GPU1 local bytes per array: 1.052 GB
======================================


=== SIMULATION STARTS ===

500 timesteps complete
Time = 6.049542 seconds
=== SIMULATION ENDS ===

**** TWO GPUS OpenMP Offloading, ASYNC FINISHED ****
    -> wall=17.9810s  reported=6.049542s  status=ok  exit=0

>>> 2-omp-stream-omp  gpus=2  ZE_AFFINITY_MASK=0,1  N=640
    runtime: explicit threads=2  helpers=disabled
    command: env -u OMP_THREAD_LIMIT -u LIBOMPTARGET_DEVICES ZE_FLAT_DEVICE_HIERARCHY=COMPOSITE ZE_AFFINITY_MASK=0\,1 OMP_NUM_THREADS=2 LIBOMP_USE_HIDDEN_HELPER_TASK=1 LIBOMP_NUM_HIDDEN_HELPER_THREADS=2 ./2-omp-stream-omp 640 0.0001074146

**** TWO GPUS OpenMP Offloading, ASYNC + 2 HOST THREADS STARTS ****

=== MEMORY ESTIMATE (GLOBAL) ===
Grid size: 640 x 640 x 640 = 262144000 points
Memory per global array: 2.097 GB
================================

=== SIMULATION PARAMETERS ===
Grid size (n):           640
Final time (T):          0.000107
Grid spacing (h):        1.564945e-03
Time step (dt):          2.148293e-07
Kappa_max:               0.950000
Diffusion factor:        4.385965e-02
Estimated timesteps:     ~499
CFL condition (dt/h^2):  0.087719 (should be < 0.5)
==============================

Using OpenMP target devices 0 and 1 of 2
Block sizes: nz0=321, nz1=321, mid=319

=== MEMORY ESTIMATE (LOCAL PER GPU) ===
GPU0 local bytes per array: 1.052 GB
GPU1 local bytes per array: 1.052 GB
======================================


=== SIMULATION STARTS ===

500 timesteps complete
Time = 5.231692 seconds
=== SIMULATION ENDS ===

**** TWO GPUS OpenMP Offloading, ASYNC + 2 HOST THREADS FINISHED ****
    -> wall=17.2220s  reported=5.231692s  status=ok  exit=0

>>> 2-omp-stream-omp-p2p  gpus=2  ZE_AFFINITY_MASK=0,1  N=640
    runtime: explicit threads=2  helpers=disabled
    command: env -u OMP_THREAD_LIMIT -u LIBOMPTARGET_DEVICES ZE_FLAT_DEVICE_HIERARCHY=COMPOSITE ZE_AFFINITY_MASK=0\,1 OMP_NUM_THREADS=2 LIBOMP_USE_HIDDEN_HELPER_TASK=1 LIBOMP_NUM_HIDDEN_HELPER_THREADS=2 ./2-omp-stream-omp-p2p 640 0.0001074146

**** TWO GPUS OpenMP Offloading, P2P + 2 HOST THREADS STARTS ****

=== MEMORY ESTIMATE (GLOBAL) ===
Grid size: 640 x 640 x 640 = 262144000 points
Memory per global array: 2.097 GB
================================

=== SIMULATION PARAMETERS ===
Grid size (n):           640
Final time (T):          0.000107
Grid spacing (h):        1.564945e-03
Time step (dt):          2.148293e-07
Kappa_max:               0.950000
Diffusion factor:        4.385965e-02
Estimated timesteps:     ~499
CFL condition (dt/h^2):  0.087719 (should be < 0.5)
==============================

Using OpenMP target devices 0 and 1 of 2
Block sizes: nz0=321, nz1=321, mid=319

=== MEMORY ESTIMATE (LOCAL PER GPU) ===
GPU0 local bytes per array: 1.052 GB
GPU1 local bytes per array: 1.052 GB
======================================


=== SIMULATION STARTS ===

500 timesteps complete
Time = 5.036445 seconds
=== SIMULATION ENDS ===

**** TWO GPUS OpenMP Offloading, P2P + 2 HOST THREADS FINISHED ****
    -> wall=17.0140s  reported=5.036445s  status=ok  exit=0

>>> 4-omp  gpus=4  ZE_AFFINITY_MASK=0,1,2,3  N=640
    runtime: application threads=1  helpers=8
    command: env -u OMP_NUM_HIDDEN_HELPER_THREADS -u OMP_THREAD_LIMIT -u LIBOMPTARGET_DEVICES ZE_FLAT_DEVICE_HIERARCHY=COMPOSITE ZE_AFFINITY_MASK=0\,1\,2\,3 OMP_NUM_THREADS=1 LIBOMP_USE_HIDDEN_HELPER_TASK=1 LIBOMP_NUM_HIDDEN_HELPER_THREADS=4 ./4-omp 640 0.0001074146

**** FOUR GPUS OpenMP Offloading STARTS ****

=== MEMORY ESTIMATE (GLOBAL) ===
Grid size: 640 x 640 x 640 = 262144000 points
Memory per global array: 2.097 GB
================================

=== SIMULATION PARAMETERS ===
Grid size (n):           640
Final time (T):          0.000107
Grid spacing (h):        1.564945e-03
Time step (dt):          2.148293e-07
Kappa_max:               0.950000
Diffusion factor:        4.385965e-02
Estimated timesteps:     ~499
CFL condition (dt/h^2):  0.087719 (should be < 0.5)
==============================

Using OpenMP target devices 0, 1, 2 and 3 of 4
Block sizes: nz0=162, nz1=162, nz2=161, nz3=161

=== MEMORY ESTIMATE (LOCAL PER GPU) ===
GPU0 local bytes per array: 0.531 GB
GPU1 local bytes per array: 0.531 GB
GPU2 local bytes per array: 0.528 GB
GPU3 local bytes per array: 0.528 GB
======================================


=== SIMULATION STARTS ===

500 timesteps complete
Time = 8.175862 seconds
=== SIMULATION ENDS ===

**** FOUR GPUS OpenMP Offloading FINISHED ****
    -> wall=20.2480s  reported=8.175862s  status=ok  exit=0

>>> 4-omp-stream  gpus=4  ZE_AFFINITY_MASK=0,1,2,3  N=640
    runtime: application threads=1  helpers=8
    command: env -u OMP_NUM_HIDDEN_HELPER_THREADS -u OMP_THREAD_LIMIT -u LIBOMPTARGET_DEVICES ZE_FLAT_DEVICE_HIERARCHY=COMPOSITE ZE_AFFINITY_MASK=0\,1\,2\,3 OMP_NUM_THREADS=1 LIBOMP_USE_HIDDEN_HELPER_TASK=1 LIBOMP_NUM_HIDDEN_HELPER_THREADS=4 ./4-omp-stream 640 0.0001074146

**** FOUR GPUS OpenMP Offloading, ASYNC STARTS ****

=== MEMORY ESTIMATE (GLOBAL) ===
Grid size: 640 x 640 x 640 = 262144000 points
Memory per global array: 2.097 GB
================================

=== SIMULATION PARAMETERS ===
Grid size (n):           640
Final time (T):          0.000107
Grid spacing (h):        1.564945e-03
Time step (dt):          2.148293e-07
Kappa_max:               0.950000
Diffusion factor:        4.385965e-02
Estimated timesteps:     ~499
CFL condition (dt/h^2):  0.087719 (should be < 0.5)
==============================

Using OpenMP target devices 0, 1, 2 and 3 of 4
Block sizes: nz0=162, nz1=162, nz2=161, nz3=161

=== MEMORY ESTIMATE (LOCAL PER GPU) ===
GPU0 local bytes per array: 0.531 GB
GPU1 local bytes per array: 0.531 GB
GPU2 local bytes per array: 0.528 GB
GPU3 local bytes per array: 0.528 GB
======================================


=== SIMULATION STARTS ===

500 timesteps complete
Time = 5.604386 seconds
=== SIMULATION ENDS ===

**** FOUR GPUS OpenMP Offloading, ASYNC FINISHED ****
    -> wall=17.6890s  reported=5.604386s  status=ok  exit=0

>>> 4-omp-stream-omp  gpus=4  ZE_AFFINITY_MASK=0,1,2,3  N=640
    runtime: explicit threads=4  helpers=disabled
    command: env -u OMP_THREAD_LIMIT -u LIBOMPTARGET_DEVICES ZE_FLAT_DEVICE_HIERARCHY=COMPOSITE ZE_AFFINITY_MASK=0\,1\,2\,3 OMP_NUM_THREADS=4 LIBOMP_USE_HIDDEN_HELPER_TASK=1 LIBOMP_NUM_HIDDEN_HELPER_THREADS=4 ./4-omp-stream-omp 640 0.0001074146

**** FOUR GPUS OpenMP Offloading, ASYNC + 4 HOST THREADS STARTS ****

=== MEMORY ESTIMATE (GLOBAL) ===
Grid size: 640 x 640 x 640 = 262144000 points
Memory per global array: 2.097 GB
================================

=== SIMULATION PARAMETERS ===
Grid size (n):           640
Final time (T):          0.000107
Grid spacing (h):        1.564945e-03
Time step (dt):          2.148293e-07
Kappa_max:               0.950000
Diffusion factor:        4.385965e-02
Estimated timesteps:     ~499
CFL condition (dt/h^2):  0.087719 (should be < 0.5)
==============================

Using OpenMP target devices 0, 1, 2 and 3 of 4
Block sizes: nz0=162, nz1=162, nz2=161, nz3=161

=== MEMORY ESTIMATE (LOCAL PER GPU) ===
GPU0 local bytes per array: 0.531 GB
GPU1 local bytes per array: 0.531 GB
GPU2 local bytes per array: 0.528 GB
GPU3 local bytes per array: 0.528 GB
======================================


=== SIMULATION STARTS ===

500 timesteps complete
Time = 4.651883 seconds
=== SIMULATION ENDS ===

**** FOUR GPUS OpenMP Offloading, ASYNC + 4 HOST THREADS FINISHED ****
    -> wall=16.7460s  reported=4.651883s  status=ok  exit=0

>>> 4-omp-stream-omp-p2p  gpus=4  ZE_AFFINITY_MASK=0,1,2,3  N=640
    runtime: explicit threads=4  helpers=disabled
    command: env -u OMP_THREAD_LIMIT -u LIBOMPTARGET_DEVICES ZE_FLAT_DEVICE_HIERARCHY=COMPOSITE ZE_AFFINITY_MASK=0\,1\,2\,3 OMP_NUM_THREADS=4 LIBOMP_USE_HIDDEN_HELPER_TASK=1 LIBOMP_NUM_HIDDEN_HELPER_THREADS=4 ./4-omp-stream-omp-p2p 640 0.0001074146

**** FOUR GPUS OpenMP Offloading, P2P + 4 HOST THREADS STARTS ****

=== MEMORY ESTIMATE (GLOBAL) ===
Grid size: 640 x 640 x 640 = 262144000 points
Memory per global array: 2.097 GB
================================

=== SIMULATION PARAMETERS ===
Grid size (n):           640
Final time (T):          0.000107
Grid spacing (h):        1.564945e-03
Time step (dt):          2.148293e-07
Kappa_max:               0.950000
Diffusion factor:        4.385965e-02
Estimated timesteps:     ~499
CFL condition (dt/h^2):  0.087719 (should be < 0.5)
==============================

Using OpenMP target devices 0, 1, 2 and 3 of 4
Block sizes: nz0=162, nz1=162, nz2=161, nz3=161

=== MEMORY ESTIMATE (LOCAL PER GPU) ===
GPU0 local bytes per array: 0.531 GB
GPU1 local bytes per array: 0.531 GB
GPU2 local bytes per array: 0.528 GB
GPU3 local bytes per array: 0.528 GB
======================================


=== SIMULATION STARTS ===

500 timesteps complete
Time = 3.341890 seconds
=== SIMULATION ENDS ===

**** FOUR GPUS OpenMP Offloading, P2P + 4 HOST THREADS FINISHED ****
    -> wall=15.4720s  reported=3.341890s  status=ok  exit=0

All done.
  Timing CSV : results_COMPOSITE_h8_519282_20260730_132324/timings.csv
  Run log    : results_COMPOSITE_h8_519282_20260730_132324/run.log
