-------------------------------------------------------------------------------
There are messages associated with the following module(s):
-------------------------------------------------------------------------------

LUMI/25.09:
   As the LUMI/25.09 stack uses a version of the programming environment
   that is newer than the current default on the system (25.03), please be
   aware of https://lumi-supercomputer.github.io/LUMI-training-materials/2day-20251020/102-CPE/#warning-1-you-do-not-always-get-what-you-expect
   and adapt LD_LIBRARY_PATH as needed. The easiest way to do this, is to
   simply load lumi-CrayPath after loading all other modules, and reloading
   it after a module change.

-------------------------------------------------------------------------------
This module comes with rocprof-sys, rocprof-compute, asan and debug libraries
installed.
Please check https://lumi-supercomputer.github.io/LUMI-EasyBuild-docs/r/rocm/
for instructions on how to use them.


This module comes with rocprof-sys, rocprof-compute, asan and debug libraries
installed.
Please check https://lumi-supercomputer.github.io/LUMI-EasyBuild-docs/r/rocm/
for instructions on how to use them.

Job ID       : 20441999
Repetition   : 4
Timestamp    : 20260730_131641
Results dir  : results_h8_20441999_20260730_131641
N=768  DT=7.45546e-05  STEPS=500  FAMILIES='2 4'
Hidden helper threads : 8
P2P runtime  : /scratch/project_465003145/omptarget-p2p/lib
P2P shim     : /pfs/lustrep2/scratch/project_465003145/Git/3D_Heat_Benchmark/Final-1/OpenMP/libp2p_copy_shim.so

Starting benchmarks
===========================
N = 768   dt = 7.45546e-05   helpers = 8
===========================

>>> Running: 1-omp  gpus=1  mask=0  N=768
    Runtime configuration:
      ROCR_VISIBLE_DEVICES=0
      OMP_NUM_THREADS=1
      LIBOMP_USE_HIDDEN_HELPER_TASK=0
      LIBOMP_NUM_HIDDEN_HELPER_THREADS=0
      HSA_ENABLE_SDMA=1
    command: env -u LD_PRELOAD -u HSA_ENABLE_SDMA -u HSA_ENABLE_PEER_SDMA -u OMP_NUM_THREADS -u OMP_THREAD_LIMIT -u OMP_NUM_HIDDEN_HELPER_THREADS -u LIBOMP_USE_HIDDEN_HELPER_TASK -u LIBOMP_NUM_HIDDEN_HELPER_THREADS ROCR_VISIBLE_DEVICES=0 OMP_NUM_THREADS=1 LIBOMP_USE_HIDDEN_HELPER_TASK=0 LIBOMP_NUM_HIDDEN_HELPER_THREADS=0 HSA_ENABLE_SDMA=1 ./1-omp 768 7.45546e-05

**** ONE GPU OpenMP Offloading STARTS ****

=== MEMORY ESTIMATE (GLOBAL) ===
Grid size: 768 x 768 x 768 = 452984832 points
Memory per global array: 3.624 GB
================================

=== SIMULATION PARAMETERS ===
Grid size (n):           768
Final time (T):          0.000075
Grid spacing (h):        1.303781e-03
Time step (dt):          1.491092e-07
Kappa_max:               0.950000
Diffusion factor:        4.385965e-02
Estimated timesteps:     ~500
CFL condition (dt/h^2):  0.087719 (should be < 0.5)
==============================

Using OpenMP target device 0 of 1

=== MEMORY ESTIMATE (LOCAL PER GPU) ===
GPU0 local bytes per array: 3.624 GB
======================================


=== SIMULATION STARTS ===

501 timesteps complete
Time = 30.720251 seconds
=== SIMULATION ENDS ===

**** ONE GPU OpenMP Offloading FINISHED ****
    -> wall=92.2290s  reported=30.720251s  status=ok  exit=0

>>> Running: 2-omp  gpus=2  mask=0,2  N=768
    Runtime configuration:
      ROCR_VISIBLE_DEVICES=0,2
      OMP_NUM_THREADS=1
      LIBOMP_USE_HIDDEN_HELPER_TASK=0
      LIBOMP_NUM_HIDDEN_HELPER_THREADS=0
      HSA_ENABLE_SDMA=1
    command: env -u LD_PRELOAD -u HSA_ENABLE_SDMA -u HSA_ENABLE_PEER_SDMA -u OMP_NUM_THREADS -u OMP_THREAD_LIMIT -u OMP_NUM_HIDDEN_HELPER_THREADS -u LIBOMP_USE_HIDDEN_HELPER_TASK -u LIBOMP_NUM_HIDDEN_HELPER_THREADS ROCR_VISIBLE_DEVICES=0\,2 OMP_NUM_THREADS=1 LIBOMP_USE_HIDDEN_HELPER_TASK=0 LIBOMP_NUM_HIDDEN_HELPER_THREADS=0 HSA_ENABLE_SDMA=1 ./2-omp 768 7.45546e-05

**** TWO GPUS OpenMP Offloading STARTS ****

=== MEMORY ESTIMATE (GLOBAL) ===
Grid size: 768 x 768 x 768 = 452984832 points
Memory per global array: 3.624 GB
================================

=== SIMULATION PARAMETERS ===
Grid size (n):           768
Final time (T):          0.000075
Grid spacing (h):        1.303781e-03
Time step (dt):          1.491092e-07
Kappa_max:               0.950000
Diffusion factor:        4.385965e-02
Estimated timesteps:     ~500
CFL condition (dt/h^2):  0.087719 (should be < 0.5)
==============================

Using OpenMP target devices 0 and 1 of 2
Block sizes: nz0=385, nz1=385, mid=383

=== MEMORY ESTIMATE (LOCAL PER GPU) ===
GPU0 local bytes per array: 1.817 GB
GPU1 local bytes per array: 1.817 GB
======================================


=== SIMULATION STARTS ===

501 timesteps complete
Time = 30.334685 seconds
=== SIMULATION ENDS ===

**** TWO GPUS OpenMP Offloading FINISHED ****
    -> wall=74.6550s  reported=30.334685s  status=ok  exit=0

>>> Running: 2-omp-stream  gpus=2  mask=0,2  N=768
    Runtime configuration:
      ROCR_VISIBLE_DEVICES=0,2
      OMP_NUM_THREADS=1
      LIBOMP_USE_HIDDEN_HELPER_TASK=0
      LIBOMP_NUM_HIDDEN_HELPER_THREADS=0
      HSA_ENABLE_SDMA=1
    command: env -u LD_PRELOAD -u HSA_ENABLE_SDMA -u HSA_ENABLE_PEER_SDMA -u OMP_NUM_THREADS -u OMP_THREAD_LIMIT -u OMP_NUM_HIDDEN_HELPER_THREADS -u LIBOMP_USE_HIDDEN_HELPER_TASK -u LIBOMP_NUM_HIDDEN_HELPER_THREADS ROCR_VISIBLE_DEVICES=0\,2 OMP_NUM_THREADS=1 LIBOMP_USE_HIDDEN_HELPER_TASK=0 LIBOMP_NUM_HIDDEN_HELPER_THREADS=0 HSA_ENABLE_SDMA=1 ./2-omp-stream 768 7.45546e-05

**** TWO GPUS OpenMP Offloading, ASYNC STARTS ****

=== MEMORY ESTIMATE (GLOBAL) ===
Grid size: 768 x 768 x 768 = 452984832 points
Memory per global array: 3.624 GB
================================

=== SIMULATION PARAMETERS ===
Grid size (n):           768
Final time (T):          0.000075
Grid spacing (h):        1.303781e-03
Time step (dt):          1.491092e-07
Kappa_max:               0.950000
Diffusion factor:        4.385965e-02
Estimated timesteps:     ~500
CFL condition (dt/h^2):  0.087719 (should be < 0.5)
==============================

Using OpenMP target devices 0 and 1 of 2
Block sizes: nz0=385, nz1=385, mid=383

=== MEMORY ESTIMATE (LOCAL PER GPU) ===
GPU0 local bytes per array: 1.817 GB
GPU1 local bytes per array: 1.817 GB
======================================


=== SIMULATION STARTS ===

501 timesteps complete
Time = 29.752877 seconds
=== SIMULATION ENDS ===

**** TWO GPUS OpenMP Offloading, ASYNC FINISHED ****
    -> wall=74.8890s  reported=29.752877s  status=ok  exit=0

>>> Running: 2-omp-stream-omp  gpus=2  mask=0,2  N=768
    Runtime configuration:
      ROCR_VISIBLE_DEVICES=0,2
      OMP_NUM_THREADS=2
      LIBOMP_USE_HIDDEN_HELPER_TASK=0
      LIBOMP_NUM_HIDDEN_HELPER_THREADS=0
      HSA_ENABLE_SDMA=1
    command: env -u LD_PRELOAD -u HSA_ENABLE_SDMA -u HSA_ENABLE_PEER_SDMA -u OMP_NUM_THREADS -u OMP_THREAD_LIMIT -u OMP_NUM_HIDDEN_HELPER_THREADS -u LIBOMP_USE_HIDDEN_HELPER_TASK -u LIBOMP_NUM_HIDDEN_HELPER_THREADS ROCR_VISIBLE_DEVICES=0\,2 OMP_NUM_THREADS=2 LIBOMP_USE_HIDDEN_HELPER_TASK=0 LIBOMP_NUM_HIDDEN_HELPER_THREADS=0 HSA_ENABLE_SDMA=1 ./2-omp-stream-omp 768 7.45546e-05

**** TWO GPUS OpenMP Offloading, ASYNC + 2 HOST THREADS STARTS ****

=== MEMORY ESTIMATE (GLOBAL) ===
Grid size: 768 x 768 x 768 = 452984832 points
Memory per global array: 3.624 GB
================================

=== SIMULATION PARAMETERS ===
Grid size (n):           768
Final time (T):          0.000075
Grid spacing (h):        1.303781e-03
Time step (dt):          1.491092e-07
Kappa_max:               0.950000
Diffusion factor:        4.385965e-02
Estimated timesteps:     ~500
CFL condition (dt/h^2):  0.087719 (should be < 0.5)
==============================

Using OpenMP target devices 0 and 1 of 2
Block sizes: nz0=385, nz1=385, mid=383

=== MEMORY ESTIMATE (LOCAL PER GPU) ===
GPU0 local bytes per array: 1.817 GB
GPU1 local bytes per array: 1.817 GB
======================================


=== SIMULATION STARTS ===

501 timesteps complete
Time = 15.198198 seconds
=== SIMULATION ENDS ===

**** TWO GPUS OpenMP Offloading, ASYNC + 2 HOST THREADS FINISHED ****
    -> wall=59.5700s  reported=15.198198s  status=ok  exit=0

>>> Running: 2-omp-stream-omp-p2p  gpus=2  mask=0,2  N=768
    Runtime configuration:
      ROCR_VISIBLE_DEVICES=0,2
      OMP_NUM_THREADS=2
      LIBOMP_USE_HIDDEN_HELPER_TASK=0
      LIBOMP_NUM_HIDDEN_HELPER_THREADS=0
      HSA_ENABLE_SDMA=1
      HSA_ENABLE_PEER_SDMA=1
      LD_PRELOAD=/pfs/lustrep2/scratch/project_465003145/Git/3D_Heat_Benchmark/Final-1/OpenMP/libp2p_copy_shim.so:/scratch/project_465003145/omptarget-p2p/lib/libomp.so:/scratch/project_465003145/omptarget-p2p/lib/libomptarget.so.19.0git
    command: env -u LD_PRELOAD -u HSA_ENABLE_SDMA -u HSA_ENABLE_PEER_SDMA -u OMP_NUM_THREADS -u OMP_THREAD_LIMIT -u OMP_NUM_HIDDEN_HELPER_THREADS -u LIBOMP_USE_HIDDEN_HELPER_TASK -u LIBOMP_NUM_HIDDEN_HELPER_THREADS ROCR_VISIBLE_DEVICES=0\,2 OMP_NUM_THREADS=2 LIBOMP_USE_HIDDEN_HELPER_TASK=0 LIBOMP_NUM_HIDDEN_HELPER_THREADS=0 HSA_ENABLE_SDMA=1 HSA_ENABLE_PEER_SDMA=1 LD_PRELOAD=/pfs/lustrep2/scratch/project_465003145/Git/3D_Heat_Benchmark/Final-1/OpenMP/libp2p_copy_shim.so:/scratch/project_465003145/omptarget-p2p/lib/libomp.so:/scratch/project_465003145/omptarget-p2p/lib/libomptarget.so.19.0git ./2-omp-stream-omp-p2p 768 7.45546e-05

**** TWO GPUS OpenMP Offloading, P2P + 2 HOST THREADS STARTS ****

=== MEMORY ESTIMATE (GLOBAL) ===
Grid size: 768 x 768 x 768 = 452984832 points
Memory per global array: 3.624 GB
================================

=== SIMULATION PARAMETERS ===
Grid size (n):           768
Final time (T):          0.000075
Grid spacing (h):        1.303781e-03
Time step (dt):          1.491092e-07
Kappa_max:               0.950000
Diffusion factor:        4.385965e-02
Estimated timesteps:     ~500
CFL condition (dt/h^2):  0.087719 (should be < 0.5)
==============================

Using OpenMP target devices 0 and 1 of 2
Block sizes: nz0=385, nz1=385, mid=383

=== MEMORY ESTIMATE (LOCAL PER GPU) ===
GPU0 local bytes per array: 1.817 GB
GPU1 local bytes per array: 1.817 GB
======================================


=== SIMULATION STARTS ===

501 timesteps complete
Time = 15.136625 seconds
=== SIMULATION ENDS ===

**** TWO GPUS OpenMP Offloading, P2P + 2 HOST THREADS FINISHED ****
    -> wall=59.9900s  reported=15.136625s  status=ok  exit=0

>>> Running: 4-omp  gpus=4  mask=0,2,4,6  N=768
    Runtime configuration:
      ROCR_VISIBLE_DEVICES=0,2,4,6
      OMP_NUM_THREADS=1
      LIBOMP_USE_HIDDEN_HELPER_TASK=0
      LIBOMP_NUM_HIDDEN_HELPER_THREADS=0
      HSA_ENABLE_SDMA=1
    command: env -u LD_PRELOAD -u HSA_ENABLE_SDMA -u HSA_ENABLE_PEER_SDMA -u OMP_NUM_THREADS -u OMP_THREAD_LIMIT -u OMP_NUM_HIDDEN_HELPER_THREADS -u LIBOMP_USE_HIDDEN_HELPER_TASK -u LIBOMP_NUM_HIDDEN_HELPER_THREADS ROCR_VISIBLE_DEVICES=0\,2\,4\,6 OMP_NUM_THREADS=1 LIBOMP_USE_HIDDEN_HELPER_TASK=0 LIBOMP_NUM_HIDDEN_HELPER_THREADS=0 HSA_ENABLE_SDMA=1 ./4-omp 768 7.45546e-05

**** FOUR GPUS OpenMP Offloading STARTS ****

=== MEMORY ESTIMATE (GLOBAL) ===
Grid size: 768 x 768 x 768 = 452984832 points
Memory per global array: 3.624 GB
================================

=== SIMULATION PARAMETERS ===
Grid size (n):           768
Final time (T):          0.000075
Grid spacing (h):        1.303781e-03
Time step (dt):          1.491092e-07
Kappa_max:               0.950000
Diffusion factor:        4.385965e-02
Estimated timesteps:     ~500
CFL condition (dt/h^2):  0.087719 (should be < 0.5)
==============================

Using OpenMP target devices 0, 1, 2 and 3 of 4
Block sizes: nz0=194, nz1=194, nz2=193, nz3=193

=== MEMORY ESTIMATE (LOCAL PER GPU) ===
GPU0 local bytes per array: 0.915 GB
GPU1 local bytes per array: 0.915 GB
GPU2 local bytes per array: 0.911 GB
GPU3 local bytes per array: 0.911 GB
======================================


=== SIMULATION STARTS ===

501 timesteps complete
Time = 29.946649 seconds
=== SIMULATION ENDS ===

**** FOUR GPUS OpenMP Offloading FINISHED ****
    -> wall=75.0370s  reported=29.946649s  status=ok  exit=0

>>> Running: 4-omp-stream  gpus=4  mask=0,2,4,6  N=768
    Runtime configuration:
      ROCR_VISIBLE_DEVICES=0,2,4,6
      OMP_NUM_THREADS=1
      LIBOMP_USE_HIDDEN_HELPER_TASK=0
      LIBOMP_NUM_HIDDEN_HELPER_THREADS=0
      HSA_ENABLE_SDMA=1
    command: env -u LD_PRELOAD -u HSA_ENABLE_SDMA -u HSA_ENABLE_PEER_SDMA -u OMP_NUM_THREADS -u OMP_THREAD_LIMIT -u OMP_NUM_HIDDEN_HELPER_THREADS -u LIBOMP_USE_HIDDEN_HELPER_TASK -u LIBOMP_NUM_HIDDEN_HELPER_THREADS ROCR_VISIBLE_DEVICES=0\,2\,4\,6 OMP_NUM_THREADS=1 LIBOMP_USE_HIDDEN_HELPER_TASK=0 LIBOMP_NUM_HIDDEN_HELPER_THREADS=0 HSA_ENABLE_SDMA=1 ./4-omp-stream 768 7.45546e-05

**** FOUR GPUS OpenMP Offloading, ASYNC STARTS ****

=== MEMORY ESTIMATE (GLOBAL) ===
Grid size: 768 x 768 x 768 = 452984832 points
Memory per global array: 3.624 GB
================================

=== SIMULATION PARAMETERS ===
Grid size (n):           768
Final time (T):          0.000075
Grid spacing (h):        1.303781e-03
Time step (dt):          1.491092e-07
Kappa_max:               0.950000
Diffusion factor:        4.385965e-02
Estimated timesteps:     ~500
CFL condition (dt/h^2):  0.087719 (should be < 0.5)
==============================

Using OpenMP target devices 0, 1, 2 and 3 of 4
Block sizes: nz0=194, nz1=194, nz2=193, nz3=193

=== MEMORY ESTIMATE (LOCAL PER GPU) ===
GPU0 local bytes per array: 0.915 GB
GPU1 local bytes per array: 0.915 GB
GPU2 local bytes per array: 0.911 GB
GPU3 local bytes per array: 0.911 GB
======================================


=== SIMULATION STARTS ===

501 timesteps complete
Time = 29.444370 seconds
=== SIMULATION ENDS ===

**** FOUR GPUS OpenMP Offloading, ASYNC FINISHED ****
    -> wall=75.1760s  reported=29.444370s  status=ok  exit=0

>>> Running: 4-omp-stream-omp  gpus=4  mask=0,2,4,6  N=768
    Runtime configuration:
      ROCR_VISIBLE_DEVICES=0,2,4,6
      OMP_NUM_THREADS=4
      LIBOMP_USE_HIDDEN_HELPER_TASK=0
      LIBOMP_NUM_HIDDEN_HELPER_THREADS=0
      HSA_ENABLE_SDMA=1
    command: env -u LD_PRELOAD -u HSA_ENABLE_SDMA -u HSA_ENABLE_PEER_SDMA -u OMP_NUM_THREADS -u OMP_THREAD_LIMIT -u OMP_NUM_HIDDEN_HELPER_THREADS -u LIBOMP_USE_HIDDEN_HELPER_TASK -u LIBOMP_NUM_HIDDEN_HELPER_THREADS ROCR_VISIBLE_DEVICES=0\,2\,4\,6 OMP_NUM_THREADS=4 LIBOMP_USE_HIDDEN_HELPER_TASK=0 LIBOMP_NUM_HIDDEN_HELPER_THREADS=0 HSA_ENABLE_SDMA=1 ./4-omp-stream-omp 768 7.45546e-05

**** FOUR GPUS OpenMP Offloading, ASYNC + 4 HOST THREADS STARTS ****

=== MEMORY ESTIMATE (GLOBAL) ===
Grid size: 768 x 768 x 768 = 452984832 points
Memory per global array: 3.624 GB
================================

=== SIMULATION PARAMETERS ===
Grid size (n):           768
Final time (T):          0.000075
Grid spacing (h):        1.303781e-03
Time step (dt):          1.491092e-07
Kappa_max:               0.950000
Diffusion factor:        4.385965e-02
Estimated timesteps:     ~500
CFL condition (dt/h^2):  0.087719 (should be < 0.5)
==============================

Using OpenMP target devices 0, 1, 2 and 3 of 4
Block sizes: nz0=194, nz1=194, nz2=193, nz3=193

=== MEMORY ESTIMATE (LOCAL PER GPU) ===
GPU0 local bytes per array: 0.915 GB
GPU1 local bytes per array: 0.915 GB
GPU2 local bytes per array: 0.911 GB
GPU3 local bytes per array: 0.911 GB
======================================


=== SIMULATION STARTS ===

501 timesteps complete
Time = 7.594840 seconds
=== SIMULATION ENDS ===

**** FOUR GPUS OpenMP Offloading, ASYNC + 4 HOST THREADS FINISHED ****
    -> wall=52.6810s  reported=7.594840s  status=ok  exit=0

>>> Running: 4-omp-stream-omp-p2p  gpus=4  mask=0,2,4,6  N=768
    Runtime configuration:
      ROCR_VISIBLE_DEVICES=0,2,4,6
      OMP_NUM_THREADS=4
      LIBOMP_USE_HIDDEN_HELPER_TASK=0
      LIBOMP_NUM_HIDDEN_HELPER_THREADS=0
      HSA_ENABLE_SDMA=1
      HSA_ENABLE_PEER_SDMA=1
      LD_PRELOAD=/pfs/lustrep2/scratch/project_465003145/Git/3D_Heat_Benchmark/Final-1/OpenMP/libp2p_copy_shim.so:/scratch/project_465003145/omptarget-p2p/lib/libomp.so:/scratch/project_465003145/omptarget-p2p/lib/libomptarget.so.19.0git
    command: env -u LD_PRELOAD -u HSA_ENABLE_SDMA -u HSA_ENABLE_PEER_SDMA -u OMP_NUM_THREADS -u OMP_THREAD_LIMIT -u OMP_NUM_HIDDEN_HELPER_THREADS -u LIBOMP_USE_HIDDEN_HELPER_TASK -u LIBOMP_NUM_HIDDEN_HELPER_THREADS ROCR_VISIBLE_DEVICES=0\,2\,4\,6 OMP_NUM_THREADS=4 LIBOMP_USE_HIDDEN_HELPER_TASK=0 LIBOMP_NUM_HIDDEN_HELPER_THREADS=0 HSA_ENABLE_SDMA=1 HSA_ENABLE_PEER_SDMA=1 LD_PRELOAD=/pfs/lustrep2/scratch/project_465003145/Git/3D_Heat_Benchmark/Final-1/OpenMP/libp2p_copy_shim.so:/scratch/project_465003145/omptarget-p2p/lib/libomp.so:/scratch/project_465003145/omptarget-p2p/lib/libomptarget.so.19.0git ./4-omp-stream-omp-p2p 768 7.45546e-05

**** FOUR GPUS OpenMP Offloading, P2P + 4 HOST THREADS STARTS ****

=== MEMORY ESTIMATE (GLOBAL) ===
Grid size: 768 x 768 x 768 = 452984832 points
Memory per global array: 3.624 GB
================================

=== SIMULATION PARAMETERS ===
Grid size (n):           768
Final time (T):          0.000075
Grid spacing (h):        1.303781e-03
Time step (dt):          1.491092e-07
Kappa_max:               0.950000
Diffusion factor:        4.385965e-02
Estimated timesteps:     ~500
CFL condition (dt/h^2):  0.087719 (should be < 0.5)
==============================

Using OpenMP target devices 0, 1, 2 and 3 of 4
Block sizes: nz0=194, nz1=194, nz2=193, nz3=193

=== MEMORY ESTIMATE (LOCAL PER GPU) ===
GPU0 local bytes per array: 0.915 GB
GPU1 local bytes per array: 0.915 GB
GPU2 local bytes per array: 0.911 GB
GPU3 local bytes per array: 0.911 GB
======================================


=== SIMULATION STARTS ===

501 timesteps complete
Time = 7.547425 seconds
=== SIMULATION ENDS ===

**** FOUR GPUS OpenMP Offloading, P2P + 4 HOST THREADS FINISHED ****
    -> wall=52.7600s  reported=7.547425s  status=ok  exit=0

All done.
  Timing CSV : results_h8_20441999_20260730_131641/timings.csv
  Run log    : results_h8_20441999_20260730_131641/run.log
