Job ID       : 20444224
Repetition   : 1
Timestamp    : 20260730_141620
Results dir  : results_h8_20444224_20260730_141620
N=1280  DT=2.681168e-05  STEPS=500  FAMILIES='2 4'
Hidden helper threads : 8
P2P runtime  : /scratch/project_465003145/omptarget-p2p/lib
P2P shim     : /pfs/lustrep2/scratch/project_465003145/Git/3D_Heat_Benchmark/Final-3/OpenMP/libp2p_copy_shim.so

Starting benchmarks
===========================
N = 1280   dt = 2.681168e-05   helpers = 8
===========================

>>> Running: 1-omp  gpus=1  mask=0  N=1280
    Runtime configuration:
      ROCR_VISIBLE_DEVICES=0
      OMP_NUM_THREADS=1
      LIBOMP_USE_HIDDEN_HELPER_TASK=1
      LIBOMP_NUM_HIDDEN_HELPER_THREADS=8
      HSA_ENABLE_SDMA=1
    command: env -u LD_PRELOAD -u HSA_ENABLE_SDMA -u HSA_ENABLE_PEER_SDMA -u OMP_NUM_THREADS -u OMP_THREAD_LIMIT -u OMP_NUM_HIDDEN_HELPER_THREADS -u LIBOMP_USE_HIDDEN_HELPER_TASK -u LIBOMP_NUM_HIDDEN_HELPER_THREADS ROCR_VISIBLE_DEVICES=0 OMP_NUM_THREADS=1 LIBOMP_USE_HIDDEN_HELPER_TASK=1 LIBOMP_NUM_HIDDEN_HELPER_THREADS=8 HSA_ENABLE_SDMA=1 ./1-omp 1280 2.681168e-05

**** ONE GPU OpenMP Offloading STARTS ****

=== MEMORY ESTIMATE (GLOBAL) ===
Grid size: 1280 x 1280 x 1280 = 2097152000 points
Memory per global array: 16.777 GB
================================

=== SIMULATION PARAMETERS ===
Grid size (n):           1280
Final time (T):          0.000027
Grid spacing (h):        7.818608e-04
Time step (dt):          5.362336e-08
Kappa_max:               0.950000
Diffusion factor:        4.385965e-02
Estimated timesteps:     ~499
CFL condition (dt/h^2):  0.087719 (should be < 0.5)
==============================

Using OpenMP target device 0 of 1

=== MEMORY ESTIMATE (LOCAL PER GPU) ===
GPU0 local bytes per array: 16.777 GB
======================================


=== SIMULATION STARTS ===

500 timesteps complete
Time = 141.633901 seconds
=== SIMULATION ENDS ===

**** ONE GPU OpenMP Offloading FINISHED ****
    -> wall=359.1310s  reported=141.633901s  status=ok  exit=0

>>> Running: 2-omp  gpus=2  mask=0,2  N=1280
    Runtime configuration:
      ROCR_VISIBLE_DEVICES=0,2
      OMP_NUM_THREADS=1
      LIBOMP_USE_HIDDEN_HELPER_TASK=1
      LIBOMP_NUM_HIDDEN_HELPER_THREADS=8
      HSA_ENABLE_SDMA=1
    command: env -u LD_PRELOAD -u HSA_ENABLE_SDMA -u HSA_ENABLE_PEER_SDMA -u OMP_NUM_THREADS -u OMP_THREAD_LIMIT -u OMP_NUM_HIDDEN_HELPER_THREADS -u LIBOMP_USE_HIDDEN_HELPER_TASK -u LIBOMP_NUM_HIDDEN_HELPER_THREADS ROCR_VISIBLE_DEVICES=0\,2 OMP_NUM_THREADS=1 LIBOMP_USE_HIDDEN_HELPER_TASK=1 LIBOMP_NUM_HIDDEN_HELPER_THREADS=8 HSA_ENABLE_SDMA=1 ./2-omp 1280 2.681168e-05

**** TWO GPUS OpenMP Offloading STARTS ****

=== MEMORY ESTIMATE (GLOBAL) ===
Grid size: 1280 x 1280 x 1280 = 2097152000 points
Memory per global array: 16.777 GB
================================

=== SIMULATION PARAMETERS ===
Grid size (n):           1280
Final time (T):          0.000027
Grid spacing (h):        7.818608e-04
Time step (dt):          5.362336e-08
Kappa_max:               0.950000
Diffusion factor:        4.385965e-02
Estimated timesteps:     ~499
CFL condition (dt/h^2):  0.087719 (should be < 0.5)
==============================

Using OpenMP target devices 0 and 1 of 2
Block sizes: nz0=641, nz1=641, mid=639

=== MEMORY ESTIMATE (LOCAL PER GPU) ===
GPU0 local bytes per array: 8.402 GB
GPU1 local bytes per array: 8.402 GB
======================================


=== SIMULATION STARTS ===

500 timesteps complete
Time = 72.255090 seconds
=== SIMULATION ENDS ===

**** TWO GPUS OpenMP Offloading FINISHED ****
    -> wall=277.2010s  reported=72.255090s  status=ok  exit=0

>>> Running: 2-omp-stream  gpus=2  mask=0,2  N=1280
    Runtime configuration:
      ROCR_VISIBLE_DEVICES=0,2
      OMP_NUM_THREADS=1
      LIBOMP_USE_HIDDEN_HELPER_TASK=1
      LIBOMP_NUM_HIDDEN_HELPER_THREADS=8
      HSA_ENABLE_SDMA=1
    command: env -u LD_PRELOAD -u HSA_ENABLE_SDMA -u HSA_ENABLE_PEER_SDMA -u OMP_NUM_THREADS -u OMP_THREAD_LIMIT -u OMP_NUM_HIDDEN_HELPER_THREADS -u LIBOMP_USE_HIDDEN_HELPER_TASK -u LIBOMP_NUM_HIDDEN_HELPER_THREADS ROCR_VISIBLE_DEVICES=0\,2 OMP_NUM_THREADS=1 LIBOMP_USE_HIDDEN_HELPER_TASK=1 LIBOMP_NUM_HIDDEN_HELPER_THREADS=8 HSA_ENABLE_SDMA=1 ./2-omp-stream 1280 2.681168e-05

**** TWO GPUS OpenMP Offloading, ASYNC STARTS ****

=== MEMORY ESTIMATE (GLOBAL) ===
Grid size: 1280 x 1280 x 1280 = 2097152000 points
Memory per global array: 16.777 GB
================================

=== SIMULATION PARAMETERS ===
Grid size (n):           1280
Final time (T):          0.000027
Grid spacing (h):        7.818608e-04
Time step (dt):          5.362336e-08
Kappa_max:               0.950000
Diffusion factor:        4.385965e-02
Estimated timesteps:     ~499
CFL condition (dt/h^2):  0.087719 (should be < 0.5)
==============================

Using OpenMP target devices 0 and 1 of 2
Block sizes: nz0=641, nz1=641, mid=639

=== MEMORY ESTIMATE (LOCAL PER GPU) ===
GPU0 local bytes per array: 8.402 GB
GPU1 local bytes per array: 8.402 GB
======================================


=== SIMULATION STARTS ===

500 timesteps complete
Time = 71.450332 seconds
=== SIMULATION ENDS ===

**** TWO GPUS OpenMP Offloading, ASYNC FINISHED ****
    -> wall=279.7420s  reported=71.450332s  status=ok  exit=0

>>> Running: 2-omp-stream-omp  gpus=2  mask=0,2  N=1280
    Runtime configuration:
      ROCR_VISIBLE_DEVICES=0,2
      OMP_NUM_THREADS=2
      LIBOMP_USE_HIDDEN_HELPER_TASK=1
      LIBOMP_NUM_HIDDEN_HELPER_THREADS=8
      HSA_ENABLE_SDMA=1
    command: env -u LD_PRELOAD -u HSA_ENABLE_SDMA -u HSA_ENABLE_PEER_SDMA -u OMP_NUM_THREADS -u OMP_THREAD_LIMIT -u OMP_NUM_HIDDEN_HELPER_THREADS -u LIBOMP_USE_HIDDEN_HELPER_TASK -u LIBOMP_NUM_HIDDEN_HELPER_THREADS ROCR_VISIBLE_DEVICES=0\,2 OMP_NUM_THREADS=2 LIBOMP_USE_HIDDEN_HELPER_TASK=1 LIBOMP_NUM_HIDDEN_HELPER_THREADS=8 HSA_ENABLE_SDMA=1 ./2-omp-stream-omp 1280 2.681168e-05

**** TWO GPUS OpenMP Offloading, ASYNC + 2 HOST THREADS STARTS ****
WARNING: running without OMP_NUM_HIDDEN_HELPER_THREADS=0.
       Without it, concurrent omp_target_memcpy_async submission from
       several host threads corrupts task-team state in libomp 18.1.8
       and the program faults inside __kmpc_barrier. See the header.

=== MEMORY ESTIMATE (GLOBAL) ===
Grid size: 1280 x 1280 x 1280 = 2097152000 points
Memory per global array: 16.777 GB
================================

=== SIMULATION PARAMETERS ===
Grid size (n):           1280
Final time (T):          0.000027
Grid spacing (h):        7.818608e-04
Time step (dt):          5.362336e-08
Kappa_max:               0.950000
Diffusion factor:        4.385965e-02
Estimated timesteps:     ~499
CFL condition (dt/h^2):  0.087719 (should be < 0.5)
==============================

Using OpenMP target devices 0 and 1 of 2
Block sizes: nz0=641, nz1=641, mid=639

=== MEMORY ESTIMATE (LOCAL PER GPU) ===
GPU0 local bytes per array: 8.402 GB
GPU1 local bytes per array: 8.402 GB
======================================


=== SIMULATION STARTS ===

500 timesteps complete
Time = 70.981999 seconds
=== SIMULATION ENDS ===

**** TWO GPUS OpenMP Offloading, ASYNC + 2 HOST THREADS FINISHED ****
    -> wall=276.0400s  reported=70.981999s  status=ok  exit=0

>>> Running: 2-omp-stream-omp-p2p  gpus=2  mask=0,2  N=1280
    Runtime configuration:
      ROCR_VISIBLE_DEVICES=0,2
      OMP_NUM_THREADS=2
      LIBOMP_USE_HIDDEN_HELPER_TASK=1
      LIBOMP_NUM_HIDDEN_HELPER_THREADS=8
      HSA_ENABLE_SDMA=1
      HSA_ENABLE_PEER_SDMA=1
      LD_PRELOAD=/pfs/lustrep2/scratch/project_465003145/Git/3D_Heat_Benchmark/Final-3/OpenMP/libp2p_copy_shim.so:/scratch/project_465003145/omptarget-p2p/lib/libomp.so:/scratch/project_465003145/omptarget-p2p/lib/libomptarget.so.19.0git
    command: env -u LD_PRELOAD -u HSA_ENABLE_SDMA -u HSA_ENABLE_PEER_SDMA -u OMP_NUM_THREADS -u OMP_THREAD_LIMIT -u OMP_NUM_HIDDEN_HELPER_THREADS -u LIBOMP_USE_HIDDEN_HELPER_TASK -u LIBOMP_NUM_HIDDEN_HELPER_THREADS ROCR_VISIBLE_DEVICES=0\,2 OMP_NUM_THREADS=2 LIBOMP_USE_HIDDEN_HELPER_TASK=1 LIBOMP_NUM_HIDDEN_HELPER_THREADS=8 HSA_ENABLE_SDMA=1 HSA_ENABLE_PEER_SDMA=1 LD_PRELOAD=/pfs/lustrep2/scratch/project_465003145/Git/3D_Heat_Benchmark/Final-3/OpenMP/libp2p_copy_shim.so:/scratch/project_465003145/omptarget-p2p/lib/libomp.so:/scratch/project_465003145/omptarget-p2p/lib/libomptarget.so.19.0git ./2-omp-stream-omp-p2p 1280 2.681168e-05

**** TWO GPUS OpenMP Offloading, P2P + 2 HOST THREADS STARTS ****
WARNING: running without OMP_NUM_HIDDEN_HELPER_THREADS=0.
       Without it, concurrent omp_target_memcpy_async submission from
       several host threads corrupts task-team state in libomp 18.1.8
       and the program faults inside __kmpc_barrier. See the header.

=== MEMORY ESTIMATE (GLOBAL) ===
Grid size: 1280 x 1280 x 1280 = 2097152000 points
Memory per global array: 16.777 GB
================================

=== SIMULATION PARAMETERS ===
Grid size (n):           1280
Final time (T):          0.000027
Grid spacing (h):        7.818608e-04
Time step (dt):          5.362336e-08
Kappa_max:               0.950000
Diffusion factor:        4.385965e-02
Estimated timesteps:     ~499
CFL condition (dt/h^2):  0.087719 (should be < 0.5)
==============================

Using OpenMP target devices 0 and 1 of 2
Block sizes: nz0=641, nz1=641, mid=639

=== MEMORY ESTIMATE (LOCAL PER GPU) ===
GPU0 local bytes per array: 8.402 GB
GPU1 local bytes per array: 8.402 GB
======================================


=== SIMULATION STARTS ===

500 timesteps complete
Time = 71.856827 seconds
=== SIMULATION ENDS ===

**** TWO GPUS OpenMP Offloading, P2P + 2 HOST THREADS FINISHED ****
    -> wall=276.2430s  reported=71.856827s  status=ok  exit=0

>>> Running: 4-omp  gpus=4  mask=0,2,4,6  N=1280
    Runtime configuration:
      ROCR_VISIBLE_DEVICES=0,2,4,6
      OMP_NUM_THREADS=1
      LIBOMP_USE_HIDDEN_HELPER_TASK=1
      LIBOMP_NUM_HIDDEN_HELPER_THREADS=8
      HSA_ENABLE_SDMA=1
    command: env -u LD_PRELOAD -u HSA_ENABLE_SDMA -u HSA_ENABLE_PEER_SDMA -u OMP_NUM_THREADS -u OMP_THREAD_LIMIT -u OMP_NUM_HIDDEN_HELPER_THREADS -u LIBOMP_USE_HIDDEN_HELPER_TASK -u LIBOMP_NUM_HIDDEN_HELPER_THREADS ROCR_VISIBLE_DEVICES=0\,2\,4\,6 OMP_NUM_THREADS=1 LIBOMP_USE_HIDDEN_HELPER_TASK=1 LIBOMP_NUM_HIDDEN_HELPER_THREADS=8 HSA_ENABLE_SDMA=1 ./4-omp 1280 2.681168e-05

**** FOUR GPUS OpenMP Offloading STARTS ****

=== MEMORY ESTIMATE (GLOBAL) ===
Grid size: 1280 x 1280 x 1280 = 2097152000 points
Memory per global array: 16.777 GB
================================

=== SIMULATION PARAMETERS ===
Grid size (n):           1280
Final time (T):          0.000027
Grid spacing (h):        7.818608e-04
Time step (dt):          5.362336e-08
Kappa_max:               0.950000
Diffusion factor:        4.385965e-02
Estimated timesteps:     ~499
CFL condition (dt/h^2):  0.087719 (should be < 0.5)
==============================

Using OpenMP target devices 0, 1, 2 and 3 of 4
Block sizes: nz0=322, nz1=322, nz2=321, nz3=321

=== MEMORY ESTIMATE (LOCAL PER GPU) ===
GPU0 local bytes per array: 4.221 GB
GPU1 local bytes per array: 4.221 GB
GPU2 local bytes per array: 4.207 GB
GPU3 local bytes per array: 4.207 GB
======================================


=== SIMULATION STARTS ===

500 timesteps complete
Time = 39.398694 seconds
=== SIMULATION ENDS ===

**** FOUR GPUS OpenMP Offloading FINISHED ****
    -> wall=245.9450s  reported=39.398694s  status=ok  exit=0

>>> Running: 4-omp-stream  gpus=4  mask=0,2,4,6  N=1280
    Runtime configuration:
      ROCR_VISIBLE_DEVICES=0,2,4,6
      OMP_NUM_THREADS=1
      LIBOMP_USE_HIDDEN_HELPER_TASK=1
      LIBOMP_NUM_HIDDEN_HELPER_THREADS=8
      HSA_ENABLE_SDMA=1
    command: env -u LD_PRELOAD -u HSA_ENABLE_SDMA -u HSA_ENABLE_PEER_SDMA -u OMP_NUM_THREADS -u OMP_THREAD_LIMIT -u OMP_NUM_HIDDEN_HELPER_THREADS -u LIBOMP_USE_HIDDEN_HELPER_TASK -u LIBOMP_NUM_HIDDEN_HELPER_THREADS ROCR_VISIBLE_DEVICES=0\,2\,4\,6 OMP_NUM_THREADS=1 LIBOMP_USE_HIDDEN_HELPER_TASK=1 LIBOMP_NUM_HIDDEN_HELPER_THREADS=8 HSA_ENABLE_SDMA=1 ./4-omp-stream 1280 2.681168e-05

**** FOUR GPUS OpenMP Offloading, ASYNC STARTS ****

=== MEMORY ESTIMATE (GLOBAL) ===
Grid size: 1280 x 1280 x 1280 = 2097152000 points
Memory per global array: 16.777 GB
================================

=== SIMULATION PARAMETERS ===
Grid size (n):           1280
Final time (T):          0.000027
Grid spacing (h):        7.818608e-04
Time step (dt):          5.362336e-08
Kappa_max:               0.950000
Diffusion factor:        4.385965e-02
Estimated timesteps:     ~499
CFL condition (dt/h^2):  0.087719 (should be < 0.5)
==============================

Using OpenMP target devices 0, 1, 2 and 3 of 4
Block sizes: nz0=322, nz1=322, nz2=321, nz3=321

=== MEMORY ESTIMATE (LOCAL PER GPU) ===
GPU0 local bytes per array: 4.221 GB
GPU1 local bytes per array: 4.221 GB
GPU2 local bytes per array: 4.207 GB
GPU3 local bytes per array: 4.207 GB
======================================


=== SIMULATION STARTS ===

500 timesteps complete
Time = 36.344061 seconds
=== SIMULATION ENDS ===

**** FOUR GPUS OpenMP Offloading, ASYNC FINISHED ****
    -> wall=243.3700s  reported=36.344061s  status=ok  exit=0

>>> Running: 4-omp-stream-omp  gpus=4  mask=0,2,4,6  N=1280
    Runtime configuration:
      ROCR_VISIBLE_DEVICES=0,2,4,6
      OMP_NUM_THREADS=4
      LIBOMP_USE_HIDDEN_HELPER_TASK=1
      LIBOMP_NUM_HIDDEN_HELPER_THREADS=8
      HSA_ENABLE_SDMA=1
    command: env -u LD_PRELOAD -u HSA_ENABLE_SDMA -u HSA_ENABLE_PEER_SDMA -u OMP_NUM_THREADS -u OMP_THREAD_LIMIT -u OMP_NUM_HIDDEN_HELPER_THREADS -u LIBOMP_USE_HIDDEN_HELPER_TASK -u LIBOMP_NUM_HIDDEN_HELPER_THREADS ROCR_VISIBLE_DEVICES=0\,2\,4\,6 OMP_NUM_THREADS=4 LIBOMP_USE_HIDDEN_HELPER_TASK=1 LIBOMP_NUM_HIDDEN_HELPER_THREADS=8 HSA_ENABLE_SDMA=1 ./4-omp-stream-omp 1280 2.681168e-05

**** FOUR GPUS OpenMP Offloading, ASYNC + 4 HOST THREADS STARTS ****
WARNING: running without OMP_NUM_HIDDEN_HELPER_THREADS=0.
       Without it, concurrent omp_target_memcpy_async submission from
       several host threads corrupts task-team state in libomp 18.1.8
       and the program faults inside __kmpc_barrier. See the header.

=== MEMORY ESTIMATE (GLOBAL) ===
Grid size: 1280 x 1280 x 1280 = 2097152000 points
Memory per global array: 16.777 GB
================================

=== SIMULATION PARAMETERS ===
Grid size (n):           1280
Final time (T):          0.000027
Grid spacing (h):        7.818608e-04
Time step (dt):          5.362336e-08
Kappa_max:               0.950000
Diffusion factor:        4.385965e-02
Estimated timesteps:     ~499
CFL condition (dt/h^2):  0.087719 (should be < 0.5)
==============================

Using OpenMP target devices 0, 1, 2 and 3 of 4
Block sizes: nz0=322, nz1=322, nz2=321, nz3=321

=== MEMORY ESTIMATE (LOCAL PER GPU) ===
GPU0 local bytes per array: 4.221 GB
GPU1 local bytes per array: 4.221 GB
GPU2 local bytes per array: 4.207 GB
GPU3 local bytes per array: 4.207 GB
======================================


=== SIMULATION STARTS ===

500 timesteps complete
Time = 35.910169 seconds
=== SIMULATION ENDS ===

**** FOUR GPUS OpenMP Offloading, ASYNC + 4 HOST THREADS FINISHED ****
    -> wall=242.4130s  reported=35.910169s  status=ok  exit=0

>>> Running: 4-omp-stream-omp-p2p  gpus=4  mask=0,2,4,6  N=1280
    Runtime configuration:
      ROCR_VISIBLE_DEVICES=0,2,4,6
      OMP_NUM_THREADS=4
      LIBOMP_USE_HIDDEN_HELPER_TASK=1
      LIBOMP_NUM_HIDDEN_HELPER_THREADS=8
      HSA_ENABLE_SDMA=1
      HSA_ENABLE_PEER_SDMA=1
      LD_PRELOAD=/pfs/lustrep2/scratch/project_465003145/Git/3D_Heat_Benchmark/Final-3/OpenMP/libp2p_copy_shim.so:/scratch/project_465003145/omptarget-p2p/lib/libomp.so:/scratch/project_465003145/omptarget-p2p/lib/libomptarget.so.19.0git
    command: env -u LD_PRELOAD -u HSA_ENABLE_SDMA -u HSA_ENABLE_PEER_SDMA -u OMP_NUM_THREADS -u OMP_THREAD_LIMIT -u OMP_NUM_HIDDEN_HELPER_THREADS -u LIBOMP_USE_HIDDEN_HELPER_TASK -u LIBOMP_NUM_HIDDEN_HELPER_THREADS ROCR_VISIBLE_DEVICES=0\,2\,4\,6 OMP_NUM_THREADS=4 LIBOMP_USE_HIDDEN_HELPER_TASK=1 LIBOMP_NUM_HIDDEN_HELPER_THREADS=8 HSA_ENABLE_SDMA=1 HSA_ENABLE_PEER_SDMA=1 LD_PRELOAD=/pfs/lustrep2/scratch/project_465003145/Git/3D_Heat_Benchmark/Final-3/OpenMP/libp2p_copy_shim.so:/scratch/project_465003145/omptarget-p2p/lib/libomp.so:/scratch/project_465003145/omptarget-p2p/lib/libomptarget.so.19.0git ./4-omp-stream-omp-p2p 1280 2.681168e-05

**** FOUR GPUS OpenMP Offloading, P2P + 4 HOST THREADS STARTS ****
WARNING: OMP_NUM_HIDDEN_HELPER_THREADS=0 is not set. On clang 18.1.8
         + CUDA 12.8 the asynchronous copies below may fault inside
         __kmpc_barrier. See RUNTIME SETTING in the header.

=== MEMORY ESTIMATE (GLOBAL) ===
Grid size: 1280 x 1280 x 1280 = 2097152000 points
Memory per global array: 16.777 GB
================================

=== SIMULATION PARAMETERS ===
Grid size (n):           1280
Final time (T):          0.000027
Grid spacing (h):        7.818608e-04
Time step (dt):          5.362336e-08
Kappa_max:               0.950000
Diffusion factor:        4.385965e-02
Estimated timesteps:     ~499
CFL condition (dt/h^2):  0.087719 (should be < 0.5)
==============================

Using OpenMP target devices 0, 1, 2 and 3 of 4
Block sizes: nz0=322, nz1=322, nz2=321, nz3=321

=== MEMORY ESTIMATE (LOCAL PER GPU) ===
GPU0 local bytes per array: 4.221 GB
GPU1 local bytes per array: 4.221 GB
GPU2 local bytes per array: 4.207 GB
GPU3 local bytes per array: 4.207 GB
======================================


=== SIMULATION STARTS ===

500 timesteps complete
Time = 35.920433 seconds
=== SIMULATION ENDS ===

**** FOUR GPUS OpenMP Offloading, P2P + 4 HOST THREADS FINISHED ****
    -> wall=242.9210s  reported=35.920433s  status=ok  exit=0

All done.
  Timing CSV : results_h8_20444224_20260730_141620/timings.csv
  Run log    : results_h8_20444224_20260730_141620/run.log
